 benchmarkaddon_win32

 Timestamp is 68d8758c (Sun Sep 28 02:38:52 2025)

 Preferred load address is 00400000

 Start         Length     Name                   Class
 0001:00000000 000a7c81H .text                   CODE
 0001:000a7c90 00008376H .text$yc                CODE
 0001:000b0010 000027a4H .text$yd                CODE
 0002:00000000 000002a0H .idata$5                DATA
 0002:000002a0 00000004H .CRT$XCA                DATA
 0002:000002a4 00000004H .CRT$XCAA               DATA
 0002:000002a8 00000430H .CRT$XCU                DATA
 0002:000006d8 00000004H .CRT$XCZ                DATA
 0002:000006dc 00000004H .CRT$XIA                DATA
 0002:000006e0 00000004H .CRT$XIAA               DATA
 0002:000006e4 00000004H .CRT$XIC                DATA
 0002:000006e8 00000004H .CRT$XIY                DATA
 0002:000006ec 00000004H .CRT$XIZ                DATA
 0002:000006f0 00000004H .CRT$XLA                DATA
 0002:000006f4 00000004H .CRT$XLZ                DATA
 0002:00000700 00011c80H .rdata                  DATA
 0002:00012380 00000018H .rdata$T                DATA
 0002:00012398 00000046H .rdata$debug            DATA
 0002:000123e0 00000008H .rdata$sxdata           DATA
 0002:000123e8 00000004H .rtc$IAA                DATA
 0002:000123ec 00000004H .rtc$IZZ                DATA
 0002:000123f0 00000004H .rtc$TAA                DATA
 0002:000123f4 00000004H .rtc$TZZ                DATA
 0002:000123f8 0000008cH .xdata$x                DATA
 0002:00012484 0000008cH .idata$2                DATA
 0002:00012510 00000014H .idata$3                DATA
 0002:00012524 000002a0H .idata$4                DATA
 0002:000127c4 000008f2H .idata$6                DATA
 0002:000130b6 00000000H .edata                  DATA
 0003:00000000 000000b0H .data                   DATA
 0003:000000b0 00004454H .bss                    DATA
 0004:00000000 00000001H .tls                    DATA
 0004:00000004 0000001cH .stls                   DATA
 0004:00000020 00000001H .tls$ZZZ                DATA

  Address         Publics by Value              Rva+Base       Lib:Object

 0000:00000000       __except_list              00000000     <absolute>
 0000:00000002       ___safe_se_handler_count   00000002     <absolute>
 0000:0000002c       __tls_array                0000002c     <absolute>
 0000:00009876       __fltused                  00009876     <absolute>
 0000:00009876       __ldused                   00009876     <absolute>
 0000:00000000       ___ImageBase               00400000     <linker-defined>
 0001:00000000       _IXACT3SoundBank_Destroy@4 00401000 f i stdneb.obj
 0001:00000020       _IXACT3SoundBank_GetCueIndex@8 00401020 f i stdneb.obj
 0001:00000040       _IXACT3SoundBank_GetNumCues@8 00401040 f i stdneb.obj
 0001:00000060       _IXACT3SoundBank_GetCueProperties@12 00401060 f i stdneb.obj
 0001:00000080       _IXACT3SoundBank_Prepare@20 00401080 f i stdneb.obj
 0001:000000b0       _IXACT3SoundBank_Play@20   004010b0 f i stdneb.obj
 0001:000000e0       _IXACT3SoundBank_Stop@12   004010e0 f i stdneb.obj
 0001:00000100       _IXACT3SoundBank_GetState@8 00401100 f i stdneb.obj
 0001:00000120       _IXACT3WaveBank_Destroy@4  00401120 f i stdneb.obj
 0001:00000140       _IXACT3WaveBank_GetNumWaves@8 00401140 f i stdneb.obj
 0001:00000160       _IXACT3WaveBank_GetWaveIndex@8 00401160 f i stdneb.obj
 0001:00000180       _IXACT3WaveBank_GetWaveProperties@12 00401180 f i stdneb.obj
 0001:000001a0       _IXACT3WaveBank_Prepare@24 004011a0 f i stdneb.obj
 0001:000001d0       _IXACT3WaveBank_Play@24    004011d0 f i stdneb.obj
 0001:00000200       _IXACT3WaveBank_Stop@12    00401200 f i stdneb.obj
 0001:00000220       _IXACT3WaveBank_GetState@8 00401220 f i stdneb.obj
 0001:00000240       _IXACT3Wave_Destroy@4      00401240 f i stdneb.obj
 0001:00000260       _IXACT3Wave_Play@4         00401260 f i stdneb.obj
 0001:00000280       _IXACT3Wave_Stop@8         00401280 f i stdneb.obj
 0001:000002a0       _IXACT3Wave_Pause@8        004012a0 f i stdneb.obj
 0001:000002c0       _IXACT3Wave_GetState@8     004012c0 f i stdneb.obj
 0001:000002e0       _IXACT3Wave_SetPitch@8     004012e0 f i stdneb.obj
 0001:00000300       _IXACT3Wave_SetVolume@8    00401300 f i stdneb.obj
 0001:00000320       _IXACT3Wave_SetMatrixCoefficients@16 00401320 f i stdneb.obj
 0001:00000350       _IXACT3Wave_GetProperties@8 00401350 f i stdneb.obj
 0001:00000370       _IXACT3Cue_Play@4          00401370 f i stdneb.obj
 0001:00000390       _IXACT3Cue_Stop@8          00401390 f i stdneb.obj
 0001:000003b0       _IXACT3Cue_GetState@8      004013b0 f i stdneb.obj
 0001:000003d0       _IXACT3Cue_Destroy@4       004013d0 f i stdneb.obj
 0001:000003f0       _IXACT3Cue_SetMatrixCoefficients@16 004013f0 f i stdneb.obj
 0001:00000420       _IXACT3Cue_GetVariableIndex@8 00401420 f i stdneb.obj
 0001:00000440       _IXACT3Cue_SetVariable@12  00401440 f i stdneb.obj
 0001:00000470       _IXACT3Cue_GetVariable@12  00401470 f i stdneb.obj
 0001:00000490       _IXACT3Cue_Pause@8         00401490 f i stdneb.obj
 0001:000004b0       _IXACT3Cue_GetProperties@8 004014b0 f i stdneb.obj
 0001:000004d0       _IXACT3Cue_SetOutputVoices@8 004014d0 f i stdneb.obj
 0001:000004f0       _IXACT3Cue_SetOutputVoiceMatrix@20 004014f0 f i stdneb.obj
 0001:00000520       _IXACT3Engine_AddRef@4     00401520 f i stdneb.obj
 0001:00000540       _IXACT3Engine_Release@4    00401540 f i stdneb.obj
 0001:00000560       _IXACT3Engine_GetRendererCount@8 00401560 f i stdneb.obj
 0001:00000580       _IXACT3Engine_GetRendererDetails@12 00401580 f i stdneb.obj
 0001:000005a0       _IXACT3Engine_GetFinalMixFormat@8 004015a0 f i stdneb.obj
 0001:000005c0       _IXACT3Engine_Initialize@8 004015c0 f i stdneb.obj
 0001:000005e0       _IXACT3Engine_ShutDown@4   004015e0 f i stdneb.obj
 0001:00000600       _IXACT3Engine_DoWork@4     00401600 f i stdneb.obj
 0001:00000620       _IXACT3Engine_CreateSoundBank@24 00401620 f i stdneb.obj
 0001:00000650       _IXACT3Engine_CreateInMemoryWaveBank@24 00401650 f i stdneb.obj
 0001:00000680       _IXACT3Engine_CreateStreamingWaveBank@12 00401680 f i stdneb.obj
 0001:000006a0       _IXACT3Engine_PrepareWave@32 004016a0 f i stdneb.obj
 0001:000006e0       _IXACT3Engine_PrepareInMemoryWave@52 004016e0 f i stdneb.obj
 0001:00000740       _IXACT3Engine_PrepareStreamingWave@68 00401740 f i stdneb.obj
 0001:000007c0       _IXACT3Engine_RegisterNotification@8 004017c0 f i stdneb.obj
 0001:000007e0       _IXACT3Engine_UnRegisterNotification@8 004017e0 f i stdneb.obj
 0001:00000800       _IXACT3Engine_GetCategory@8 00401800 f i stdneb.obj
 0001:00000820       _IXACT3Engine_Stop@12      00401820 f i stdneb.obj
 0001:00000840       _IXACT3Engine_SetVolume@12 00401840 f i stdneb.obj
 0001:00000870       _IXACT3Engine_Pause@12     00401870 f i stdneb.obj
 0001:00000890       _IXACT3Engine_GetGlobalVariableIndex@8 00401890 f i stdneb.obj
 0001:000008b0       _IXACT3Engine_SetGlobalVariable@12 004018b0 f i stdneb.obj
 0001:000008e0       _IXACT3Engine_GetGlobalVariable@12 004018e0 f i stdneb.obj
 0001:00000900       ?Increment@Win360Interlocked@Win360@@SAHACH@Z 00401900 f i databaseinsert.obj
 0001:00000920       ?Decrement@Win360Interlocked@Win360@@SAHACH@Z 00401920 f i databaseinsert.obj
 0001:00000940       ?__HeapUnalignPointer16@Memory@@YAPAEPAE@Z 00401940 f i databaseinsert.obj
 0001:00000960       ?__HeapFree16@Memory@@YAHPAXK0@Z 00401960 f i databaseinsert.obj
 0001:000009a0       ?Clear@Memory@@YAXPAXI@Z   004019a0 f i databaseinsert.obj
 0001:000009c0       ??2@YAPAXI@Z               004019c0 f i databaseinsert.obj
 0001:000009e0       ??_U@YAPAXI@Z              004019e0 f i databaseinsert.obj
 0001:00000a00       ??3@YAXPAX@Z               00401a00 f i databaseinsert.obj
 0001:00000a20       ??_V@YAXPAX@Z              00401a20 f i databaseinsert.obj
 0001:00000a40       ?Free@Win360Heap@Win360@@QAEXPAX@Z 00401a40 f i databaseinsert.obj
 0001:00000ac0       ??3String@Util@@SAXPAX@Z   00401ac0 f i databaseinsert.obj
 0001:00000ae0       ??0String@Util@@QAE@XZ     00401ae0 f i databaseinsert.obj
 0001:00000b20       ?Delete@String@Util@@AAEXXZ 00401b20 f i databaseinsert.obj
 0001:00000b70       ??1String@Util@@QAE@XZ     00401b70 f i databaseinsert.obj
 0001:00000bc0       ??0String@Util@@QAE@PBD@Z  00401bc0 f i databaseinsert.obj
 0001:00000c00       ?AsCharPtr@String@Util@@QBEPBDXZ 00401c00 f i databaseinsert.obj
 0001:00000c30       ??4String@Util@@QAEXABV01@@Z 00401c30 f i databaseinsert.obj
 0001:00000c70       ??4String@Util@@QAEXPBD@Z  00401c70 f i databaseinsert.obj
 0001:00000c90       ??0FourCC@Util@@QAE@I@Z    00401c90 f i databaseinsert.obj
 0001:00000cb0       ??3RefCounted@Core@@SAXPAX@Z 00401cb0 f i databaseinsert.obj
 0001:00000cd0       ??0RefCounted@Core@@QAE@XZ 00401cd0 f i databaseinsert.obj
 0001:00000d00       ??_GRefCounted@Core@@MAEPAXI@Z 00401d00 f i databaseinsert.obj
 0001:00000d00       ??_ERefCounted@Core@@MAEPAXI@Z 00401d00 f i  CIL library: CIL module
 0001:00000d30       ?AddRef@RefCounted@Core@@QAEXXZ 00401d30 f i databaseinsert.obj
 0001:00000d50       ?Release@RefCounted@Core@@QAEXXZ 00401d50 f i databaseinsert.obj
 0001:00000da0       ??3Benchmark@Benchmarking@@SAXPAX@Z 00401da0 f i databaseinsert.obj
 0001:00000dc0       ??0URI@IO@@QAE@PBD@Z       00401dc0 f i databaseinsert.obj
 0001:00000fa0       ??4URI@IO@@QAEXABV01@@Z    00401fa0 f i databaseinsert.obj
 0001:000011a0       ??0Win32Guid@Win32@@QAE@XZ 004021a0 f i databaseinsert.obj
 0001:000011c0       ??3Blob@Util@@SAXPAX@Z     004021c0 f i databaseinsert.obj
 0001:000011e0       ?IsValid@Blob@Util@@QBE_NXZ 004021e0 f i databaseinsert.obj
 0001:00001200       ?Delete@Blob@Util@@AAEXXZ  00402200 f i databaseinsert.obj
 0001:000012e0       ??1Blob@Util@@QAE@XZ       004022e0 f i databaseinsert.obj
 0001:00001300       ?GetType@Variant@Util@@QBE?AW4Type@12@XZ 00402300 f i databaseinsert.obj
 0001:00001310       ?GetValueType@AttributeDefinitionBase@Attr@@QBE?AW4ValueType@2@XZ 00402310 f i databaseinsert.obj
 0001:00001330       ??0AttrId@Attr@@QAE@XZ     00402330 f i databaseinsert.obj
 0001:00001350       ??0AttrId@Attr@@QAE@ABVAttributeDefinitionBase@1@@Z 00402350 f i databaseinsert.obj
 0001:00001370       ?IsValid@AttrId@Attr@@QBE_NXZ 00402370 f i databaseinsert.obj
 0001:00001390       ??9AttrId@Attr@@QBE_NABV01@@Z 00402390 f i databaseinsert.obj
 0001:000013f0       ?GetValueType@AttrId@Attr@@QBE?AW4ValueType@2@XZ 004023f0 f i databaseinsert.obj
 0001:00001440       ?IsRowDeleted@AttributeTable@Attr@@QBE_NH@Z 00402440 f i databaseinsert.obj
 0001:000014b0       ?GetNumColumns@AttributeTable@Attr@@QBEHXZ 004024b0 f i databaseinsert.obj
 0001:000014d0       ?GetColumnId@AttributeTable@Attr@@QBEABVAttrId@2@H@Z 004024d0 f i databaseinsert.obj
 0001:000014f0       ?GetColumnValueType@AttributeTable@Attr@@QBE?AW4ValueType@2@H@Z 004024f0 f i databaseinsert.obj
 0001:00001550       ?GetNumRows@AttributeTable@Attr@@QBEHXZ 00402550 f i databaseinsert.obj
 0001:00001570       ?GetValuePtr@AttributeTable@Attr@@ABEPAXHH@Z 00402570 f i databaseinsert.obj
 0001:000015f0       ?SetBool@AttributeTable@Attr@@QAEXHH_N@Z 004025f0 f i databaseinsert.obj
 0001:00001690       ?SetFloat@AttributeTable@Attr@@QAEXHHM@Z 00402690 f i databaseinsert.obj
 0001:00001730       ?SetInt@AttributeTable@Attr@@QAEXHHH@Z 00402730 f i databaseinsert.obj
 0001:000017d0       ?SetString@AttributeTable@Attr@@QAEXHHABVString@Util@@@Z 004027d0 f i databaseinsert.obj
 0001:00001880       ?SetGuid@AttributeTable@Attr@@QAEXHHABVWin32Guid@Win32@@@Z 00402880 f i databaseinsert.obj
 0001:00001930       ?SetURI@Database@Db@@QAEXABVURI@IO@@@Z 00402930 f i databaseinsert.obj
 0001:00001950       ?SetAccessMode@Database@Db@@QAEXW4AccessMode@12@@Z 00402950 f i databaseinsert.obj
 0001:00001970       ??2DatabaseInsert@Benchmarking@@SAPAXI@Z 00402970 f i databaseinsert.obj
 0001:00001980       ??3DatabaseInsert@Benchmarking@@SAXPAX@Z 00402980 f i databaseinsert.obj
 0001:000019a0       ?Instance@DbFactory@Db@@SAPAV12@XZ 004029a0 f i databaseinsert.obj
 0001:000019e0       ?Instance@IoServer@IO@@SAPAV12@XZ 004029e0 f i databaseinsert.obj
 0001:00001a20       ?Values@Dataset@Db@@QAEABV?$Ptr@VValueTable@Db@@@@XZ 00402a20 f i databaseinsert.obj
 0001:00001a40       ??1Rtti@Core@@QAE@XZ       00402a40 f i databaseinsert.obj
 0001:00001a90       ?GetRtti@DatabaseInsert@Benchmarking@@UBEPAVRtti@Core@@XZ 00402a90 f   databaseinsert.obj
 0001:00001aa0       ?FactoryCreator@DatabaseInsert@Benchmarking@@SAPAVRefCounted@Core@@XZ 00402aa0 f   databaseinsert.obj
 0001:00001ab0       ?Create@DatabaseInsert@Benchmarking@@SAPAV12@XZ 00402ab0 f   databaseinsert.obj
 0001:00001b10       ??0DatabaseInsert@Benchmarking@@QAE@XZ 00402b10 f i databaseinsert.obj
 0001:00001b50       ??_EDatabaseInsert@Benchmarking@@UAEPAXI@Z 00402b50 f i  CIL library: CIL module
 0001:00001b50       ??_GDatabaseInsert@Benchmarking@@UAEPAXI@Z 00402b50 f i databaseinsert.obj
 0001:00001b90       ??0Benchmark@Benchmarking@@QAE@XZ 00402b90 f i databaseinsert.obj
 0001:00001bc0       ??1Benchmark@Benchmarking@@UAE@XZ 00402bc0 f i databaseinsert.obj
 0001:00001be0       ??1DatabaseInsert@Benchmarking@@UAE@XZ 00402be0 f i databaseinsert.obj
 0001:00001c00       ??_EBenchmark@Benchmarking@@UAEPAXI@Z 00402c00 f i  CIL library: CIL module
 0001:00001c00       ??_GBenchmark@Benchmarking@@UAEPAXI@Z 00402c00 f i databaseinsert.obj
 0001:00001c30       ?RegisterWithFactory@DatabaseInsert@Benchmarking@@SA_NXZ 00402c30 f   databaseinsert.obj
 0001:00001d30       ?PopulateStringTable@DatabaseInsert@Benchmarking@@AAEXXZ 00402d30 f   databaseinsert.obj
 0001:00002160       ?Run@DatabaseInsert@Benchmarking@@UAEXAAVTimer@Timing@@@Z 00403160 f   databaseinsert.obj
 0001:00002240       ??1URI@IO@@QAE@XZ          00403240 f i databaseinsert.obj
 0001:00002440       ?CloseDatabase@DatabaseInsert@Benchmarking@@AAEXPAVDatabase@Db@@@Z 00403440 f   databaseinsert.obj
 0001:000024c0       ??0Timer@Timing@@QAE@XZ    004034c0 f i databaseinsert.obj
 0001:000024e0       ?OpenDatabase@DatabaseInsert@Benchmarking@@AAE?AV?$Ptr@VDatabase@Db@@@@ABVURI@IO@@@Z 004034e0 f   databaseinsert.obj
 0001:000026e0       ?CreateTable@DatabaseInsert@Benchmarking@@AAE?AV?$Ptr@VTable@Db@@@@PAVDatabase@Db@@@Z 004036e0 f   databaseinsert.obj
 0001:00004560       ?GetRandomInt@DatabaseInsert@Benchmarking@@ABEHXZ 00405560 f   databaseinsert.obj
 0001:00004580       ?GetRandomFloat@DatabaseInsert@Benchmarking@@ABEMXZ 00405580 f   databaseinsert.obj
 0001:000045a0       ?GetRandomString@DatabaseInsert@Benchmarking@@ABEABVString@Util@@XZ 004055a0 f   databaseinsert.obj
 0001:000045e0       ?WriteRandomValue@DatabaseInsert@Benchmarking@@AAEXPAVValueTable@Db@@HH@Z 004055e0 f   databaseinsert.obj
 0001:000046e0       ?PopulateDatabase@DatabaseInsert@Benchmarking@@AAEXPAVDatabase@Db@@PAVTable@4@@Z 004056e0 f   databaseinsert.obj
 0001:00004ab0       ??A?$Array@UColumnInfo@AttributeTable@Attr@@@Util@@QBEAAUColumnInfo@AttributeTable@Attr@@H@Z 00405ab0 f i databaseinsert.obj
 0001:00004b00       ?Size@?$Array@UColumnInfo@AttributeTable@Attr@@@Util@@QBEHXZ 00405b00 f i databaseinsert.obj
 0001:00004b20       ??0?$Ptr@VDatabase@Db@@@@QAE@ABV0@@Z 00405b20 f i databaseinsert.obj
 0001:00004b60       ??1?$Ptr@VDatabase@Db@@@@QAE@XZ 00405b60 f i databaseinsert.obj
 0001:00004b90       ??C?$Ptr@VDatabase@Db@@@@QBEPAVDatabase@Db@@XZ 00405b90 f i databaseinsert.obj
 0001:00004bd0       ??B?$Ptr@VDatabase@Db@@@@QBEPAVDatabase@Db@@XZ 00405bd0 f i databaseinsert.obj
 0001:00004c10       ??B?$Ptr@VValueTable@Db@@@@QBEPAVValueTable@Db@@XZ 00405c10 f i databaseinsert.obj
 0001:00004c50       ??0?$FixedArray@VString@Util@@@Util@@QAE@XZ 00405c50 f i databaseinsert.obj
 0001:00004c80       ??1?$FixedArray@VString@Util@@@Util@@QAE@XZ 00405c80 f i databaseinsert.obj
 0001:00004ca0       ??A?$FixedArray@VString@Util@@@Util@@QBEAAVString@1@H@Z 00405ca0 f i databaseinsert.obj
 0001:00004cf0       ?SetSize@?$FixedArray@VString@Util@@@Util@@QAEXH@Z 00405cf0 f i databaseinsert.obj
 0001:00004d20       ?Size@?$FixedArray@VString@Util@@@Util@@QBEHXZ 00405d20 f i databaseinsert.obj
 0001:00004d30       ??0?$Ptr@VTable@Db@@@@QAE@ABV0@@Z 00405d30 f i databaseinsert.obj
 0001:00004d70       ??1?$Ptr@VTable@Db@@@@QAE@XZ 00405d70 f i databaseinsert.obj
 0001:00004da0       ??C?$Ptr@VTable@Db@@@@QBEPAVTable@Db@@XZ 00405da0 f i databaseinsert.obj
 0001:00004de0       ??B?$Ptr@VTable@Db@@@@QBEPAVTable@Db@@XZ 00405de0 f i databaseinsert.obj
 0001:00004e20       ??0?$Ptr@VDbFactory@Db@@@@QAE@PAVDbFactory@Db@@@Z 00405e20 f i databaseinsert.obj
 0001:00004e60       ??1?$Ptr@VDbFactory@Db@@@@QAE@XZ 00405e60 f i databaseinsert.obj
 0001:00004e90       ??0?$Array@VAttrId@Attr@@@Util@@QAE@XZ 00405e90 f i databaseinsert.obj
 0001:00004ed0       ??1?$Array@VAttrId@Attr@@@Util@@QAE@XZ 00405ed0 f i databaseinsert.obj
 0001:00004ef0       ?Append@?$Array@VAttrId@Attr@@@Util@@QAEXABVAttrId@Attr@@@Z 00405ef0 f i databaseinsert.obj
 0001:00004f60       ??1?$Ptr@VDataset@Db@@@@QAE@XZ 00405f60 f i databaseinsert.obj
 0001:00004f90       ??C?$Ptr@VDataset@Db@@@@QBEPAVDataset@Db@@XZ 00405f90 f i databaseinsert.obj
 0001:00004fd0       ??_EString@Util@@QAEPAXI@Z 00405fd0 f i databaseinsert.obj
 0001:000050e0       ??_H@YGXPAXIHP6EPAX0@Z@Z   004060e0 f i databaseinsert.obj
 0001:00005110       ??_I@YGXPAXIHP6EX0@Z@Z     00406110 f i databaseinsert.obj
 0001:00005140       ?Delete@?$FixedArray@VString@Util@@@Util@@AAEXXZ 00406140 f i databaseinsert.obj
 0001:000051a0       ?Alloc@?$FixedArray@VString@Util@@@Util@@AAEXH@Z 004061a0 f i databaseinsert.obj
 0001:00005290       ?Delete@?$Array@VAttrId@Attr@@@Util@@AAEXXZ 00406290 f i databaseinsert.obj
 0001:000052f0       ?Grow@?$Array@VAttrId@Attr@@@Util@@AAEXXZ 004062f0 f i databaseinsert.obj
 0001:00005370       ??_EBlob@Util@@QAEPAXI@Z   00406370 f i databaseinsert.obj
 0001:00005410       ?GrowTo@?$Array@VAttrId@Attr@@@Util@@AAEXH@Z 00406410 f i databaseinsert.obj
 0001:00005500       ?__HeapAlignPointerAndWritePadding16@Memory@@YAPAEPAE@Z 00406500 f i databasequery.obj
 0001:00005530       ?__HeapAlloc16@Memory@@YAPAXPAXKK@Z 00406530 f i databasequery.obj
 0001:00005580       ?Copy@Memory@@YAXPBXPAXI@Z 00406580 f i databasequery.obj
 0001:000055f0       ?Alloc@Win360Heap@Win360@@QAEPAXI@Z 004065f0 f i databasequery.obj
 0001:00005650       ??0float4@Math@@QAE@XZ     00406650 f i databasequery.obj
 0001:00005660       ??4float4@Math@@QAEXABV01@@Z 00406660 f i databasequery.obj
 0001:00005680       ??0matrix44@Math@@QAE@XZ   00406680 f i databasequery.obj
 0001:00005720       ??4matrix44@Math@@QAEXABV01@@Z 00406720 f i databasequery.obj
 0001:00005770       ??2String@Util@@SAPAXI@Z   00406770 f i databasequery.obj
 0001:00005790       ??0String@Util@@QAE@ABV01@@Z 00406790 f i databasequery.obj
 0001:000057f0       ??2Win32Guid@Win32@@SAPAXI@Z 004067f0 f i databasequery.obj
 0001:00005810       ??3Win32Guid@Win32@@SAXPAX@Z 00406810 f i databasequery.obj
 0001:00005830       ??0Win32Guid@Win32@@QAE@ABV01@@Z 00406830 f i databasequery.obj
 0001:00005860       ??2Blob@Util@@SAPAXI@Z     00406860 f i databasequery.obj
 0001:00005880       ??0Blob@Util@@QAE@XZ       00406880 f i databasequery.obj
 0001:000058b0       ?Allocate@Blob@Util@@AAEXH@Z 004068b0 f i databasequery.obj
 0001:00005980       ?Copy@Blob@Util@@AAEXPBXH@Z 00406980 f i databasequery.obj
 0001:00005a60       ??0Blob@Util@@QAE@ABV01@@Z 00406a60 f i databasequery.obj
 0001:00005ac0       ??4Blob@Util@@QAEXABV01@@Z 00406ac0 f i databasequery.obj
 0001:00005b00       ?Delete@Variant@Util@@AAEXXZ 00406b00 f i databasequery.obj
 0001:000060c0       ??_GString@Util@@QAEPAXI@Z 004070c0 f i databasequery.obj
 0001:00006130       ??_GBlob@Util@@QAEPAXI@Z   00407130 f i databasequery.obj
 0001:00006160       ??_G?$Array@H@Util@@QAEPAXI@Z 00407160 f i databasequery.obj
 0001:00006190       ??_G?$Array@M@Util@@QAEPAXI@Z 00407190 f i databasequery.obj
 0001:000061c0       ??_G?$Array@_N@Util@@QAEPAXI@Z 004071c0 f i databasequery.obj
 0001:000061f0       ??_G?$Array@Vfloat4@Math@@@Util@@QAEPAXI@Z 004071f0 f i databasequery.obj
 0001:00006220       ??_G?$Array@Vmatrix44@Math@@@Util@@QAEPAXI@Z 00407220 f i databasequery.obj
 0001:00006250       ??_G?$Array@VString@Util@@@Util@@QAEPAXI@Z 00407250 f i databasequery.obj
 0001:00006280       ??_G?$Array@VWin32Guid@Win32@@@Util@@QAEPAXI@Z 00407280 f i databasequery.obj
 0001:000062b0       ??_G?$Array@VBlob@Util@@@Util@@QAEPAXI@Z 004072b0 f i databasequery.obj
 0001:000062e0       ?Copy@Variant@Util@@AAEXABV12@@Z 004072e0 f i databasequery.obj
 0001:000067c0       ??0Variant@Util@@QAE@ABV01@@Z 004077c0 f i databasequery.obj
 0001:000067f0       ??0Variant@Util@@QAE@ABVString@1@@Z 004077f0 f i databasequery.obj
 0001:00006890       ??1Variant@Util@@QAE@XZ    00407890 f i databasequery.obj
 0001:000068b0       ??0AttrId@Attr@@QAE@ABV01@@Z 004078b0 f i databasequery.obj
 0001:000068d0       ??0AttrId@Attr@@QAE@PBVAttributeDefinitionBase@1@@Z 004078d0 f i databasequery.obj
 0001:000068f0       ??0StringAttrId@Attr@@QAE@ABV?$AttributeDefinition@VStringTypeClass@Attr@@ABVString@Util@@@1@@Z 004078f0 f i databasequery.obj
 0001:00006910       ??1?$KeyValuePair@VAttrId@Attr@@VVariant@Util@@@Util@@QAE@XZ 00407910 f i databasequery.obj
 0001:00006930       ??0Attribute@Attr@@QAE@ABVStringAttrId@1@ABVString@Util@@@Z 00407930 f i databasequery.obj
 0001:00006970       ??2DatabaseQuery@Benchmarking@@SAPAXI@Z 00407970 f i databasequery.obj
 0001:00006980       ??3DatabaseQuery@Benchmarking@@SAXPAX@Z 00407980 f i databasequery.obj
 0001:000069a0       ??1Attribute@Attr@@QAE@XZ  004079a0 f i databasequery.obj
 0001:000069c0       ?Filter@Dataset@Db@@QAEABV?$Ptr@VFilterSet@Db@@@@XZ 004079c0 f i databasequery.obj
 0001:000069e0       ?GetRtti@DatabaseQuery@Benchmarking@@UBEPAVRtti@Core@@XZ 004079e0 f   databasequery.obj
 0001:000069f0       ?FactoryCreator@DatabaseQuery@Benchmarking@@SAPAVRefCounted@Core@@XZ 004079f0 f   databasequery.obj
 0001:00006a00       ?Create@DatabaseQuery@Benchmarking@@SAPAV12@XZ 00407a00 f   databasequery.obj
 0001:00006a60       ??0DatabaseQuery@Benchmarking@@QAE@XZ 00407a60 f i databasequery.obj
 0001:00006aa0       ??_EDatabaseQuery@Benchmarking@@UAEPAXI@Z 00407aa0 f i  CIL library: CIL module
 0001:00006aa0       ??_GDatabaseQuery@Benchmarking@@UAEPAXI@Z 00407aa0 f i databasequery.obj
 0001:00006ad0       ??1DatabaseQuery@Benchmarking@@UAE@XZ 00407ad0 f i databasequery.obj
 0001:00006af0       ?RegisterWithFactory@DatabaseQuery@Benchmarking@@SA_NXZ 00407af0 f   databasequery.obj
 0001:00006bf0       ?Run@DatabaseQuery@Benchmarking@@UAEXAAVTimer@Timing@@@Z 00407bf0 f   databasequery.obj
 0001:00006d50       ?RunIndexedQuery@DatabaseQuery@Benchmarking@@AAEXPAVDatabase@Db@@@Z 00407d50 f   databasequery.obj
 0001:00006f70       ?RunNonIndexedQuery@DatabaseQuery@Benchmarking@@AAEXPAVDatabase@Db@@@Z 00407f70 f   databasequery.obj
 0001:00007190       ??0?$Array@VString@Util@@@Util@@QAE@ABV01@@Z 00408190 f i databasequery.obj
 0001:000071e0       ??1?$Array@VString@Util@@@Util@@QAE@XZ 004081e0 f i databasequery.obj
 0001:00007200       ??0?$Array@H@Util@@QAE@ABV01@@Z 00408200 f i databasequery.obj
 0001:00007250       ??1?$Array@H@Util@@QAE@XZ  00408250 f i databasequery.obj
 0001:00007270       ??0?$Array@M@Util@@QAE@ABV01@@Z 00408270 f i databasequery.obj
 0001:000072c0       ??1?$Array@M@Util@@QAE@XZ  004082c0 f i databasequery.obj
 0001:000072e0       ??0?$Array@_N@Util@@QAE@ABV01@@Z 004082e0 f i databasequery.obj
 0001:00007330       ??1?$Array@_N@Util@@QAE@XZ 00408330 f i databasequery.obj
 0001:00007350       ??0?$Array@Vfloat4@Math@@@Util@@QAE@ABV01@@Z 00408350 f i databasequery.obj
 0001:000073a0       ??1?$Array@Vfloat4@Math@@@Util@@QAE@XZ 004083a0 f i databasequery.obj
 0001:000073c0       ??0?$Array@Vmatrix44@Math@@@Util@@QAE@ABV01@@Z 004083c0 f i databasequery.obj
 0001:00007410       ??1?$Array@Vmatrix44@Math@@@Util@@QAE@XZ 00408410 f i databasequery.obj
 0001:00007430       ??0?$Array@VWin32Guid@Win32@@@Util@@QAE@ABV01@@Z 00408430 f i databasequery.obj
 0001:00007480       ??1?$Array@VWin32Guid@Win32@@@Util@@QAE@XZ 00408480 f i databasequery.obj
 0001:000074a0       ??0?$Array@VBlob@Util@@@Util@@QAE@ABV01@@Z 004084a0 f i databasequery.obj
 0001:000074f0       ??1?$Array@VBlob@Util@@@Util@@QAE@XZ 004084f0 f i databasequery.obj
 0001:00007510       ??0?$KeyValuePair@VAttrId@Attr@@VVariant@Util@@@Util@@QAE@ABVAttrId@Attr@@ABVVariant@1@@Z 00408510 f i databasequery.obj
 0001:00007550       ??C?$Ptr@VValueTable@Db@@@@QBEPAVValueTable@Db@@XZ 00408550 f i databasequery.obj
 0001:00007590       ??0?$Ptr@VFilterSet@Db@@@@QAE@ABV0@@Z 00408590 f i databasequery.obj
 0001:000075d0       ??1?$Ptr@VFilterSet@Db@@@@QAE@XZ 004085d0 f i databasequery.obj
 0001:00007600       ??C?$Ptr@VFilterSet@Db@@@@QBEPAVFilterSet@Db@@XZ 00408600 f i databasequery.obj
 0001:00007640       ??C?$Ptr@VDbFactory@Db@@@@QBEPAVDbFactory@Db@@XZ 00408640 f i databasequery.obj
 0001:00007680       ?Copy@?$Array@VString@Util@@@Util@@AAEXABV12@@Z 00408680 f i databasequery.obj
 0001:00007800       ?Delete@?$Array@VString@Util@@@Util@@AAEXXZ 00408800 f i databasequery.obj
 0001:00007870       ?Copy@?$Array@H@Util@@AAEXABV12@@Z 00408870 f i databasequery.obj
 0001:00007940       ?Delete@?$Array@H@Util@@AAEXXZ 00408940 f i databasequery.obj
 0001:000079a0       ?Copy@?$Array@M@Util@@AAEXABV12@@Z 004089a0 f i databasequery.obj
 0001:00007a70       ?Delete@?$Array@M@Util@@AAEXXZ 00408a70 f i databasequery.obj
 0001:00007ad0       ?Copy@?$Array@_N@Util@@AAEXABV12@@Z 00408ad0 f i databasequery.obj
 0001:00007b90       ?Delete@?$Array@_N@Util@@AAEXXZ 00408b90 f i databasequery.obj
 0001:00007bf0       ?Copy@?$Array@Vfloat4@Math@@@Util@@AAEXABV12@@Z 00408bf0 f i databasequery.obj
 0001:00007d30       ?Delete@?$Array@Vfloat4@Math@@@Util@@AAEXXZ 00408d30 f i databasequery.obj
 0001:00007d90       ?Copy@?$Array@Vmatrix44@Math@@@Util@@AAEXABV12@@Z 00408d90 f i databasequery.obj
 0001:00007fe0       ?Delete@?$Array@Vmatrix44@Math@@@Util@@AAEXXZ 00408fe0 f i databasequery.obj
 0001:00008040       ?Copy@?$Array@VWin32Guid@Win32@@@Util@@AAEXABV12@@Z 00409040 f i databasequery.obj
 0001:00008160       ?Delete@?$Array@VWin32Guid@Win32@@@Util@@AAEXXZ 00409160 f i databasequery.obj
 0001:000081c0       ?Copy@?$Array@VBlob@Util@@@Util@@AAEXABV12@@Z 004091c0 f i databasequery.obj
 0001:00008330       ?Delete@?$Array@VBlob@Util@@@Util@@AAEXXZ 00409330 f i databasequery.obj
 0001:000083a0       ??4_XMMATRIX@@QAEAAU0@ABU0@@Z 004093a0 f i databasequery.obj
 0001:00008400       ??0_XMMATRIX@@QAE@XZ       00409400 f i databasequery.obj
 0001:00008410       ?XMMatrixIdentity@@YA?AU_XMMATRIX@@XZ 00409410 f i databasequery.obj
 0001:000084a0       ??BXMVECTORF32@@QBE?AT__m128@@XZ 004094a0 f i databasequery.obj
 0001:000084d0       ??1?$AttributeDefinition@VGuidTypeClass@Attr@@ABVWin32Guid@Win32@@@Attr@@QAE@XZ 004094d0 f i dbattrs.obj
 0001:000084f0       ??1?$AttributeDefinition@VStringTypeClass@Attr@@ABVString@Util@@@Attr@@QAE@XZ 004094f0 f i dbattrs.obj
 0001:00008510       ??1?$AttributeDefinition@VBoolTypeClass@Attr@@_N@Attr@@QAE@XZ 00409510 f i dbattrs.obj
 0001:00008530       ??1?$AttributeDefinition@VFloatTypeClass@Attr@@M@Attr@@QAE@XZ 00409530 f i dbattrs.obj
 0001:00008550       ??1?$AttributeDefinition@VIntTypeClass@Attr@@H@Attr@@QAE@XZ 00409550 f i dbattrs.obj
 0001:00008570       ??0?$AttributeDefinition@VBoolTypeClass@Attr@@_N@Attr@@QAE@ABVString@Util@@ABVFourCC@3@W4AccessMode@1@_N@Z 00409570 f i dbattrs.obj
 0001:000085a0       ??0?$AttributeDefinition@VFloatTypeClass@Attr@@M@Attr@@QAE@ABVString@Util@@ABVFourCC@3@W4AccessMode@1@M@Z 004095a0 f i dbattrs.obj
 0001:000085d0       ??0?$AttributeDefinition@VIntTypeClass@Attr@@H@Attr@@QAE@ABVString@Util@@ABVFourCC@3@W4AccessMode@1@H@Z 004095d0 f i dbattrs.obj
 0001:00008600       ??0?$AttributeDefinition@VStringTypeClass@Attr@@ABVString@Util@@@Attr@@QAE@ABVString@Util@@ABVFourCC@3@W4AccessMode@1@0@Z 00409600 f i dbattrs.obj
 0001:00008630       ??0?$AttributeDefinition@VGuidTypeClass@Attr@@ABVWin32Guid@Win32@@@Attr@@QAE@ABVString@Util@@ABVFourCC@3@W4AccessMode@1@ABVWin32Guid@Win32@@@Z 00409630 f i dbattrs.obj
 0001:00008660       ??0StringAtom@Util@@QAE@PBD@Z 00409660 f i main.obj
 0001:00008690       ??4StringAtom@Util@@QAEXABV01@@Z 00409690 f i main.obj
 0001:000086b0       ?SetAppName@CoreServer@Core@@QAEXABVStringAtom@Util@@@Z 004096b0 f i main.obj
 0001:000086d0       _main                      004096d0 f   main.obj
 0001:000087d0       ??0?$Ptr@VCoreServer@Core@@@@QAE@PAVCoreServer@Core@@@Z 004097d0 f i main.obj
 0001:00008810       ??1?$Ptr@VCoreServer@Core@@@@QAE@XZ 00409810 f i main.obj
 0001:00008840       ??4?$Ptr@VCoreServer@Core@@@@QAEXPAVCoreServer@Core@@@Z 00409840 f i main.obj
 0001:000088a0       ??C?$Ptr@VCoreServer@Core@@@@QBEPAVCoreServer@Core@@XZ 004098a0 f i main.obj
 0001:000088e0       ??0?$Ptr@VIoServer@IO@@@@QAE@PAVIoServer@IO@@@Z 004098e0 f i main.obj
 0001:00008920       ??1?$Ptr@VIoServer@IO@@@@QAE@XZ 00409920 f i main.obj
 0001:00008950       ??4?$Ptr@VIoServer@IO@@@@QAEXPAVIoServer@IO@@@Z 00409950 f i main.obj
 0001:000089b0       ??0?$Ptr@VBenchmarkRunner@Benchmarking@@@@QAE@PAVBenchmarkRunner@Benchmarking@@@Z 004099b0 f i main.obj
 0001:000089f0       ??1?$Ptr@VBenchmarkRunner@Benchmarking@@@@QAE@XZ 004099f0 f i main.obj
 0001:00008a20       ??4?$Ptr@VBenchmarkRunner@Benchmarking@@@@QAEXPAVBenchmarkRunner@Benchmarking@@@Z 00409a20 f i main.obj
 0001:00008a80       ??C?$Ptr@VBenchmarkRunner@Benchmarking@@@@QBEPAVBenchmarkRunner@Benchmarking@@XZ 00409a80 f i main.obj
 0001:00008ac0       ??_E?$Ptr@VConsoleHandler@IO@@@@QAEPAXI@Z 00409ac0 f i main.obj
 0001:00008b60       ??1?$Ptr@VConsoleHandler@IO@@@@QAE@XZ 00409b60 f i main.obj
 0001:00008b90       ??2Benchmark@Benchmarking@@SAPAXI@Z 00409b90 f i benchmarkbase_win32.release:benchmark.obj
 0001:00008ba0       ?GetRtti@Benchmark@Benchmarking@@UBEPAVRtti@Core@@XZ 00409ba0 f   benchmarkbase_win32.release:benchmark.obj
 0001:00008bb0       ?FactoryCreator@Benchmark@Benchmarking@@SAPAVRefCounted@Core@@XZ 00409bb0 f   benchmarkbase_win32.release:benchmark.obj
 0001:00008bc0       ?Create@Benchmark@Benchmarking@@SAPAV12@XZ 00409bc0 f   benchmarkbase_win32.release:benchmark.obj
 0001:00008c10       ?RegisterWithFactory@Benchmark@Benchmarking@@SA_NXZ 00409c10 f   benchmarkbase_win32.release:benchmark.obj
 0001:00008d10       ?Run@Benchmark@Benchmarking@@UAEXAAVTimer@Timing@@@Z 00409d10 f   benchmarkbase_win32.release:benchmark.obj
 0001:00008d30       ?GetName@Rtti@Core@@QBEABVString@Util@@XZ 00409d30 f i benchmarkbase_win32.release:benchmarkrunner.obj
 0001:00008d40       ?GetClassNameA@RefCounted@Core@@QBEABVString@Util@@XZ 00409d40 f i benchmarkbase_win32.release:benchmarkrunner.obj
 0001:00008d60       ??2BenchmarkRunner@Benchmarking@@SAPAXI@Z 00409d60 f i benchmarkbase_win32.release:benchmarkrunner.obj
 0001:00008d70       ??3BenchmarkRunner@Benchmarking@@SAXPAX@Z 00409d70 f i benchmarkbase_win32.release:benchmarkrunner.obj
 0001:00008d90       ?GetRtti@BenchmarkRunner@Benchmarking@@UBEPAVRtti@Core@@XZ 00409d90 f   benchmarkbase_win32.release:benchmarkrunner.obj
 0001:00008da0       ?FactoryCreator@BenchmarkRunner@Benchmarking@@SAPAVRefCounted@Core@@XZ 00409da0 f   benchmarkbase_win32.release:benchmarkrunner.obj
 0001:00008db0       ?Create@BenchmarkRunner@Benchmarking@@SAPAV12@XZ 00409db0 f   benchmarkbase_win32.release:benchmarkrunner.obj
 0001:00008e10       ??0BenchmarkRunner@Benchmarking@@QAE@XZ 00409e10 f i benchmarkbase_win32.release:benchmarkrunner.obj
 0001:00008e50       ??_GBenchmarkRunner@Benchmarking@@UAEPAXI@Z 00409e50 f i benchmarkbase_win32.release:benchmarkrunner.obj
 0001:00008e50       ??_EBenchmarkRunner@Benchmarking@@UAEPAXI@Z 00409e50 f i  CIL library: CIL module
 0001:00008e90       ??1BenchmarkRunner@Benchmarking@@UAE@XZ 00409e90 f i benchmarkbase_win32.release:benchmarkrunner.obj
 0001:00008eb0       ?RegisterWithFactory@BenchmarkRunner@Benchmarking@@SA_NXZ 00409eb0 f   benchmarkbase_win32.release:benchmarkrunner.obj
 0001:00008fb0       ?AttachBenchmark@BenchmarkRunner@Benchmarking@@QAEXPAVBenchmark@2@@Z 00409fb0 f   benchmarkbase_win32.release:benchmarkrunner.obj
 0001:00009000       ?Run@BenchmarkRunner@Benchmarking@@QAEXXZ 0040a000 f   benchmarkbase_win32.release:benchmarkrunner.obj
 0001:000091c0       ??A?$Array@VString@Util@@@Util@@QBEAAVString@1@H@Z 0040a1c0 f i benchmarkbase_win32.release:benchmarkrunner.obj
 0001:00009210       ?Size@?$Array@VString@Util@@@Util@@QBEHXZ 0040a210 f i benchmarkbase_win32.release:benchmarkrunner.obj
 0001:00009230       ??0?$Array@V?$Ptr@VBenchmark@Benchmarking@@@@@Util@@QAE@XZ 0040a230 f i benchmarkbase_win32.release:benchmarkrunner.obj
 0001:00009270       ??1?$Array@V?$Ptr@VBenchmark@Benchmarking@@@@@Util@@QAE@XZ 0040a270 f i benchmarkbase_win32.release:benchmarkrunner.obj
 0001:00009290       ??A?$Array@V?$Ptr@VBenchmark@Benchmarking@@@@@Util@@QBEAAV?$Ptr@VBenchmark@Benchmarking@@@@H@Z 0040a290 f i benchmarkbase_win32.release:benchmarkrunner.obj
 0001:000092e0       ?Append@?$Array@V?$Ptr@VBenchmark@Benchmarking@@@@@Util@@QAEXABV?$Ptr@VBenchmark@Benchmarking@@@@@Z 0040a2e0 f i benchmarkbase_win32.release:benchmarkrunner.obj
 0001:00009360       ?Size@?$Array@V?$Ptr@VBenchmark@Benchmarking@@@@@Util@@QBEHXZ 0040a360 f i benchmarkbase_win32.release:benchmarkrunner.obj
 0001:00009380       ??0?$Ptr@VBenchmark@Benchmarking@@@@QAE@PAVBenchmark@Benchmarking@@@Z 0040a380 f i benchmarkbase_win32.release:benchmarkrunner.obj
 0001:000093c0       ??1?$Ptr@VBenchmark@Benchmarking@@@@QAE@XZ 0040a3c0 f i benchmarkbase_win32.release:benchmarkrunner.obj
 0001:000093f0       ??B?$Ptr@VBenchmark@Benchmarking@@@@QBEPAVBenchmark@Benchmarking@@XZ 0040a3f0 f i benchmarkbase_win32.release:benchmarkrunner.obj
 0001:00009430       ?Delete@?$Array@V?$Ptr@VBenchmark@Benchmarking@@@@@Util@@AAEXXZ 0040a430 f i benchmarkbase_win32.release:benchmarkrunner.obj
 0001:000094a0       ?Grow@?$Array@V?$Ptr@VBenchmark@Benchmarking@@@@@Util@@AAEXXZ 0040a4a0 f i benchmarkbase_win32.release:benchmarkrunner.obj
 0001:00009520       ??4?$Ptr@VBenchmark@Benchmarking@@@@QAEXABV0@@Z 0040a520 f i benchmarkbase_win32.release:benchmarkrunner.obj
 0001:00009580       ??_E?$Ptr@VBenchmark@Benchmarking@@@@QAEPAXI@Z 0040a580 f i benchmarkbase_win32.release:benchmarkrunner.obj
 0001:00009620       ?GrowTo@?$Array@V?$Ptr@VBenchmark@Benchmarking@@@@@Util@@AAEXH@Z 0040a620 f i benchmarkbase_win32.release:benchmarkrunner.obj
 0001:00009740       ??0?$Ptr@VBenchmark@Benchmarking@@@@QAE@XZ 0040a740 f i benchmarkbase_win32.release:benchmarkrunner.obj
 0001:00009760       ?Instance@Console@IO@@SAPAV12@XZ 0040a760 f i foundation_win32.release:debug.obj
 0001:00009790       ?HasInstance@Console@IO@@SA_NXZ 0040a790 f i foundation_win32.release:debug.obj
 0001:000097b0       ?n_barf@@YAXPBD0H@Z        0040a7b0 f   foundation_win32.release:debug.obj
 0001:00009850       ?n_barf2@@YAXPBD00H@Z      0040a850 f   foundation_win32.release:debug.obj
 0001:000098f0       ?n_error@@YAXPBDZZ         0040a8f0 f   foundation_win32.release:debug.obj
 0001:000099b0       ?n_warning@@YAXPBDZZ       0040a9b0 f   foundation_win32.release:debug.obj
 0001:00009a70       ?n_confirm@@YAXPBDZZ       0040aa70 f   foundation_win32.release:debug.obj
 0001:00009b30       ?n_printf@@YAXPBDZZ        0040ab30 f   foundation_win32.release:debug.obj
 0001:00009b80       ?n_dbgout@@YAXPBDZZ        0040ab80 f   foundation_win32.release:debug.obj
 0001:00009bd0       ?n_sleep@@YAXN@Z           0040abd0 f   foundation_win32.release:debug.obj
 0001:00009bf0       ?__HeapReAlloc16@Memory@@YAPAXPAXK0K@Z 0040abf0 f i foundation_win32.release:win360memory.obj
 0001:00009d10       ?Alloc@Memory@@YAPAXW4HeapType@1@I@Z 0040ad10 f   foundation_win32.release:win360memory.obj
 0001:00009e00       ?Realloc@Memory@@YAPAXW4HeapType@1@PAXI@Z 0040ae00 f   foundation_win32.release:win360memory.obj
 0001:00009fb0       ?Free@Memory@@YAXW4HeapType@1@PAX@Z 0040afb0 f   foundation_win32.release:win360memory.obj
 0001:0000a040       ?DuplicateCString@Memory@@YAPADPBD@Z 0040b040 f   foundation_win32.release:win360memory.obj
 0001:0000a120       ?IsOverlapping@Memory@@YA_NPBEI0I@Z 0040b120 f   foundation_win32.release:win360memory.obj
 0001:0000a160       ?GetTotalMemoryStatus@Memory@@YA?AUTotalMemoryStatus@1@XZ 0040b160 f   foundation_win32.release:win360memory.obj
 0001:0000a1d0       ?DumpTotalMemoryStatus@Memory@@YAXXZ 0040b1d0 f   foundation_win32.release:win360memory.obj
 0001:0000a1f0       ??0float4@Math@@QAE@MMMM@Z 0040b1f0 f i foundation_win32.release:string.obj
 0001:0000a240       ??0matrix44@Math@@QAE@ABVfloat4@1@000@Z 0040b240 f i foundation_win32.release:string.obj
 0001:0000a290       ?Alloc@String@Util@@AAEXH@Z 0040b290 f i foundation_win32.release:string.obj
 0001:0000a330       ?Realloc@String@Util@@AAEXH@Z 0040b330 f i foundation_win32.release:string.obj
 0001:0000a480       ?Reserve@String@Util@@QAEXH@Z 0040b480 f i foundation_win32.release:string.obj
 0001:0000a4b0       ?Append@String@Util@@QAEXABV12@@Z 0040b4b0 f i foundation_win32.release:string.obj
 0001:0000a4f0       ??AString@Util@@QBEDH@Z    0040b4f0 f i foundation_win32.release:string.obj
 0001:0000a550       ??AString@Util@@QAEAADH@Z  0040b550 f i foundation_win32.release:string.obj
 0001:0000a5b0       ?Length@String@Util@@QBEHXZ 0040b5b0 f i foundation_win32.release:string.obj
 0001:0000a5d0       ?IsValid@String@Util@@QBE_NXZ 0040b5d0 f i foundation_win32.release:string.obj
 0001:0000a690       ?CopyToBuffer@String@Util@@QBE_NPADH@Z 0040b690 f   foundation_win32.release:string.obj
 0001:0000a740       ?Format@String@Util@@QAAXPBDZZ 0040b740 f   foundation_win32.release:string.obj
 0001:0000a7d0       ?FormatArgList@String@Util@@QAAXPBDPAD@Z 0040b7d0 f   foundation_win32.release:string.obj
 0001:0000a840       ?Set@String@Util@@QAEXPBDH@Z 0040b840 f   foundation_win32.release:string.obj
 0001:0000aab0       ?AppendRange@String@Util@@QAEXPBDH@Z 0040bab0 f   foundation_win32.release:string.obj
 0001:0000acd0       ?Tokenize@String@Util@@QBEHABV12@AAV?$Array@VString@Util@@@2@@Z 0040bcd0 f   foundation_win32.release:string.obj
 0001:0000ae00       ?Tokenize@String@Util@@QBE?AV?$Array@VString@Util@@@2@ABV12@@Z 0040be00 f   foundation_win32.release:string.obj
 0001:0000ae40       ?Tokenize@String@Util@@QBEHABV12@DAAV?$Array@VString@Util@@@2@@Z 0040be40 f   foundation_win32.release:string.obj
 0001:0000b190       ?Tokenize@String@Util@@QBE?AV?$Array@VString@Util@@@2@ABV12@D@Z 0040c190 f   foundation_win32.release:string.obj
 0001:0000b1e0       ?ExtractRange@String@Util@@QBE?AV12@HH@Z 0040c1e0 f   foundation_win32.release:string.obj
 0001:0000b2a0       ?ExtractToEnd@String@Util@@QBE?AV12@H@Z 0040c2a0 f   foundation_win32.release:string.obj
 0001:0000b2d0       ?Strip@String@Util@@QAEXABV12@@Z 0040c2d0 f   foundation_win32.release:string.obj
 0001:0000b390       ?FindStringIndex@String@Util@@QBEHABV12@H@Z 0040c390 f   foundation_win32.release:string.obj
 0001:0000b480       ?FindCharIndex@String@Util@@QBEHDH@Z 0040c480 f   foundation_win32.release:string.obj
 0001:0000b530       ?TrimLeft@String@Util@@QAEXABV12@@Z 0040c530 f   foundation_win32.release:string.obj
 0001:0000b710       ?TrimRight@String@Util@@QAEXABV12@@Z 0040c710 f   foundation_win32.release:string.obj
 0001:0000b8f0       ?Trim@String@Util@@QAEXABV12@@Z 0040c8f0 f   foundation_win32.release:string.obj
 0001:0000b920       ?SubstituteString@String@Util@@QAEXABV12@0@Z 0040c920 f   foundation_win32.release:string.obj
 0001:0000ba70       ?ExtractLastDirName@String@Util@@QBE?AV12@XZ 0040ca70 f   foundation_win32.release:string.obj
 0001:0000bba0       ?ExtractDirName@String@Util@@QBE?AV12@XZ 0040cba0 f   foundation_win32.release:string.obj
 0001:0000bc90       ?MatchPattern@String@Util@@SA_NABV12@0@Z 0040cc90 f   foundation_win32.release:string.obj
 0001:0000bfa0       ?ReplaceChars@String@Util@@QAEXABV12@D@Z 0040cfa0 f   foundation_win32.release:string.obj
 0001:0000c050       ?AsMatrix44@String@Util@@QBE?AVmatrix44@Math@@XZ 0040d050 f   foundation_win32.release:string.obj
 0001:0000c4a0       ?Concatenate@String@Util@@SA?AV12@ABV?$Array@VString@Util@@@2@ABV12@@Z 0040d4a0 f   foundation_win32.release:string.obj
 0001:0000c5a0       ?SetCharPtr@String@Util@@QAEXPBD@Z 0040d5a0 f   foundation_win32.release:string.obj
 0001:0000c600       ?Append@String@Util@@QAEXPBD@Z 0040d600 f   foundation_win32.release:string.obj
 0001:0000c670       ?TerminateAtIndex@String@Util@@QAEXH@Z 0040d670 f   foundation_win32.release:string.obj
 0001:0000c700       ?StripFileExtension@String@Util@@QAEXXZ 0040d700 f   foundation_win32.release:string.obj
 0001:0000c7a0       ??8Util@@YA_NABVString@0@0@Z 0040d7a0 f   foundation_win32.release:string.obj
 0001:0000c850       ??8Util@@YA_NABVString@0@PBD@Z 0040d850 f   foundation_win32.release:string.obj
 0001:0000c900       ??8Util@@YA_NPBDABVString@0@@Z 0040d900 f   foundation_win32.release:string.obj
 0001:0000c9b0       ??9Util@@YA_NABVString@0@0@Z 0040d9b0 f   foundation_win32.release:string.obj
 0001:0000ca60       ??MUtil@@YA_NABVString@0@0@Z 0040da60 f   foundation_win32.release:string.obj
 0001:0000cb10       ??OUtil@@YA_NABVString@0@0@Z 0040db10 f   foundation_win32.release:string.obj
 0001:0000cbc0       ??NUtil@@YA_NABVString@0@0@Z 0040dbc0 f   foundation_win32.release:string.obj
 0001:0000cc70       ??PUtil@@YA_NABVString@0@0@Z 0040dc70 f   foundation_win32.release:string.obj
 0001:0000cd20       ?ToLower@String@Util@@QAEXXZ 0040dd20 f   foundation_win32.release:string.obj
 0001:0000cd80       ?ToUpper@String@Util@@QAEXXZ 0040dd80 f   foundation_win32.release:string.obj
 0001:0000cde0       ?FirstCharToUpper@String@Util@@QAEXXZ 0040dde0 f   foundation_win32.release:string.obj
 0001:0000ce20       ?ContainsCharFromSet@String@Util@@QBE_NABV12@@Z 0040de20 f   foundation_win32.release:string.obj
 0001:0000ce90       ?GetFileExtension@String@Util@@QBE?AV12@XZ 0040de90 f   foundation_win32.release:string.obj
 0001:0000cf50       ?GetLastSlash@String@Util@@ABEPADXZ 0040df50 f   foundation_win32.release:string.obj
 0001:0000cfc0       ?IsValidBool@String@Util@@QBE_NXZ 0040dfc0 f   foundation_win32.release:string.obj
 0001:0000d030       ?AsInt@String@Util@@QBEHXZ 0040e030 f   foundation_win32.release:string.obj
 0001:0000d070       ?AsFloat@String@Util@@QBEMXZ 0040e070 f   foundation_win32.release:string.obj
 0001:0000d0b0       ?AsBool@String@Util@@QBE_NXZ 0040e0b0 f   foundation_win32.release:string.obj
 0001:0000d140       ?IsDigit@String@Util@@SA_ND@Z 0040e140 f   foundation_win32.release:string.obj
 0001:0000d160       ?IsAlpha@String@Util@@SA_ND@Z 0040e160 f   foundation_win32.release:string.obj
 0001:0000d180       ?IsAlNum@String@Util@@SA_ND@Z 0040e180 f   foundation_win32.release:string.obj
 0001:0000d1a0       ?IsLower@String@Util@@SA_ND@Z 0040e1a0 f   foundation_win32.release:string.obj
 0001:0000d1c0       ?IsUpper@String@Util@@SA_ND@Z 0040e1c0 f   foundation_win32.release:string.obj
 0001:0000d1e0       ?StrCmp@String@Util@@SAHPBD0@Z 0040e1e0 f   foundation_win32.release:string.obj
 0001:0000d270       ?StrLen@String@Util@@SAHPBD@Z 0040e270 f   foundation_win32.release:string.obj
 0001:0000d2d0       ?StrChr@String@Util@@SAPBDPBDH@Z 0040e2d0 f   foundation_win32.release:string.obj
 0001:0000d310       ?ParseKeyValuePairs@String@Util@@SA?AV?$Dictionary@VString@Util@@V12@@2@ABV12@@Z 0040e310 f   foundation_win32.release:string.obj
 0001:0000d410       ??1?$Dictionary@VString@Util@@V12@@Util@@QAE@XZ 0040e410 f i foundation_win32.release:string.obj
 0001:0000d430       ?ChangeFileExtension@String@Util@@QAEXABV12@@Z 0040e430 f   foundation_win32.release:string.obj
 0001:0000d510       ??0?$Array@VString@Util@@@Util@@QAE@HH@Z 0040e510 f i foundation_win32.release:string.obj
 0001:0000d620       ??0?$Array@VString@Util@@@Util@@QAE@XZ 0040e620 f i foundation_win32.release:string.obj
 0001:0000d660       ?Append@?$Array@VString@Util@@@Util@@QAEXABVString@2@@Z 0040e660 f i foundation_win32.release:string.obj
 0001:0000d700       ?Clear@?$Array@VString@Util@@@Util@@QAEXXZ 0040e700 f i foundation_win32.release:string.obj
 0001:0000d750       ??1?$Array@V?$KeyValuePair@VString@Util@@V12@@Util@@@Util@@QAE@XZ 0040e750 f i foundation_win32.release:string.obj
 0001:0000d770       ??0?$Dictionary@VString@Util@@V12@@Util@@QAE@ABV01@@Z 0040e770 f i foundation_win32.release:string.obj
 0001:0000d7c0       ??0?$Dictionary@VString@Util@@V12@@Util@@QAE@XZ 0040e7c0 f i foundation_win32.release:string.obj
 0001:0000d7e0       ?Add@?$Dictionary@VString@Util@@V12@@Util@@QAEXABVString@2@0@Z 0040e7e0 f i foundation_win32.release:string.obj
 0001:0000d830       ??1?$KeyValuePair@VString@Util@@V12@@Util@@QAE@XZ 0040e830 f i foundation_win32.release:string.obj
 0001:0000d8c0       ?Destroy@?$Array@VString@Util@@@Util@@AAEXPAVString@2@@Z 0040e8c0 f i foundation_win32.release:string.obj
 0001:0000d8e0       ?Grow@?$Array@VString@Util@@@Util@@AAEXXZ 0040e8e0 f i foundation_win32.release:string.obj
 0001:0000d960       ??0?$Array@V?$KeyValuePair@VString@Util@@V12@@Util@@@Util@@QAE@ABV01@@Z 0040e960 f i foundation_win32.release:string.obj
 0001:0000d9b0       ??0?$Array@V?$KeyValuePair@VString@Util@@V12@@Util@@@Util@@QAE@XZ 0040e9b0 f i foundation_win32.release:string.obj
 0001:0000d9f0       ?Append@?$Array@V?$KeyValuePair@VString@Util@@V12@@Util@@@Util@@QAEXABV?$KeyValuePair@VString@Util@@V12@@2@@Z 0040e9f0 f i foundation_win32.release:string.obj
 0001:0000da70       ?InsertSorted@?$Array@V?$KeyValuePair@VString@Util@@V12@@Util@@@Util@@QAEHABV?$KeyValuePair@VString@Util@@V12@@2@@Z 0040ea70 f i foundation_win32.release:string.obj
 0001:0000dce0       ?Delete@?$Array@V?$KeyValuePair@VString@Util@@V12@@Util@@@Util@@AAEXXZ 0040ece0 f i foundation_win32.release:string.obj
 0001:0000dd50       ??0?$KeyValuePair@VString@Util@@V12@@Util@@QAE@ABVString@1@0@Z 0040ed50 f i foundation_win32.release:string.obj
 0001:0000de10       ??_E?$KeyValuePair@VString@Util@@V12@@Util@@QAEPAXI@Z 0040ee10 f i foundation_win32.release:string.obj
 0001:0000deb0       ?GrowTo@?$Array@VString@Util@@@Util@@AAEXH@Z 0040eeb0 f i foundation_win32.release:string.obj
 0001:0000e020       ?Size@?$Array@V?$KeyValuePair@VString@Util@@V12@@Util@@@Util@@QBEHXZ 0040f020 f i foundation_win32.release:string.obj
 0001:0000e040       ?Insert@?$Array@V?$KeyValuePair@VString@Util@@V12@@Util@@@Util@@QAEXHABV?$KeyValuePair@VString@Util@@V12@@2@@Z 0040f040 f i foundation_win32.release:string.obj
 0001:0000e0b0       ?InsertAtEndOfIdenticalRange@?$Array@V?$KeyValuePair@VString@Util@@V12@@Util@@@Util@@QAEHHABV?$KeyValuePair@VString@Util@@V12@@2@@Z 0040f0b0 f i foundation_win32.release:string.obj
 0001:0000e130       ?Copy@?$Array@V?$KeyValuePair@VString@Util@@V12@@Util@@@Util@@AAEXABV12@@Z 0040f130 f i foundation_win32.release:string.obj
 0001:0000e260       ?Grow@?$Array@V?$KeyValuePair@VString@Util@@V12@@Util@@@Util@@AAEXXZ 0040f260 f i foundation_win32.release:string.obj
 0001:0000e2e0       ??4?$KeyValuePair@VString@Util@@V12@@Util@@QAEXABV01@@Z 0040f2e0 f i foundation_win32.release:string.obj
 0001:0000e370       ??O?$KeyValuePair@VString@Util@@V12@@Util@@QBE_NABV01@@Z 0040f370 f i foundation_win32.release:string.obj
 0001:0000e390       ??M?$KeyValuePair@VString@Util@@V12@@Util@@QBE_NABV01@@Z 0040f390 f i foundation_win32.release:string.obj
 0001:0000e3b0       ?GrowTo@?$Array@V?$KeyValuePair@VString@Util@@V12@@Util@@@Util@@AAEXH@Z 0040f3b0 f i foundation_win32.release:string.obj
 0001:0000e4d0       ?Move@?$Array@V?$KeyValuePair@VString@Util@@V12@@Util@@@Util@@AAEXHH@Z 0040f4d0 f i foundation_win32.release:string.obj
 0001:0000e660       ??0?$KeyValuePair@VString@Util@@V12@@Util@@QAE@XZ 0040f660 f i foundation_win32.release:string.obj
 0001:0000e6d0       ??9?$KeyValuePair@VString@Util@@V12@@Util@@QBE_NABV01@@Z 0040f6d0 f i foundation_win32.release:string.obj
 0001:0000e6f0       ?Destroy@?$Array@V?$KeyValuePair@VString@Util@@V12@@Util@@@Util@@AAEXPAV?$KeyValuePair@VString@Util@@V12@@2@@Z 0040f6f0 f i foundation_win32.release:string.obj
 0001:0000e720       ??_G?$KeyValuePair@VString@Util@@V12@@Util@@QAEPAXI@Z 0040f720 f i foundation_win32.release:string.obj
 0001:0000e750       ?strrchr@@YAPADPADH@Z      0040f750 f i foundation_win32.release:string.obj
 0001:0000e770       ?strpbrk@@YAPADPADPBD@Z    0040f770 f i foundation_win32.release:string.obj
 0001:0000e790       ?strchr@@YAPADPADH@Z       0040f790 f i foundation_win32.release:string.obj
 0001:0000e860       ?StringCchVPrintfA@@YGJPADIPBD0@Z 0040f860 f i foundation_win32.release:string.obj
 0001:0000ea80       ?StringCchCopyA@@YGJPADIPBD@Z 0040fa80 f i foundation_win32.release:string.obj
 0001:0000ead0       ?XMVectorSet@@YA?AT__m128@@MMMM@Z 0040fad0 f i foundation_win32.release:string.obj
 0001:0000eb10       ??0FourCC@Util@@QAE@XZ     0040fb10 f i foundation_win32.release:rtti.obj
 0001:0000eb30       ??8FourCC@Util@@QBE_NABV01@@Z 0040fb30 f i foundation_win32.release:rtti.obj
 0001:0000eb50       ?IsValid@FourCC@Util@@QBE_NXZ 0040fb50 f i foundation_win32.release:rtti.obj
 0001:0000eb70       ?GetParent@Rtti@Core@@QBEPBV12@XZ 0040fb70 f i foundation_win32.release:rtti.obj
 0001:0000eb90       ?Construct@Rtti@Core@@AAEXPBDVFourCC@Util@@P6APAVRefCounted@2@XZPBV12@H@Z 0040fb90 f   foundation_win32.release:rtti.obj
 0001:0000ec80       ??0Rtti@Core@@QAE@PBDVFourCC@Util@@P6APAVRefCounted@1@XZPBV01@H@Z 0040fc80 f   foundation_win32.release:rtti.obj
 0001:0000ecf0       ??0Rtti@Core@@QAE@PBDP6APAVRefCounted@1@XZPBV01@H@Z 0040fcf0 f   foundation_win32.release:rtti.obj
 0001:0000ed60       ?Create@Rtti@Core@@QBEPAVRefCounted@2@XZ 0040fd60 f   foundation_win32.release:rtti.obj
 0001:0000edc0       ?IsDerivedFrom@Rtti@Core@@QBE_NABV12@@Z 0040fdc0 f   foundation_win32.release:rtti.obj
 0001:0000ee00       ?IsDerivedFrom@Rtti@Core@@QBE_NABVString@Util@@@Z 0040fe00 f   foundation_win32.release:rtti.obj
 0001:0000ee50       ?IsDerivedFrom@Rtti@Core@@QBE_NABVFourCC@Util@@@Z 0040fe50 f   foundation_win32.release:rtti.obj
 0001:0000eea0       ?AllocInstanceMemory@Rtti@Core@@QAEPAXXZ 0040fea0 f   foundation_win32.release:rtti.obj
 0001:0000eed0       ?FreeInstanceMemory@Rtti@Core@@QAEXPAX@Z 0040fed0 f   foundation_win32.release:rtti.obj
 0001:0000eef0       ??2RefCounted@Core@@SAPAXI@Z 0040fef0 f i foundation_win32.release:refcounted.obj
 0001:0000ef00       ?GetRtti@RefCounted@Core@@UBEPAVRtti@2@XZ 0040ff00 f   foundation_win32.release:refcounted.obj
 0001:0000ef10       ?FactoryCreator@RefCounted@Core@@SAPAV12@XZ 0040ff10 f   foundation_win32.release:refcounted.obj
 0001:0000ef20       ?Create@RefCounted@Core@@SAPAV12@XZ 0040ff20 f   foundation_win32.release:refcounted.obj
 0001:0000ef70       ?RegisterWithFactory@RefCounted@Core@@SA_NXZ 0040ff70 f   foundation_win32.release:refcounted.obj
 0001:0000f070       ??1RefCounted@Core@@MAE@XZ 00410070 f   foundation_win32.release:refcounted.obj
 0001:0000f0b0       ?DumpRefCountingLeaks@RefCounted@Core@@SAXXZ 004100b0 f   foundation_win32.release:refcounted.obj
 0001:0000f0c0       ?Clear@String@Util@@QAEXXZ 004100c0 f i foundation_win32.release:uri.obj
 0001:0000f110       ?IsEmpty@URI@IO@@QBE_NXZ   00410110 f i foundation_win32.release:uri.obj
 0001:0000f120       ?Clear@URI@IO@@QAEXXZ      00410120 f i foundation_win32.release:uri.obj
 0001:0000f320       ?SetScheme@URI@IO@@QAEXABVString@Util@@@Z 00410320 f i foundation_win32.release:uri.obj
 0001:0000f370       ?SetUserInfo@URI@IO@@QAEXABVString@Util@@@Z 00410370 f i foundation_win32.release:uri.obj
 0001:0000f3c0       ?SetHost@URI@IO@@QAEXABVString@Util@@@Z 004103c0 f i foundation_win32.release:uri.obj
 0001:0000f410       ?SetPort@URI@IO@@QAEXABVString@Util@@@Z 00410410 f i foundation_win32.release:uri.obj
 0001:0000f460       ?SetLocalPath@URI@IO@@QAEXABVString@Util@@@Z 00410460 f i foundation_win32.release:uri.obj
 0001:0000f4c0       ?SetFragment@URI@IO@@QAEXABVString@Util@@@Z 004104c0 f i foundation_win32.release:uri.obj
 0001:0000f520       ?SetQuery@URI@IO@@QAEXABVString@Util@@@Z 00410520 f i foundation_win32.release:uri.obj
 0001:0000f580       ?Instance@AssignRegistry@IO@@SAPAV12@XZ 00410580 f i foundation_win32.release:uri.obj
 0001:0000f5b0       ?HasInstance@AssignRegistry@IO@@SA_NXZ 004105b0 f i foundation_win32.release:uri.obj
 0001:0000f5d0       ?Split@URI@IO@@AAE_NABVString@Util@@@Z 004105d0 f   foundation_win32.release:uri.obj
 0001:000100c0       ?Build@URI@IO@@ABE?AVString@Util@@XZ 004110c0 f   foundation_win32.release:uri.obj
 0001:000103b0       ?GetTail@URI@IO@@QBE?AVString@Util@@XZ 004113b0 f   foundation_win32.release:uri.obj
 0001:00010520       ?GetHostAndLocalPath@URI@IO@@QBE?AVString@Util@@XZ 00411520 f   foundation_win32.release:uri.obj
 0001:00010640       ?AppendLocalPath@URI@IO@@QAEXABVString@Util@@@Z 00411640 f   foundation_win32.release:uri.obj
 0001:000106d0       ?ParseQuery@URI@IO@@QBE?AV?$Dictionary@VString@Util@@V12@@Util@@XZ 004116d0 f   foundation_win32.release:uri.obj
 0001:00010840       ?BinaryCompare@Blob@Util@@ABEHABV12@@Z 00411840 f   foundation_win32.release:blob.obj
 0001:000108f0       ?WaiterPlus@Win360CriticalSection@Win360@@ABEXXZ 004118f0 f i foundation_win32.release:ioserver.obj
 0001:00010910       ?WaiterMinus@Win360CriticalSection@Win360@@ABEXXZ 00411910 f i foundation_win32.release:ioserver.obj
 0001:00010930       ?PerfLockImmediate@Win360CriticalSection@Win360@@ABE_NK@Z 00411930 f i foundation_win32.release:ioserver.obj
 0001:00010960       ?Enter@Win360CriticalSection@Win360@@QBEXXZ 00411960 f i foundation_win32.release:ioserver.obj
 0001:000109d0       ?AllocateKernelSemaphore@Win360CriticalSection@Win360@@ABEXXZ 004119d0 f i foundation_win32.release:ioserver.obj
 0001:00010a40       ?PerfLock@Win360CriticalSection@Win360@@ABE_NK@Z 00411a40 f i foundation_win32.release:ioserver.obj
 0001:00010ac0       ?PerfLockKernel@Win360CriticalSection@Win360@@ABE_NK@Z 00411ac0 f i foundation_win32.release:ioserver.obj
 0001:00010b60       ?Leave@Win360CriticalSection@Win360@@QBEXXZ 00411b60 f i foundation_win32.release:ioserver.obj
 0001:00010b90       ?PerfUnlock@Win360CriticalSection@Win360@@ABEXXZ 00411b90 f i foundation_win32.release:ioserver.obj
 0001:00010bd0       ?IsEmpty@String@Util@@QBE_NXZ 00411bd0 f i foundation_win32.release:ioserver.obj
 0001:00010bf0       ?GetRefCount@RefCounted@Core@@QBEHXZ 00411bf0 f i foundation_win32.release:ioserver.obj
 0001:00010c10       ??0URI@IO@@QAE@XZ          00411c10 f i foundation_win32.release:ioserver.obj
 0001:00010d70       ??0URI@IO@@QAE@ABVString@Util@@@Z 00411d70 f i foundation_win32.release:ioserver.obj
 0001:00010f20       ?AsString@URI@IO@@QBE?AVString@Util@@XZ 00411f20 f i foundation_win32.release:ioserver.obj
 0001:00010f40       ?Scheme@URI@IO@@QBEABVString@Util@@XZ 00411f40 f i foundation_win32.release:ioserver.obj
 0001:00010f60       ?LocalPath@URI@IO@@QBEABVString@Util@@XZ 00411f60 f i foundation_win32.release:ioserver.obj
 0001:00010f80       ?Instance@SchemeRegistry@IO@@SAPAV12@XZ 00411f80 f i foundation_win32.release:ioserver.obj
 0001:00010fb0       ?HasInstance@SchemeRegistry@IO@@SA_NXZ 00411fb0 f i foundation_win32.release:ioserver.obj
 0001:00010fd0       ??2IoServer@IO@@SAPAXI@Z   00411fd0 f i foundation_win32.release:ioserver.obj
 0001:00010fe0       ??3IoServer@IO@@SAXPAX@Z   00411fe0 f i foundation_win32.release:ioserver.obj
 0001:00011000       ?IsArchiveFileSystemEnabled@IoServer@IO@@QBE_NXZ 00412000 f i foundation_win32.release:ioserver.obj
 0001:00011020       ?GetPlatform@SystemInfoBase@Base@@QBE?AW4Platform@12@XZ 00412020 f i foundation_win32.release:ioserver.obj
 0001:00011030       ?Instance@ArchiveFileSystem@IO@@SAPAV12@XZ 00412030 f i foundation_win32.release:ioserver.obj
 0001:00011060       ?HasInstance@ArchiveFileSystem@IO@@SA_NXZ 00412060 f i foundation_win32.release:ioserver.obj
 0001:00011080       ?GetRtti@IoServer@IO@@UBEPAVRtti@Core@@XZ 00412080 f   foundation_win32.release:ioserver.obj
 0001:00011090       ?FactoryCreator@IoServer@IO@@SAPAVRefCounted@Core@@XZ 00412090 f   foundation_win32.release:ioserver.obj
 0001:000110a0       ?Create@IoServer@IO@@SAPAV12@XZ 004120a0 f   foundation_win32.release:ioserver.obj
 0001:000110e0       ?RegisterWithFactory@IoServer@IO@@SA_NXZ 004120e0 f   foundation_win32.release:ioserver.obj
 0001:000111e0       ??0CriticalSection@Threading@@QAE@XZ 004121e0 f i foundation_win32.release:ioserver.obj
 0001:00011200       ??1CriticalSection@Threading@@QAE@XZ 00412200 f i foundation_win32.release:ioserver.obj
 0001:00011220       ??0IoServer@IO@@QAE@XZ     00412220 f   foundation_win32.release:ioserver.obj
 0001:00011470       ??_GIoServer@IO@@UAEPAXI@Z 00412470 f i foundation_win32.release:ioserver.obj
 0001:00011470       ??_EIoServer@IO@@UAEPAXI@Z 00412470 f i  CIL library: CIL module
 0001:000114a0       ??1IoServer@IO@@UAE@XZ     004124a0 f   foundation_win32.release:ioserver.obj
 0001:00011570       ?CreateStream@IoServer@IO@@QBE?AV?$Ptr@VStream@IO@@@@ABVURI@2@@Z 00412570 f   foundation_win32.release:ioserver.obj
 0001:00011730       ?MountArchive@IoServer@IO@@QAE_NABVURI@2@@Z 00412730 f   foundation_win32.release:ioserver.obj
 0001:00011780       ?UnmountArchive@IoServer@IO@@QAEXABVURI@2@@Z 00412780 f   foundation_win32.release:ioserver.obj
 0001:000117b0       ?IsArchiveMounted@IoServer@IO@@QBE_NABVURI@2@@Z 004127b0 f   foundation_win32.release:ioserver.obj
 0001:000117e0       ?MountStandardArchives@IoServer@IO@@QAEXXZ 004127e0 f   foundation_win32.release:ioserver.obj
 0001:000118e0       ??0SystemInfo@System@@QAE@XZ 004128e0 f i foundation_win32.release:ioserver.obj
 0001:00011900       ?UnmountStandardArchives@IoServer@IO@@QAEXXZ 00412900 f   foundation_win32.release:ioserver.obj
 0001:00011a40       ?CreateDirectoryA@IoServer@IO@@QBE_NABVURI@2@@Z 00412a40 f   foundation_win32.release:ioserver.obj
 0001:00011cc0       ??1?$Stack@VString@Util@@@Util@@QAE@XZ 00412cc0 f i foundation_win32.release:ioserver.obj
 0001:00011ce0       ?CopyFile@IoServer@IO@@QBE_NABVURI@2@0@Z 00412ce0 f   foundation_win32.release:ioserver.obj
 0001:00012110       ?ComputeFileCrc@IoServer@IO@@QBEIABVURI@2@@Z 00413110 f   foundation_win32.release:ioserver.obj
 0001:000122a0       ?DeleteFile@IoServer@IO@@QBE_NABVURI@2@@Z 004132a0 f   foundation_win32.release:ioserver.obj
 0001:00012330       ?DeleteDirectory@IoServer@IO@@QBE_NABVURI@2@@Z 00413330 f   foundation_win32.release:ioserver.obj
 0001:000123c0       ?FileExists@IoServer@IO@@QBE_NABVURI@2@@Z 004133c0 f   foundation_win32.release:ioserver.obj
 0001:00012490       ?DirectoryExists@IoServer@IO@@QBE_NABVURI@2@@Z 00413490 f   foundation_win32.release:ioserver.obj
 0001:00012580       ?SetReadOnly@IoServer@IO@@QBEXABVURI@2@_N@Z 00413580 f   foundation_win32.release:ioserver.obj
 0001:00012610       ?IsReadOnly@IoServer@IO@@QBE_NABVURI@2@@Z 00413610 f   foundation_win32.release:ioserver.obj
 0001:000127c0       ?SetFileWriteTime@IoServer@IO@@QAEXABVURI@2@VWin360FileTime@Win360@@@Z 004137c0 f   foundation_win32.release:ioserver.obj
 0001:00012850       ?GetFileWriteTime@IoServer@IO@@QBE?AVWin360FileTime@Win360@@ABVURI@2@@Z 00413850 f   foundation_win32.release:ioserver.obj
 0001:000128e0       ?ListFiles@IoServer@IO@@QBE?AV?$Array@VString@Util@@@Util@@ABVURI@2@ABVString@4@_N@Z 004138e0 f   foundation_win32.release:ioserver.obj
 0001:00012b00       ?ListDirectories@IoServer@IO@@QBE?AV?$Array@VString@Util@@@Util@@ABVURI@2@ABVString@4@_N@Z 00413b00 f   foundation_win32.release:ioserver.obj
 0001:00012d20       ?AddPathPrefixToArray@IoServer@IO@@ABE?AV?$Array@VString@Util@@@Util@@ABVString@4@ABV34@@Z 00413d20 f   foundation_win32.release:ioserver.obj
 0001:00012e40       ??4?$Array@VString@Util@@@Util@@QAEXABV01@@Z 00413e40 f i foundation_win32.release:ioserver.obj
 0001:00012f70       ?Reserve@?$Array@VString@Util@@@Util@@QAEXH@Z 00413f70 f i foundation_win32.release:ioserver.obj
 0001:00012fc0       ?IsEmpty@?$Array@VString@Util@@@Util@@QBE_NXZ 00413fc0 f i foundation_win32.release:ioserver.obj
 0001:00012fe0       ??0?$Ptr@VArchiveFileSystem@IO@@@@QAE@XZ 00413fe0 f i foundation_win32.release:ioserver.obj
 0001:00013000       ??1?$Ptr@VArchiveFileSystem@IO@@@@QAE@XZ 00414000 f i foundation_win32.release:ioserver.obj
 0001:00013030       ??4?$Ptr@VArchiveFileSystem@IO@@@@QAEXPAVArchiveFileSystem@IO@@@Z 00414030 f i foundation_win32.release:ioserver.obj
 0001:00013090       ??C?$Ptr@VArchiveFileSystem@IO@@@@QBEPAVArchiveFileSystem@IO@@XZ 00414090 f i foundation_win32.release:ioserver.obj
 0001:000130d0       ??0?$Ptr@VAssignRegistry@IO@@@@QAE@XZ 004140d0 f i foundation_win32.release:ioserver.obj
 0001:000130f0       ??1?$Ptr@VAssignRegistry@IO@@@@QAE@XZ 004140f0 f i foundation_win32.release:ioserver.obj
 0001:00013120       ??4?$Ptr@VAssignRegistry@IO@@@@QAEXPAVAssignRegistry@IO@@@Z 00414120 f i foundation_win32.release:ioserver.obj
 0001:00013180       ??C?$Ptr@VAssignRegistry@IO@@@@QBEPAVAssignRegistry@IO@@XZ 00414180 f i foundation_win32.release:ioserver.obj
 0001:000131c0       ??0?$Ptr@VSchemeRegistry@IO@@@@QAE@XZ 004141c0 f i foundation_win32.release:ioserver.obj
 0001:000131e0       ??1?$Ptr@VSchemeRegistry@IO@@@@QAE@XZ 004141e0 f i foundation_win32.release:ioserver.obj
 0001:00013210       ??4?$Ptr@VSchemeRegistry@IO@@@@QAEXPAVSchemeRegistry@IO@@@Z 00414210 f i foundation_win32.release:ioserver.obj
 0001:00013270       ??C?$Ptr@VSchemeRegistry@IO@@@@QBEPAVSchemeRegistry@IO@@XZ 00414270 f i foundation_win32.release:ioserver.obj
 0001:000132b0       ??0?$Ptr@VStream@IO@@@@QAE@ABV0@@Z 004142b0 f i foundation_win32.release:ioserver.obj
 0001:000132f0       ??0?$Ptr@VStream@IO@@@@QAE@PAVStream@IO@@@Z 004142f0 f i foundation_win32.release:ioserver.obj
 0001:00013330       ??1?$Ptr@VStream@IO@@@@QAE@XZ 00414330 f i foundation_win32.release:ioserver.obj
 0001:00013360       ??C?$Ptr@VStream@IO@@@@QBEPAVStream@IO@@XZ 00414360 f i foundation_win32.release:ioserver.obj
 0001:000133a0       ??1?$Ptr@VArchive@IO@@@@QAE@XZ 004143a0 f i foundation_win32.release:ioserver.obj
 0001:000133d0       ??C?$Ptr@VArchive@IO@@@@QBEPAVArchive@IO@@XZ 004143d0 f i foundation_win32.release:ioserver.obj
 0001:00013410       ?isvalid@?$Ptr@VArchive@IO@@@@QBE_NXZ 00414410 f i foundation_win32.release:ioserver.obj
 0001:00013430       ??0?$Stack@VString@Util@@@Util@@QAE@XZ 00414430 f i foundation_win32.release:ioserver.obj
 0001:00013450       ?IsEmpty@?$Stack@VString@Util@@@Util@@QBE_NXZ 00414450 f i foundation_win32.release:ioserver.obj
 0001:00013470       ?Push@?$Stack@VString@Util@@@Util@@QAEXABVString@2@@Z 00414470 f i foundation_win32.release:ioserver.obj
 0001:00013490       ?Pop@?$Stack@VString@Util@@@Util@@QAE?AVString@2@XZ 00414490 f i foundation_win32.release:ioserver.obj
 0001:00013520       ?Back@?$Array@VString@Util@@@Util@@QBEAAVString@2@XZ 00414520 f i foundation_win32.release:ioserver.obj
 0001:00013570       ?EraseIndex@?$Array@VString@Util@@@Util@@QAEXH@Z 00414570 f i foundation_win32.release:ioserver.obj
 0001:000135f0       ?Move@?$Array@VString@Util@@@Util@@AAEXHH@Z 004145f0 f i foundation_win32.release:ioserver.obj
 0001:000137f0       ___InlineInterlockedCompareExchangePointer 004147f0 f i foundation_win32.release:ioserver.obj
 0001:00013810       ?Setup@Blob@Util@@SAXXZ    00414810 f i foundation_win32.release:win32sysfunc.obj
 0001:00013880       ?Shutdown@Blob@Util@@SAXXZ 00414880 f i foundation_win32.release:win32sysfunc.obj
 0001:00013900       ??_GWin360Heap@Win360@@QAEPAXI@Z 00414900 f i foundation_win32.release:win32sysfunc.obj
 0001:00013930       ?Setup@SysFunc@Win32@@SAXXZ 00414930 f   foundation_win32.release:win32sysfunc.obj
 0001:000139f0       ?Exit@SysFunc@Win32@@SAXH@Z 004149f0 f   foundation_win32.release:win32sysfunc.obj
 0001:00013ad0       ??_GGlobalStringAtomTable@Util@@QAEPAXI@Z 00414ad0 f i foundation_win32.release:win32sysfunc.obj
 0001:00013b00       ??_GLocalStringAtomTable@Util@@QAEPAXI@Z 00414b00 f i foundation_win32.release:win32sysfunc.obj
 0001:00013b30       ?Error@SysFunc@Win32@@SAXPBD@Z 00414b30 f   foundation_win32.release:win32sysfunc.obj
 0001:00013b60       ?MessageBoxA@SysFunc@Win32@@SAXPBD@Z 00414b60 f   foundation_win32.release:win32sysfunc.obj
 0001:00013ba0       ?Sleep@SysFunc@Win32@@SAXN@Z 00414ba0 f   foundation_win32.release:win32sysfunc.obj
 0001:00013bd0       ?DebugOut@SysFunc@Win32@@SAXPBD@Z 00414bd0 f   foundation_win32.release:win32sysfunc.obj
 0001:00013be0       ?RegisterExitHandler@SysFunc@Win32@@CAPBVExitHandler@Core@@PBV34@@Z 00414be0 f   foundation_win32.release:win32sysfunc.obj
 0001:00013c00       ?GetSystemInfo@SysFunc@Win32@@SAPBVSystemInfo@System@@XZ 00414c00 f   foundation_win32.release:win32sysfunc.obj
 0001:00013c10       ?XMVerifyCPUSupport@@YAHXZ 00414c10 f i foundation_win32.release:win32sysfunc.obj
 0001:00013c50       ?HashCode@String@Util@@QBEHXZ 00414c50 f i foundation_win32.release:factory.obj
 0001:00013d00       ??9FourCC@Util@@QBE_NABV01@@Z 00414d00 f i foundation_win32.release:factory.obj
 0001:00013d20       ??OFourCC@Util@@QBE_NABV01@@Z 00414d20 f i foundation_win32.release:factory.obj
 0001:00013d40       ??MFourCC@Util@@QBE_NABV01@@Z 00414d40 f i foundation_win32.release:factory.obj
 0001:00013d60       ?AsString@FourCC@Util@@QBE?AVString@2@XZ 00414d60 f i foundation_win32.release:factory.obj
 0001:00013d90       ?ToString@FourCC@Util@@SA?AVString@2@ABV12@@Z 00414d90 f i foundation_win32.release:factory.obj
 0001:00013f20       ?Instance@Factory@Core@@SAPAV12@XZ 00414f20 f   foundation_win32.release:factory.obj
 0001:00013f90       ?Destroy@Factory@Core@@SAXXZ 00414f90 f   foundation_win32.release:factory.obj
 0001:00013ff0       ??_GFactory@Core@@AAEPAXI@Z 00414ff0 f i foundation_win32.release:factory.obj
 0001:00014020       ??0Factory@Core@@AAE@XZ    00415020 f   foundation_win32.release:factory.obj
 0001:00014050       ??1?$HashTable@VString@Util@@PBVRtti@Core@@@Util@@QAE@XZ 00415050 f i foundation_win32.release:factory.obj
 0001:00014070       ??1?$Dictionary@VFourCC@Util@@PBVRtti@Core@@@Util@@QAE@XZ 00415070 f i foundation_win32.release:factory.obj
 0001:00014090       ??1Factory@Core@@AAE@XZ    00415090 f   foundation_win32.release:factory.obj
 0001:000140d0       ?Register@Factory@Core@@QAEXPBVRtti@2@ABVString@Util@@ABVFourCC@5@@Z 004150d0 f   foundation_win32.release:factory.obj
 0001:000142c0       ?Register@Factory@Core@@QAEXPBVRtti@2@ABVString@Util@@@Z 004152c0 f   foundation_win32.release:factory.obj
 0001:00014390       ?ClassExists@Factory@Core@@QBE_NABVString@Util@@@Z 00415390 f   foundation_win32.release:factory.obj
 0001:000143e0       ?ClassExists@Factory@Core@@QBE_NVFourCC@Util@@@Z 004153e0 f   foundation_win32.release:factory.obj
 0001:00014430       ?GetClassRtti@Factory@Core@@QBEPBVRtti@2@ABVString@Util@@@Z 00415430 f   foundation_win32.release:factory.obj
 0001:000144a0       ?GetClassRtti@Factory@Core@@QBEPBVRtti@2@ABVFourCC@Util@@@Z 004154a0 f   foundation_win32.release:factory.obj
 0001:00014520       ?Create@Factory@Core@@QBEPAVRefCounted@2@ABVString@Util@@@Z 00415520 f   foundation_win32.release:factory.obj
 0001:00014630       ?Create@Factory@Core@@QBEPAVRefCounted@2@VFourCC@Util@@@Z 00415630 f   foundation_win32.release:factory.obj
 0001:00014780       ??1?$FixedArray@V?$Array@V?$KeyValuePair@VString@Util@@PBVRtti@Core@@@Util@@@Util@@@Util@@QAE@XZ 00415780 f i foundation_win32.release:factory.obj
 0001:000147a0       ??0?$HashTable@VString@Util@@PBVRtti@Core@@@Util@@QAE@H@Z 004157a0 f i foundation_win32.release:factory.obj
 0001:000147d0       ??A?$HashTable@VString@Util@@PBVRtti@Core@@@Util@@QBEAAPBVRtti@Core@@ABVString@1@@Z 004157d0 f i foundation_win32.release:factory.obj
 0001:000148d0       ?Clear@?$HashTable@VString@Util@@PBVRtti@Core@@@Util@@QAEXXZ 004158d0 f i foundation_win32.release:factory.obj
 0001:00014930       ?Add@?$HashTable@VString@Util@@PBVRtti@Core@@@Util@@QAEXABVString@2@ABQBVRtti@Core@@@Z 00415930 f i foundation_win32.release:factory.obj
 0001:00014970       ?Contains@?$HashTable@VString@Util@@PBVRtti@Core@@@Util@@QBE_NABVString@2@@Z 00415970 f i foundation_win32.release:factory.obj
 0001:00014a10       ??1?$Array@V?$KeyValuePair@VFourCC@Util@@PBVRtti@Core@@@Util@@@Util@@QAE@XZ 00415a10 f i foundation_win32.release:factory.obj
 0001:00014a30       ??0?$Dictionary@VFourCC@Util@@PBVRtti@Core@@@Util@@QAE@XZ 00415a30 f i foundation_win32.release:factory.obj
 0001:00014a50       ??A?$Dictionary@VFourCC@Util@@PBVRtti@Core@@@Util@@QBEABQBVRtti@Core@@ABVFourCC@1@@Z 00415a50 f i foundation_win32.release:factory.obj
 0001:00014aa0       ?Clear@?$Dictionary@VFourCC@Util@@PBVRtti@Core@@@Util@@QAEXXZ 00415aa0 f i foundation_win32.release:factory.obj
 0001:00014ae0       ?Add@?$Dictionary@VFourCC@Util@@PBVRtti@Core@@@Util@@QAEXABVFourCC@2@ABQBVRtti@Core@@@Z 00415ae0 f i foundation_win32.release:factory.obj
 0001:00014b30       ?Contains@?$Dictionary@VFourCC@Util@@PBVRtti@Core@@@Util@@QBE_NABVFourCC@2@@Z 00415b30 f i foundation_win32.release:factory.obj
 0001:00014b90       ??1?$KeyValuePair@VString@Util@@PBVRtti@Core@@@Util@@QAE@XZ 00415b90 f i foundation_win32.release:factory.obj
 0001:00014be0       ??0?$FixedArray@V?$Array@V?$KeyValuePair@VString@Util@@PBVRtti@Core@@@Util@@@Util@@@Util@@QAE@H@Z 00415be0 f i foundation_win32.release:factory.obj
 0001:00014c10       ??A?$FixedArray@V?$Array@V?$KeyValuePair@VString@Util@@PBVRtti@Core@@@Util@@@Util@@@Util@@QBEAAV?$Array@V?$KeyValuePair@VString@Util@@PBVRtti@Core@@@Util@@@1@H@Z 00415c10 f i foundation_win32.release:factory.obj
 0001:00014c60       ?Size@?$FixedArray@V?$Array@V?$KeyValuePair@VString@Util@@PBVRtti@Core@@@Util@@@Util@@@Util@@QBEHXZ 00415c60 f i foundation_win32.release:factory.obj
 0001:00014c70       ?Delete@?$FixedArray@V?$Array@V?$KeyValuePair@VString@Util@@PBVRtti@Core@@@Util@@@Util@@@Util@@AAEXXZ 00415c70 f i foundation_win32.release:factory.obj
 0001:00014cd0       ?Add@?$HashTable@VString@Util@@PBVRtti@Core@@@Util@@QAEXABV?$KeyValuePair@VString@Util@@PBVRtti@Core@@@2@@Z 00415cd0 f i foundation_win32.release:factory.obj
 0001:00014d60       ??A?$Array@V?$KeyValuePair@VString@Util@@PBVRtti@Core@@@Util@@@Util@@QBEAAV?$KeyValuePair@VString@Util@@PBVRtti@Core@@@1@H@Z 00415d60 f i foundation_win32.release:factory.obj
 0001:00014db0       ?Size@?$Array@V?$KeyValuePair@VString@Util@@PBVRtti@Core@@@Util@@@Util@@QBEHXZ 00415db0 f i foundation_win32.release:factory.obj
 0001:00014dd0       ?Clear@?$Array@V?$KeyValuePair@VString@Util@@PBVRtti@Core@@@Util@@@Util@@QAEXXZ 00415dd0 f i foundation_win32.release:factory.obj
 0001:00014e20       ?BinarySearchIndex@?$Array@V?$KeyValuePair@VString@Util@@PBVRtti@Core@@@Util@@@Util@@QBEHABV?$KeyValuePair@VString@Util@@PBVRtti@Core@@@2@@Z 00415e20 f i foundation_win32.release:factory.obj
 0001:00014f50       ??0?$KeyValuePair@VString@Util@@PBVRtti@Core@@@Util@@QAE@ABVString@1@@Z 00415f50 f i foundation_win32.release:factory.obj
 0001:00014fb0       ??0?$KeyValuePair@VString@Util@@PBVRtti@Core@@@Util@@QAE@ABVString@1@ABQBVRtti@Core@@@Z 00415fb0 f i foundation_win32.release:factory.obj
 0001:00015020       ?Value@?$KeyValuePair@VString@Util@@PBVRtti@Core@@@Util@@QAEAAPBVRtti@Core@@XZ 00416020 f i foundation_win32.release:factory.obj
 0001:00015040       ??0?$Array@V?$KeyValuePair@VFourCC@Util@@PBVRtti@Core@@@Util@@@Util@@QAE@XZ 00416040 f i foundation_win32.release:factory.obj
 0001:00015080       ??A?$Array@V?$KeyValuePair@VFourCC@Util@@PBVRtti@Core@@@Util@@@Util@@QBEAAV?$KeyValuePair@VFourCC@Util@@PBVRtti@Core@@@1@H@Z 00416080 f i foundation_win32.release:factory.obj
 0001:000150d0       ?Append@?$Array@V?$KeyValuePair@VFourCC@Util@@PBVRtti@Core@@@Util@@@Util@@QAEXABV?$KeyValuePair@VFourCC@Util@@PBVRtti@Core@@@2@@Z 004160d0 f i foundation_win32.release:factory.obj
 0001:00015150       ?InsertSorted@?$Array@V?$KeyValuePair@VFourCC@Util@@PBVRtti@Core@@@Util@@@Util@@QAEHABV?$KeyValuePair@VFourCC@Util@@PBVRtti@Core@@@2@@Z 00416150 f i foundation_win32.release:factory.obj
 0001:000153c0       ?Clear@?$Array@V?$KeyValuePair@VFourCC@Util@@PBVRtti@Core@@@Util@@@Util@@QAEXXZ 004163c0 f i foundation_win32.release:factory.obj
 0001:00015410       ?BinarySearchIndex@?$Array@V?$KeyValuePair@VFourCC@Util@@PBVRtti@Core@@@Util@@@Util@@QBEHABV?$KeyValuePair@VFourCC@Util@@PBVRtti@Core@@@2@@Z 00416410 f i foundation_win32.release:factory.obj
 0001:00015540       ?Delete@?$Array@V?$KeyValuePair@VFourCC@Util@@PBVRtti@Core@@@Util@@@Util@@AAEXXZ 00416540 f i foundation_win32.release:factory.obj
 0001:000155a0       ?FindIndex@?$Dictionary@VFourCC@Util@@PBVRtti@Core@@@Util@@QBEHABVFourCC@2@@Z 004165a0 f i foundation_win32.release:factory.obj
 0001:000155f0       ??0?$KeyValuePair@VFourCC@Util@@PBVRtti@Core@@@Util@@QAE@ABVFourCC@1@@Z 004165f0 f i foundation_win32.release:factory.obj
 0001:00015610       ??0?$KeyValuePair@VFourCC@Util@@PBVRtti@Core@@@Util@@QAE@ABVFourCC@1@ABQBVRtti@Core@@@Z 00416610 f i foundation_win32.release:factory.obj
 0001:00015640       ?Value@?$KeyValuePair@VFourCC@Util@@PBVRtti@Core@@@Util@@QAEAAPBVRtti@Core@@XZ 00416640 f i foundation_win32.release:factory.obj
 0001:00015660       ??_E?$Array@V?$KeyValuePair@VString@Util@@PBVRtti@Core@@@Util@@@Util@@QAEPAXI@Z 00416660 f i foundation_win32.release:factory.obj
 0001:00015700       ?Alloc@?$FixedArray@V?$Array@V?$KeyValuePair@VString@Util@@PBVRtti@Core@@@Util@@@Util@@@Util@@AAEXH@Z 00416700 f i foundation_win32.release:factory.obj
 0001:000157d0       ??1?$Array@V?$KeyValuePair@VString@Util@@PBVRtti@Core@@@Util@@@Util@@QAE@XZ 004167d0 f i foundation_win32.release:factory.obj
 0001:000157f0       ?InsertSorted@?$Array@V?$KeyValuePair@VString@Util@@PBVRtti@Core@@@Util@@@Util@@QAEHABV?$KeyValuePair@VString@Util@@PBVRtti@Core@@@2@@Z 004167f0 f i foundation_win32.release:factory.obj
 0001:00015a60       ?Destroy@?$Array@V?$KeyValuePair@VString@Util@@PBVRtti@Core@@@Util@@@Util@@AAEXPAV?$KeyValuePair@VString@Util@@PBVRtti@Core@@@2@@Z 00416a60 f i foundation_win32.release:factory.obj
 0001:00015a80       ??9?$KeyValuePair@VString@Util@@PBVRtti@Core@@@Util@@QBE_NABV01@@Z 00416a80 f i foundation_win32.release:factory.obj
 0001:00015aa0       ??O?$KeyValuePair@VString@Util@@PBVRtti@Core@@@Util@@QBE_NABV01@@Z 00416aa0 f i foundation_win32.release:factory.obj
 0001:00015ac0       ??M?$KeyValuePair@VString@Util@@PBVRtti@Core@@@Util@@QBE_NABV01@@Z 00416ac0 f i foundation_win32.release:factory.obj
 0001:00015ae0       ?Key@?$KeyValuePair@VString@Util@@PBVRtti@Core@@@Util@@QBEABVString@2@XZ 00416ae0 f i foundation_win32.release:factory.obj
 0001:00015af0       ?Size@?$Array@V?$KeyValuePair@VFourCC@Util@@PBVRtti@Core@@@Util@@@Util@@QBEHXZ 00416af0 f i foundation_win32.release:factory.obj
 0001:00015b10       ?Insert@?$Array@V?$KeyValuePair@VFourCC@Util@@PBVRtti@Core@@@Util@@@Util@@QAEXHABV?$KeyValuePair@VFourCC@Util@@PBVRtti@Core@@@2@@Z 00416b10 f i foundation_win32.release:factory.obj
 0001:00015b80       ?InsertAtEndOfIdenticalRange@?$Array@V?$KeyValuePair@VFourCC@Util@@PBVRtti@Core@@@Util@@@Util@@QAEHHABV?$KeyValuePair@VFourCC@Util@@PBVRtti@Core@@@2@@Z 00416b80 f i foundation_win32.release:factory.obj
 0001:00015c00       ?Destroy@?$Array@V?$KeyValuePair@VFourCC@Util@@PBVRtti@Core@@@Util@@@Util@@AAEXPAV?$KeyValuePair@VFourCC@Util@@PBVRtti@Core@@@2@@Z 00416c00 f i foundation_win32.release:factory.obj
 0001:00015c10       ?Grow@?$Array@V?$KeyValuePair@VFourCC@Util@@PBVRtti@Core@@@Util@@@Util@@AAEXXZ 00416c10 f i foundation_win32.release:factory.obj
 0001:00015c90       ??4?$KeyValuePair@VFourCC@Util@@PBVRtti@Core@@@Util@@QAEXABV01@@Z 00416c90 f i foundation_win32.release:factory.obj
 0001:00015cc0       ??9?$KeyValuePair@VFourCC@Util@@PBVRtti@Core@@@Util@@QBE_NABV01@@Z 00416cc0 f i foundation_win32.release:factory.obj
 0001:00015ce0       ??O?$KeyValuePair@VFourCC@Util@@PBVRtti@Core@@@Util@@QBE_NABV01@@Z 00416ce0 f i foundation_win32.release:factory.obj
 0001:00015d00       ??M?$KeyValuePair@VFourCC@Util@@PBVRtti@Core@@@Util@@QBE_NABV01@@Z 00416d00 f i foundation_win32.release:factory.obj
 0001:00015d20       ??_G?$KeyValuePair@VString@Util@@PBVRtti@Core@@@Util@@QAEPAXI@Z 00416d20 f i foundation_win32.release:factory.obj
 0001:00015d90       ??0?$Array@V?$KeyValuePair@VString@Util@@PBVRtti@Core@@@Util@@@Util@@QAE@XZ 00416d90 f i foundation_win32.release:factory.obj
 0001:00015dd0       ?Append@?$Array@V?$KeyValuePair@VString@Util@@PBVRtti@Core@@@Util@@@Util@@QAEXABV?$KeyValuePair@VString@Util@@PBVRtti@Core@@@2@@Z 00416dd0 f i foundation_win32.release:factory.obj
 0001:00015e50       ?Insert@?$Array@V?$KeyValuePair@VString@Util@@PBVRtti@Core@@@Util@@@Util@@QAEXHABV?$KeyValuePair@VString@Util@@PBVRtti@Core@@@2@@Z 00416e50 f i foundation_win32.release:factory.obj
 0001:00015ec0       ?InsertAtEndOfIdenticalRange@?$Array@V?$KeyValuePair@VString@Util@@PBVRtti@Core@@@Util@@@Util@@QAEHHABV?$KeyValuePair@VString@Util@@PBVRtti@Core@@@2@@Z 00416ec0 f i foundation_win32.release:factory.obj
 0001:00015f40       ?Delete@?$Array@V?$KeyValuePair@VString@Util@@PBVRtti@Core@@@Util@@@Util@@AAEXXZ 00416f40 f i foundation_win32.release:factory.obj
 0001:00015fb0       ?GrowTo@?$Array@V?$KeyValuePair@VFourCC@Util@@PBVRtti@Core@@@Util@@@Util@@AAEXH@Z 00416fb0 f i foundation_win32.release:factory.obj
 0001:000160a0       ?Move@?$Array@V?$KeyValuePair@VFourCC@Util@@PBVRtti@Core@@@Util@@@Util@@AAEXHH@Z 004170a0 f i foundation_win32.release:factory.obj
 0001:00016230       ??_E?$KeyValuePair@VString@Util@@PBVRtti@Core@@@Util@@QAEPAXI@Z 00417230 f i foundation_win32.release:factory.obj
 0001:00016340       ?Grow@?$Array@V?$KeyValuePair@VString@Util@@PBVRtti@Core@@@Util@@@Util@@AAEXXZ 00417340 f i foundation_win32.release:factory.obj
 0001:000163c0       ?Move@?$Array@V?$KeyValuePair@VString@Util@@PBVRtti@Core@@@Util@@@Util@@AAEXHH@Z 004173c0 f i foundation_win32.release:factory.obj
 0001:00016550       ??4?$KeyValuePair@VString@Util@@PBVRtti@Core@@@Util@@QAEXABV01@@Z 00417550 f i foundation_win32.release:factory.obj
 0001:000165a0       ??0?$KeyValuePair@VFourCC@Util@@PBVRtti@Core@@@Util@@QAE@XZ 004175a0 f i foundation_win32.release:factory.obj
 0001:000165c0       ?GrowTo@?$Array@V?$KeyValuePair@VString@Util@@PBVRtti@Core@@@Util@@@Util@@AAEXH@Z 004175c0 f i foundation_win32.release:factory.obj
 0001:000166e0       ??0?$KeyValuePair@VString@Util@@PBVRtti@Core@@@Util@@QAE@XZ 004176e0 f i foundation_win32.release:factory.obj
 0001:00016720       ??0Win360Timer@Win360@@QAE@XZ 00417720 f   foundation_win32.release:win360timer.obj
 0001:00016760       ?Start@Win360Timer@Win360@@QAEXXZ 00417760 f   foundation_win32.release:win360timer.obj
 0001:000167d0       ?Stop@Win360Timer@Win360@@QAEXXZ 004177d0 f   foundation_win32.release:win360timer.obj
 0001:00016810       ?Reset@Win360Timer@Win360@@QAEXXZ 00417810 f   foundation_win32.release:win360timer.obj
 0001:00016870       ?Running@Win360Timer@Win360@@QBE_NXZ 00417870 f   foundation_win32.release:win360timer.obj
 0001:00016880       ?InternalTime@Win360Timer@Win360@@ABE_JXZ 00417880 f   foundation_win32.release:win360timer.obj
 0001:000168d0       ?GetTime@Win360Timer@Win360@@QBENXZ 004178d0 f   foundation_win32.release:win360timer.obj
 0001:00016900       ?GetTicks@Win360Timer@Win360@@QBEHXZ 00417900 f   foundation_win32.release:win360timer.obj
 0001:00016960       ??4Win32Guid@Win32@@QAEXABV01@@Z 00417960 f   foundation_win32.release:win32guid.obj
 0001:000169a0       ??4Win32Guid@Win32@@QAEXABVString@Util@@@Z 004179a0 f   foundation_win32.release:win32guid.obj
 0001:00016a30       ??8Win32Guid@Win32@@QBE_NABV01@@Z 00417a30 f   foundation_win32.release:win32guid.obj
 0001:00016a60       ??9Win32Guid@Win32@@QBE_NABV01@@Z 00417a60 f   foundation_win32.release:win32guid.obj
 0001:00016a90       ??MWin32Guid@Win32@@QBE_NABV01@@Z 00417a90 f   foundation_win32.release:win32guid.obj
 0001:00016ac0       ??NWin32Guid@Win32@@QBE_NABV01@@Z 00417ac0 f   foundation_win32.release:win32guid.obj
[...]
 0001:000b0530       ??__FTaKoerperbeherrschung@Attr@@YAXXZ 004b1530 f    CIL library: CIL module
 0001:000b0540       ??__FTaSchleichen@Attr@@YAXXZ 004b1540 f    CIL library: CIL module
 0001:000b0550       ??__FTaSelbstbeherrschung@Attr@@YAXXZ 004b1550 f    CIL library: CIL module
 0001:000b0560       ??__FTaSinnenschaerfe@Attr@@YAXXZ 004b1560 f    CIL library: CIL module
 0001:000b0570       ??__FTaTanzen@Attr@@YAXXZ  004b1570 f    CIL library: CIL module
 0001:000b0580       ??__FTaTaschendiebstahl@Attr@@YAXXZ 004b1580 f    CIL library: CIL module
 0001:000b0590       ??__FTaZechen@Attr@@YAXXZ  004b1590 f    CIL library: CIL module
 0001:000b05a0       ??__FTaFallenstellen@Attr@@YAXXZ 004b15a0 f    CIL library: CIL module
 0001:000b05b0       ??__FTaFischen@Attr@@YAXXZ 004b15b0 f    CIL library: CIL module
 0001:000b05c0       ??__FTaOrientierung@Attr@@YAXXZ 004b15c0 f    CIL library: CIL module
 0001:000b05d0       ??__FTaWildnisleben@Attr@@YAXXZ 004b15d0 f    CIL library: CIL module
 0001:000b05e0       ??__FTaMagiekunde@Attr@@YAXXZ 004b15e0 f    CIL library: CIL module
 0001:000b05f0       ??__FTaPflanzenkunde@Attr@@YAXXZ 004b15f0 f    CIL library: CIL module
 0001:000b0600       ??__FTaTierkunde@Attr@@YAXXZ 004b1600 f    CIL library: CIL module
 0001:000b0610       ??__FTaSchaetzen@Attr@@YAXXZ 004b1610 f    CIL library: CIL module
 0001:000b0620       ??__FTaSprachkunde@Attr@@YAXXZ 004b1620 f    CIL library: CIL module
 0001:000b0630       ??__FTaAlchimie@Attr@@YAXXZ 004b1630 f    CIL library: CIL module
 0001:000b0640       ??__FTaBogenbau@Attr@@YAXXZ 004b1640 f    CIL library: CIL module
 0001:000b0650       ??__FTaGrobschmied@Attr@@YAXXZ 004b1650 f    CIL library: CIL module
 0001:000b0660       ??__FTaHeilkundeWunden@Attr@@YAXXZ 004b1660 f    CIL library: CIL module
 0001:000b0670       ??__FTaSchloesser@Attr@@YAXXZ 004b1670 f    CIL library: CIL module
 0001:000b0680       ??__FTaMusizieren@Attr@@YAXXZ 004b1680 f    CIL library: CIL module
 0001:000b0690       ??__FTaFalschspiel@Attr@@YAXXZ 004b1690 f    CIL library: CIL module
 0001:000b06a0       ??__FTaLederarbeiten@Attr@@YAXXZ 004b16a0 f    CIL library: CIL module
 0001:000b06b0       ??__FTaBetoeren@Attr@@YAXXZ 004b16b0 f    CIL library: CIL module
 0001:000b06c0       ??__FTaUeberreden@Attr@@YAXXZ 004b16c0 f    CIL library: CIL module
 0001:000b06d0       ??__FTaMenschenkenntnis@Attr@@YAXXZ 004b16d0 f    CIL library: CIL module
 0001:000b06e0       ??__FZaAdlerauge@Attr@@YAXXZ 004b16e0 f    CIL library: CIL module
 0001:000b06f0       ??__FZaAnalys@Attr@@YAXXZ  004b16f0 f    CIL library: CIL module
 0001:000b0700       ??__FZaExposami@Attr@@YAXXZ 004b1700 f    CIL library: CIL module
 0001:000b0710       ??__FZaOdemArcanum@Attr@@YAXXZ 004b1710 f    CIL library: CIL module
 0001:000b0720       ??__FZaDuplicatus@Attr@@YAXXZ 004b1720 f    CIL library: CIL module
 0001:000b0730       ??__FZaBlitz@Attr@@YAXXZ   004b1730 f    CIL library: CIL module
 0001:000b0740       ??__FZaFulminictus@Attr@@YAXXZ 004b1740 f    CIL library: CIL module
 0001:000b0750       ??__FZaIgnifaxius@Attr@@YAXXZ 004b1750 f    CIL library: CIL module
 0001:000b0760       ??__FZaIgnisphaero@Attr@@YAXXZ 004b1760 f    CIL library: CIL module
 0001:000b0770       ??__FZaKulminatio@Attr@@YAXXZ 004b1770 f    CIL library: CIL module
 0001:000b0780       ??__FZaPlumbumbaraum@Attr@@YAXXZ 004b1780 f    CIL library: CIL module
 0001:000b0790       ??__FZaAttributo@Attr@@YAXXZ 004b1790 f    CIL library: CIL module
 0001:000b07a0       ??__FZaBeherrschungBrechen@Attr@@YAXXZ 004b17a0 f    CIL library: CIL module
 0001:000b07b0       ??__FZaEinflussBannen@Attr@@YAXXZ 004b17b0 f    CIL library: CIL module
 0001:000b07c0       ??__FZaVerwandlungBeenden@Attr@@YAXXZ 004b17c0 f    CIL library: CIL module
 0001:000b07d0       ??__FZaGardianum@Attr@@YAXXZ 004b17d0 f    CIL library: CIL module
 0001:000b07e0       ??__FZaTempusStatis@Attr@@YAXXZ 004b17e0 f    CIL library: CIL module
 0001:000b07f0       ??__FZaBannbaladin@Attr@@YAXXZ 004b17f0 f    CIL library: CIL module
 0001:000b0800       ??__FZaHalluzination@Attr@@YAXXZ 004b1800 f    CIL library: CIL module
 0001:000b0810       ??__FZaHorriphobus@Attr@@YAXXZ 004b1810 f    CIL library: CIL module
 0001:000b0820       ??__FZaSanftmut@Attr@@YAXXZ 004b1820 f    CIL library: CIL module
 0001:000b0830       ??__FZaSomnigravis@Attr@@YAXXZ 004b1830 f    CIL library: CIL module
 0001:000b0840       ??__FZaElementarerDiener@Attr@@YAXXZ 004b1840 f    CIL library: CIL module
 0001:000b0850       ??__FZaTatzeSchwinge@Attr@@YAXXZ 004b1850 f    CIL library: CIL module
 0001:000b0860       ??__FZaAxxeleratus@Attr@@YAXXZ 004b1860 f    CIL library: CIL module
 0001:000b0870       ??__FZaForamen@Attr@@YAXXZ 004b1870 f    CIL library: CIL module
 0001:000b0880       ??__FZaTransversalis@Attr@@YAXXZ 004b1880 f    CIL library: CIL module
 0001:000b0890       ??__FZaMotoricus@Attr@@YAXXZ 004b1890 f    CIL library: CIL module
 0001:000b08a0       ??__FZaBalsam@Attr@@YAXXZ  004b18a0 f    CIL library: CIL module
 0001:000b08b0       ??__FZaRuheKoerper@Attr@@YAXXZ 004b18b0 f    CIL library: CIL module
 0001:000b08c0       ??__FZaAdlerschwinge@Attr@@YAXXZ 004b18c0 f    CIL library: CIL module
 0001:000b08d0       ??__FZaArmatrutz@Attr@@YAXXZ 004b18d0 f    CIL library: CIL module
 0001:000b08e0       ??__FZaParalysis@Attr@@YAXXZ 004b18e0 f    CIL library: CIL module
 0001:000b08f0       ??__FZaUnsichtbarerJaeger@Attr@@YAXXZ 004b18f0 f    CIL library: CIL module
 0001:000b0900       ??__FZaVisibility@Attr@@YAXXZ 004b1900 f    CIL library: CIL module
 0001:000b0910       ??__FZaStandfestKatzengleich@Attr@@YAXXZ 004b1910 f    CIL library: CIL module
 0001:000b0920       ??__FZaApplicatus@Attr@@YAXXZ 004b1920 f    CIL library: CIL module
 0001:000b0930       ??__FZaClaudibus@Attr@@YAXXZ 004b1930 f    CIL library: CIL module
 0001:000b0940       ??__FZaFlimFlam@Attr@@YAXXZ 004b1940 f    CIL library: CIL module
 0001:000b0950       ??__FZaFortifex@Attr@@YAXXZ 004b1950 f    CIL library: CIL module
 0001:000b0960       ??__FZaSilentium@Attr@@YAXXZ 004b1960 f    CIL library: CIL module
 0001:000b0970       ??__FZaEisenrost@Attr@@YAXXZ 004b1970 f    CIL library: CIL module
 0001:000b0980       ??__FLEmax@Attr@@YAXXZ     004b1980 f    CIL library: CIL module
 0001:000b0990       ??__FAUmax@Attr@@YAXXZ     004b1990 f    CIL library: CIL module
 0001:000b09a0       ??__FAEmax@Attr@@YAXXZ     004b19a0 f    CIL library: CIL module
 0001:000b09b0       ??__FATbasis@Attr@@YAXXZ   004b19b0 f    CIL library: CIL module
 0001:000b09c0       ??__FPAbasis@Attr@@YAXXZ   004b19c0 f    CIL library: CIL module
 0001:000b09d0       ??__FFKbasis@Attr@@YAXXZ   004b19d0 f    CIL library: CIL module
 0001:000b09e0       ??__FMR@Attr@@YAXXZ        004b19e0 f    CIL library: CIL module
 0001:000b09f0       ??__FLE@Attr@@YAXXZ        004b19f0 f    CIL library: CIL module
 0001:000b0a00       ??__FAU@Attr@@YAXXZ        004b1a00 f    CIL library: CIL module
 0001:000b0a10       ??__FAE@Attr@@YAXXZ        004b1a10 f    CIL library: CIL module
 0001:000b0a20       ??__FAT@Attr@@YAXXZ        004b1a20 f    CIL library: CIL module
 0001:000b0a30       ??__FPA@Attr@@YAXXZ        004b1a30 f    CIL library: CIL module
 0001:000b0a40       ??__FBE@Attr@@YAXXZ        004b1a40 f    CIL library: CIL module
 0001:000b0a50       ??__FSetupGroups@Attr@@YAXXZ 004b1a50 f    CIL library: CIL module
 0001:000b0a60       ??__FTargetSize@Attr@@YAXXZ 004b1a60 f    CIL library: CIL module
 0001:000b0a70       ??__FMapMarkerResource@Attr@@YAXXZ 004b1a70 f    CIL library: CIL module
 0001:000b0a80       ??__FVisibilityType@Attr@@YAXXZ 004b1a80 f    CIL library: CIL module
 0001:000b0a90       ??__FScriptPreset@Attr@@YAXXZ 004b1a90 f    CIL library: CIL module
 0001:000b0aa0       ??__FScriptOverride@Attr@@YAXXZ 004b1aa0 f    CIL library: CIL module
 0001:000b0ab0       ??__F?RTTI@Benchmark@Benchmarking@@2VRtti@Core@@A@@YAXXZ 004b1ab0 f    CIL library: CIL module
 0001:000b0b00       ??__F?RTTI@BenchmarkRunner@Benchmarking@@2VRtti@Core@@A@@YAXXZ 004b1b00 f    CIL library: CIL module
 0001:000b0b50       ??__F?RTTI@RefCounted@Core@@2VRtti@2@A@@YAXXZ 004b1b50 f    CIL library: CIL module
 0001:000b0ba0       ??__F?RTTI@IoServer@IO@@2VRtti@Core@@A@@YAXXZ 004b1ba0 f    CIL library: CIL module
 0001:000b0bf0       ??__F?AssignCriticalSection@IoServer@IO@@0VCriticalSection@Threading@@A@@YAXXZ 004b1bf0 f    CIL library: CIL module
 0001:000b0c00       ??__F?SchemeCriticalSection@IoServer@IO@@0VCriticalSection@Threading@@A@@YAXXZ 004b1c00 f    CIL library: CIL module
 0001:000b0c10       ??__F?ArchiveCriticalSection@IoServer@IO@@0VCriticalSection@Threading@@A@@YAXXZ 004b1c10 f    CIL library: CIL module
 0001:000b0c20       ??__F?RTTI@CoreServer@Core@@2VRtti@2@A@@YAXXZ 004b1c20 f    CIL library: CIL module
 0001:000b0c70       ??__F?RTTI@Console@IO@@2VRtti@Core@@A@@YAXXZ 004b1c70 f    CIL library: CIL module
 0001:000b0cc0       ??__F?RTTI@AssignRegistry@IO@@2VRtti@Core@@A@@YAXXZ 004b1cc0 f    CIL library: CIL module
 0001:000b0d10       ??__F?RTTI@SchemeRegistry@IO@@2VRtti@Core@@A@@YAXXZ 004b1d10 f    CIL library: CIL module
 0001:000b0d60       ??__F?RTTI@ArchiveFileSystem@IO@@2VRtti@Core@@A@@YAXXZ 004b1d60 f    CIL library: CIL module
 0001:000b0db0       ??__F?RTTI@ZipFileSystem@IO@@2VRtti@Core@@A@@YAXXZ 004b1db0 f    CIL library: CIL module
 0001:000b0e00       ??__F?RTTI@ArchiveFileSystemBase@IO@@2VRtti@Core@@A@@YAXXZ 004b1e00 f    CIL library: CIL module
 0001:000b0e50       ??__F?RTTI@Stream@IO@@2VRtti@Core@@A@@YAXXZ 004b1e50 f    CIL library: CIL module
 0001:000b0ea0       ??__F?RTTI@ZipArchive@IO@@2VRtti@Core@@A@@YAXXZ 004b1ea0 f    CIL library: CIL module
 0001:000b0ef0       ??__F?RTTI@Win360Thread@Win360@@2VRtti@Core@@A@@YAXXZ 004b1ef0 f    CIL library: CIL module
 0001:000b0f40       ??__F?RTTI@Win360Socket@Win360@@2VRtti@Core@@A@@YAXXZ 004b1f40 f    CIL library: CIL module
 0001:000b0f90       ??__F?RTTI@Win32ConsoleHandler@Win32@@2VRtti@Core@@A@@YAXXZ 004b1f90 f    CIL library: CIL module
 0001:000b1000       ??__F?RTTI@FileStream@IO@@2VRtti@Core@@A@@YAXXZ 004b2000 f    CIL library: CIL module
 0001:000b1050       ??__F?RTTI@HttpStream@Http@@2VRtti@Core@@A@@YAXXZ 004b2050 f    CIL library: CIL module
 0001:000b10a0       ??__F?RTTI@HttpNzStream@Http@@2VRtti@Core@@A@@YAXXZ 004b20a0 f    CIL library: CIL module
 0001:000b10f0       ??__F?RTTI@ZipFileStream@IO@@2VRtti@Core@@A@@YAXXZ 004b20f0 f    CIL library: CIL module
 0001:000b1140       ??__F?RTTI@Archive@IO@@2VRtti@Core@@A@@YAXXZ 004b2140 f    CIL library: CIL module
 0001:000b1190       ??__F?RTTI@ArchiveBase@IO@@2VRtti@Core@@A@@YAXXZ 004b2190 f    CIL library: CIL module
 0001:000b11e0       ??__F?RTTI@Socket@Net@@2VRtti@Core@@A@@YAXXZ 004b21e0 f    CIL library: CIL module
 0001:000b1230       ??__F?RTTI@ConsoleHandler@IO@@2VRtti@Core@@A@@YAXXZ 004b2230 f    CIL library: CIL module
 0001:000b1280       ??__F?RTTI@MemoryStream@IO@@2VRtti@Core@@A@@YAXXZ 004b2280 f    CIL library: CIL module
 0001:000b12d0       ??__F?RTTI@HttpClientRegistry@Http@@2VRtti@Core@@A@@YAXXZ 004b22d0 f    CIL library: CIL module
 0001:000b1320       ??__F?RTTI@HttpClient@Http@@2VRtti@Core@@A@@YAXXZ 004b2320 f    CIL library: CIL module
 0001:000b1370       ??__F?RTTI@TcpClient@Net@@2VRtti@Core@@A@@YAXXZ 004b2370 f    CIL library: CIL module
 0001:000b13c0       ??__F?RTTI@StdTcpClient@Net@@2VRtti@Core@@A@@YAXXZ 004b23c0 f    CIL library: CIL module
 0001:000b1410       ??__F?RTTI@HttpRequestWriter@Http@@2VRtti@Core@@A@@YAXXZ 004b2410 f    CIL library: CIL module
 0001:000b1460       ??__F?RTTI@StreamWriter@IO@@2VRtti@Core@@A@@YAXXZ 004b2460 f    CIL library: CIL module
 0001:000b14b0       ??__F?RTTI@HttpResponseReader@Http@@2VRtti@Core@@A@@YAXXZ 004b24b0 f    CIL library: CIL module
 0001:000b1500       ??__F?RTTI@StreamReader@IO@@2VRtti@Core@@A@@YAXXZ 004b2500 f    CIL library: CIL module
 0001:000b1550       ??__F?RTTI@TextWriter@IO@@2VRtti@Core@@A@@YAXXZ 004b2550 f    CIL library: CIL module
 0001:000b15a0       ??__F?RTTI@TextReader@IO@@2VRtti@Core@@A@@YAXXZ 004b25a0 f    CIL library: CIL module
 0001:000b15f0       ??__F?RTTI@DbFactory@Db@@2VRtti@Core@@A@@YAXXZ 004b25f0 f    CIL library: CIL module
 0001:000b1640       ??__F?RTTI@Sqlite3Factory@Db@@2VRtti@Core@@A@@YAXXZ 004b2640 f    CIL library: CIL module
 0001:000b1690       ??__F?RTTI@Table@Db@@2VRtti@Core@@A@@YAXXZ 004b2690 f    CIL library: CIL module
 0001:000b16e0       ??__F?RTTI@Dataset@Db@@2VRtti@Core@@A@@YAXXZ 004b26e0 f    CIL library: CIL module
 0001:000b1730       ??__FAttrName@Attr@@YAXXZ  004b2730 f    CIL library: CIL module
 0001:000b1740       ??__FAttrType@Attr@@YAXXZ  004b2740 f    CIL library: CIL module
 0001:000b1750       ??__FAttrReadWrite@Attr@@YAXXZ 004b2750 f    CIL library: CIL module
 0001:000b1760       ??__FAttrDynamic@Attr@@YAXXZ 004b2760 f    CIL library: CIL module
 0001:000b1770       ??__F?RTTI@Database@Db@@2VRtti@Core@@A@@YAXXZ 004b2770 f    CIL library: CIL module
 0001:000b17c0       ??__F?RTTI@FilterSet@Db@@2VRtti@Core@@A@@YAXXZ 004b27c0 f    CIL library: CIL module
 0001:000b1810       ??__F?RTTI@Relation@Db@@2VRtti@Core@@A@@YAXXZ 004b2810 f    CIL library: CIL module
 0001:000b1860       ??__F?RTTI@ValueTable@Db@@2VRtti@Core@@A@@YAXXZ 004b2860 f    CIL library: CIL module
 0001:000b18b0       ??__F?RTTI@Reader@Db@@2VRtti@Core@@A@@YAXXZ 004b28b0 f    CIL library: CIL module
 0001:000b1900       ??__F?RTTI@Writer@Db@@2VRtti@Core@@A@@YAXXZ 004b2900 f    CIL library: CIL module
 0001:000b1950       ??__Fname@Attr@@YAXXZ      004b2950 f    CIL library: CIL module
 0001:000b1960       ??__Ftype@Attr@@YAXXZ      004b2960 f    CIL library: CIL module
 0001:000b1970       ??__Fcid@Attr@@YAXXZ       004b2970 f    CIL library: CIL module
 0001:000b1980       ??__Fnotnull@Attr@@YAXXZ   004b2980 f    CIL library: CIL module
 0001:000b1990       ??__Fdflt_value@Attr@@YAXXZ 004b2990 f    CIL library: CIL module
 0001:000b19a0       ??__Fpk@Attr@@YAXXZ        004b29a0 f    CIL library: CIL module
 0001:000b19b0       ??__Fseq@Attr@@YAXXZ       004b29b0 f    CIL library: CIL module
 0001:000b19c0       ??__Funique@Attr@@YAXXZ    004b29c0 f    CIL library: CIL module
 0001:000b19d0       ??__Fseqno@Attr@@YAXXZ     004b29d0 f    CIL library: CIL module
 0001:000b19e0       ??__F?RTTI@Sqlite3Database@Db@@2VRtti@Core@@A@@YAXXZ 004b29e0 f    CIL library: CIL module
 0001:000b1a30       ??__F?RTTI@Sqlite3Command@Db@@2VRtti@Core@@A@@YAXXZ 004b2a30 f    CIL library: CIL module
 0001:000b1a80       ??__F?RTTI@Sqlite3Table@Db@@2VRtti@Core@@A@@YAXXZ 004b2a80 f    CIL library: CIL module
 0001:000b1ad0       ??__F?InsertIntoFrag@Sqlite3Table@Db@@0VString@Util@@B@@YAXXZ 004b2ad0 f    CIL library: CIL module
 0001:000b1b20       ??__F?OpenBracketFrag@Sqlite3Table@Db@@0VString@Util@@B@@YAXXZ 004b2b20 f    CIL library: CIL module
 0001:000b1b70       ??__F?CommaFrag@Sqlite3Table@Db@@0VString@Util@@B@@YAXXZ 004b2b70 f    CIL library: CIL module
 0001:000b1bc0       ??__F?ValuesFrag@Sqlite3Table@Db@@0VString@Util@@B@@YAXXZ 004b2bc0 f    CIL library: CIL module
 0001:000b1c10       ??__F?WildcardFrag@Sqlite3Table@Db@@0VString@Util@@B@@YAXXZ 004b2c10 f    CIL library: CIL module
 0001:000b1c60       ??__F?CloseBracketFrag@Sqlite3Table@Db@@0VString@Util@@B@@YAXXZ 004b2c60 f    CIL library: CIL module
 0001:000b1cb0       ??__F?UpdateFrag@Sqlite3Table@Db@@0VString@Util@@B@@YAXXZ 004b2cb0 f    CIL library: CIL module
 0001:000b1d00       ??__F?SetFrag@Sqlite3Table@Db@@0VString@Util@@B@@YAXXZ 004b2d00 f    CIL library: CIL module
 0001:000b1d50       ??__F?AssignWildcardFrag@Sqlite3Table@Db@@0VString@Util@@B@@YAXXZ 004b2d50 f    CIL library: CIL module
 0001:000b1da0       ??__F?TickFrag@Sqlite3Table@Db@@0VString@Util@@B@@YAXXZ 004b2da0 f    CIL library: CIL module
 0001:000b1df0       ??__F?IntegerFrag@Sqlite3Table@Db@@0VString@Util@@B@@YAXXZ 004b2df0 f    CIL library: CIL module
 0001:000b1e40       ??__F?RealFrag@Sqlite3Table@Db@@0VString@Util@@B@@YAXXZ 004b2e40 f    CIL library: CIL module
 0001:000b1e90       ??__F?TextFrag@Sqlite3Table@Db@@0VString@Util@@B@@YAXXZ 004b2e90 f    CIL library: CIL module
 0001:000b1ee0       ??__F?BlobFrag@Sqlite3Table@Db@@0VString@Util@@B@@YAXXZ 004b2ee0 f    CIL library: CIL module
 0001:000b1f30       ??__F?WhereFrag@Sqlite3Table@Db@@0VString@Util@@B@@YAXXZ 004b2f30 f    CIL library: CIL module
 0001:000b1f80       ??__F?DeleteFromFrag@Sqlite3Table@Db@@0VString@Util@@B@@YAXXZ 004b2f80 f    CIL library: CIL module
 0001:000b2000       ??__F?RTTI@Sqlite3Dataset@Db@@2VRtti@Core@@A@@YAXXZ 004b3000 f    CIL library: CIL module
 0001:000b2050       ??__F?SelectFrag@Sqlite3Dataset@Db@@0VString@Util@@B@@YAXXZ 004b3050 f    CIL library: CIL module
 0001:000b20a0       ??__F?FromFrag@Sqlite3Dataset@Db@@0VString@Util@@B@@YAXXZ 004b30a0 f    CIL library: CIL module
 0001:000b20f0       ??__F?CommaFrag@Sqlite3Dataset@Db@@0VString@Util@@B@@YAXXZ 004b30f0 f    CIL library: CIL module
 0001:000b2140       ??__F?WhereFrag@Sqlite3Dataset@Db@@0VString@Util@@B@@YAXXZ 004b3140 f    CIL library: CIL module
 0001:000b2190       ??__F?StarFrag@Sqlite3Dataset@Db@@0VString@Util@@B@@YAXXZ 004b3190 f    CIL library: CIL module
 0001:000b21e0       ??__F?TickFrag@Sqlite3Dataset@Db@@0VString@Util@@B@@YAXXZ 004b31e0 f    CIL library: CIL module
 0001:000b2230       ??__F?RTTI@Sqlite3FilterSet@Db@@2VRtti@Core@@A@@YAXXZ 004b3230 f    CIL library: CIL module
 0001:000b2280       ??__F?OpenBracketFrag@Sqlite3FilterSet@Db@@0VString@Util@@B@@YAXXZ 004b3280 f    CIL library: CIL module
 0001:000b22d0       ??__F?CloseBracketFrag@Sqlite3FilterSet@Db@@0VString@Util@@B@@YAXXZ 004b32d0 f    CIL library: CIL module
 0001:000b2320       ??__F?AndFrag@Sqlite3FilterSet@Db@@0VString@Util@@B@@YAXXZ 004b3320 f    CIL library: CIL module
 0001:000b2370       ??__F?OrFrag@Sqlite3FilterSet@Db@@0VString@Util@@B@@YAXXZ 004b3370 f    CIL library: CIL module
 0001:000b23c0       ??__F?NotFrag@Sqlite3FilterSet@Db@@0VString@Util@@B@@YAXXZ 004b33c0 f    CIL library: CIL module
 0001:000b2410       ??__F?DotFrag@Sqlite3FilterSet@Db@@0VString@Util@@B@@YAXXZ 004b3410 f    CIL library: CIL module
 0001:000b2460       ??__F?EqualFrag@Sqlite3FilterSet@Db@@0VString@Util@@B@@YAXXZ 004b3460 f    CIL library: CIL module
 0001:000b24b0       ??__F?NotEqualFrag@Sqlite3FilterSet@Db@@0VString@Util@@B@@YAXXZ 004b34b0 f    CIL library: CIL module
 0001:000b2500       ??__F?GreaterFrag@Sqlite3FilterSet@Db@@0VString@Util@@B@@YAXXZ 004b3500 f    CIL library: CIL module
 0001:000b2550       ??__F?LessFrag@Sqlite3FilterSet@Db@@0VString@Util@@B@@YAXXZ 004b3550 f    CIL library: CIL module
 0001:000b25a0       ??__F?GreaterEqualFrag@Sqlite3FilterSet@Db@@0VString@Util@@B@@YAXXZ 004b35a0 f    CIL library: CIL module
 0001:000b25f0       ??__F?LessEqualFrag@Sqlite3FilterSet@Db@@0VString@Util@@B@@YAXXZ 004b35f0 f    CIL library: CIL module
 0001:000b2640       ??__F?WildcardFrag@Sqlite3FilterSet@Db@@0VString@Util@@B@@YAXXZ 004b3640 f    CIL library: CIL module
 0001:000b2690       ??__F?TickFrag@Sqlite3FilterSet@Db@@0VString@Util@@B@@YAXXZ 004b3690 f    CIL library: CIL module
 0001:000b26e0       ??__FcriticalSection@@YAXXZ 004b36e0 f    CIL library: CIL module
 0001:000b26f0       ??__F?RTTI@AttributeTable@Attr@@2VRtti@Core@@A@@YAXXZ 004b36f0 f    CIL library: CIL module
 0001:000b2740       ??__F?attrExitHandler@AttributeDefinitionBase@Attr@@0VAttrExitHandler@2@A@@YAXXZ 004b3740 f    CIL library: CIL module
 0001:000b2750       ??__Fstr@?M@??RegisterDynamicAttribute@AttributeDefinitionBase@Attr@@SAXABVString@Util@@ABVFourCC@4@W4ValueType@2@W4AccessMode@2@@Z@YAXXZ 004b3750 f    CIL library: CIL module
 0001:000b27a0       ??__Fblob@?9??RegisterDynamicAttribute@AttributeDefinitionBase@Attr@@SAXABVString@Util@@ABVFourCC@4@W4ValueType@2@W4AccessMode@2@@Z@YAXXZ 004b37a0 f    CIL library: CIL module
