 genrandtable

 Timestamp is 68d874da (Sun Sep 28 02:35:54 2025)

 Preferred load address is 00400000

 Start         Length     Name                   Class
 0001:00000000 0003a36aH .text                   CODE
 0001:0003a370 0000098fH .text$yc                CODE
 0001:0003ad00 00000ac3H .text$yd                CODE
 0002:00000000 0000026cH .idata$5                DATA
 0002:0000026c 00000004H .CRT$XCA                DATA
 0002:00000270 00000004H .CRT$XCAA               DATA
 0002:00000274 00000098H .CRT$XCU                DATA
 0002:0000030c 00000004H .CRT$XCZ                DATA
 0002:00000310 00000004H .CRT$XIA                DATA
 0002:00000314 00000004H .CRT$XIAA               DATA
 0002:00000318 00000004H .CRT$XIC                DATA
 0002:0000031c 00000004H .CRT$XIY                DATA
 0002:00000320 00000004H .CRT$XIZ                DATA
 0002:00000324 00000004H .CRT$XLA                DATA
 0002:00000328 00000004H .CRT$XLZ                DATA
 0002:00000330 00007aa8H .rdata                  DATA
 0002:00007dd8 00000018H .rdata$T                DATA
 0002:00007df0 0000003eH .rdata$debug            DATA
 0002:00007e30 00000008H .rdata$sxdata           DATA
 0002:00007e38 00000004H .rtc$IAA                DATA
 0002:00007e3c 00000004H .rtc$IZZ                DATA
 0002:00007e40 00000004H .rtc$TAA                DATA
 0002:00007e44 00000004H .rtc$TZZ                DATA
 0002:00007e48 00000094H .xdata$x                DATA
 0002:00007edc 00000078H .idata$2                DATA
 0002:00007f54 00000014H .idata$3                DATA
 0002:00007f68 0000026cH .idata$4                DATA
 0002:000081d4 00000868H .idata$6                DATA
 0002:00008a3c 00000000H .edata                  DATA
 0003:00000000 00000060H .data                   DATA
 0003:00000060 00000f10H .bss                    DATA
 0004:00000000 00000001H .tls                    DATA
 0004:00000004 00000018H .stls                   DATA
 0004:0000001c 00000001H .tls$ZZZ                DATA

  Address         Publics by Value              Rva+Base       Lib:Object

 0000:00000000       __except_list              00000000     <absolute>
 0000:00000002       ___safe_se_handler_count   00000002     <absolute>
 0000:0000002c       __tls_array                0000002c     <absolute>
 0000:00009876       __fltused                  00009876     <absolute>
 0000:00009876       __ldused                   00009876     <absolute>
 0000:00000000       ___ImageBase               00400000     <linker-defined>
 0001:00000000       _IXACT3SoundBank_Destroy@4 00401000 f i stdneb.obj
 0001:00000020       _IXACT3SoundBank_GetCueIndex@8 00401020 f i stdneb.obj
 0001:00000040       _IXACT3SoundBank_GetNumCues@8 00401040 f i stdneb.obj
 0001:00000060       _IXACT3SoundBank_GetCueProperties@12 00401060 f i stdneb.obj
 0001:00000080       _IXACT3SoundBank_Prepare@20 00401080 f i stdneb.obj
 0001:000000b0       _IXACT3SoundBank_Play@20   004010b0 f i stdneb.obj
 0001:000000e0       _IXACT3SoundBank_Stop@12   004010e0 f i stdneb.obj
 0001:00000100       _IXACT3SoundBank_GetState@8 00401100 f i stdneb.obj
 0001:00000120       _IXACT3WaveBank_Destroy@4  00401120 f i stdneb.obj
 0001:00000140       _IXACT3WaveBank_GetNumWaves@8 00401140 f i stdneb.obj
 0001:00000160       _IXACT3WaveBank_GetWaveIndex@8 00401160 f i stdneb.obj
 0001:00000180       _IXACT3WaveBank_GetWaveProperties@12 00401180 f i stdneb.obj
 0001:000001a0       _IXACT3WaveBank_Prepare@24 004011a0 f i stdneb.obj
 0001:000001d0       _IXACT3WaveBank_Play@24    004011d0 f i stdneb.obj
 0001:00000200       _IXACT3WaveBank_Stop@12    00401200 f i stdneb.obj
 0001:00000220       _IXACT3WaveBank_GetState@8 00401220 f i stdneb.obj
 0001:00000240       _IXACT3Wave_Destroy@4      00401240 f i stdneb.obj
 0001:00000260       _IXACT3Wave_Play@4         00401260 f i stdneb.obj
 0001:00000280       _IXACT3Wave_Stop@8         00401280 f i stdneb.obj
 0001:000002a0       _IXACT3Wave_Pause@8        004012a0 f i stdneb.obj
 0001:000002c0       _IXACT3Wave_GetState@8     004012c0 f i stdneb.obj
 0001:000002e0       _IXACT3Wave_SetPitch@8     004012e0 f i stdneb.obj
 0001:00000300       _IXACT3Wave_SetVolume@8    00401300 f i stdneb.obj
 0001:00000320       _IXACT3Wave_SetMatrixCoefficients@16 00401320 f i stdneb.obj
 0001:00000350       _IXACT3Wave_GetProperties@8 00401350 f i stdneb.obj
 0001:00000370       _IXACT3Cue_Play@4          00401370 f i stdneb.obj
 0001:00000390       _IXACT3Cue_Stop@8          00401390 f i stdneb.obj
 0001:000003b0       _IXACT3Cue_GetState@8      004013b0 f i stdneb.obj
 0001:000003d0       _IXACT3Cue_Destroy@4       004013d0 f i stdneb.obj
 0001:000003f0       _IXACT3Cue_SetMatrixCoefficients@16 004013f0 f i stdneb.obj
 0001:00000420       _IXACT3Cue_GetVariableIndex@8 00401420 f i stdneb.obj
 0001:00000440       _IXACT3Cue_SetVariable@12  00401440 f i stdneb.obj
 0001:00000470       _IXACT3Cue_GetVariable@12  00401470 f i stdneb.obj
 0001:00000490       _IXACT3Cue_Pause@8         00401490 f i stdneb.obj
 0001:000004b0       _IXACT3Cue_GetProperties@8 004014b0 f i stdneb.obj
 0001:000004d0       _IXACT3Cue_SetOutputVoices@8 004014d0 f i stdneb.obj
 0001:000004f0       _IXACT3Cue_SetOutputVoiceMatrix@20 004014f0 f i stdneb.obj
 0001:00000520       _IXACT3Engine_AddRef@4     00401520 f i stdneb.obj
 0001:00000540       _IXACT3Engine_Release@4    00401540 f i stdneb.obj
 0001:00000560       _IXACT3Engine_GetRendererCount@8 00401560 f i stdneb.obj
 0001:00000580       _IXACT3Engine_GetRendererDetails@12 00401580 f i stdneb.obj
 0001:000005a0       _IXACT3Engine_GetFinalMixFormat@8 004015a0 f i stdneb.obj
 0001:000005c0       _IXACT3Engine_Initialize@8 004015c0 f i stdneb.obj
 0001:000005e0       _IXACT3Engine_ShutDown@4   004015e0 f i stdneb.obj
 0001:00000600       _IXACT3Engine_DoWork@4     00401600 f i stdneb.obj
 0001:00000620       _IXACT3Engine_CreateSoundBank@24 00401620 f i stdneb.obj
 0001:00000650       _IXACT3Engine_CreateInMemoryWaveBank@24 00401650 f i stdneb.obj
 0001:00000680       _IXACT3Engine_CreateStreamingWaveBank@12 00401680 f i stdneb.obj
 0001:000006a0       _IXACT3Engine_PrepareWave@32 004016a0 f i stdneb.obj
 0001:000006e0       _IXACT3Engine_PrepareInMemoryWave@52 004016e0 f i stdneb.obj
 0001:00000740       _IXACT3Engine_PrepareStreamingWave@68 00401740 f i stdneb.obj
 0001:000007c0       _IXACT3Engine_RegisterNotification@8 004017c0 f i stdneb.obj
 0001:000007e0       _IXACT3Engine_UnRegisterNotification@8 004017e0 f i stdneb.obj
 0001:00000800       _IXACT3Engine_GetCategory@8 00401800 f i stdneb.obj
 0001:00000820       _IXACT3Engine_Stop@12      00401820 f i stdneb.obj
 0001:00000840       _IXACT3Engine_SetVolume@12 00401840 f i stdneb.obj
 0001:00000870       _IXACT3Engine_Pause@12     00401870 f i stdneb.obj
 0001:00000890       _IXACT3Engine_GetGlobalVariableIndex@8 00401890 f i stdneb.obj
 0001:000008b0       _IXACT3Engine_SetGlobalVariable@12 004018b0 f i stdneb.obj
 0001:000008e0       _IXACT3Engine_GetGlobalVariable@12 004018e0 f i stdneb.obj
 0001:00000900       ?Decrement@Win360Interlocked@Win360@@SAHACH@Z 00401900 f i genrandtable.obj
 0001:00000920       ??2@YAPAXI@Z               00401920 f i genrandtable.obj
 0001:00000940       ??_U@YAPAXI@Z              00401940 f i genrandtable.obj
 0001:00000960       ??3@YAXPAX@Z               00401960 f i genrandtable.obj
 0001:00000980       ??_V@YAXPAX@Z              00401980 f i genrandtable.obj
 0001:000009a0       ??3String@Util@@SAXPAX@Z   004019a0 f i genrandtable.obj
 0001:000009c0       ??0String@Util@@QAE@XZ     004019c0 f i genrandtable.obj
 0001:00000a00       ?Delete@String@Util@@AAEXXZ 00401a00 f i genrandtable.obj
 0001:00000a50       ??1String@Util@@QAE@XZ     00401a50 f i genrandtable.obj
 0001:00000aa0       ??0String@Util@@QAE@PBD@Z  00401aa0 f i genrandtable.obj
 0001:00000ae0       ?AsCharPtr@String@Util@@QBEPBDXZ 00401ae0 f i genrandtable.obj
 0001:00000b10       ??4String@Util@@QAEXABV01@@Z 00401b10 f i genrandtable.obj
 0001:00000b50       ?SetCompanyName@Application@App@@QAEXABVString@Util@@@Z 00401b50 f i genrandtable.obj
 0001:00000ba0       ?SetAppTitle@Application@App@@QAEXABVString@Util@@@Z 00401ba0 f i genrandtable.obj
 0001:00000bf0       ?SetCmdLineArgs@Application@App@@QAEXABVCommandLineArgs@Util@@@Z 00401bf0 f i genrandtable.obj
 0001:00000c20       ??4CommandLineArgs@Util@@QAEAAV01@ABV01@@Z 00401c20 f i genrandtable.obj
 0001:00000c40       ?Release@RefCounted@Core@@QAEXXZ 00401c40 f i genrandtable.obj
 0001:00000c90       _WinMain@16                00401c90 f   genrandtable.obj
 0001:00000d20       ??1CommandLineArgs@Util@@QAE@XZ 00401d20 f i genrandtable.obj
 0001:00000d40       ?NebulaMain@@YAXABVCommandLineArgs@Util@@@Z 00401d40 f   genrandtable.obj
 0001:00000f50       ??0GenRandTableApplication@Tools@@QAE@XZ 00401f50 f i genrandtable.obj
 0001:00000f70       ??1GenRandTableApplication@Tools@@UAE@XZ 00401f70 f i genrandtable.obj
 0001:00000f90       ??_EGenRandTableApplication@Tools@@UAEPAXI@Z 00401f90 f i  CIL library: CIL module
 0001:00000f90       ??_GGenRandTableApplication@Tools@@UAEPAXI@Z 00401f90 f i genrandtable.obj
 0001:00000fc0       ??1?$Array@VString@Util@@@Util@@QAE@XZ 00401fc0 f i genrandtable.obj
 0001:00000fe0       ??4?$Array@VString@Util@@@Util@@QAEXABV01@@Z 00401fe0 f i genrandtable.obj
 0001:00001110       ??_EString@Util@@QAEPAXI@Z 00402110 f i genrandtable.obj
 0001:00001220       ??_H@YGXPAXIHP6EPAX0@Z@Z   00402220 f i genrandtable.obj
 0001:00001250       ??_I@YGXPAXIHP6EX0@Z@Z     00402250 f i genrandtable.obj
 0001:00001280       ?Destroy@?$Array@VString@Util@@@Util@@AAEXPAVString@2@@Z 00402280 f i genrandtable.obj
 0001:000012a0       ?Copy@?$Array@VString@Util@@@Util@@AAEXABV12@@Z 004022a0 f i genrandtable.obj
 0001:00001420       ?Delete@?$Array@VString@Util@@@Util@@AAEXXZ 00402420 f i genrandtable.obj
 0001:00001490       ??_GString@Util@@QAEPAXI@Z 00402490 f i genrandtable.obj
 0001:00001500       ??_E?$Ptr@VConsoleHandler@IO@@@@QAEPAXI@Z 00402500 f i genrandtable.obj
 0001:000015a0       ??1?$Ptr@VConsoleHandler@IO@@@@QAE@XZ 004025a0 f i genrandtable.obj
 0001:000015d0       ?Increment@Win360Interlocked@Win360@@SAHACH@Z 004025d0 f i genrandtableapplication.obj
 0001:000015f0       ?n_rand@Math@@YAMXZ        004025f0 f i genrandtableapplication.obj
 0001:00001610       ?SetFloat@String@Util@@QAEXM@Z 00402610 f i genrandtableapplication.obj
 0001:00001640       ??0String@Util@@QAE@ABV01@@Z 00402640 f i genrandtableapplication.obj
 0001:000016a0       ?Append@String@Util@@QAEXABV12@@Z 004026a0 f i genrandtableapplication.obj
 0001:00001780       ?FromFloat@String@Util@@SA?AV12@M@Z 00402780 f i genrandtableapplication.obj
 0001:000017e0       ?AddRef@RefCounted@Core@@QAEXXZ 004027e0 f i genrandtableapplication.obj
 0001:00001800       ??0URI@IO@@QAE@ABVString@Util@@@Z 00402800 f i genrandtableapplication.obj
 0001:000019b0       ?AsString@URI@IO@@QBE?AVString@Util@@XZ 004029b0 f i genrandtableapplication.obj
 0001:000019d0       ?Instance@IoServer@IO@@SAPAV12@XZ 004029d0 f i genrandtableapplication.obj
 0001:00001a10       ?Run@GenRandTableApplication@Tools@@UAEXXZ 00402a10 f   genrandtableapplication.obj
 0001:00001e80       ??1URI@IO@@QAE@XZ          00402e80 f i genrandtableapplication.obj
 0001:00002080       ??1?$Ptr@VStream@IO@@@@QAE@XZ 00403080 f i genrandtableapplication.obj
 0001:000020b0       ??C?$Ptr@VStream@IO@@@@QBEPAVStream@IO@@XZ 004030b0 f i genrandtableapplication.obj
 0001:000020f0       ??0?$Ptr@VTextWriter@IO@@@@QAE@PAVTextWriter@IO@@@Z 004030f0 f i genrandtableapplication.obj
 0001:00002130       ??1?$Ptr@VTextWriter@IO@@@@QAE@XZ 00403130 f i genrandtableapplication.obj
 0001:00002160       ??C?$Ptr@VTextWriter@IO@@@@QBEPAVTextWriter@IO@@XZ 00403160 f i genrandtableapplication.obj
 0001:000021a0       ?Instance@Console@IO@@SAPAV12@XZ 004031a0 f i foundation_win32.release:debug.obj
 0001:000021d0       ?HasInstance@Console@IO@@SA_NXZ 004031d0 f i foundation_win32.release:debug.obj
 0001:000021f0       ?n_barf@@YAXPBD0H@Z        004031f0 f   foundation_win32.release:debug.obj
 0001:00002290       ?n_barf2@@YAXPBD00H@Z      00403290 f   foundation_win32.release:debug.obj
 0001:00002330       ?n_error@@YAXPBDZZ         00403330 f   foundation_win32.release:debug.obj
 0001:000023f0       ?n_warning@@YAXPBDZZ       004033f0 f   foundation_win32.release:debug.obj
 0001:000024b0       ?n_confirm@@YAXPBDZZ       004034b0 f   foundation_win32.release:debug.obj
 0001:00002570       ?n_printf@@YAXPBDZZ        00403570 f   foundation_win32.release:debug.obj
 0001:000025c0       ?n_dbgout@@YAXPBDZZ        004035c0 f   foundation_win32.release:debug.obj
 0001:00002610       ?n_sleep@@YAXN@Z           00403610 f   foundation_win32.release:debug.obj
 0001:00002630       ?__HeapAlignPointerAndWritePadding16@Memory@@YAPAEPAE@Z 00403630 f i foundation_win32.release:win360memory.obj
 0001:00002660       ?__HeapUnalignPointer16@Memory@@YAPAEPAE@Z 00403660 f i foundation_win32.release:win360memory.obj
 0001:00002680       ?__HeapAlloc16@Memory@@YAPAXPAXKK@Z 00403680 f i foundation_win32.release:win360memory.obj
 0001:000026d0       ?__HeapReAlloc16@Memory@@YAPAXPAXK0K@Z 004036d0 f i foundation_win32.release:win360memory.obj
 0001:000027f0       ?__HeapFree16@Memory@@YAHPAXK0@Z 004037f0 f i foundation_win32.release:win360memory.obj
 0001:00002830       ?Copy@Memory@@YAXPBXPAXI@Z 00403830 f i foundation_win32.release:win360memory.obj
 0001:000028a0       ?Alloc@Memory@@YAPAXW4HeapType@1@I@Z 004038a0 f   foundation_win32.release:win360memory.obj
 0001:00002990       ?Realloc@Memory@@YAPAXW4HeapType@1@PAXI@Z 00403990 f   foundation_win32.release:win360memory.obj
 0001:00002b40       ?Free@Memory@@YAXW4HeapType@1@PAX@Z 00403b40 f   foundation_win32.release:win360memory.obj
 0001:00002bd0       ?DuplicateCString@Memory@@YAPADPBD@Z 00403bd0 f   foundation_win32.release:win360memory.obj
 0001:00002cb0       ?IsOverlapping@Memory@@YA_NPBEI0I@Z 00403cb0 f   foundation_win32.release:win360memory.obj
 0001:00002cf0       ?GetTotalMemoryStatus@Memory@@YA?AUTotalMemoryStatus@1@XZ 00403cf0 f   foundation_win32.release:win360memory.obj
 0001:00002d60       ?DumpTotalMemoryStatus@Memory@@YAXXZ 00403d60 f   foundation_win32.release:win360memory.obj
 0001:00002d80       ??0float4@Math@@QAE@MMMM@Z 00403d80 f i foundation_win32.release:string.obj
 0001:00002dd0       ??0matrix44@Math@@QAE@ABVfloat4@1@000@Z 00403dd0 f i foundation_win32.release:string.obj
 0001:00002e20       ?Alloc@String@Util@@AAEXH@Z 00403e20 f i foundation_win32.release:string.obj
 0001:00002ec0       ?Realloc@String@Util@@AAEXH@Z 00403ec0 f i foundation_win32.release:string.obj
 0001:00003010       ?Reserve@String@Util@@QAEXH@Z 00404010 f i foundation_win32.release:string.obj
 0001:00003040       ??4String@Util@@QAEXPBD@Z  00404040 f i foundation_win32.release:string.obj
 0001:00003060       ??AString@Util@@QBEDH@Z    00404060 f i foundation_win32.release:string.obj
 0001:000030c0       ??AString@Util@@QAEAADH@Z  004040c0 f i foundation_win32.release:string.obj
 0001:00003120       ?Length@String@Util@@QBEHXZ 00404120 f i foundation_win32.release:string.obj
 0001:00003140       ?IsValid@String@Util@@QBE_NXZ 00404140 f i foundation_win32.release:string.obj
 0001:00003200       ?CopyToBuffer@String@Util@@QBE_NPADH@Z 00404200 f   foundation_win32.release:string.obj
 0001:000032b0       ?Format@String@Util@@QAAXPBDZZ 004042b0 f   foundation_win32.release:string.obj
 0001:00003340       ?FormatArgList@String@Util@@QAAXPBDPAD@Z 00404340 f   foundation_win32.release:string.obj
 0001:000033b0       ?Set@String@Util@@QAEXPBDH@Z 004043b0 f   foundation_win32.release:string.obj
 0001:00003620       ?AppendRange@String@Util@@QAEXPBDH@Z 00404620 f   foundation_win32.release:string.obj
 0001:00003840       ?Tokenize@String@Util@@QBEHABV12@AAV?$Array@VString@Util@@@2@@Z 00404840 f   foundation_win32.release:string.obj
 0001:00003970       ?Tokenize@String@Util@@QBE?AV?$Array@VString@Util@@@2@ABV12@@Z 00404970 f   foundation_win32.release:string.obj
 0001:000039b0       ?Tokenize@String@Util@@QBEHABV12@DAAV?$Array@VString@Util@@@2@@Z 004049b0 f   foundation_win32.release:string.obj
 0001:00003d00       ?Tokenize@String@Util@@QBE?AV?$Array@VString@Util@@@2@ABV12@D@Z 00404d00 f   foundation_win32.release:string.obj
 0001:00003d50       ?ExtractRange@String@Util@@QBE?AV12@HH@Z 00404d50 f   foundation_win32.release:string.obj
 0001:00003e10       ?ExtractToEnd@String@Util@@QBE?AV12@H@Z 00404e10 f   foundation_win32.release:string.obj
 0001:00003e40       ?Strip@String@Util@@QAEXABV12@@Z 00404e40 f   foundation_win32.release:string.obj
 0001:00003f00       ?FindStringIndex@String@Util@@QBEHABV12@H@Z 00404f00 f   foundation_win32.release:string.obj
 0001:00003ff0       ?FindCharIndex@String@Util@@QBEHDH@Z 00404ff0 f   foundation_win32.release:string.obj
 0001:000040a0       ?TrimLeft@String@Util@@QAEXABV12@@Z 004050a0 f   foundation_win32.release:string.obj
 0001:00004280       ?TrimRight@String@Util@@QAEXABV12@@Z 00405280 f   foundation_win32.release:string.obj
 0001:00004460       ?Trim@String@Util@@QAEXABV12@@Z 00405460 f   foundation_win32.release:string.obj
 0001:00004490       ?SubstituteString@String@Util@@QAEXABV12@0@Z 00405490 f   foundation_win32.release:string.obj
 0001:000045e0       ?ExtractLastDirName@String@Util@@QBE?AV12@XZ 004055e0 f   foundation_win32.release:string.obj
 0001:00004710       ?ExtractDirName@String@Util@@QBE?AV12@XZ 00405710 f   foundation_win32.release:string.obj
 0001:00004800       ?MatchPattern@String@Util@@SA_NABV12@0@Z 00405800 f   foundation_win32.release:string.obj
 0001:00004b10       ?ReplaceChars@String@Util@@QAEXABV12@D@Z 00405b10 f   foundation_win32.release:string.obj
 0001:00004bc0       ?AsMatrix44@String@Util@@QBE?AVmatrix44@Math@@XZ 00405bc0 f   foundation_win32.release:string.obj
 0001:00005010       ?Concatenate@String@Util@@SA?AV12@ABV?$Array@VString@Util@@@2@ABV12@@Z 00406010 f   foundation_win32.release:string.obj
 0001:00005110       ?SetCharPtr@String@Util@@QAEXPBD@Z 00406110 f   foundation_win32.release:string.obj
 0001:00005170       ?Append@String@Util@@QAEXPBD@Z 00406170 f   foundation_win32.release:string.obj
 0001:000051e0       ?TerminateAtIndex@String@Util@@QAEXH@Z 004061e0 f   foundation_win32.release:string.obj
 0001:00005270       ?StripFileExtension@String@Util@@QAEXXZ 00406270 f   foundation_win32.release:string.obj
 0001:00005310       ??8Util@@YA_NABVString@0@0@Z 00406310 f   foundation_win32.release:string.obj
 0001:000053c0       ??8Util@@YA_NABVString@0@PBD@Z 004063c0 f   foundation_win32.release:string.obj
 0001:00005470       ??8Util@@YA_NPBDABVString@0@@Z 00406470 f   foundation_win32.release:string.obj
 0001:00005520       ??9Util@@YA_NABVString@0@0@Z 00406520 f   foundation_win32.release:string.obj
 0001:000055d0       ??MUtil@@YA_NABVString@0@0@Z 004065d0 f   foundation_win32.release:string.obj
 0001:00005680       ??OUtil@@YA_NABVString@0@0@Z 00406680 f   foundation_win32.release:string.obj
 0001:00005730       ??NUtil@@YA_NABVString@0@0@Z 00406730 f   foundation_win32.release:string.obj
 0001:000057e0       ??PUtil@@YA_NABVString@0@0@Z 004067e0 f   foundation_win32.release:string.obj
 0001:00005890       ?ToLower@String@Util@@QAEXXZ 00406890 f   foundation_win32.release:string.obj
 0001:000058f0       ?ToUpper@String@Util@@QAEXXZ 004068f0 f   foundation_win32.release:string.obj
 0001:00005950       ?FirstCharToUpper@String@Util@@QAEXXZ 00406950 f   foundation_win32.release:string.obj
 0001:00005990       ?ContainsCharFromSet@String@Util@@QBE_NABV12@@Z 00406990 f   foundation_win32.release:string.obj
 0001:00005a00       ?GetFileExtension@String@Util@@QBE?AV12@XZ 00406a00 f   foundation_win32.release:string.obj
 0001:00005ac0       ?GetLastSlash@String@Util@@ABEPADXZ 00406ac0 f   foundation_win32.release:string.obj
 0001:00005b30       ?IsValidBool@String@Util@@QBE_NXZ 00406b30 f   foundation_win32.release:string.obj
 0001:00005ba0       ?AsInt@String@Util@@QBEHXZ 00406ba0 f   foundation_win32.release:string.obj
 0001:00005be0       ?AsFloat@String@Util@@QBEMXZ 00406be0 f   foundation_win32.release:string.obj
 0001:00005c20       ?AsBool@String@Util@@QBE_NXZ 00406c20 f   foundation_win32.release:string.obj
 0001:00005cb0       ?IsDigit@String@Util@@SA_ND@Z 00406cb0 f   foundation_win32.release:string.obj
 0001:00005cd0       ?IsAlpha@String@Util@@SA_ND@Z 00406cd0 f   foundation_win32.release:string.obj
 0001:00005cf0       ?IsAlNum@String@Util@@SA_ND@Z 00406cf0 f   foundation_win32.release:string.obj
 0001:00005d10       ?IsLower@String@Util@@SA_ND@Z 00406d10 f   foundation_win32.release:string.obj
 0001:00005d30       ?IsUpper@String@Util@@SA_ND@Z 00406d30 f   foundation_win32.release:string.obj
 0001:00005d50       ?StrCmp@String@Util@@SAHPBD0@Z 00406d50 f   foundation_win32.release:string.obj
 0001:00005de0       ?StrLen@String@Util@@SAHPBD@Z 00406de0 f   foundation_win32.release:string.obj
 0001:00005e40       ?StrChr@String@Util@@SAPBDPBDH@Z 00406e40 f   foundation_win32.release:string.obj
 0001:00005e80       ?ParseKeyValuePairs@String@Util@@SA?AV?$Dictionary@VString@Util@@V12@@2@ABV12@@Z 00406e80 f   foundation_win32.release:string.obj
 0001:00005f80       ??1?$Dictionary@VString@Util@@V12@@Util@@QAE@XZ 00406f80 f i foundation_win32.release:string.obj
 0001:00005fa0       ?ChangeFileExtension@String@Util@@QAEXABV12@@Z 00406fa0 f   foundation_win32.release:string.obj
 0001:00006080       ??0?$Array@VString@Util@@@Util@@QAE@ABV01@@Z 00407080 f i foundation_win32.release:string.obj
 0001:000060d0       ??0?$Array@VString@Util@@@Util@@QAE@HH@Z 004070d0 f i foundation_win32.release:string.obj
 0001:000061e0       ??0?$Array@VString@Util@@@Util@@QAE@XZ 004071e0 f i foundation_win32.release:string.obj
 0001:00006220       ??A?$Array@VString@Util@@@Util@@QBEAAVString@1@H@Z 00407220 f i foundation_win32.release:string.obj
 0001:00006270       ?Append@?$Array@VString@Util@@@Util@@QAEXABVString@2@@Z 00407270 f i foundation_win32.release:string.obj
 0001:00006310       ?Size@?$Array@VString@Util@@@Util@@QBEHXZ 00407310 f i foundation_win32.release:string.obj
 0001:00006330       ?Clear@?$Array@VString@Util@@@Util@@QAEXXZ 00407330 f i foundation_win32.release:string.obj
 0001:00006380       ??1?$Array@V?$KeyValuePair@VString@Util@@V12@@Util@@@Util@@QAE@XZ 00407380 f i foundation_win32.release:string.obj
 0001:000063a0       ??0?$Dictionary@VString@Util@@V12@@Util@@QAE@ABV01@@Z 004073a0 f i foundation_win32.release:string.obj
 0001:000063f0       ??0?$Dictionary@VString@Util@@V12@@Util@@QAE@XZ 004073f0 f i foundation_win32.release:string.obj
 0001:00006410       ?Add@?$Dictionary@VString@Util@@V12@@Util@@QAEXABVString@2@0@Z 00407410 f i foundation_win32.release:string.obj
 0001:00006460       ??1?$KeyValuePair@VString@Util@@V12@@Util@@QAE@XZ 00407460 f i foundation_win32.release:string.obj
 0001:000064f0       ?Grow@?$Array@VString@Util@@@Util@@AAEXXZ 004074f0 f i foundation_win32.release:string.obj
 0001:00006570       ??0?$Array@V?$KeyValuePair@VString@Util@@V12@@Util@@@Util@@QAE@ABV01@@Z 00407570 f i foundation_win32.release:string.obj
 0001:000065c0       ??0?$Array@V?$KeyValuePair@VString@Util@@V12@@Util@@@Util@@QAE@XZ 004075c0 f i foundation_win32.release:string.obj
 0001:00006600       ?Append@?$Array@V?$KeyValuePair@VString@Util@@V12@@Util@@@Util@@QAEXABV?$KeyValuePair@VString@Util@@V12@@2@@Z 00407600 f i foundation_win32.release:string.obj
 0001:00006680       ?InsertSorted@?$Array@V?$KeyValuePair@VString@Util@@V12@@Util@@@Util@@QAEHABV?$KeyValuePair@VString@Util@@V12@@2@@Z 00407680 f i foundation_win32.release:string.obj
 0001:000068f0       ?Delete@?$Array@V?$KeyValuePair@VString@Util@@V12@@Util@@@Util@@AAEXXZ 004078f0 f i foundation_win32.release:string.obj
 0001:00006960       ??0?$KeyValuePair@VString@Util@@V12@@Util@@QAE@ABVString@1@0@Z 00407960 f i foundation_win32.release:string.obj
 0001:00006a20       ??_E?$KeyValuePair@VString@Util@@V12@@Util@@QAEPAXI@Z 00407a20 f i foundation_win32.release:string.obj
 0001:00006ac0       ?GrowTo@?$Array@VString@Util@@@Util@@AAEXH@Z 00407ac0 f i foundation_win32.release:string.obj
 0001:00006c30       ?Size@?$Array@V?$KeyValuePair@VString@Util@@V12@@Util@@@Util@@QBEHXZ 00407c30 f i foundation_win32.release:string.obj
 0001:00006c50       ?Insert@?$Array@V?$KeyValuePair@VString@Util@@V12@@Util@@@Util@@QAEXHABV?$KeyValuePair@VString@Util@@V12@@2@@Z 00407c50 f i foundation_win32.release:string.obj
 0001:00006cc0       ?InsertAtEndOfIdenticalRange@?$Array@V?$KeyValuePair@VString@Util@@V12@@Util@@@Util@@QAEHHABV?$KeyValuePair@VString@Util@@V12@@2@@Z 00407cc0 f i foundation_win32.release:string.obj
 0001:00006d40       ?Copy@?$Array@V?$KeyValuePair@VString@Util@@V12@@Util@@@Util@@AAEXABV12@@Z 00407d40 f i foundation_win32.release:string.obj
 0001:00006e70       ?Grow@?$Array@V?$KeyValuePair@VString@Util@@V12@@Util@@@Util@@AAEXXZ 00407e70 f i foundation_win32.release:string.obj
 0001:00006ef0       ??4?$KeyValuePair@VString@Util@@V12@@Util@@QAEXABV01@@Z 00407ef0 f i foundation_win32.release:string.obj
 0001:00006f80       ??O?$KeyValuePair@VString@Util@@V12@@Util@@QBE_NABV01@@Z 00407f80 f i foundation_win32.release:string.obj
 0001:00006fa0       ??M?$KeyValuePair@VString@Util@@V12@@Util@@QBE_NABV01@@Z 00407fa0 f i foundation_win32.release:string.obj
 0001:00006fc0       ?GrowTo@?$Array@V?$KeyValuePair@VString@Util@@V12@@Util@@@Util@@AAEXH@Z 00407fc0 f i foundation_win32.release:string.obj
 0001:000070e0       ?Move@?$Array@V?$KeyValuePair@VString@Util@@V12@@Util@@@Util@@AAEXHH@Z 004080e0 f i foundation_win32.release:string.obj
 0001:00007270       ??0?$KeyValuePair@VString@Util@@V12@@Util@@QAE@XZ 00408270 f i foundation_win32.release:string.obj
 0001:000072e0       ??9?$KeyValuePair@VString@Util@@V12@@Util@@QBE_NABV01@@Z 004082e0 f i foundation_win32.release:string.obj
 0001:00007300       ?Destroy@?$Array@V?$KeyValuePair@VString@Util@@V12@@Util@@@Util@@AAEXPAV?$KeyValuePair@VString@Util@@V12@@2@@Z 00408300 f i foundation_win32.release:string.obj
 0001:00007330       ??_G?$KeyValuePair@VString@Util@@V12@@Util@@QAEPAXI@Z 00408330 f i foundation_win32.release:string.obj
 0001:00007360       ?strrchr@@YAPADPADH@Z      00408360 f i foundation_win32.release:string.obj
 0001:00007380       ?strpbrk@@YAPADPADPBD@Z    00408380 f i foundation_win32.release:string.obj
 0001:000073a0       ?strchr@@YAPADPADH@Z       004083a0 f i foundation_win32.release:string.obj
 0001:00007470       ?StringCchVPrintfA@@YGJPADIPBD0@Z 00408470 f i foundation_win32.release:string.obj
 0001:00007690       ?StringCchCopyA@@YGJPADIPBD@Z 00408690 f i foundation_win32.release:string.obj
 0001:000076e0       ??0_XMMATRIX@@QAE@XZ       004086e0 f i foundation_win32.release:string.obj
 0001:000076f0       ?XMVectorSet@@YA?AT__m128@@MMMM@Z 004086f0 f i foundation_win32.release:string.obj
 0001:00007730       ?AsFloat4@String@Util@@QBE?AVfloat4@Math@@XZ 00408730 f i foundation_win32.release:commandlineargs.obj
 0001:000078b0       ??0CommandLineArgs@Util@@QAE@XZ 004088b0 f   foundation_win32.release:commandlineargs.obj
 0001:000078d0       ??0CommandLineArgs@Util@@QAE@ABVString@1@@Z 004088d0 f   foundation_win32.release:commandlineargs.obj
 0001:00007960       ??0CommandLineArgs@Util@@QAE@HPAPBD@Z 00408960 f   foundation_win32.release:commandlineargs.obj
 0001:00007a00       ?Error@CommandLineArgs@Util@@ABEXABVString@2@@Z 00408a00 f   foundation_win32.release:commandlineargs.obj
 0001:00007a40       ?GetCmdName@CommandLineArgs@Util@@QBEABVString@2@XZ 00408a40 f   foundation_win32.release:commandlineargs.obj
 0001:00007a80       ?HasArg@CommandLineArgs@Util@@QBE_NABVString@2@@Z 00408a80 f   foundation_win32.release:commandlineargs.obj
 0001:00007ab0       ?FindArgIndex@CommandLineArgs@Util@@ABEHABVString@2@@Z 00408ab0 f   foundation_win32.release:commandlineargs.obj
 0001:00007b10       ?GetString@CommandLineArgs@Util@@QBEABVString@2@ABV32@0@Z 00408b10 f   foundation_win32.release:commandlineargs.obj
 0001:00007b50       ?GetInt@CommandLineArgs@Util@@QBEHABVString@2@H@Z 00408b50 f   foundation_win32.release:commandlineargs.obj
 0001:00007ba0       ?GetFloat@CommandLineArgs@Util@@QBEMABVString@2@M@Z 00408ba0 f   foundation_win32.release:commandlineargs.obj
 0001:00007bf0       ?GetBool@CommandLineArgs@Util@@QBE_NABVString@2@_N@Z 00408bf0 f   foundation_win32.release:commandlineargs.obj
 0001:00007c40       ?GetBoolFlag@CommandLineArgs@Util@@QBE_NABVString@2@@Z 00408c40 f   foundation_win32.release:commandlineargs.obj
 0001:00007c60       ?GetFloat4@CommandLineArgs@Util@@QBE?AVfloat4@Math@@ABVString@2@ABV34@@Z 00408c60 f   foundation_win32.release:commandlineargs.obj
 0001:00007cd0       ?GetMatrix44@CommandLineArgs@Util@@QBE?AVmatrix44@Math@@ABVString@2@ABV34@@Z 00408cd0 f   foundation_win32.release:commandlineargs.obj
 0001:00007d30       ?GetNumArgs@CommandLineArgs@Util@@QBEHXZ 00408d30 f   foundation_win32.release:commandlineargs.obj
 0001:00007d70       ?GetStringAtIndex@CommandLineArgs@Util@@QBEABVString@2@H@Z 00408d70 f   foundation_win32.release:commandlineargs.obj
 0001:00007d90       ?GetIntAtIndex@CommandLineArgs@Util@@QBEHH@Z 00408d90 f   foundation_win32.release:commandlineargs.obj
 0001:00007dc0       ?GetFloatAtIndex@CommandLineArgs@Util@@QBEMH@Z 00408dc0 f   foundation_win32.release:commandlineargs.obj
 0001:00007df0       ?GetBoolAtIndex@CommandLineArgs@Util@@QBE_NH@Z 00408df0 f   foundation_win32.release:commandlineargs.obj
 0001:00007e20       ?GetFloat4AtIndex@CommandLineArgs@Util@@QBE?AVfloat4@Math@@H@Z 00408e20 f   foundation_win32.release:commandlineargs.obj
 0001:00007e50       ?GetMatrix44AtIndex@CommandLineArgs@Util@@QBE?AVmatrix44@Math@@H@Z 00408e50 f   foundation_win32.release:commandlineargs.obj
 0001:00007e80       ?AppendCommandString@CommandLineArgs@Util@@QAEXABV12@@Z 00408e80 f   foundation_win32.release:commandlineargs.obj
 0001:00007ed0       ?FindIndex@?$Array@VString@Util@@@Util@@QBEHABVString@2@@Z 00408ed0 f i foundation_win32.release:commandlineargs.obj
 0001:00007f30       ?IsOpen@Application@App@@QBE_NXZ 00408f30 f i foundation_win32.release:consoleapplication.obj
 0001:00007f50       ??0StringAtom@Util@@QAE@ABVString@1@@Z 00408f50 f i foundation_win32.release:consoleapplication.obj
 0001:00007f90       ??4StringAtom@Util@@QAEXABV01@@Z 00408f90 f i foundation_win32.release:consoleapplication.obj
 0001:00007fb0       ?SetCompanyName@CoreServer@Core@@QAEXABVStringAtom@Util@@@Z 00408fb0 f i foundation_win32.release:consoleapplication.obj
 0001:00007fd0       ?SetAppName@CoreServer@Core@@QAEXABVStringAtom@Util@@@Z 00408fd0 f i foundation_win32.release:consoleapplication.obj
 0001:00007ff0       ??0ConsoleApplication@App@@QAE@XZ 00408ff0 f   foundation_win32.release:consoleapplication.obj
 0001:00008030       ??_EConsoleApplication@App@@UAEPAXI@Z 00409030 f i  CIL library: CIL module
 0001:00008030       ??_GConsoleApplication@App@@UAEPAXI@Z 00409030 f i foundation_win32.release:consoleapplication.obj
 0001:00008060       ??1ConsoleApplication@App@@UAE@XZ 00409060 f   foundation_win32.release:consoleapplication.obj
 0001:000080d0       ?Open@ConsoleApplication@App@@UAE_NXZ 004090d0 f   foundation_win32.release:consoleapplication.obj
 0001:00008250       ?Close@ConsoleApplication@App@@UAEXXZ 00409250 f   foundation_win32.release:consoleapplication.obj
 0001:000082b0       ??0?$Ptr@VCoreServer@Core@@@@QAE@XZ 004092b0 f i foundation_win32.release:consoleapplication.obj
 0001:000082d0       ??1?$Ptr@VCoreServer@Core@@@@QAE@XZ 004092d0 f i foundation_win32.release:consoleapplication.obj
 0001:00008300       ??4?$Ptr@VCoreServer@Core@@@@QAEXPAVCoreServer@Core@@@Z 00409300 f i foundation_win32.release:consoleapplication.obj
 0001:00008360       ??C?$Ptr@VCoreServer@Core@@@@QBEPAVCoreServer@Core@@XZ 00409360 f i foundation_win32.release:consoleapplication.obj
 0001:000083a0       ??0?$Ptr@VIoServer@IO@@@@QAE@XZ 004093a0 f i foundation_win32.release:consoleapplication.obj
 0001:000083c0       ??1?$Ptr@VIoServer@IO@@@@QAE@XZ 004093c0 f i foundation_win32.release:consoleapplication.obj
 0001:000083f0       ??4?$Ptr@VIoServer@IO@@@@QAEXPAVIoServer@IO@@@Z 004093f0 f i foundation_win32.release:consoleapplication.obj
 0001:00008450       ??0?$Ptr@VLogFileConsoleHandler@IO@@@@QAE@PAVLogFileConsoleHandler@IO@@@Z 00409450 f i foundation_win32.release:consoleapplication.obj
 0001:00008490       ??1?$Ptr@VLogFileConsoleHandler@IO@@@@QAE@XZ 00409490 f i foundation_win32.release:consoleapplication.obj
 0001:000084c0       ??$upcast@VConsoleHandler@IO@@@?$Ptr@VLogFileConsoleHandler@IO@@@@QBEABV?$Ptr@VConsoleHandler@IO@@@@XZ 004094c0 f i foundation_win32.release:consoleapplication.obj
 0001:000084d0       ??0Application@App@@QAE@XZ 004094d0 f   foundation_win32.release:application.obj
 0001:00008630       ??_GApplication@App@@UAEPAXI@Z 00409630 f i foundation_win32.release:application.obj
 0001:00008630       ??_EApplication@App@@UAEPAXI@Z 00409630 f i  CIL library: CIL module
 0001:00008660       ??1Application@App@@UAE@XZ 00409660 f   foundation_win32.release:application.obj
 0001:000087c0       ?Open@Application@App@@UAE_NXZ 004097c0 f   foundation_win32.release:application.obj
 0001:00008800       ?Close@Application@App@@UAEXXZ 00409800 f   foundation_win32.release:application.obj
 0001:00008840       ?Run@Application@App@@UAEXXZ 00409840 f   foundation_win32.release:application.obj
 0001:00008850       ?Exit@Application@App@@UAEXXZ 00409850 f   foundation_win32.release:application.obj
 0001:00008870       ?Clear@String@Util@@QAEXXZ 00409870 f i foundation_win32.release:uri.obj
 0001:000088c0       ?IsEmpty@URI@IO@@QBE_NXZ   004098c0 f i foundation_win32.release:uri.obj
 0001:000088d0       ?Clear@URI@IO@@QAEXXZ      004098d0 f i foundation_win32.release:uri.obj
 0001:00008ad0       ?SetScheme@URI@IO@@QAEXABVString@Util@@@Z 00409ad0 f i foundation_win32.release:uri.obj
 0001:00008b20       ?SetUserInfo@URI@IO@@QAEXABVString@Util@@@Z 00409b20 f i foundation_win32.release:uri.obj
 0001:00008b70       ?SetHost@URI@IO@@QAEXABVString@Util@@@Z 00409b70 f i foundation_win32.release:uri.obj
 0001:00008bc0       ?SetPort@URI@IO@@QAEXABVString@Util@@@Z 00409bc0 f i foundation_win32.release:uri.obj
 0001:00008c10       ?SetLocalPath@URI@IO@@QAEXABVString@Util@@@Z 00409c10 f i foundation_win32.release:uri.obj
 0001:00008c70       ?SetFragment@URI@IO@@QAEXABVString@Util@@@Z 00409c70 f i foundation_win32.release:uri.obj
 0001:00008cd0       ?SetQuery@URI@IO@@QAEXABVString@Util@@@Z 00409cd0 f i foundation_win32.release:uri.obj
 0001:00008d30       ?Instance@AssignRegistry@IO@@SAPAV12@XZ 00409d30 f i foundation_win32.release:uri.obj
 0001:00008d60       ?HasInstance@AssignRegistry@IO@@SA_NXZ 00409d60 f i foundation_win32.release:uri.obj
 0001:00008d80       ?Split@URI@IO@@AAE_NABVString@Util@@@Z 00409d80 f   foundation_win32.release:uri.obj
 0001:00009870       ?Build@URI@IO@@ABE?AVString@Util@@XZ 0040a870 f   foundation_win32.release:uri.obj
 0001:00009b60       ?GetTail@URI@IO@@QBE?AVString@Util@@XZ 0040ab60 f   foundation_win32.release:uri.obj
 0001:00009cd0       ?GetHostAndLocalPath@URI@IO@@QBE?AVString@Util@@XZ 0040acd0 f   foundation_win32.release:uri.obj
 0001:00009df0       ?AppendLocalPath@URI@IO@@QAEXABVString@Util@@@Z 0040adf0 f   foundation_win32.release:uri.obj
 0001:00009e80       ?ParseQuery@URI@IO@@QBE?AV?$Dictionary@VString@Util@@V12@@Util@@XZ 0040ae80 f   foundation_win32.release:uri.obj
 0001:00009ff0       ?WaiterPlus@Win360CriticalSection@Win360@@ABEXXZ 0040aff0 f i foundation_win32.release:ioserver.obj
 0001:0000a010       ?WaiterMinus@Win360CriticalSection@Win360@@ABEXXZ 0040b010 f i foundation_win32.release:ioserver.obj
 0001:0000a030       ?PerfLockImmediate@Win360CriticalSection@Win360@@ABE_NK@Z 0040b030 f i foundation_win32.release:ioserver.obj
 0001:0000a060       ?Enter@Win360CriticalSection@Win360@@QBEXXZ 0040b060 f i foundation_win32.release:ioserver.obj
 0001:0000a0d0       ?AllocateKernelSemaphore@Win360CriticalSection@Win360@@ABEXXZ 0040b0d0 f i foundation_win32.release:ioserver.obj
 0001:0000a140       ?PerfLock@Win360CriticalSection@Win360@@ABE_NK@Z 0040b140 f i foundation_win32.release:ioserver.obj
 0001:0000a1c0       ?PerfLockKernel@Win360CriticalSection@Win360@@ABE_NK@Z 0040b1c0 f i foundation_win32.release:ioserver.obj
 0001:0000a260       ?Leave@Win360CriticalSection@Win360@@QBEXXZ 0040b260 f i foundation_win32.release:ioserver.obj
 0001:0000a290       ?PerfUnlock@Win360CriticalSection@Win360@@ABEXXZ 0040b290 f i foundation_win32.release:ioserver.obj
 0001:0000a2d0       ?IsEmpty@String@Util@@QBE_NXZ 0040b2d0 f i foundation_win32.release:ioserver.obj
 0001:0000a2f0       ??0FourCC@Util@@QAE@I@Z    0040b2f0 f i foundation_win32.release:ioserver.obj
 0001:0000a310       ??3RefCounted@Core@@SAXPAX@Z 0040b310 f i foundation_win32.release:ioserver.obj
 0001:0000a330       ??0RefCounted@Core@@QAE@XZ 0040b330 f i foundation_win32.release:ioserver.obj
 0001:0000a360       ??_GRefCounted@Core@@MAEPAXI@Z 0040b360 f i foundation_win32.release:ioserver.obj
 0001:0000a360       ??_ERefCounted@Core@@MAEPAXI@Z 0040b360 f i  CIL library: CIL module
 0001:0000a390       ?GetRefCount@RefCounted@Core@@QBEHXZ 0040b390 f i foundation_win32.release:ioserver.obj
 0001:0000a3b0       ??0URI@IO@@QAE@XZ          0040b3b0 f i foundation_win32.release:ioserver.obj
 0001:0000a510       ??4URI@IO@@QAEXABV01@@Z    0040b510 f i foundation_win32.release:ioserver.obj
 0001:0000a710       ?Scheme@URI@IO@@QBEABVString@Util@@XZ 0040b710 f i foundation_win32.release:ioserver.obj
 0001:0000a730       ?LocalPath@URI@IO@@QBEABVString@Util@@XZ 0040b730 f i foundation_win32.release:ioserver.obj
 0001:0000a750       ?Instance@SchemeRegistry@IO@@SAPAV12@XZ 0040b750 f i foundation_win32.release:ioserver.obj
 0001:0000a780       ?HasInstance@SchemeRegistry@IO@@SA_NXZ 0040b780 f i foundation_win32.release:ioserver.obj
 0001:0000a7a0       ??2IoServer@IO@@SAPAXI@Z   0040b7a0 f i foundation_win32.release:ioserver.obj
 0001:0000a7b0       ??3IoServer@IO@@SAXPAX@Z   0040b7b0 f i foundation_win32.release:ioserver.obj
 0001:0000a7d0       ?IsArchiveFileSystemEnabled@IoServer@IO@@QBE_NXZ 0040b7d0 f i foundation_win32.release:ioserver.obj
 0001:0000a7f0       ?GetPlatform@SystemInfoBase@Base@@QBE?AW4Platform@12@XZ 0040b7f0 f i foundation_win32.release:ioserver.obj
 0001:0000a800       ?Instance@ArchiveFileSystem@IO@@SAPAV12@XZ 0040b800 f i foundation_win32.release:ioserver.obj
 0001:0000a830       ?HasInstance@ArchiveFileSystem@IO@@SA_NXZ 0040b830 f i foundation_win32.release:ioserver.obj
 0001:0000a850       ??1Rtti@Core@@QAE@XZ       0040b850 f i foundation_win32.release:ioserver.obj
 0001:0000a8a0       ?GetRtti@IoServer@IO@@UBEPAVRtti@Core@@XZ 0040b8a0 f   foundation_win32.release:ioserver.obj
 0001:0000a8b0       ?FactoryCreator@IoServer@IO@@SAPAVRefCounted@Core@@XZ 0040b8b0 f   foundation_win32.release:ioserver.obj
 0001:0000a8c0       ?Create@IoServer@IO@@SAPAV12@XZ 0040b8c0 f   foundation_win32.release:ioserver.obj
 0001:0000a900       ?RegisterWithFactory@IoServer@IO@@SA_NXZ 0040b900 f   foundation_win32.release:ioserver.obj
 0001:0000aa00       ??0CriticalSection@Threading@@QAE@XZ 0040ba00 f i foundation_win32.release:ioserver.obj
 0001:0000aa20       ??1CriticalSection@Threading@@QAE@XZ 0040ba20 f i foundation_win32.release:ioserver.obj
 0001:0000aa40       ??0IoServer@IO@@QAE@XZ     0040ba40 f   foundation_win32.release:ioserver.obj
 0001:0000ac90       ??_GIoServer@IO@@UAEPAXI@Z 0040bc90 f i foundation_win32.release:ioserver.obj
 0001:0000ac90       ??_EIoServer@IO@@UAEPAXI@Z 0040bc90 f i  CIL library: CIL module
 0001:0000acc0       ??1IoServer@IO@@UAE@XZ     0040bcc0 f   foundation_win32.release:ioserver.obj
 0001:0000ad90       ?CreateStream@IoServer@IO@@QBE?AV?$Ptr@VStream@IO@@@@ABVURI@2@@Z 0040bd90 f   foundation_win32.release:ioserver.obj
 0001:0000af50       ?MountArchive@IoServer@IO@@QAE_NABVURI@2@@Z 0040bf50 f   foundation_win32.release:ioserver.obj
 0001:0000afa0       ?UnmountArchive@IoServer@IO@@QAEXABVURI@2@@Z 0040bfa0 f   foundation_win32.release:ioserver.obj
 0001:0000afd0       ?IsArchiveMounted@IoServer@IO@@QBE_NABVURI@2@@Z 0040bfd0 f   foundation_win32.release:ioserver.obj
 0001:0000b000       ?MountStandardArchives@IoServer@IO@@QAEXXZ 0040c000 f   foundation_win32.release:ioserver.obj
 0001:0000b100       ??0SystemInfo@System@@QAE@XZ 0040c100 f i foundation_win32.release:ioserver.obj
 0001:0000b120       ?UnmountStandardArchives@IoServer@IO@@QAEXXZ 0040c120 f   foundation_win32.release:ioserver.obj
 0001:0000b260       ?CreateDirectoryA@IoServer@IO@@QBE_NABVURI@2@@Z 0040c260 f   foundation_win32.release:ioserver.obj
 0001:0000b4e0       ??1?$Stack@VString@Util@@@Util@@QAE@XZ 0040c4e0 f i foundation_win32.release:ioserver.obj
 0001:0000b500       ?CopyFile@IoServer@IO@@QBE_NABVURI@2@0@Z 0040c500 f   foundation_win32.release:ioserver.obj
 0001:0000b930       ?ComputeFileCrc@IoServer@IO@@QBEIABVURI@2@@Z 0040c930 f   foundation_win32.release:ioserver.obj
 0001:0000bac0       ?DeleteFile@IoServer@IO@@QBE_NABVURI@2@@Z 0040cac0 f   foundation_win32.release:ioserver.obj
 0001:0000bb50       ?DeleteDirectory@IoServer@IO@@QBE_NABVURI@2@@Z 0040cb50 f   foundation_win32.release:ioserver.obj
 0001:0000bbe0       ?FileExists@IoServer@IO@@QBE_NABVURI@2@@Z 0040cbe0 f   foundation_win32.release:ioserver.obj
 0001:0000bcb0       ?DirectoryExists@IoServer@IO@@QBE_NABVURI@2@@Z 0040ccb0 f   foundation_win32.release:ioserver.obj
 0001:0000bda0       ?SetReadOnly@IoServer@IO@@QBEXABVURI@2@_N@Z 0040cda0 f   foundation_win32.release:ioserver.obj
 0001:0000be30       ?IsReadOnly@IoServer@IO@@QBE_NABVURI@2@@Z 0040ce30 f   foundation_win32.release:ioserver.obj
 0001:0000bfe0       ?SetFileWriteTime@IoServer@IO@@QAEXABVURI@2@VWin360FileTime@Win360@@@Z 0040cfe0 f   foundation_win32.release:ioserver.obj
 0001:0000c070       ?GetFileWriteTime@IoServer@IO@@QBE?AVWin360FileTime@Win360@@ABVURI@2@@Z 0040d070 f   foundation_win32.release:ioserver.obj
 0001:0000c100       ?ListFiles@IoServer@IO@@QBE?AV?$Array@VString@Util@@@Util@@ABVURI@2@ABVString@4@_N@Z 0040d100 f   foundation_win32.release:ioserver.obj
 0001:0000c320       ?ListDirectories@IoServer@IO@@QBE?AV?$Array@VString@Util@@@Util@@ABVURI@2@ABVString@4@_N@Z 0040d320 f   foundation_win32.release:ioserver.obj
 0001:0000c540       ?AddPathPrefixToArray@IoServer@IO@@ABE?AV?$Array@VString@Util@@@Util@@ABVString@4@ABV34@@Z 0040d540 f   foundation_win32.release:ioserver.obj
 0001:0000c660       ?Reserve@?$Array@VString@Util@@@Util@@QAEXH@Z 0040d660 f i foundation_win32.release:ioserver.obj
 0001:0000c6b0       ?IsEmpty@?$Array@VString@Util@@@Util@@QBE_NXZ 0040d6b0 f i foundation_win32.release:ioserver.obj
 0001:0000c6d0       ??0?$Ptr@VArchiveFileSystem@IO@@@@QAE@XZ 0040d6d0 f i foundation_win32.release:ioserver.obj
 0001:0000c6f0       ??1?$Ptr@VArchiveFileSystem@IO@@@@QAE@XZ 0040d6f0 f i foundation_win32.release:ioserver.obj
 0001:0000c720       ??4?$Ptr@VArchiveFileSystem@IO@@@@QAEXPAVArchiveFileSystem@IO@@@Z 0040d720 f i foundation_win32.release:ioserver.obj
 0001:0000c780       ??C?$Ptr@VArchiveFileSystem@IO@@@@QBEPAVArchiveFileSystem@IO@@XZ 0040d780 f i foundation_win32.release:ioserver.obj
 0001:0000c7c0       ??0?$Ptr@VAssignRegistry@IO@@@@QAE@XZ 0040d7c0 f i foundation_win32.release:ioserver.obj
 0001:0000c7e0       ??1?$Ptr@VAssignRegistry@IO@@@@QAE@XZ 0040d7e0 f i foundation_win32.release:ioserver.obj
 0001:0000c810       ??4?$Ptr@VAssignRegistry@IO@@@@QAEXPAVAssignRegistry@IO@@@Z 0040d810 f i foundation_win32.release:ioserver.obj
 0001:0000c870       ??C?$Ptr@VAssignRegistry@IO@@@@QBEPAVAssignRegistry@IO@@XZ 0040d870 f i foundation_win32.release:ioserver.obj
 0001:0000c8b0       ??0?$Ptr@VSchemeRegistry@IO@@@@QAE@XZ 0040d8b0 f i foundation_win32.release:ioserver.obj
 0001:0000c8d0       ??1?$Ptr@VSchemeRegistry@IO@@@@QAE@XZ 0040d8d0 f i foundation_win32.release:ioserver.obj
 0001:0000c900       ??4?$Ptr@VSchemeRegistry@IO@@@@QAEXPAVSchemeRegistry@IO@@@Z 0040d900 f i foundation_win32.release:ioserver.obj
 0001:0000c960       ??C?$Ptr@VSchemeRegistry@IO@@@@QBEPAVSchemeRegistry@IO@@XZ 0040d960 f i foundation_win32.release:ioserver.obj
 0001:0000c9a0       ??0?$Ptr@VStream@IO@@@@QAE@ABV0@@Z 0040d9a0 f i foundation_win32.release:ioserver.obj
 0001:0000c9e0       ??0?$Ptr@VStream@IO@@@@QAE@PAVStream@IO@@@Z 0040d9e0 f i foundation_win32.release:ioserver.obj
 0001:0000ca20       ??1?$Ptr@VArchive@IO@@@@QAE@XZ 0040da20 f i foundation_win32.release:ioserver.obj
 0001:0000ca50       ??C?$Ptr@VArchive@IO@@@@QBEPAVArchive@IO@@XZ 0040da50 f i foundation_win32.release:ioserver.obj
 0001:0000ca90       ?isvalid@?$Ptr@VArchive@IO@@@@QBE_NXZ 0040da90 f i foundation_win32.release:ioserver.obj
 0001:0000cab0       ??0?$Stack@VString@Util@@@Util@@QAE@XZ 0040dab0 f i foundation_win32.release:ioserver.obj
 0001:0000cad0       ?IsEmpty@?$Stack@VString@Util@@@Util@@QBE_NXZ 0040dad0 f i foundation_win32.release:ioserver.obj
 0001:0000caf0       ?Push@?$Stack@VString@Util@@@Util@@QAEXABVString@2@@Z 0040daf0 f i foundation_win32.release:ioserver.obj
 0001:0000cb10       ?Pop@?$Stack@VString@Util@@@Util@@QAE?AVString@2@XZ 0040db10 f i foundation_win32.release:ioserver.obj
 0001:0000cba0       ?Back@?$Array@VString@Util@@@Util@@QBEAAVString@2@XZ 0040dba0 f i foundation_win32.release:ioserver.obj
 0001:0000cbf0       ?EraseIndex@?$Array@VString@Util@@@Util@@QAEXH@Z 0040dbf0 f i foundation_win32.release:ioserver.obj
 0001:0000cc70       ?Move@?$Array@VString@Util@@@Util@@AAEXHH@Z 0040dc70 f i foundation_win32.release:ioserver.obj
 0001:0000ce70       ___InlineInterlockedCompareExchangePointer 0040de70 f i foundation_win32.release:ioserver.obj
 0001:0000ce90       ??0MediaType@IO@@QAE@XZ    0040de90 f i foundation_win32.release:stream.obj
 0001:0000cf00       ??4MediaType@IO@@QAEXABV01@@Z 0040df00 f i foundation_win32.release:stream.obj
 0001:0000cf90       ??2Stream@IO@@SAPAXI@Z     0040df90 f i foundation_win32.release:stream.obj
 0001:0000cfa0       ??3Stream@IO@@SAXPAX@Z     0040dfa0 f i foundation_win32.release:stream.obj
 0001:0000cfc0       ?GetRtti@Stream@IO@@UBEPAVRtti@Core@@XZ 0040dfc0 f   foundation_win32.release:stream.obj
 0001:0000cfd0       ?FactoryCreator@Stream@IO@@SAPAVRefCounted@Core@@XZ 0040dfd0 f   foundation_win32.release:stream.obj
 0001:0000cfe0       ?Create@Stream@IO@@SAPAV12@XZ 0040dfe0 f   foundation_win32.release:stream.obj
 0001:0000d020       ?RegisterWithFactory@Stream@IO@@SA_NXZ 0040e020 f   foundation_win32.release:stream.obj
 0001:0000d120       ??0Stream@IO@@QAE@XZ       0040e120 f   foundation_win32.release:stream.obj
 0001:0000d1a0       ??_GStream@IO@@UAEPAXI@Z   0040e1a0 f i foundation_win32.release:stream.obj
 0001:0000d1a0       ??_EStream@IO@@UAEPAXI@Z   0040e1a0 f i  CIL library: CIL module
 0001:0000d1d0       ??1MediaType@IO@@QAE@XZ    0040e1d0 f i foundation_win32.release:stream.obj
 0001:0000d260       ??1Stream@IO@@UAE@XZ       0040e260 f   foundation_win32.release:stream.obj
 0001:0000d2e0       ?SetURI@Stream@IO@@QAEXABVURI@2@@Z 0040e2e0 f   foundation_win32.release:stream.obj
 0001:0000d330       ?GetURI@Stream@IO@@QBEABVURI@2@XZ 0040e330 f   foundation_win32.release:stream.obj
 0001:0000d350       ?CanRead@Stream@IO@@UBE_NXZ 0040e350 f   foundation_win32.release:stream.obj
 0001:0000d360       ?CanWrite@Stream@IO@@UBE_NXZ 0040e360 f   foundation_win32.release:stream.obj
 0001:0000d370       ?CanSeek@Stream@IO@@UBE_NXZ 0040e370 f   foundation_win32.release:stream.obj
 0001:0000d380       ?CanBeMapped@Stream@IO@@UBE_NXZ 0040e380 f   foundation_win32.release:stream.obj
 0001:0000d390       ?SetSize@Stream@IO@@UAEXH@Z 0040e390 f   foundation_win32.release:stream.obj
 0001:0000d3c0       ?GetSize@Stream@IO@@UBEHXZ 0040e3c0 f   foundation_win32.release:stream.obj
 0001:0000d3d0       ?GetPosition@Stream@IO@@UBEHXZ 0040e3d0 f   foundation_win32.release:stream.obj
 0001:0000d3e0       ?SetAccessMode@Stream@IO@@QAEXW4AccessMode@12@@Z 0040e3e0 f   foundation_win32.release:stream.obj
 0001:0000d420       ?GetAccessMode@Stream@IO@@QBE?AW4AccessMode@12@XZ 0040e420 f   foundation_win32.release:stream.obj
 0001:0000d440       ?SetAccessPattern@Stream@IO@@QAEXW4AccessPattern@12@@Z 0040e440 f   foundation_win32.release:stream.obj
 0001:0000d480       ?GetAccessPattern@Stream@IO@@QBE?AW4AccessPattern@12@XZ 0040e480 f   foundation_win32.release:stream.obj
 0001:0000d4a0       ?SetMediaType@Stream@IO@@QAEXABVMediaType@2@@Z 0040e4a0 f   foundation_win32.release:stream.obj
 0001:0000d4d0       ?GetMediaType@Stream@IO@@QBEABVMediaType@2@XZ 0040e4d0 f   foundation_win32.release:stream.obj
 0001:0000d4f0       ?Open@Stream@IO@@UAE_NXZ   0040e4f0 f   foundation_win32.release:stream.obj
 0001:0000d530       ?Close@Stream@IO@@UAEXXZ   0040e530 f   foundation_win32.release:stream.obj
 0001:0000d570       ?IsOpen@Stream@IO@@QBE_NXZ 0040e570 f   foundation_win32.release:stream.obj
 0001:0000d590       ?Write@Stream@IO@@UAEXPBXH@Z 0040e590 f   foundation_win32.release:stream.obj
 0001:0000d5f0       ?Read@Stream@IO@@UAEHPAXH@Z 0040e5f0 f   foundation_win32.release:stream.obj
 0001:0000d650       ?Seek@Stream@IO@@UAEXHW4SeekOrigin@12@@Z 0040e650 f   foundation_win32.release:stream.obj
 0001:0000d6b0       ?Flush@Stream@IO@@UAEXXZ   0040e6b0 f   foundation_win32.release:stream.obj
 0001:0000d710       ?Eof@Stream@IO@@UBE_NXZ    0040e710 f   foundation_win32.release:stream.obj
 0001:0000d770       ?Map@Stream@IO@@UAEPAXXZ   0040e770 f   foundation_win32.release:stream.obj
 0001:0000d800       ?Unmap@Stream@IO@@UAEXXZ   0040e800 f   foundation_win32.release:stream.obj
 0001:0000d890       ?IsMapped@Stream@IO@@QBE_NXZ 0040e890 f   foundation_win32.release:stream.obj
 0001:0000d8b0       ?IsOpen@StreamWriter@IO@@QBE_NXZ 0040e8b0 f i foundation_win32.release:textwriter.obj
 0001:0000d8d0       ??2TextWriter@IO@@SAPAXI@Z 0040e8d0 f i foundation_win32.release:textwriter.obj
 0001:0000d8e0       ??3TextWriter@IO@@SAXPAX@Z 0040e8e0 f i foundation_win32.release:textwriter.obj
 0001:0000d900       ?GetRtti@TextWriter@IO@@UBEPAVRtti@Core@@XZ 0040e900 f   foundation_win32.release:textwriter.obj
 0001:0000d910       ?FactoryCreator@TextWriter@IO@@SAPAVRefCounted@Core@@XZ 0040e910 f   foundation_win32.release:textwriter.obj
 0001:0000d920       ?Create@TextWriter@IO@@SAPAV12@XZ 0040e920 f   foundation_win32.release:textwriter.obj
 0001:0000d960       ?RegisterWithFactory@TextWriter@IO@@SA_NXZ 0040e960 f   foundation_win32.release:textwriter.obj
 0001:0000da60       ??0TextWriter@IO@@QAE@XZ   0040ea60 f   foundation_win32.release:textwriter.obj
 0001:0000da80       ??_ETextWriter@IO@@UAEPAXI@Z 0040ea80 f i  CIL library: CIL module
 0001:0000da80       ??_GTextWriter@IO@@UAEPAXI@Z 0040ea80 f i foundation_win32.release:textwriter.obj
 0001:0000dab0       ??1TextWriter@IO@@UAE@XZ   0040eab0 f   foundation_win32.release:textwriter.obj
 0001:0000daf0       ?WriteChar@TextWriter@IO@@QAEXE@Z 0040eaf0 f   foundation_win32.release:textwriter.obj
 0001:0000db20       ?WriteString@TextWriter@IO@@QAEXABVString@Util@@@Z 0040eb20 f   foundation_win32.release:textwriter.obj
 0001:0000db80       ?WriteFormatted@TextWriter@IO@@QAAXPBDZZ 0040eb80 f   foundation_win32.release:textwriter.obj
 0001:0000dc10       ?WriteLine@TextWriter@IO@@QAEXABVString@Util@@@Z 0040ec10 f   foundation_win32.release:textwriter.obj
 0001:0000dc40       ?WriteLines@TextWriter@IO@@QAEXABV?$Array@VString@Util@@@Util@@@Z 0040ec40 f   foundation_win32.release:textwriter.obj
 0001:0000dc90       ??2StreamWriter@IO@@SAPAXI@Z 0040ec90 f i foundation_win32.release:streamwriter.obj
 0001:0000dca0       ??3StreamWriter@IO@@SAXPAX@Z 0040eca0 f i foundation_win32.release:streamwriter.obj
 0001:0000dcc0       ?GetRtti@StreamWriter@IO@@UBEPAVRtti@Core@@XZ 0040ecc0 f   foundation_win32.release:streamwriter.obj
 0001:0000dcd0       ?FactoryCreator@StreamWriter@IO@@SAPAVRefCounted@Core@@XZ 0040ecd0 f   foundation_win32.release:streamwriter.obj
 0001:0000dce0       ?Create@StreamWriter@IO@@SAPAV12@XZ 0040ece0 f   foundation_win32.release:streamwriter.obj
 0001:0000dd20       ?RegisterWithFactory@StreamWriter@IO@@SA_NXZ 0040ed20 f   foundation_win32.release:streamwriter.obj
 0001:0000de20       ??0StreamWriter@IO@@QAE@XZ 0040ee20 f   foundation_win32.release:streamwriter.obj
 0001:0000de70       ??_GStreamWriter@IO@@UAEPAXI@Z 0040ee70 f i foundation_win32.release:streamwriter.obj
 0001:0000de70       ??_EStreamWriter@IO@@UAEPAXI@Z 0040ee70 f i  CIL library: CIL module
 0001:0000dea0       ??1StreamWriter@IO@@UAE@XZ 0040eea0 f   foundation_win32.release:streamwriter.obj
 0001:0000def0       ?SetStream@StreamWriter@IO@@QAEXABV?$Ptr@VStream@IO@@@@@Z 0040eef0 f   foundation_win32.release:streamwriter.obj
 0001:0000df10       ?GetStream@StreamWriter@IO@@QBEABV?$Ptr@VStream@IO@@@@XZ 0040ef10 f   foundation_win32.release:streamwriter.obj
 0001:0000df30       ?HasStream@StreamWriter@IO@@QBE_NXZ 0040ef30 f   foundation_win32.release:streamwriter.obj
 0001:0000df50       ?Open@StreamWriter@IO@@UAE_NXZ 0040ef50 f   foundation_win32.release:streamwriter.obj
 0001:0000e0a0       ?Close@StreamWriter@IO@@UAEXXZ 0040f0a0 f   foundation_win32.release:streamwriter.obj
 0001:0000e120       ??0?$Ptr@VStream@IO@@@@QAE@XZ 0040f120 f i foundation_win32.release:streamwriter.obj
 0001:0000e140       ??4?$Ptr@VStream@IO@@@@QAEXABV0@@Z 0040f140 f i foundation_win32.release:streamwriter.obj
 0001:0000e1a0       ?isvalid@?$Ptr@VStream@IO@@@@QBE_NXZ 0040f1a0 f i foundation_win32.release:streamwriter.obj
 0001:0000e1c0       ??2Console@IO@@SAPAXI@Z    0040f1c0 f i foundation_win32.release:console.obj
 0001:0000e1d0       ??3Console@IO@@SAXPAX@Z    0040f1d0 f i foundation_win32.release:console.obj
 0001:0000e1f0       ?IsOpen@Console@IO@@QBE_NXZ 0040f1f0 f i foundation_win32.release:console.obj
 0001:0000e210       ?GetRtti@Console@IO@@UBEPAVRtti@Core@@XZ 0040f210 f   foundation_win32.release:console.obj
 0001:0000e220       ?FactoryCreator@Console@IO@@SAPAVRefCounted@Core@@XZ 0040f220 f   foundation_win32.release:console.obj
 0001:0000e230       ?Create@Console@IO@@SAPAV12@XZ 0040f230 f   foundation_win32.release:console.obj
 0001:0000e270       ?RegisterWithFactory@Console@IO@@SA_NXZ 0040f270 f   foundation_win32.release:console.obj
 0001:0000e370       ??0Console@IO@@QAE@XZ      0040f370 f   foundation_win32.release:console.obj
 0001:0000e3f0       ??_EConsole@IO@@UAEPAXI@Z  0040f3f0 f i  CIL library: CIL module
 0001:0000e3f0       ??_GConsole@IO@@UAEPAXI@Z  0040f3f0 f i foundation_win32.release:console.obj
 0001:0000e420       ??1Console@IO@@UAE@XZ      0040f420 f   foundation_win32.release:console.obj
 0001:0000e4d0       ?Open@Console@IO@@QAEXXZ   0040f4d0 f   foundation_win32.release:console.obj
 0001:0000e560       ?Close@Console@IO@@QAEXXZ  0040f560 f   foundation_win32.release:console.obj
 0001:0000e600       ?Update@Console@IO@@QAEXXZ 0040f600 f   foundation_win32.release:console.obj
 0001:0000e6b0       ?AttachHandler@Console@IO@@QAEXABV?$Ptr@VConsoleHandler@IO@@@@@Z 0040f6b0 f   foundation_win32.release:console.obj
 0001:0000e740       ?RemoveHandler@Console@IO@@QAEXABV?$Ptr@VConsoleHandler@IO@@@@@Z 0040f740 f   foundation_win32.release:console.obj
 0001:0000e810       ?HasInput@Console@IO@@QBE_NXZ 0040f810 f   foundation_win32.release:console.obj
 0001:0000e8e0       ?GetInput@Console@IO@@QBE?AVString@Util@@XZ 0040f8e0 f   foundation_win32.release:console.obj
 0001:0000ea70       ?Print@Console@IO@@QAAXPBDZZ 0040fa70 f   foundation_win32.release:console.obj
 0001:0000ead0       ?Print@Console@IO@@QAAXPBDPAD@Z 0040fad0 f   foundation_win32.release:console.obj
 0001:0000ebc0       ?Print@Console@IO@@QAEXABVString@Util@@@Z 0040fbc0 f   foundation_win32.release:console.obj
 0001:0000ec80       ?Error@Console@IO@@QAAXPBDZZ 0040fc80 f   foundation_win32.release:console.obj
 0001:0000ece0       ?Error@Console@IO@@QAAXPBDPAD@Z 0040fce0 f   foundation_win32.release:console.obj
 0001:0000edd0       ?DebugOut@Console@IO@@QAAXPBDZZ 0040fdd0 f   foundation_win32.release:console.obj
 0001:0000ee30       ?DebugOut@Console@IO@@QAAXPBDPAD@Z 0040fe30 f   foundation_win32.release:console.obj
 0001:0000ef20       ?Warning@Console@IO@@QAAXPBDZZ 0040ff20 f   foundation_win32.release:console.obj
 0001:0000ef80       ?Warning@Console@IO@@QAAXPBDPAD@Z 0040ff80 f   foundation_win32.release:console.obj
 0001:0000f070       ?Confirm@Console@IO@@QAAXPBDZZ 00410070 f   foundation_win32.release:console.obj
 0001:0000f0d0       ?Confirm@Console@IO@@QAAXPBDPAD@Z 004100d0 f   foundation_win32.release:console.obj
 0001:0000f1c0       ??0?$Array@V?$Ptr@VConsoleHandler@IO@@@@@Util@@QAE@XZ 004101c0 f i foundation_win32.release:console.obj
 0001:0000f200       ??1?$Array@V?$Ptr@VConsoleHandler@IO@@@@@Util@@QAE@XZ 00410200 f i foundation_win32.release:console.obj
 0001:0000f220       ??A?$Array@V?$Ptr@VConsoleHandler@IO@@@@@Util@@QBEAAV?$Ptr@VConsoleHandler@IO@@@@H@Z 00410220 f i foundation_win32.release:console.obj
 0001:0000f270       ?Size@?$Array@V?$Ptr@VConsoleHandler@IO@@@@@Util@@QBEHXZ 00410270 f i foundation_win32.release:console.obj
 0001:0000f290       ?EraseIndex@?$Array@V?$Ptr@VConsoleHandler@IO@@@@@Util@@QAEXH@Z 00410290 f i foundation_win32.release:console.obj
 0001:0000f310       ?Insert@?$Array@V?$Ptr@VConsoleHandler@IO@@@@@Util@@QAEXHABV?$Ptr@VConsoleHandler@IO@@@@@Z 00410310 f i foundation_win32.release:console.obj
 0001:0000f380       ?FindIndex@?$Array@V?$Ptr@VConsoleHandler@IO@@@@@Util@@QBEHABV?$Ptr@VConsoleHandler@IO@@@@@Z 00410380 f i foundation_win32.release:console.obj
 0001:0000f3e0       ??0?$Ptr@VConsoleHandler@IO@@@@QAE@PAVConsoleHandler@IO@@@Z 004103e0 f i foundation_win32.release:console.obj
 0001:0000f420       ??C?$Ptr@VConsoleHandler@IO@@@@QBEPAVConsoleHandler@IO@@XZ 00410420 f i foundation_win32.release:console.obj
 0001:0000f460       ?isvalid@?$Ptr@VConsoleHandler@IO@@@@QBE_NXZ 00410460 f i foundation_win32.release:console.obj
 0001:0000f480       ?Append@?$Array@V?$Ptr@VConsoleHandler@IO@@@@@Util@@QAEXABV?$Ptr@VConsoleHandler@IO@@@@@Z 00410480 f i foundation_win32.release:console.obj
 0001:0000f500       ?Destroy@?$Array@V?$Ptr@VConsoleHandler@IO@@@@@Util@@AAEXPAV?$Ptr@VConsoleHandler@IO@@@@@Z 00410500 f i foundation_win32.release:console.obj
 0001:0000f530       ?Delete@?$Array@V?$Ptr@VConsoleHandler@IO@@@@@Util@@AAEXXZ 00410530 f i foundation_win32.release:console.obj
 0001:0000f5a0       ?Move@?$Array@V?$Ptr@VConsoleHandler@IO@@@@@Util@@AAEXHH@Z 004105a0 f i foundation_win32.release:console.obj
 0001:0000f730       ??4?$Ptr@VConsoleHandler@IO@@@@QAEXABV0@@Z 00410730 f i foundation_win32.release:console.obj
 0001:0000f790       ??8?$Ptr@VConsoleHandler@IO@@@@QBE_NABV0@@Z 00410790 f i foundation_win32.release:console.obj
 0001:0000f7b0       ??_G?$Ptr@VConsoleHandler@IO@@@@QAEPAXI@Z 004107b0 f i foundation_win32.release:console.obj
 0001:0000f7e0       ?Grow@?$Array@V?$Ptr@VConsoleHandler@IO@@@@@Util@@AAEXXZ 004107e0 f i foundation_win32.release:console.obj
 0001:0000f860       ??0?$Ptr@VConsoleHandler@IO@@@@QAE@XZ 00410860 f i foundation_win32.release:console.obj
 0001:0000f880       ?GrowTo@?$Array@V?$Ptr@VConsoleHandler@IO@@@@@Util@@AAEXH@Z 00410880 f i foundation_win32.release:console.obj
 0001:0000f9a0       ?Setup@Blob@Util@@SAXXZ    004109a0 f i foundation_win32.release:win32sysfunc.obj
 0001:0000fa10       ?Shutdown@Blob@Util@@SAXXZ 00410a10 f i foundation_win32.release:win32sysfunc.obj
 0001:0000fa90       ??_GWin360Heap@Win360@@QAEPAXI@Z 00410a90 f i foundation_win32.release:win32sysfunc.obj
 0001:0000fac0       ?Setup@SysFunc@Win32@@SAXXZ 00410ac0 f   foundation_win32.release:win32sysfunc.obj
 0001:0000fb80       ?Exit@SysFunc@Win32@@SAXH@Z 00410b80 f   foundation_win32.release:win32sysfunc.obj
 0001:0000fc60       ??_GGlobalStringAtomTable@Util@@QAEPAXI@Z 00410c60 f i foundation_win32.release:win32sysfunc.obj
 0001:0000fc90       ??_GLocalStringAtomTable@Util@@QAEPAXI@Z 00410c90 f i foundation_win32.release:win32sysfunc.obj
 0001:0000fcc0       ?Error@SysFunc@Win32@@SAXPBD@Z 00410cc0 f   foundation_win32.release:win32sysfunc.obj
 0001:0000fcf0       ?MessageBoxA@SysFunc@Win32@@SAXPBD@Z 00410cf0 f   foundation_win32.release:win32sysfunc.obj
 0001:0000fd30       ?Sleep@SysFunc@Win32@@SAXN@Z 00410d30 f   foundation_win32.release:win32sysfunc.obj
 0001:0000fd60       ?DebugOut@SysFunc@Win32@@SAXPBD@Z 00410d60 f   foundation_win32.release:win32sysfunc.obj
 0001:0000fd70       ?RegisterExitHandler@SysFunc@Win32@@CAPBVExitHandler@Core@@PBV34@@Z 00410d70 f   foundation_win32.release:win32sysfunc.obj
 0001:0000fd90       ?GetSystemInfo@SysFunc@Win32@@SAPBVSystemInfo@System@@XZ 00410d90 f   foundation_win32.release:win32sysfunc.obj
 0001:0000fda0       ?XMVerifyCPUSupport@@YAHXZ 00410da0 f i foundation_win32.release:win32sysfunc.obj
 0001:0000fde0       ?SetupHeaps@Memory@@YAXXZ  00410de0 f   foundation_win32.release:win360memoryconfig.obj
 0001:0000ff40       ?GetHeapTypeName@Memory@@YAPBDW4HeapType@1@@Z 00410f40 f   foundation_win32.release:win360memoryconfig.obj
 0001:00010000       ?Instance@LocalStringAtomTable@Util@@SAPAV12@XZ 00411000 f i foundation_win32.release:stringatom.obj
 0001:00010040       ?Instance@GlobalStringAtomTable@Util@@SAPAV12@XZ 00411040 f i foundation_win32.release:stringatom.obj
 0001:00010070       ?Setup@StringAtom@Util@@AAEXPBD@Z 00411070 f   foundation_win32.release:stringatom.obj
 0001:00010140       ??8StringAtom@Util@@QBE_NPBD@Z 00411140 f   foundation_win32.release:stringatom.obj
 0001:000101c0       ??9StringAtom@Util@@QBE_NPBD@Z 004111c0 f   foundation_win32.release:stringatom.obj
 0001:00010240       ??0StringAtom@Util@@QAE@PBD@Z 00411240 f i foundation_win32.release:coreserver.obj
 0001:00010270       ??2CoreServer@Core@@SAPAXI@Z 00411270 f i foundation_win32.release:coreserver.obj
 0001:00010280       ??3CoreServer@Core@@SAXPAX@Z 00411280 f i foundation_win32.release:coreserver.obj
 0001:000102a0       ?IsOpen@CoreServer@Core@@QBE_NXZ 004112a0 f i foundation_win32.release:coreserver.obj
 0001:000102c0       ?GetRtti@CoreServer@Core@@UBEPAVRtti@2@XZ 004112c0 f   foundation_win32.release:coreserver.obj
 0001:000102d0       ?FactoryCreator@CoreServer@Core@@SAPAVRefCounted@2@XZ 004112d0 f   foundation_win32.release:coreserver.obj
 0001:000102e0       ?Create@CoreServer@Core@@SAPAV12@XZ 004112e0 f   foundation_win32.release:coreserver.obj
 0001:00010320       ?RegisterWithFactory@CoreServer@Core@@SA_NXZ 00411320 f   foundation_win32.release:coreserver.obj
 0001:00010420       ??0CoreServer@Core@@QAE@XZ 00411420 f   foundation_win32.release:coreserver.obj
 0001:00010510       ??_GCoreServer@Core@@UAEPAXI@Z 00411510 f i foundation_win32.release:coreserver.obj
 0001:00010510       ??_ECoreServer@Core@@UAEPAXI@Z 00411510 f i  CIL library: CIL module
 0001:00010540       ??1CoreServer@Core@@UAE@XZ 00411540 f   foundation_win32.release:coreserver.obj
 0001:000105c0       ?Open@CoreServer@Core@@QAEXXZ 004115c0 f   foundation_win32.release:coreserver.obj
 0001:00010620       ?Close@CoreServer@Core@@QAEXXZ 00411620 f   foundation_win32.release:coreserver.obj
 0001:00010670       ?Trigger@CoreServer@Core@@QAEXXZ 00411670 f   foundation_win32.release:coreserver.obj
 0001:00010690       ??0?$Ptr@VConsole@IO@@@@QAE@XZ 00411690 f i foundation_win32.release:coreserver.obj
 0001:000106b0       ??1?$Ptr@VConsole@IO@@@@QAE@XZ 004116b0 f i foundation_win32.release:coreserver.obj
 0001:000106e0       ??4?$Ptr@VConsole@IO@@@@QAEXPAVConsole@IO@@@Z 004116e0 f i foundation_win32.release:coreserver.obj
 0001:00010740       ??C?$Ptr@VConsole@IO@@@@QBEPAVConsole@IO@@XZ 00411740 f i foundation_win32.release:coreserver.obj
 0001:00010780       ?IsOpen@ConsoleHandler@IO@@QBE_NXZ 00411780 f i foundation_win32.release:logfileconsolehandler.obj
 0001:000107a0       ??0URI@IO@@QAE@PBD@Z       004117a0 f i foundation_win32.release:logfileconsolehandler.obj
 0001:00010980       ??2LogFileConsoleHandler@IO@@SAPAXI@Z 00411980 f i foundation_win32.release:logfileconsolehandler.obj
 0001:00010990       ??3LogFileConsoleHandler@IO@@SAXPAX@Z 00411990 f i foundation_win32.release:logfileconsolehandler.obj
 0001:000109b0       ?Value@StringAtom@Util@@QBEPBDXZ 004119b0 f i foundation_win32.release:logfileconsolehandler.obj
 0001:000109c0       ?Instance@CoreServer@Core@@SAPAV12@XZ 004119c0 f i foundation_win32.release:logfileconsolehandler.obj
 0001:00010a00       ?GetAppName@CoreServer@Core@@QBEABVStringAtom@Util@@XZ 00411a00 f i foundation_win32.release:logfileconsolehandler.obj
 0001:00010a20       ?GetRtti@LogFileConsoleHandler@IO@@UBEPAVRtti@Core@@XZ 00411a20 f   foundation_win32.release:logfileconsolehandler.obj
 0001:00010a30       ?FactoryCreator@LogFileConsoleHandler@IO@@SAPAVRefCounted@Core@@XZ 00411a30 f   foundation_win32.release:logfileconsolehandler.obj
 0001:00010a40       ?Create@LogFileConsoleHandler@IO@@SAPAV12@XZ 00411a40 f   foundation_win32.release:logfileconsolehandler.obj
 0001:00010a80       ?RegisterWithFactory@LogFileConsoleHandler@IO@@SA_NXZ 00411a80 f   foundation_win32.release:logfileconsolehandler.obj
 0001:00010b80       ??0LogFileConsoleHandler@IO@@QAE@XZ 00411b80 f   foundation_win32.release:logfileconsolehandler.obj
 0001:00010bc0       ??_GLogFileConsoleHandler@IO@@UAEPAXI@Z 00411bc0 f i foundation_win32.release:logfileconsolehandler.obj
 0001:00010bc0       ??_ELogFileConsoleHandler@IO@@UAEPAXI@Z 00411bc0 f i  CIL library: CIL module
 0001:00010bf0       ??1LogFileConsoleHandler@IO@@UAE@XZ 00411bf0 f   foundation_win32.release:logfileconsolehandler.obj
 0001:00010c40       ?Open@LogFileConsoleHandler@IO@@UAEXXZ 00411c40 f   foundation_win32.release:logfileconsolehandler.obj
 0001:00010ea0       ?Close@LogFileConsoleHandler@IO@@UAEXXZ 00411ea0 f   foundation_win32.release:logfileconsolehandler.obj
 0001:00010f30       ?Print@LogFileConsoleHandler@IO@@UAEXABVString@Util@@@Z 00411f30 f   foundation_win32.release:logfileconsolehandler.obj
 0001:00010f80       ?Error@LogFileConsoleHandler@IO@@UAEXABVString@Util@@@Z 00411f80 f   foundation_win32.release:logfileconsolehandler.obj
 0001:00011050       ?Warning@LogFileConsoleHandler@IO@@UAEXABVString@Util@@@Z 00412050 f   foundation_win32.release:logfileconsolehandler.obj
 0001:00011100       ?DebugOut@LogFileConsoleHandler@IO@@UAEXABVString@Util@@@Z 00412100 f   foundation_win32.release:logfileconsolehandler.obj
 0001:000111b0       ??4?$Ptr@VStream@IO@@@@QAEXPAVStream@IO@@@Z 004121b0 f i foundation_win32.release:logfileconsolehandler.obj
 0001:00011210       ??0?$Ptr@VTextWriter@IO@@@@QAE@XZ 00412210 f i foundation_win32.release:logfileconsolehandler.obj
 0001:00011230       ??4?$Ptr@VTextWriter@IO@@@@QAEXPAVTextWriter@IO@@@Z 00412230 f i foundation_win32.release:logfileconsolehandler.obj
 0001:00011290       ?HashCode@String@Util@@QBEHXZ 00412290 f i foundation_win32.release:assignregistry.obj
 0001:00011340       ?SubstituteChar@String@Util@@QAEXDD@Z 00412340 f i foundation_win32.release:assignregistry.obj
 0001:000113b0       ?ConvertBackslashes@String@Util@@QAEXXZ 004123b0 f i foundation_win32.release:assignregistry.obj
 0001:00011410       ??0Assign@IO@@QAE@XZ       00412410 f i foundation_win32.release:assignregistry.obj
 0001:00011430       ??0Assign@IO@@QAE@ABVString@Util@@0@Z 00412430 f i foundation_win32.release:assignregistry.obj
 0001:000114a0       ?GetName@Assign@IO@@QBEABVString@Util@@XZ 004124a0 f i foundation_win32.release:assignregistry.obj
 0001:000114e0       ??0URI@IO@@QAE@ABV01@@Z    004124e0 f i foundation_win32.release:assignregistry.obj
 0001:000117b0       ??2AssignRegistry@IO@@SAPAXI@Z 004127b0 f i foundation_win32.release:assignregistry.obj
 0001:000117c0       ??3AssignRegistry@IO@@SAXPAX@Z 004127c0 f i foundation_win32.release:assignregistry.obj
 0001:000117e0       ?AsString@StringAtom@Util@@QBE?AVString@2@XZ 004127e0 f i foundation_win32.release:assignregistry.obj
 0001:00011830       ?GetRootDirectory@CoreServer@Core@@QBEABVStringAtom@Util@@XZ 00412830 f i foundation_win32.release:assignregistry.obj
 0001:00011850       ?GetRtti@AssignRegistry@IO@@UBEPAVRtti@Core@@XZ 00412850 f   foundation_win32.release:assignregistry.obj
 0001:00011860       ?FactoryCreator@AssignRegistry@IO@@SAPAVRefCounted@Core@@XZ 00412860 f   foundation_win32.release:assignregistry.obj
 0001:00011870       ?Create@AssignRegistry@IO@@SAPAV12@XZ 00412870 f   foundation_win32.release:assignregistry.obj
 0001:000118b0       ?RegisterWithFactory@AssignRegistry@IO@@SA_NXZ 004128b0 f   foundation_win32.release:assignregistry.obj
 0001:000119b0       ??0AssignRegistry@IO@@QAE@XZ 004129b0 f   foundation_win32.release:assignregistry.obj
 0001:00011a30       ??_EAssignRegistry@IO@@UAEPAXI@Z 00412a30 f i  CIL library: CIL module
 0001:00011a30       ??_GAssignRegistry@IO@@UAEPAXI@Z 00412a30 f i foundation_win32.release:assignregistry.obj
 0001:00011a60       ??1?$HashTable@VString@Util@@V12@@Util@@QAE@XZ 00412a60 f i foundation_win32.release:assignregistry.obj
 0001:00011a80       ??1AssignRegistry@IO@@UAE@XZ 00412a80 f   foundation_win32.release:assignregistry.obj
 0001:00011af0       ?Setup@AssignRegistry@IO@@QAEXXZ 00412af0 f   foundation_win32.release:assignregistry.obj
 0001:00011b70       ?Discard@AssignRegistry@IO@@QAEXXZ 00412b70 f   foundation_win32.release:assignregistry.obj
 0001:00011bf0       ?IsValid@AssignRegistry@IO@@QBE_NXZ 00412bf0 f   foundation_win32.release:assignregistry.obj
 0001:00011c10       ?SetupSystemAssigns@AssignRegistry@IO@@AAEXXZ 00412c10 f   foundation_win32.release:assignregistry.obj
 0001:00012060       ??1Assign@IO@@QAE@XZ       00413060 f i foundation_win32.release:assignregistry.obj
 0001:00012080       ?SetupProjectAssigns@AssignRegistry@IO@@AAEXXZ 00413080 f   foundation_win32.release:assignregistry.obj
 0001:00012ec0       ?SetAssign@AssignRegistry@IO@@QAEXABVAssign@2@@Z 00413ec0 f   foundation_win32.release:assignregistry.obj
 0001:00012fb0       ?HasAssign@AssignRegistry@IO@@QBE_NABVString@Util@@@Z 00413fb0 f   foundation_win32.release:assignregistry.obj
 0001:00013040       ?GetAssign@AssignRegistry@IO@@QBE?AVString@Util@@ABV34@@Z 00414040 f   foundation_win32.release:assignregistry.obj
 0001:00013150       ?ClearAssign@AssignRegistry@IO@@QAEXABVString@Util@@@Z 00414150 f   foundation_win32.release:assignregistry.obj
 0001:00013200       ?GetAllAssigns@AssignRegistry@IO@@QBE?AV?$Array@VAssign@IO@@@Util@@XZ 00414200 f   foundation_win32.release:assignregistry.obj
 0001:000132f0       ?ResolveAssigns@AssignRegistry@IO@@QBE?AVURI@2@ABV32@@Z 004142f0 f   foundation_win32.release:assignregistry.obj
 0001:00013420       ?ResolveAssignsInString@AssignRegistry@IO@@QBE?AVString@Util@@ABV34@@Z 00414420 f   foundation_win32.release:assignregistry.obj
 0001:000137e0       ?Value@?$KeyValuePair@VString@Util@@V12@@Util@@QAEAAVString@2@XZ 004147e0 f i foundation_win32.release:assignregistry.obj
 0001:00013800       ?Key@?$KeyValuePair@VString@Util@@V12@@Util@@QBEABVString@2@XZ 00414800 f i foundation_win32.release:assignregistry.obj
 0001:00013810       ??1?$FixedArray@V?$Array@V?$KeyValuePair@VString@Util@@V12@@Util@@@Util@@@Util@@QAE@XZ 00414810 f i foundation_win32.release:assignregistry.obj
 0001:00013830       ??0?$HashTable@VString@Util@@V12@@Util@@QAE@XZ 00414830 f i foundation_win32.release:assignregistry.obj
 0001:00013860       ??A?$HashTable@VString@Util@@V12@@Util@@QBEAAVString@1@ABV21@@Z 00414860 f i foundation_win32.release:assignregistry.obj
 0001:00013940       ?Clear@?$HashTable@VString@Util@@V12@@Util@@QAEXXZ 00414940 f i foundation_win32.release:assignregistry.obj
 0001:000139a0       ?Add@?$HashTable@VString@Util@@V12@@Util@@QAEXABV?$KeyValuePair@VString@Util@@V12@@2@@Z 004149a0 f i foundation_win32.release:assignregistry.obj
 0001:00013a30       ?Erase@?$HashTable@VString@Util@@V12@@Util@@QAEXABVString@2@@Z 00414a30 f i foundation_win32.release:assignregistry.obj
 0001:00013af0       ?Contains@?$HashTable@VString@Util@@V12@@Util@@QBE_NABVString@2@@Z 00414af0 f i foundation_win32.release:assignregistry.obj
 0001:00013b70       ?Content@?$HashTable@VString@Util@@V12@@Util@@QBE?AV?$Array@V?$KeyValuePair@VString@Util@@V12@@Util@@@2@XZ 00414b70 f i foundation_win32.release:assignregistry.obj
 0001:00013c00       ??0?$Array@VAssign@IO@@@Util@@QAE@ABV01@@Z 00414c00 f i foundation_win32.release:assignregistry.obj
 0001:00013c50       ??0?$Array@VAssign@IO@@@Util@@QAE@HH@Z 00414c50 f i foundation_win32.release:assignregistry.obj
 0001:00013d40       ??1?$Array@VAssign@IO@@@Util@@QAE@XZ 00414d40 f i foundation_win32.release:assignregistry.obj
 0001:00013d60       ?Append@?$Array@VAssign@IO@@@Util@@QAEXABVAssign@IO@@@Z 00414d60 f i foundation_win32.release:assignregistry.obj
 0001:00013de0       ??A?$Array@V?$KeyValuePair@VString@Util@@V12@@Util@@@Util@@QBEAAV?$KeyValuePair@VString@Util@@V12@@1@H@Z 00414de0 f i foundation_win32.release:assignregistry.obj
 0001:00013e30       ??_EAssign@IO@@QAEPAXI@Z   00414e30 f i foundation_win32.release:assignregistry.obj
 0001:00013ed0       ??4Assign@IO@@QAEAAV01@ABV01@@Z 00414ed0 f i foundation_win32.release:assignregistry.obj
 0001:00013ef0       ??0?$KeyValuePair@VString@Util@@V12@@Util@@QAE@ABVString@1@@Z 00414ef0 f i foundation_win32.release:assignregistry.obj
 0001:00013f80       ??0?$FixedArray@V?$Array@V?$KeyValuePair@VString@Util@@V12@@Util@@@Util@@@Util@@QAE@H@Z 00414f80 f i foundation_win32.release:assignregistry.obj
 0001:00013fb0       ??A?$FixedArray@V?$Array@V?$KeyValuePair@VString@Util@@V12@@Util@@@Util@@@Util@@QBEAAV?$Array@V?$KeyValuePair@VString@Util@@V12@@Util@@@1@H@Z 00414fb0 f i foundation_win32.release:assignregistry.obj
 0001:00014000       ?Size@?$FixedArray@V?$Array@V?$KeyValuePair@VString@Util@@V12@@Util@@@Util@@@Util@@QBEHXZ 00415000 f i foundation_win32.release:assignregistry.obj
 0001:00014010       ?Delete@?$FixedArray@V?$Array@V?$KeyValuePair@VString@Util@@V12@@Util@@@Util@@@Util@@AAEXXZ 00415010 f i foundation_win32.release:assignregistry.obj
 0001:00014070       ?AppendArray@?$Array@V?$KeyValuePair@VString@Util@@V12@@Util@@@Util@@QAEXABV12@@Z 00415070 f i foundation_win32.release:assignregistry.obj
 0001:000140c0       ?EraseIndex@?$Array@V?$KeyValuePair@VString@Util@@V12@@Util@@@Util@@QAEXH@Z 004150c0 f i foundation_win32.release:assignregistry.obj
 0001:00014140       ?Clear@?$Array@V?$KeyValuePair@VString@Util@@V12@@Util@@@Util@@QAEXXZ 00415140 f i foundation_win32.release:assignregistry.obj
 0001:00014190       ?BinarySearchIndex@?$Array@V?$KeyValuePair@VString@Util@@V12@@Util@@@Util@@QBEHABV?$KeyValuePair@VString@Util@@V12@@2@@Z 00415190 f i foundation_win32.release:assignregistry.obj
 0001:000142c0       ?Copy@?$Array@VAssign@IO@@@Util@@AAEXABV12@@Z 004152c0 f i foundation_win32.release:assignregistry.obj
 0001:00014400       ?Delete@?$Array@VAssign@IO@@@Util@@AAEXXZ 00415400 f i foundation_win32.release:assignregistry.obj
 0001:00014470       ?Grow@?$Array@VAssign@IO@@@Util@@AAEXXZ 00415470 f i foundation_win32.release:assignregistry.obj
 0001:000144f0       ??_E?$Array@V?$KeyValuePair@VString@Util@@V12@@Util@@@Util@@QAEPAXI@Z 004154f0 f i foundation_win32.release:assignregistry.obj
 0001:00014590       ?Alloc@?$FixedArray@V?$Array@V?$KeyValuePair@VString@Util@@V12@@Util@@@Util@@@Util@@AAEXH@Z 00415590 f i foundation_win32.release:assignregistry.obj
 0001:00014660       ?GrowTo@?$Array@VAssign@IO@@@Util@@AAEXH@Z 00415660 f i foundation_win32.release:assignregistry.obj
 0001:00014830       ??0Win360FileTime@Win360@@QAE@XZ 00415830 f i foundation_win32.release:win360fswrapper.obj
 0001:00014860       ?OpenFile@Win360FSWrapper@Win360@@SAPAXABVString@Util@@W4AccessMode@Stream@IO@@W4AccessPattern@67@K@Z 00415860 f   foundation_win32.release:win360fswrapper.obj
 0001:000149c0       ?CloseFile@Win360FSWrapper@Win360@@SAXPAX@Z 004159c0 f   foundation_win32.release:win360fswrapper.obj
 0001:000149f0       ?Write@Win360FSWrapper@Win360@@SAXPAXPBXH@Z 004159f0 f   foundation_win32.release:win360fswrapper.obj
 0001:00014a80       ?Read@Win360FSWrapper@Win360@@SAHPAX0H@Z 00415a80 f   foundation_win32.release:win360fswrapper.obj
 0001:00014b20       ?Seek@Win360FSWrapper@Win360@@SAXPAXHW4SeekOrigin@Stream@IO@@@Z 00415b20 f   foundation_win32.release:win360fswrapper.obj
 0001:00014ba0       ?Tell@Win360FSWrapper@Win360@@SAHPAX@Z 00415ba0 f   foundation_win32.release:win360fswrapper.obj
 0001:00014be0       ?Flush@Win360FSWrapper@Win360@@SAXPAX@Z 00415be0 f   foundation_win32.release:win360fswrapper.obj
 0001:00014c10       ?Eof@Win360FSWrapper@Win360@@SA_NPAX@Z 00415c10 f   foundation_win32.release:win360fswrapper.obj
 0001:00014c70       ?GetFileSize@Win360FSWrapper@Win360@@SAHPAX@Z 00415c70 f   foundation_win32.release:win360fswrapper.obj
 0001:00014ca0       ?SetReadOnly@Win360FSWrapper@Win360@@SAXABVString@Util@@_N@Z 00415ca0 f   foundation_win32.release:win360fswrapper.obj
 0001:00014d70       ?IsReadOnly@Win360FSWrapper@Win360@@SA_NABVString@Util@@@Z 00415d70 f   foundation_win32.release:win360fswrapper.obj
 0001:00014de0       ?DeleteFile@Win360FSWrapper@Win360@@SA_NABVString@Util@@@Z 00415de0 f   foundation_win32.release:win360fswrapper.obj
 0001:00014e50       ?DeleteDirectory@Win360FSWrapper@Win360@@SA_NABVString@Util@@@Z 00415e50 f   foundation_win32.release:win360fswrapper.obj
 0001:00014ec0       ?FileExists@Win360FSWrapper@Win360@@SA_NABVString@Util@@@Z 00415ec0 f   foundation_win32.release:win360fswrapper.obj
 0001:00014f40       ?DirectoryExists@Win360FSWrapper@Win360@@SA_NABVString@Util@@@Z 00415f40 f   foundation_win32.release:win360fswrapper.obj
 0001:00014fc0       ?SetFileWriteTime@Win360FSWrapper@Win360@@SAXABVString@Util@@VWin360FileTime@2@@Z 00415fc0 f   foundation_win32.release:win360fswrapper.obj
 0001:00015060       ?GetFileWriteTime@Win360FSWrapper@Win360@@SA?AVWin360FileTime@2@ABVString@Util@@@Z 00416060 f   foundation_win32.release:win360fswrapper.obj
 0001:000150f0       ?CreateDirectoryA@Win360FSWrapper@Win360@@SA_NABVString@Util@@@Z 004160f0 f   foundation_win32.release:win360fswrapper.obj
 0001:00015160       ?ListFiles@Win360FSWrapper@Win360@@SA?AV?$Array@VString@Util@@@Util@@ABVString@4@0@Z 00416160 f   foundation_win32.release:win360fswrapper.obj
 0001:000153b0       ?ListDirectories@Win360FSWrapper@Win360@@SA?AV?$Array@VString@Util@@@Util@@ABVString@4@0@Z 004163b0 f   foundation_win32.release:win360fswrapper.obj
 0001:00015760       ?GetUserDirectory@Win360FSWrapper@Win360@@SA?AVString@Util@@XZ 00416760 f   foundation_win32.release:win360fswrapper.obj
 0001:00015890       ?GetAppDataDirectory@Win360FSWrapper@Win360@@SA?AVString@Util@@XZ 00416890 f   foundation_win32.release:win360fswrapper.obj
 0001:000159c0       ?GetProgramsDirectory@Win360FSWrapper@Win360@@SA?AVString@Util@@XZ 004169c0 f   foundation_win32.release:win360fswrapper.obj
 0001:00015af0       ?GetTempDirectory@Win360FSWrapper@Win360@@SA?AVString@Util@@XZ 00416af0 f   foundation_win32.release:win360fswrapper.obj
 0001:00015c80       ?GetBinDirectory@Win360FSWrapper@Win360@@SA?AVString@Util@@XZ 00416c80 f   foundation_win32.release:win360fswrapper.obj
 0001:00015eb0       ?GetHomeDirectory@Win360FSWrapper@Win360@@SA?AVString@Util@@XZ 00416eb0 f   foundation_win32.release:win360fswrapper.obj
 0001:00016220       ?IsDeviceName@Win360FSWrapper@Win360@@SA_NABVString@Util@@@Z 00417220 f   foundation_win32.release:win360fswrapper.obj
 0001:000162b0       ??0FourCC@Util@@QAE@XZ     004172b0 f i foundation_win32.release:rtti.obj
 0001:000162d0       ??8FourCC@Util@@QBE_NABV01@@Z 004172d0 f i foundation_win32.release:rtti.obj
 0001:000162f0       ?IsValid@FourCC@Util@@QBE_NXZ 004172f0 f i foundation_win32.release:rtti.obj
 0001:00016310       ?GetParent@Rtti@Core@@QBEPBV12@XZ 00417310 f i foundation_win32.release:rtti.obj
 0001:00016330       ?Construct@Rtti@Core@@AAEXPBDVFourCC@Util@@P6APAVRefCounted@2@XZPBV12@H@Z 00417330 f   foundation_win32.release:rtti.obj
[...]
 0003:000003c0       ?Win32ProcessHeap@Memory@@3RAXA 004463c0     foundation_win32.release:win360memory.obj
 0003:000003c4       ?TotalAllocCount@Memory@@3HC 004463c4     foundation_win32.release:win360memory.obj
 0003:000003c8       ?TotalAllocSize@Memory@@3HC 004463c8     foundation_win32.release:win360memory.obj
 0003:000003cc       ?HeapTypeAllocCount@Memory@@3RCHC 004463cc     foundation_win32.release:win360memory.obj
 0003:00000400       ?HeapTypeAllocSize@Memory@@3RCHC 00446400     foundation_win32.release:win360memory.obj
 0003:00000434       ?MemoryLoggingEnabled@Memory@@3_NC 00446434     foundation_win32.release:win360memory.obj
 0003:00000435       ?StandardArchivesMounted@IoServer@IO@@0_NA 00446435     foundation_win32.release:ioserver.obj
 0003:00000436       ?SetupCalled@SysFunc@Win32@@0_NC 00446436     foundation_win32.release:win32sysfunc.obj
 0003:00000437       ?TableInitialized@Crc@Util@@0_NA 00446437     foundation_win32.release:crc.obj
 0003:00000438       ?MemoryLoggingThreshold@Memory@@3IC 00446438     foundation_win32.release:win360memory.obj
 0003:0000043c       ?Singleton@Console@IO@@2PAV12@A 0044643c     foundation_win32.release:console.obj
 0003:00000440       ?ExitHandlers@SysFunc@Win32@@0PBVExitHandler@Core@@B 00446440     foundation_win32.release:win32sysfunc.obj
 0003:00000444       ?globalStringAtomTable@Win32@@3PAVGlobalStringAtomTable@Util@@A 00446444     foundation_win32.release:win32sysfunc.obj
 0003:00000448       ?localStringAtomTable@Win32@@3PAVLocalStringAtomTable@Util@@A 00446448     foundation_win32.release:win32sysfunc.obj
 0003:0000044c       ?Heaps@Memory@@3RCRAXC     0044644c     foundation_win32.release:win360memoryconfig.obj
 0003:00000480       ?Singleton@AssignRegistry@IO@@2PAV12@A 00446480     foundation_win32.release:assignregistry.obj
 0003:00000484       ?Singleton@SchemeRegistry@IO@@2PAV12@A 00446484     foundation_win32.release:schemeregistry.obj
 0003:00000488       ?Singleton@ArchiveFileSystem@IO@@2PAV12@A 00446488     foundation_win32.release:archivefilesystem.obj
 0003:0000048c       ?Singleton@Factory@Core@@0PAV12@A 0044648c     foundation_win32.release:factory.obj
 0003:00000490       ?Singleton@ZipFileSystem@IO@@2PAV12@A 00446490     foundation_win32.release:zipfilesystem.obj
 0003:00000494       ?Singleton@ArchiveFileSystemBase@IO@@2PAV12@A 00446494     foundation_win32.release:archivefilesystembase.obj
 0003:00000498       ?Table@Crc@Util@@0PAIA     00446498     foundation_win32.release:crc.obj
 0003:00000898       ?DataHeap@Blob@Util@@0PAVWin360Heap@Win360@@A 00446898     foundation_win32.release:blob.obj
 0003:0000089c       ?NetworkInitialized@Win360Socket@Win360@@0_NA 0044689c     foundation_win32.release:win360socket.obj
 0003:000008a0       ?Singleton@GlobalStringAtomTable@Util@@2PAV12@A 004468a0     foundation_win32.release:globalstringatomtable.obj
 0003:000008a4       ?RTTI@IoServer@IO@@2VRtti@Core@@A 004468a4     foundation_win32.release:ioserver.obj
 0003:000008d4       ?AssignCriticalSection@IoServer@IO@@0VCriticalSection@Threading@@A 004468d4     foundation_win32.release:ioserver.obj
 0003:000008e8       ?SchemeCriticalSection@IoServer@IO@@0VCriticalSection@Threading@@A 004468e8     foundation_win32.release:ioserver.obj
 0003:000008fc       ?ArchiveCriticalSection@IoServer@IO@@0VCriticalSection@Threading@@A 004468fc     foundation_win32.release:ioserver.obj
 0003:00000910       ?RTTI@Stream@IO@@2VRtti@Core@@A 00446910     foundation_win32.release:stream.obj
 0003:00000940       ?RTTI@TextWriter@IO@@2VRtti@Core@@A 00446940     foundation_win32.release:textwriter.obj
 0003:00000970       ?RTTI@StreamWriter@IO@@2VRtti@Core@@A 00446970     foundation_win32.release:streamwriter.obj
 0003:000009a0       ?RTTI@Console@IO@@2VRtti@Core@@A 004469a0     foundation_win32.release:console.obj
 0003:000009d0       ?systemInfo@SysFunc@Win32@@0VSystemInfo@System@@A 004469d0     foundation_win32.release:win32sysfunc.obj
 0003:000009e0       ?RTTI@CoreServer@Core@@2VRtti@2@A 004469e0     foundation_win32.release:coreserver.obj
 0003:00000a10       ?RTTI@LogFileConsoleHandler@IO@@2VRtti@Core@@A 00446a10     foundation_win32.release:logfileconsolehandler.obj
 0003:00000a40       ?RTTI@AssignRegistry@IO@@2VRtti@Core@@A 00446a40     foundation_win32.release:assignregistry.obj
 0003:00000a70       ?RTTI@RefCounted@Core@@2VRtti@2@A 00446a70     foundation_win32.release:refcounted.obj
 0003:00000aa0       ?RTTI@SchemeRegistry@IO@@2VRtti@Core@@A 00446aa0     foundation_win32.release:schemeregistry.obj
 0003:00000ad0       ?RTTI@ArchiveFileSystem@IO@@2VRtti@Core@@A 00446ad0     foundation_win32.release:archivefilesystem.obj
 0003:00000b00       ?RTTI@ZipFileSystem@IO@@2VRtti@Core@@A 00446b00     foundation_win32.release:zipfilesystem.obj
 0003:00000b30       ?RTTI@ArchiveFileSystemBase@IO@@2VRtti@Core@@A 00446b30     foundation_win32.release:archivefilesystembase.obj
 0003:00000b60       ?RTTI@ZipArchive@IO@@2VRtti@Core@@A 00446b60     foundation_win32.release:ziparchive.obj
 0003:00000b90       ?RTTI@Win360Thread@Win360@@2VRtti@Core@@A 00446b90     foundation_win32.release:win360thread.obj
 0003:00000bc0       ?RTTI@Win32ConsoleHandler@Win32@@2VRtti@Core@@A 00446bc0     foundation_win32.release:win32consolehandler.obj
 0003:00000bf0       ?RTTI@Win360Socket@Win360@@2VRtti@Core@@A 00446bf0     foundation_win32.release:win360socket.obj
 0003:00000c20       ?RTTI@ConsoleHandler@IO@@2VRtti@Core@@A 00446c20     foundation_win32.release:consolehandler.obj
 0003:00000c50       ?RTTI@FileStream@IO@@2VRtti@Core@@A 00446c50     foundation_win32.release:filestream.obj
 0003:00000c80       ?RTTI@HttpStream@Http@@2VRtti@Core@@A 00446c80     foundation_win32.release:httpstream.obj
 0003:00000cb0       ?RTTI@HttpNzStream@Http@@2VRtti@Core@@A 00446cb0     foundation_win32.release:httpnzstream.obj
 0003:00000ce0       ?RTTI@ZipFileStream@IO@@2VRtti@Core@@A 00446ce0     foundation_win32.release:zipfilestream.obj
 0003:00000d10       ?RTTI@Archive@IO@@2VRtti@Core@@A 00446d10     foundation_win32.release:archive.obj
 0003:00000d40       ?RTTI@ArchiveBase@IO@@2VRtti@Core@@A 00446d40     foundation_win32.release:archivebase.obj
 0003:00000d70       ?RTTI@Socket@Net@@2VRtti@Core@@A 00446d70     foundation_win32.release:socket.obj
 0003:00000da0       ?RTTI@MemoryStream@IO@@2VRtti@Core@@A 00446da0     foundation_win32.release:memorystream.obj
 0003:00000dd0       ?RTTI@HttpClientRegistry@Http@@2VRtti@Core@@A 00446dd0     foundation_win32.release:httpclientregistry.obj
 0003:00000e00       ?RTTI@HttpClient@Http@@2VRtti@Core@@A 00446e00     foundation_win32.release:httpclient.obj
 0003:00000e30       ?RTTI@TcpClient@Net@@2VRtti@Core@@A 00446e30     foundation_win32.release:tcpclient.obj
 0003:00000e60       ?RTTI@StdTcpClient@Net@@2VRtti@Core@@A 00446e60     foundation_win32.release:stdtcpclient.obj
 0003:00000e90       ?RTTI@HttpRequestWriter@Http@@2VRtti@Core@@A 00446e90     foundation_win32.release:httprequestwriter.obj
 0003:00000ec0       ?RTTI@HttpResponseReader@Http@@2VRtti@Core@@A 00446ec0     foundation_win32.release:httpresponsereader.obj
 0003:00000ef0       ?RTTI@StreamReader@IO@@2VRtti@Core@@A 00446ef0     foundation_win32.release:streamreader.obj
 0003:00000f20       ?RTTI@TextReader@IO@@2VRtti@Core@@A 00446f20     foundation_win32.release:textreader.obj
 0003:00000f50       __tls_index                00446f50     MSVCRT:tlssup.obj
 0003:00000f54       ___sse2_available          00446f54     <common>
 0003:00000f58       __adjust_fdiv              00446f58     <common>
 0003:00000f5c       ___native_startup_state    00446f5c     <common>
 0003:00000f60       ___native_startup_lock     00446f60     <common>
 0003:00000f64       ___onexitend               00446f64     <common>
 0003:00000f68       ___onexitbegin             00446f68     <common>
 0003:00000f6c       ___dyn_tls_init_callback   00446f6c     <common>
 0004:00000000       __tls_start                00447000     MSVCRT:tlssup.obj
 0004:00000004       ?Singleton@CoreServer@Core@@2PAV12@A 00447004     foundation_win32.release:coreserver.obj
 0004:00000008       ?Singleton@IoServer@IO@@2PAV12@A 00447008     foundation_win32.release:ioserver.obj
 0004:0000000c       ?Singleton@HttpClientRegistry@Http@@2PAV12@A 0044700c     foundation_win32.release:httpclientregistry.obj
 0004:00000010       ?Singleton@LocalStringAtomTable@Util@@2PAV12@A 00447010     foundation_win32.release:localstringatomtable.obj
 0004:00000014       ?Singleton@Application@App@@2PAV12@A 00447014     foundation_win32.release:application.obj
 0004:00000018       ?ThreadName@Win360Thread@Win360@@0PBDB 00447018     foundation_win32.release:win360thread.obj
 0004:0000001c       __tls_end                  0044701c     MSVCRT:tlssup.obj

 entry point at        0001:00039ab3

 Static symbols

 0001:000016e0       ??HUtil@@YA?AVString@0@ABV10@0@Z 004026e0 f    CIL library: CIL module
 0001:00003160       ??HUtil@@YA?AVString@0@ABV10@0@Z 00404160 f    CIL library: CIL module
 0001:000073c0       ?StringVPrintfWorkerA@@YGJPADIPAIPBD0@Z 004083c0 f    CIL library: CIL module
 0001:000074c0       ?StringLengthWorkerA@@YGJPBDIPAI@Z 004084c0 f    CIL library: CIL module
 0001:00007530       ?StringValidateDestA@@YGJPADIPAII@Z 00408530 f    CIL library: CIL module
 0001:000075f0       ?StringCopyWorkerA@@YGJPADIPAIPBDI@Z 004085f0 f    CIL library: CIL module
 0001:00014790       ??HUtil@@YA?AVString@0@ABV10@0@Z 00415790 f    CIL library: CIL module
 0001:000324c0       _decrypt_byte              004334c0 f    CIL library: CIL module
 0001:000324f0       _update_keys               004334f0 f    CIL library: CIL module
 0001:00032580       _init_keys                 00433580 f    CIL library: CIL module
 0001:000325d0       _unzlocal_getByte          004335d0 f    CIL library: CIL module
 0001:00032640       _unzlocal_getShort         00433640 f    CIL library: CIL module
 0001:000326b0       _unzlocal_getLong          004336b0 f    CIL library: CIL module
 0001:00032770       _strcmpcasenosensitive_internal 00433770 f    CIL library: CIL module
 0001:000328b0       _unzlocal_SearchCentralDir 004338b0 f    CIL library: CIL module
 0001:00032e00       _unzlocal_DosDateToTmuDate 00433e00 f    CIL library: CIL module
 0001:00032e80       _unzlocal_GetCurrentFileInfoInternal 00433e80 f    CIL library: CIL module
 0001:00033710       _unzlocal_CheckCurrentFileCoherencyHeader 00434710 f    CIL library: CIL module
 0001:00034940       _crc32_little              00435940 f    CIL library: CIL module
 0001:00034d40       _crc32_big                 00435d40 f    CIL library: CIL module
 0001:000351a0       _gf2_matrix_times          004361a0 f    CIL library: CIL module
 0001:000351e0       _gf2_matrix_square         004361e0 f    CIL library: CIL module
 0001:00035620       _fixedtables               00436620 f    CIL library: CIL module
 0001:00035650       _updatewindow              00436650 f    CIL library: CIL module
 0001:00037910       _syncsearch                00438910 f    CIL library: CIL module
 0001:00039749       _pre_cpp_init              0043a749 f   MSVCRT:crtexew.obj
 0001:00039794       ___tmainCRTStartup         0043a794 f   MSVCRT:crtexew.obj
 0001:00039973       _check_managed_app         0043a973 f   MSVCRT:crtexew.obj
 0001:000399d2       _pre_c_init                0043a9d2 f   MSVCRT:crtexew.obj
 0001:0003a2ab       _has_osfxsr_set            0043b2ab f   MSVCRT:cpu_disp.obj
 0001:0003a370       ??__E?RTTI@IoServer@IO@@2VRtti@Core@@A@@YAXXZ 0043b370 f    CIL library: CIL module
 0001:0003a3b0       ??__E?AssignCriticalSection@IoServer@IO@@0VCriticalSection@Threading@@A@@YAXXZ 0043b3b0 f    CIL library: CIL module
 0001:0003a3d0       ??__E?SchemeCriticalSection@IoServer@IO@@0VCriticalSection@Threading@@A@@YAXXZ 0043b3d0 f    CIL library: CIL module
 0001:0003a3f0       ??__E?ArchiveCriticalSection@IoServer@IO@@0VCriticalSection@Threading@@A@@YAXXZ 0043b3f0 f    CIL library: CIL module
 0001:0003a410       ??__E?RTTI@Stream@IO@@2VRtti@Core@@A@@YAXXZ 0043b410 f    CIL library: CIL module
 0001:0003a460       ??__E?RTTI@TextWriter@IO@@2VRtti@Core@@A@@YAXXZ 0043b460 f    CIL library: CIL module
 0001:0003a4a0       ??__E?RTTI@StreamWriter@IO@@2VRtti@Core@@A@@YAXXZ 0043b4a0 f    CIL library: CIL module
 0001:0003a4e0       ??__E?RTTI@Console@IO@@2VRtti@Core@@A@@YAXXZ 0043b4e0 f    CIL library: CIL module
 0001:0003a520       ??__E?systemInfo@SysFunc@Win32@@0VSystemInfo@System@@A@@YAXXZ 0043b520 f    CIL library: CIL module
 0001:0003a530       ??__E?RTTI@CoreServer@Core@@2VRtti@2@A@@YAXXZ 0043b530 f    CIL library: CIL module
 0001:0003a570       ??__E?RTTI@LogFileConsoleHandler@IO@@2VRtti@Core@@A@@YAXXZ 0043b570 f    CIL library: CIL module
 0001:0003a5b0       ??__E?RTTI@AssignRegistry@IO@@2VRtti@Core@@A@@YAXXZ 0043b5b0 f    CIL library: CIL module
 0001:0003a5f0       ??__E?RTTI@RefCounted@Core@@2VRtti@2@A@@YAXXZ 0043b5f0 f    CIL library: CIL module
 0001:0003a630       ??__E?RTTI@SchemeRegistry@IO@@2VRtti@Core@@A@@YAXXZ 0043b630 f    CIL library: CIL module
 0001:0003a670       ??__E?RTTI@ArchiveFileSystem@IO@@2VRtti@Core@@A@@YAXXZ 0043b670 f    CIL library: CIL module
 0001:0003a6b0       ??__E?RTTI@ZipFileSystem@IO@@2VRtti@Core@@A@@YAXXZ 0043b6b0 f    CIL library: CIL module
 0001:0003a6f0       ??__E?RTTI@ArchiveFileSystemBase@IO@@2VRtti@Core@@A@@YAXXZ 0043b6f0 f    CIL library: CIL module
 0001:0003a730       ??__E?RTTI@ZipArchive@IO@@2VRtti@Core@@A@@YAXXZ 0043b730 f    CIL library: CIL module
 0001:0003a780       ??__E?RTTI@Win360Thread@Win360@@2VRtti@Core@@A@@YAXXZ 0043b780 f    CIL library: CIL module
 0001:0003a7c0       ??__E?RTTI@Win32ConsoleHandler@Win32@@2VRtti@Core@@A@@YAXXZ 0043b7c0 f    CIL library: CIL module
 0001:0003a800       ??__E?RTTI@Win360Socket@Win360@@2VRtti@Core@@A@@YAXXZ 0043b800 f    CIL library: CIL module
 0001:0003a840       ??__E?RTTI@ConsoleHandler@IO@@2VRtti@Core@@A@@YAXXZ 0043b840 f    CIL library: CIL module
 0001:0003a880       ??__E?RTTI@FileStream@IO@@2VRtti@Core@@A@@YAXXZ 0043b880 f    CIL library: CIL module
 0001:0003a8d0       ??__E?RTTI@HttpStream@Http@@2VRtti@Core@@A@@YAXXZ 0043b8d0 f    CIL library: CIL module
 0001:0003a920       ??__E?RTTI@HttpNzStream@Http@@2VRtti@Core@@A@@YAXXZ 0043b920 f    CIL library: CIL module
 0001:0003a970       ??__E?RTTI@ZipFileStream@IO@@2VRtti@Core@@A@@YAXXZ 0043b970 f    CIL library: CIL module
 0001:0003a9c0       ??__E?RTTI@Archive@IO@@2VRtti@Core@@A@@YAXXZ 0043b9c0 f    CIL library: CIL module
 0001:0003aa10       ??__E?RTTI@ArchiveBase@IO@@2VRtti@Core@@A@@YAXXZ 0043ba10 f    CIL library: CIL module
 0001:0003aa60       ??__E?RTTI@Socket@Net@@2VRtti@Core@@A@@YAXXZ 0043ba60 f    CIL library: CIL module
 0001:0003aaa0       ??__E?RTTI@MemoryStream@IO@@2VRtti@Core@@A@@YAXXZ 0043baa0 f    CIL library: CIL module
 0001:0003aaf0       ??__E?RTTI@HttpClientRegistry@Http@@2VRtti@Core@@A@@YAXXZ 0043baf0 f    CIL library: CIL module
 0001:0003ab30       ??__E?RTTI@HttpClient@Http@@2VRtti@Core@@A@@YAXXZ 0043bb30 f    CIL library: CIL module
 0001:0003ab70       ??__E?RTTI@TcpClient@Net@@2VRtti@Core@@A@@YAXXZ 0043bb70 f    CIL library: CIL module
 0001:0003abb0       ??__E?RTTI@StdTcpClient@Net@@2VRtti@Core@@A@@YAXXZ 0043bbb0 f    CIL library: CIL module
 0001:0003abf0       ??__E?RTTI@HttpRequestWriter@Http@@2VRtti@Core@@A@@YAXXZ 0043bbf0 f    CIL library: CIL module
 0001:0003ac40       ??__E?RTTI@HttpResponseReader@Http@@2VRtti@Core@@A@@YAXXZ 0043bc40 f    CIL library: CIL module
 0001:0003ac80       ??__E?RTTI@StreamReader@IO@@2VRtti@Core@@A@@YAXXZ 0043bc80 f    CIL library: CIL module
 0001:0003acc0       ??__E?RTTI@TextReader@IO@@2VRtti@Core@@A@@YAXXZ 0043bcc0 f    CIL library: CIL module
 0001:0003ad00       ??__F?RTTI@IoServer@IO@@2VRtti@Core@@A@@YAXXZ 0043bd00 f    CIL library: CIL module
 0001:0003ad50       ??__F?AssignCriticalSection@IoServer@IO@@0VCriticalSection@Threading@@A@@YAXXZ 0043bd50 f    CIL library: CIL module
 0001:0003ad60       ??__F?SchemeCriticalSection@IoServer@IO@@0VCriticalSection@Threading@@A@@YAXXZ 0043bd60 f    CIL library: CIL module
 0001:0003ad70       ??__F?ArchiveCriticalSection@IoServer@IO@@0VCriticalSection@Threading@@A@@YAXXZ 0043bd70 f    CIL library: CIL module
 0001:0003ad80       ??__F?RTTI@Stream@IO@@2VRtti@Core@@A@@YAXXZ 0043bd80 f    CIL library: CIL module
 0001:0003add0       ??__F?RTTI@TextWriter@IO@@2VRtti@Core@@A@@YAXXZ 0043bdd0 f    CIL library: CIL module
 0001:0003ae20       ??__F?RTTI@StreamWriter@IO@@2VRtti@Core@@A@@YAXXZ 0043be20 f    CIL library: CIL module
 0001:0003ae70       ??__F?RTTI@Console@IO@@2VRtti@Core@@A@@YAXXZ 0043be70 f    CIL library: CIL module
 0001:0003aec0       ??__F?RTTI@CoreServer@Core@@2VRtti@2@A@@YAXXZ 0043bec0 f    CIL library: CIL module
 0001:0003af10       ??__F?RTTI@LogFileConsoleHandler@IO@@2VRtti@Core@@A@@YAXXZ 0043bf10 f    CIL library: CIL module
 0001:0003af60       ??__F?RTTI@AssignRegistry@IO@@2VRtti@Core@@A@@YAXXZ 0043bf60 f    CIL library: CIL module
 0001:0003afb0       ??__F?RTTI@RefCounted@Core@@2VRtti@2@A@@YAXXZ 0043bfb0 f    CIL library: CIL module
 0001:0003b000       ??__F?RTTI@SchemeRegistry@IO@@2VRtti@Core@@A@@YAXXZ 0043c000 f    CIL library: CIL module
 0001:0003b050       ??__F?RTTI@ArchiveFileSystem@IO@@2VRtti@Core@@A@@YAXXZ 0043c050 f    CIL library: CIL module
 0001:0003b0a0       ??__F?RTTI@ZipFileSystem@IO@@2VRtti@Core@@A@@YAXXZ 0043c0a0 f    CIL library: CIL module
 0001:0003b0f0       ??__F?RTTI@ArchiveFileSystemBase@IO@@2VRtti@Core@@A@@YAXXZ 0043c0f0 f    CIL library: CIL module
 0001:0003b140       ??__F?RTTI@ZipArchive@IO@@2VRtti@Core@@A@@YAXXZ 0043c140 f    CIL library: CIL module
 0001:0003b190       ??__F?RTTI@Win360Thread@Win360@@2VRtti@Core@@A@@YAXXZ 0043c190 f    CIL library: CIL module
 0001:0003b1e0       ??__F?RTTI@Win32ConsoleHandler@Win32@@2VRtti@Core@@A@@YAXXZ 0043c1e0 f    CIL library: CIL module
 0001:0003b230       ??__F?RTTI@Win360Socket@Win360@@2VRtti@Core@@A@@YAXXZ 0043c230 f    CIL library: CIL module
 0001:0003b280       ??__F?RTTI@ConsoleHandler@IO@@2VRtti@Core@@A@@YAXXZ 0043c280 f    CIL library: CIL module
 0001:0003b2d0       ??__F?RTTI@FileStream@IO@@2VRtti@Core@@A@@YAXXZ 0043c2d0 f    CIL library: CIL module
 0001:0003b320       ??__F?RTTI@HttpStream@Http@@2VRtti@Core@@A@@YAXXZ 0043c320 f    CIL library: CIL module
 0001:0003b370       ??__F?RTTI@HttpNzStream@Http@@2VRtti@Core@@A@@YAXXZ 0043c370 f    CIL library: CIL module
 0001:0003b3c0       ??__F?RTTI@ZipFileStream@IO@@2VRtti@Core@@A@@YAXXZ 0043c3c0 f    CIL library: CIL module
 0001:0003b410       ??__F?RTTI@Archive@IO@@2VRtti@Core@@A@@YAXXZ 0043c410 f    CIL library: CIL module
 0001:0003b460       ??__F?RTTI@ArchiveBase@IO@@2VRtti@Core@@A@@YAXXZ 0043c460 f    CIL library: CIL module
 0001:0003b4b0       ??__F?RTTI@Socket@Net@@2VRtti@Core@@A@@YAXXZ 0043c4b0 f    CIL library: CIL module
 0001:0003b500       ??__F?RTTI@MemoryStream@IO@@2VRtti@Core@@A@@YAXXZ 0043c500 f    CIL library: CIL module
 0001:0003b550       ??__F?RTTI@HttpClientRegistry@Http@@2VRtti@Core@@A@@YAXXZ 0043c550 f    CIL library: CIL module
 0001:0003b5a0       ??__F?RTTI@HttpClient@Http@@2VRtti@Core@@A@@YAXXZ 0043c5a0 f    CIL library: CIL module
 0001:0003b5f0       ??__F?RTTI@TcpClient@Net@@2VRtti@Core@@A@@YAXXZ 0043c5f0 f    CIL library: CIL module
 0001:0003b640       ??__F?RTTI@StdTcpClient@Net@@2VRtti@Core@@A@@YAXXZ 0043c640 f    CIL library: CIL module
 0001:0003b690       ??__F?RTTI@HttpRequestWriter@Http@@2VRtti@Core@@A@@YAXXZ 0043c690 f    CIL library: CIL module
 0001:0003b6e0       ??__F?RTTI@HttpResponseReader@Http@@2VRtti@Core@@A@@YAXXZ 0043c6e0 f    CIL library: CIL module
 0001:0003b730       ??__F?RTTI@StreamReader@IO@@2VRtti@Core@@A@@YAXXZ 0043c730 f    CIL library: CIL module
 0001:0003b780       ??__F?RTTI@TextReader@IO@@2VRtti@Core@@A@@YAXXZ 0043c780 f    CIL library: CIL module
