 jobstest_win32

 Timestamp is 68d8755a (Sun Sep 28 02:38:02 2025)

 Preferred load address is 00400000

 Start         Length     Name                   Class
 0001:00000000 0004684aH .text                   CODE
 0001:00046850 000277efH .text$yc                CODE
 0001:0006e040 00000f73H .text$yd                CODE
 0002:00000000 00000270H .idata$5                DATA
 0002:00000270 00000004H .CRT$XCA                DATA
 0002:00000274 00000004H .CRT$XCAA               DATA
 0002:00000278 000000d8H .CRT$XCU                DATA
 0002:00000350 00000004H .CRT$XCZ                DATA
 0002:00000354 00000004H .CRT$XIA                DATA
 0002:00000358 00000004H .CRT$XIAA               DATA
 0002:0000035c 00000004H .CRT$XIC                DATA
 0002:00000360 00000004H .CRT$XIY                DATA
 0002:00000364 00000004H .CRT$XIZ                DATA
 0002:00000368 00000004H .CRT$XLA                DATA
 0002:0000036c 00000004H .CRT$XLZ                DATA
 0002:00000370 0000c9b0H .rdata                  DATA
 0002:0000cd20 00000018H .rdata$T                DATA
 0002:0000cd38 00000040H .rdata$debug            DATA
 0002:0000cd80 00000008H .rdata$sxdata           DATA
 0002:0000cd88 00000004H .rtc$IAA                DATA
 0002:0000cd8c 00000004H .rtc$IZZ                DATA
 0002:0000cd90 00000004H .rtc$TAA                DATA
 0002:0000cd94 00000004H .rtc$TZZ                DATA
 0002:0000cd98 00000094H .xdata$x                DATA
 0002:0000ce2c 00000078H .idata$2                DATA
 0002:0000cea4 00000014H .idata$3                DATA
 0002:0000ceb8 00000270H .idata$4                DATA
 0002:0000d128 0000088aH .idata$6                DATA
 0002:0000d9b2 00000000H .edata                  DATA
 0003:00000000 00000070H .data                   DATA
 0003:00000070 0000617cH .bss                    DATA
 0004:00000000 00000001H .tls                    DATA
 0004:00000004 00000018H .stls                   DATA
 0004:0000001c 00000001H .tls$ZZZ                DATA

  Address         Publics by Value              Rva+Base       Lib:Object

 0000:00000000       __except_list              00000000     <absolute>
 0000:00000002       ___safe_se_handler_count   00000002     <absolute>
 0000:0000002c       __tls_array                0000002c     <absolute>
 0000:00009876       __ldused                   00009876     <absolute>
 0000:00009876       __fltused                  00009876     <absolute>
 0000:00000000       ___ImageBase               00400000     <linker-defined>
 0001:00000000       _IXACT3SoundBank_Destroy@4 00401000 f i stdneb.obj
 0001:00000020       _IXACT3SoundBank_GetCueIndex@8 00401020 f i stdneb.obj
 0001:00000040       _IXACT3SoundBank_GetNumCues@8 00401040 f i stdneb.obj
 0001:00000060       _IXACT3SoundBank_GetCueProperties@12 00401060 f i stdneb.obj
 0001:00000080       _IXACT3SoundBank_Prepare@20 00401080 f i stdneb.obj
 0001:000000b0       _IXACT3SoundBank_Play@20   004010b0 f i stdneb.obj
 0001:000000e0       _IXACT3SoundBank_Stop@12   004010e0 f i stdneb.obj
 0001:00000100       _IXACT3SoundBank_GetState@8 00401100 f i stdneb.obj
 0001:00000120       _IXACT3WaveBank_Destroy@4  00401120 f i stdneb.obj
 0001:00000140       _IXACT3WaveBank_GetNumWaves@8 00401140 f i stdneb.obj
 0001:00000160       _IXACT3WaveBank_GetWaveIndex@8 00401160 f i stdneb.obj
 0001:00000180       _IXACT3WaveBank_GetWaveProperties@12 00401180 f i stdneb.obj
 0001:000001a0       _IXACT3WaveBank_Prepare@24 004011a0 f i stdneb.obj
 0001:000001d0       _IXACT3WaveBank_Play@24    004011d0 f i stdneb.obj
 0001:00000200       _IXACT3WaveBank_Stop@12    00401200 f i stdneb.obj
 0001:00000220       _IXACT3WaveBank_GetState@8 00401220 f i stdneb.obj
 0001:00000240       _IXACT3Wave_Destroy@4      00401240 f i stdneb.obj
 0001:00000260       _IXACT3Wave_Play@4         00401260 f i stdneb.obj
 0001:00000280       _IXACT3Wave_Stop@8         00401280 f i stdneb.obj
 0001:000002a0       _IXACT3Wave_Pause@8        004012a0 f i stdneb.obj
 0001:000002c0       _IXACT3Wave_GetState@8     004012c0 f i stdneb.obj
 0001:000002e0       _IXACT3Wave_SetPitch@8     004012e0 f i stdneb.obj
 0001:00000300       _IXACT3Wave_SetVolume@8    00401300 f i stdneb.obj
 0001:00000320       _IXACT3Wave_SetMatrixCoefficients@16 00401320 f i stdneb.obj
 0001:00000350       _IXACT3Wave_GetProperties@8 00401350 f i stdneb.obj
 0001:00000370       _IXACT3Cue_Play@4          00401370 f i stdneb.obj
 0001:00000390       _IXACT3Cue_Stop@8          00401390 f i stdneb.obj
 0001:000003b0       _IXACT3Cue_GetState@8      004013b0 f i stdneb.obj
 0001:000003d0       _IXACT3Cue_Destroy@4       004013d0 f i stdneb.obj
 0001:000003f0       _IXACT3Cue_SetMatrixCoefficients@16 004013f0 f i stdneb.obj
 0001:00000420       _IXACT3Cue_GetVariableIndex@8 00401420 f i stdneb.obj
 0001:00000440       _IXACT3Cue_SetVariable@12  00401440 f i stdneb.obj
 0001:00000470       _IXACT3Cue_GetVariable@12  00401470 f i stdneb.obj
 0001:00000490       _IXACT3Cue_Pause@8         00401490 f i stdneb.obj
 0001:000004b0       _IXACT3Cue_GetProperties@8 004014b0 f i stdneb.obj
 0001:000004d0       _IXACT3Cue_SetOutputVoices@8 004014d0 f i stdneb.obj
 0001:000004f0       _IXACT3Cue_SetOutputVoiceMatrix@20 004014f0 f i stdneb.obj
 0001:00000520       _IXACT3Engine_AddRef@4     00401520 f i stdneb.obj
 0001:00000540       _IXACT3Engine_Release@4    00401540 f i stdneb.obj
 0001:00000560       _IXACT3Engine_GetRendererCount@8 00401560 f i stdneb.obj
 0001:00000580       _IXACT3Engine_GetRendererDetails@12 00401580 f i stdneb.obj
 0001:000005a0       _IXACT3Engine_GetFinalMixFormat@8 004015a0 f i stdneb.obj
 0001:000005c0       _IXACT3Engine_Initialize@8 004015c0 f i stdneb.obj
 0001:000005e0       _IXACT3Engine_ShutDown@4   004015e0 f i stdneb.obj
 0001:00000600       _IXACT3Engine_DoWork@4     00401600 f i stdneb.obj
 0001:00000620       _IXACT3Engine_CreateSoundBank@24 00401620 f i stdneb.obj
 0001:00000650       _IXACT3Engine_CreateInMemoryWaveBank@24 00401650 f i stdneb.obj
 0001:00000680       _IXACT3Engine_CreateStreamingWaveBank@12 00401680 f i stdneb.obj
 0001:000006a0       _IXACT3Engine_PrepareWave@32 004016a0 f i stdneb.obj
 0001:000006e0       _IXACT3Engine_PrepareInMemoryWave@52 004016e0 f i stdneb.obj
 0001:00000740       _IXACT3Engine_PrepareStreamingWave@68 00401740 f i stdneb.obj
 0001:000007c0       _IXACT3Engine_RegisterNotification@8 004017c0 f i stdneb.obj
 0001:000007e0       _IXACT3Engine_UnRegisterNotification@8 004017e0 f i stdneb.obj
 0001:00000800       _IXACT3Engine_GetCategory@8 00401800 f i stdneb.obj
 0001:00000820       _IXACT3Engine_Stop@12      00401820 f i stdneb.obj
 0001:00000840       _IXACT3Engine_SetVolume@12 00401840 f i stdneb.obj
 0001:00000870       _IXACT3Engine_Pause@12     00401870 f i stdneb.obj
 0001:00000890       _IXACT3Engine_GetGlobalVariableIndex@8 00401890 f i stdneb.obj
 0001:000008b0       _IXACT3Engine_SetGlobalVariable@12 004018b0 f i stdneb.obj
 0001:000008e0       _IXACT3Engine_GetGlobalVariable@12 004018e0 f i stdneb.obj
 0001:00000900       ?Decrement@Win360Interlocked@Win360@@SAHACH@Z 00401900 f i jobstest.obj
 0001:00000920       ??2@YAPAXI@Z               00401920 f i jobstest.obj
 0001:00000940       ??3@YAXPAX@Z               00401940 f i jobstest.obj
 0001:00000960       ??_V@YAXPAX@Z              00401960 f i jobstest.obj
 0001:00000980       ??3String@Util@@SAXPAX@Z   00401980 f i jobstest.obj
 0001:000009a0       ?Delete@String@Util@@AAEXXZ 004019a0 f i jobstest.obj
 0001:000009f0       ??1String@Util@@QAE@XZ     004019f0 f i jobstest.obj
 0001:00000a40       ??0String@Util@@QAE@PBD@Z  00401a40 f i jobstest.obj
 0001:00000a80       ?AsCharPtr@String@Util@@QBEPBDXZ 00401a80 f i jobstest.obj
 0001:00000ab0       ??4String@Util@@QAEXABV01@@Z 00401ab0 f i jobstest.obj
 0001:00000af0       ?SetCompanyName@Application@App@@QAEXABVString@Util@@@Z 00401af0 f i jobstest.obj
 0001:00000b40       ?SetAppTitle@Application@App@@QAEXABVString@Util@@@Z 00401b40 f i jobstest.obj
 0001:00000b90       ?Release@RefCounted@Core@@QAEXXZ 00401b90 f i jobstest.obj
 0001:00000be0       _WinMain@16                00401be0 f   jobstest.obj
 0001:00000c70       ??1CommandLineArgs@Util@@QAE@XZ 00401c70 f i jobstest.obj
 0001:00000c90       ?NebulaMain@@YAXABVCommandLineArgs@Util@@@Z 00401c90 f   jobstest.obj
 0001:00000e70       ??1?$Array@VString@Util@@@Util@@QAE@XZ 00401e70 f i jobstest.obj
 0001:00000e90       ??_EString@Util@@QAEPAXI@Z 00401e90 f i jobstest.obj
 0001:00000fa0       ??_H@YGXPAXIHP6EPAX0@Z@Z   00401fa0 f i jobstest.obj
 0001:00000fd0       ??_I@YGXPAXIHP6EX0@Z@Z     00401fd0 f i jobstest.obj
 0001:00001000       ?Delete@?$Array@VString@Util@@@Util@@AAEXXZ 00402000 f i jobstest.obj
 0001:00001070       ??_E?$Ptr@VConsoleHandler@IO@@@@QAEPAXI@Z 00402070 f i jobstest.obj
 0001:00001110       ??1?$Ptr@VConsoleHandler@IO@@@@QAE@XZ 00402110 f i jobstest.obj
 0001:00001140       ?Increment@Win360Interlocked@Win360@@SAHACH@Z 00402140 f i jobstestapplication.obj
 0001:00001160       ?Copy@Memory@@YAXPBXPAXI@Z 00402160 f i jobstestapplication.obj
 0001:000011d0       ??_U@YAPAXI@Z              004021d0 f i jobstestapplication.obj
 0001:000011f0       ??0float4@Math@@QAE@XZ     004021f0 f i jobstestapplication.obj
 0001:00001200       ??0float4@Math@@QAE@MMMM@Z 00402200 f i jobstestapplication.obj
 0001:00001250       ??0vector@Math@@QAE@MMM@Z  00402250 f i jobstestapplication.obj
 0001:000012b0       ?IsOpen@Application@App@@QBE_NXZ 004022b0 f i jobstestapplication.obj
 0001:000012d0       ?AddRef@RefCounted@Core@@QAEXXZ 004022d0 f i jobstestapplication.obj
 0001:000012f0       ??0JobUniformDesc@Jobs@@QAE@PAXHH@Z 004022f0 f i jobstestapplication.obj
 0001:00001340       ??0JobDataDesc@Jobs@@QAE@XZ 00402340 f i jobstestapplication.obj
 0001:000013a0       ??0JobDataDesc@Jobs@@QAE@PAXHH@Z 004023a0 f i jobstestapplication.obj
 0001:00001440       ??0JobDataDesc@Jobs@@QAE@PAXHH0HH@Z 00402440 f i jobstestapplication.obj
 0001:00001510       ??0TPJobFuncDesc@Jobs@@QAE@P6AXABUJobFuncContext@@@Z@Z 00402510 f i jobstestapplication.obj
 0001:00001530       ?SetTitle@GameContentServerBase@Base@@QAEXABVString@Util@@@Z 00402530 f i jobstestapplication.obj
 0001:00001580       ?SetTitleId@GameContentServerBase@Base@@QAEXABVString@Util@@@Z 00402580 f i jobstestapplication.obj
 0001:000015d0       ?SetVersion@GameContentServerBase@Base@@QAEXABVString@Util@@@Z 004025d0 f i jobstestapplication.obj
 0001:00001620       ??0JobUniformData@Particles@@QAE@XZ 00402620 f i jobstestapplication.obj
 0001:000016c0       ??0JobsTestApplication@Particles@@QAE@XZ 004026c0 f   jobstestapplication.obj
 0001:00001720       ??_GJobsTestApplication@Particles@@UAEPAXI@Z 00402720 f i jobstestapplication.obj
 0001:00001720       ??_EJobsTestApplication@Particles@@UAEPAXI@Z 00402720 f i  CIL library: CIL module
 0001:00001750       ??1JobsTestApplication@Particles@@UAE@XZ 00402750 f   jobstestapplication.obj
 0001:000017d0       ?Open@JobsTestApplication@Particles@@UAE_NXZ 004027d0 f   jobstestapplication.obj
 0001:00001a40       ?Close@JobsTestApplication@Particles@@UAEXXZ 00402a40 f   jobstestapplication.obj
 0001:00001aa0       ?Run@JobsTestApplication@Particles@@UAEXXZ 00402aa0 f   jobstestapplication.obj
 0001:00001ff0       ??0Particle@Particles@@QAE@XZ 00402ff0 f i jobstestapplication.obj
 0001:00002000       ??0JobSliceOutputData@Particles@@QAE@XZ 00403000 f i jobstestapplication.obj
 0001:00002010       ??0Timer@Timing@@QAE@XZ    00403010 f i jobstestapplication.obj
 0001:00002030       ??0?$Ptr@VJob@Jobs@@@@QAE@XZ 00403030 f i jobstestapplication.obj
 0001:00002050       ??1?$Ptr@VJob@Jobs@@@@QAE@XZ 00403050 f i jobstestapplication.obj
 0001:00002080       ??4?$Ptr@VJob@Jobs@@@@QAEXPAVJob@Jobs@@@Z 00403080 f i jobstestapplication.obj
 0001:000020e0       ??C?$Ptr@VJob@Jobs@@@@QBEPAVJob@Jobs@@XZ 004030e0 f i jobstestapplication.obj
 0001:00002120       ??0?$Ptr@VJobSystem@Jobs@@@@QAE@XZ 00403120 f i jobstestapplication.obj
 0001:00002140       ??1?$Ptr@VJobSystem@Jobs@@@@QAE@XZ 00403140 f i jobstestapplication.obj
 0001:00002170       ??4?$Ptr@VJobSystem@Jobs@@@@QAEXPAVJobSystem@Jobs@@@Z 00403170 f i jobstestapplication.obj
 0001:000021d0       ??C?$Ptr@VJobSystem@Jobs@@@@QBEPAVJobSystem@Jobs@@XZ 004031d0 f i jobstestapplication.obj
 0001:00002210       ??0?$Ptr@VJobPort@Jobs@@@@QAE@XZ 00403210 f i jobstestapplication.obj
 0001:00002230       ??1?$Ptr@VJobPort@Jobs@@@@QAE@XZ 00403230 f i jobstestapplication.obj
 0001:00002260       ??4?$Ptr@VJobPort@Jobs@@@@QAEXPAVJobPort@Jobs@@@Z 00403260 f i jobstestapplication.obj
 0001:000022c0       ??C?$Ptr@VJobPort@Jobs@@@@QBEPAVJobPort@Jobs@@XZ 004032c0 f i jobstestapplication.obj
 0001:00002300       ??0?$Ptr@VGameContentServer@IO@@@@QAE@XZ 00403300 f i jobstestapplication.obj
 0001:00002320       ??1?$Ptr@VGameContentServer@IO@@@@QAE@XZ 00403320 f i jobstestapplication.obj
 0001:00002350       ??4?$Ptr@VGameContentServer@IO@@@@QAEXPAVGameContentServer@IO@@@Z 00403350 f i jobstestapplication.obj
 0001:000023b0       ??C?$Ptr@VGameContentServer@IO@@@@QBEPAVGameContentServer@IO@@XZ 004033b0 f i jobstestapplication.obj
 0001:000023f0       ?XMVectorSet@@YA?AT__m128@@MMMM@Z 004033f0 f i jobstestapplication.obj
 0001:00002430       ?__HeapAlignPointerAndWritePadding16@Memory@@YAPAEPAE@Z 00403430 f i foundation_win32.release:win360memory.obj
 0001:00002460       ?__HeapUnalignPointer16@Memory@@YAPAEPAE@Z 00403460 f i foundation_win32.release:win360memory.obj
 0001:00002480       ?__HeapAlloc16@Memory@@YAPAXPAXKK@Z 00403480 f i foundation_win32.release:win360memory.obj
 0001:000024d0       ?__HeapReAlloc16@Memory@@YAPAXPAXK0K@Z 004034d0 f i foundation_win32.release:win360memory.obj
 0001:000025f0       ?__HeapFree16@Memory@@YAHPAXK0@Z 004035f0 f i foundation_win32.release:win360memory.obj
 0001:00002630       ?Alloc@Memory@@YAPAXW4HeapType@1@I@Z 00403630 f   foundation_win32.release:win360memory.obj
 0001:00002720       ?Realloc@Memory@@YAPAXW4HeapType@1@PAXI@Z 00403720 f   foundation_win32.release:win360memory.obj
 0001:000028d0       ?Free@Memory@@YAXW4HeapType@1@PAX@Z 004038d0 f   foundation_win32.release:win360memory.obj
 0001:00002960       ?DuplicateCString@Memory@@YAPADPBD@Z 00403960 f   foundation_win32.release:win360memory.obj
 0001:00002a40       ?IsOverlapping@Memory@@YA_NPBEI0I@Z 00403a40 f   foundation_win32.release:win360memory.obj
 0001:00002a80       ?GetTotalMemoryStatus@Memory@@YA?AUTotalMemoryStatus@1@XZ 00403a80 f   foundation_win32.release:win360memory.obj
 0001:00002af0       ?DumpTotalMemoryStatus@Memory@@YAXXZ 00403af0 f   foundation_win32.release:win360memory.obj
 0001:00002b10       ??0matrix44@Math@@QAE@ABVfloat4@1@000@Z 00403b10 f i foundation_win32.release:string.obj
 0001:00002b60       ??0String@Util@@QAE@XZ     00403b60 f i foundation_win32.release:string.obj
 0001:00002ba0       ?Alloc@String@Util@@AAEXH@Z 00403ba0 f i foundation_win32.release:string.obj
 0001:00002c40       ?Realloc@String@Util@@AAEXH@Z 00403c40 f i foundation_win32.release:string.obj
 0001:00002d90       ?Reserve@String@Util@@QAEXH@Z 00403d90 f i foundation_win32.release:string.obj
 0001:00002dc0       ??0String@Util@@QAE@ABV01@@Z 00403dc0 f i foundation_win32.release:string.obj
 0001:00002e20       ??4String@Util@@QAEXPBD@Z  00403e20 f i foundation_win32.release:string.obj
 0001:00002e40       ?Append@String@Util@@QAEXABV12@@Z 00403e40 f i foundation_win32.release:string.obj
 0001:00002e80       ??AString@Util@@QBEDH@Z    00403e80 f i foundation_win32.release:string.obj
 0001:00002ee0       ??AString@Util@@QAEAADH@Z  00403ee0 f i foundation_win32.release:string.obj
 0001:00002f40       ?Length@String@Util@@QBEHXZ 00403f40 f i foundation_win32.release:string.obj
 0001:00002f60       ?IsValid@String@Util@@QBE_NXZ 00403f60 f i foundation_win32.release:string.obj
 0001:00003020       ?CopyToBuffer@String@Util@@QBE_NPADH@Z 00404020 f   foundation_win32.release:string.obj
 0001:000030d0       ?Format@String@Util@@QAAXPBDZZ 004040d0 f   foundation_win32.release:string.obj
 0001:00003160       ?FormatArgList@String@Util@@QAAXPBDPAD@Z 00404160 f   foundation_win32.release:string.obj
 0001:000031d0       ?Set@String@Util@@QAEXPBDH@Z 004041d0 f   foundation_win32.release:string.obj
 0001:00003440       ?AppendRange@String@Util@@QAEXPBDH@Z 00404440 f   foundation_win32.release:string.obj
 0001:00003660       ?Tokenize@String@Util@@QBEHABV12@AAV?$Array@VString@Util@@@2@@Z 00404660 f   foundation_win32.release:string.obj
 0001:00003790       ?Tokenize@String@Util@@QBE?AV?$Array@VString@Util@@@2@ABV12@@Z 00404790 f   foundation_win32.release:string.obj
 0001:000037d0       ?Tokenize@String@Util@@QBEHABV12@DAAV?$Array@VString@Util@@@2@@Z 004047d0 f   foundation_win32.release:string.obj
 0001:00003b20       ?Tokenize@String@Util@@QBE?AV?$Array@VString@Util@@@2@ABV12@D@Z 00404b20 f   foundation_win32.release:string.obj
 0001:00003b70       ?ExtractRange@String@Util@@QBE?AV12@HH@Z 00404b70 f   foundation_win32.release:string.obj
 0001:00003c30       ?ExtractToEnd@String@Util@@QBE?AV12@H@Z 00404c30 f   foundation_win32.release:string.obj
 0001:00003c60       ?Strip@String@Util@@QAEXABV12@@Z 00404c60 f   foundation_win32.release:string.obj
 0001:00003d20       ?FindStringIndex@String@Util@@QBEHABV12@H@Z 00404d20 f   foundation_win32.release:string.obj
 0001:00003e10       ?FindCharIndex@String@Util@@QBEHDH@Z 00404e10 f   foundation_win32.release:string.obj
 0001:00003ec0       ?TrimLeft@String@Util@@QAEXABV12@@Z 00404ec0 f   foundation_win32.release:string.obj
 0001:000040a0       ?TrimRight@String@Util@@QAEXABV12@@Z 004050a0 f   foundation_win32.release:string.obj
 0001:00004280       ?Trim@String@Util@@QAEXABV12@@Z 00405280 f   foundation_win32.release:string.obj
 0001:000042b0       ?SubstituteString@String@Util@@QAEXABV12@0@Z 004052b0 f   foundation_win32.release:string.obj
 0001:00004400       ?ExtractLastDirName@String@Util@@QBE?AV12@XZ 00405400 f   foundation_win32.release:string.obj
 0001:00004530       ?ExtractDirName@String@Util@@QBE?AV12@XZ 00405530 f   foundation_win32.release:string.obj
 0001:00004620       ?MatchPattern@String@Util@@SA_NABV12@0@Z 00405620 f   foundation_win32.release:string.obj
 0001:00004930       ?ReplaceChars@String@Util@@QAEXABV12@D@Z 00405930 f   foundation_win32.release:string.obj
 0001:000049e0       ?AsMatrix44@String@Util@@QBE?AVmatrix44@Math@@XZ 004059e0 f   foundation_win32.release:string.obj
 0001:00004e30       ?Concatenate@String@Util@@SA?AV12@ABV?$Array@VString@Util@@@2@ABV12@@Z 00405e30 f   foundation_win32.release:string.obj
 0001:00004f30       ?SetCharPtr@String@Util@@QAEXPBD@Z 00405f30 f   foundation_win32.release:string.obj
 0001:00004f90       ?Append@String@Util@@QAEXPBD@Z 00405f90 f   foundation_win32.release:string.obj
 0001:00005000       ?TerminateAtIndex@String@Util@@QAEXH@Z 00406000 f   foundation_win32.release:string.obj
 0001:00005090       ?StripFileExtension@String@Util@@QAEXXZ 00406090 f   foundation_win32.release:string.obj
 0001:00005130       ??8Util@@YA_NABVString@0@0@Z 00406130 f   foundation_win32.release:string.obj
 0001:000051e0       ??8Util@@YA_NABVString@0@PBD@Z 004061e0 f   foundation_win32.release:string.obj
 0001:00005290       ??8Util@@YA_NPBDABVString@0@@Z 00406290 f   foundation_win32.release:string.obj
 0001:00005340       ??9Util@@YA_NABVString@0@0@Z 00406340 f   foundation_win32.release:string.obj
 0001:000053f0       ??MUtil@@YA_NABVString@0@0@Z 004063f0 f   foundation_win32.release:string.obj
 0001:000054a0       ??OUtil@@YA_NABVString@0@0@Z 004064a0 f   foundation_win32.release:string.obj
 0001:00005550       ??NUtil@@YA_NABVString@0@0@Z 00406550 f   foundation_win32.release:string.obj
 0001:00005600       ??PUtil@@YA_NABVString@0@0@Z 00406600 f   foundation_win32.release:string.obj
 0001:000056b0       ?ToLower@String@Util@@QAEXXZ 004066b0 f   foundation_win32.release:string.obj
 0001:00005710       ?ToUpper@String@Util@@QAEXXZ 00406710 f   foundation_win32.release:string.obj
 0001:00005770       ?FirstCharToUpper@String@Util@@QAEXXZ 00406770 f   foundation_win32.release:string.obj
 0001:000057b0       ?ContainsCharFromSet@String@Util@@QBE_NABV12@@Z 004067b0 f   foundation_win32.release:string.obj
 0001:00005820       ?GetFileExtension@String@Util@@QBE?AV12@XZ 00406820 f   foundation_win32.release:string.obj
 0001:000058e0       ?GetLastSlash@String@Util@@ABEPADXZ 004068e0 f   foundation_win32.release:string.obj
 0001:00005950       ?IsValidBool@String@Util@@QBE_NXZ 00406950 f   foundation_win32.release:string.obj
 0001:000059c0       ?AsInt@String@Util@@QBEHXZ 004069c0 f   foundation_win32.release:string.obj
 0001:00005a00       ?AsFloat@String@Util@@QBEMXZ 00406a00 f   foundation_win32.release:string.obj
 0001:00005a40       ?AsBool@String@Util@@QBE_NXZ 00406a40 f   foundation_win32.release:string.obj
 0001:00005ad0       ?IsDigit@String@Util@@SA_ND@Z 00406ad0 f   foundation_win32.release:string.obj
 0001:00005af0       ?IsAlpha@String@Util@@SA_ND@Z 00406af0 f   foundation_win32.release:string.obj
 0001:00005b10       ?IsAlNum@String@Util@@SA_ND@Z 00406b10 f   foundation_win32.release:string.obj
 0001:00005b30       ?IsLower@String@Util@@SA_ND@Z 00406b30 f   foundation_win32.release:string.obj
 0001:00005b50       ?IsUpper@String@Util@@SA_ND@Z 00406b50 f   foundation_win32.release:string.obj
 0001:00005b70       ?StrCmp@String@Util@@SAHPBD0@Z 00406b70 f   foundation_win32.release:string.obj
 0001:00005c00       ?StrLen@String@Util@@SAHPBD@Z 00406c00 f   foundation_win32.release:string.obj
 0001:00005c60       ?StrChr@String@Util@@SAPBDPBDH@Z 00406c60 f   foundation_win32.release:string.obj
 0001:00005ca0       ?ParseKeyValuePairs@String@Util@@SA?AV?$Dictionary@VString@Util@@V12@@2@ABV12@@Z 00406ca0 f   foundation_win32.release:string.obj
 0001:00005da0       ??1?$Dictionary@VString@Util@@V12@@Util@@QAE@XZ 00406da0 f i foundation_win32.release:string.obj
 0001:00005dc0       ?ChangeFileExtension@String@Util@@QAEXABV12@@Z 00406dc0 f   foundation_win32.release:string.obj
 0001:00005ea0       ??0?$Array@VString@Util@@@Util@@QAE@ABV01@@Z 00406ea0 f i foundation_win32.release:string.obj
 0001:00005ef0       ??0?$Array@VString@Util@@@Util@@QAE@HH@Z 00406ef0 f i foundation_win32.release:string.obj
 0001:00006000       ??0?$Array@VString@Util@@@Util@@QAE@XZ 00407000 f i foundation_win32.release:string.obj
 0001:00006040       ??A?$Array@VString@Util@@@Util@@QBEAAVString@1@H@Z 00407040 f i foundation_win32.release:string.obj
 0001:00006090       ?Append@?$Array@VString@Util@@@Util@@QAEXABVString@2@@Z 00407090 f i foundation_win32.release:string.obj
 0001:00006130       ?Size@?$Array@VString@Util@@@Util@@QBEHXZ 00407130 f i foundation_win32.release:string.obj
 0001:00006150       ?Clear@?$Array@VString@Util@@@Util@@QAEXXZ 00407150 f i foundation_win32.release:string.obj
 0001:000061a0       ??1?$Array@V?$KeyValuePair@VString@Util@@V12@@Util@@@Util@@QAE@XZ 004071a0 f i foundation_win32.release:string.obj
 0001:000061c0       ??0?$Dictionary@VString@Util@@V12@@Util@@QAE@ABV01@@Z 004071c0 f i foundation_win32.release:string.obj
 0001:00006210       ??0?$Dictionary@VString@Util@@V12@@Util@@QAE@XZ 00407210 f i foundation_win32.release:string.obj
 0001:00006230       ?Add@?$Dictionary@VString@Util@@V12@@Util@@QAEXABVString@2@0@Z 00407230 f i foundation_win32.release:string.obj
 0001:00006280       ??1?$KeyValuePair@VString@Util@@V12@@Util@@QAE@XZ 00407280 f i foundation_win32.release:string.obj
 0001:00006310       ?Destroy@?$Array@VString@Util@@@Util@@AAEXPAVString@2@@Z 00407310 f i foundation_win32.release:string.obj
 0001:00006330       ?Copy@?$Array@VString@Util@@@Util@@AAEXABV12@@Z 00407330 f i foundation_win32.release:string.obj
 0001:000064b0       ?Grow@?$Array@VString@Util@@@Util@@AAEXXZ 004074b0 f i foundation_win32.release:string.obj
 0001:00006530       ??0?$Array@V?$KeyValuePair@VString@Util@@V12@@Util@@@Util@@QAE@ABV01@@Z 00407530 f i foundation_win32.release:string.obj
 0001:00006580       ??0?$Array@V?$KeyValuePair@VString@Util@@V12@@Util@@@Util@@QAE@XZ 00407580 f i foundation_win32.release:string.obj
 0001:000065c0       ?Append@?$Array@V?$KeyValuePair@VString@Util@@V12@@Util@@@Util@@QAEXABV?$KeyValuePair@VString@Util@@V12@@2@@Z 004075c0 f i foundation_win32.release:string.obj
 0001:00006640       ?InsertSorted@?$Array@V?$KeyValuePair@VString@Util@@V12@@Util@@@Util@@QAEHABV?$KeyValuePair@VString@Util@@V12@@2@@Z 00407640 f i foundation_win32.release:string.obj
 0001:000068b0       ?Delete@?$Array@V?$KeyValuePair@VString@Util@@V12@@Util@@@Util@@AAEXXZ 004078b0 f i foundation_win32.release:string.obj
 0001:00006920       ??0?$KeyValuePair@VString@Util@@V12@@Util@@QAE@ABVString@1@0@Z 00407920 f i foundation_win32.release:string.obj
 0001:000069e0       ??_GString@Util@@QAEPAXI@Z 004079e0 f i foundation_win32.release:string.obj
 0001:00006a50       ??_E?$KeyValuePair@VString@Util@@V12@@Util@@QAEPAXI@Z 00407a50 f i foundation_win32.release:string.obj
 0001:00006af0       ?GrowTo@?$Array@VString@Util@@@Util@@AAEXH@Z 00407af0 f i foundation_win32.release:string.obj
 0001:00006c60       ?Size@?$Array@V?$KeyValuePair@VString@Util@@V12@@Util@@@Util@@QBEHXZ 00407c60 f i foundation_win32.release:string.obj
 0001:00006c80       ?Insert@?$Array@V?$KeyValuePair@VString@Util@@V12@@Util@@@Util@@QAEXHABV?$KeyValuePair@VString@Util@@V12@@2@@Z 00407c80 f i foundation_win32.release:string.obj
 0001:00006cf0       ?InsertAtEndOfIdenticalRange@?$Array@V?$KeyValuePair@VString@Util@@V12@@Util@@@Util@@QAEHHABV?$KeyValuePair@VString@Util@@V12@@2@@Z 00407cf0 f i foundation_win32.release:string.obj
 0001:00006d70       ?Copy@?$Array@V?$KeyValuePair@VString@Util@@V12@@Util@@@Util@@AAEXABV12@@Z 00407d70 f i foundation_win32.release:string.obj
 0001:00006ea0       ?Grow@?$Array@V?$KeyValuePair@VString@Util@@V12@@Util@@@Util@@AAEXXZ 00407ea0 f i foundation_win32.release:string.obj
 0001:00006f20       ??4?$KeyValuePair@VString@Util@@V12@@Util@@QAEXABV01@@Z 00407f20 f i foundation_win32.release:string.obj
 0001:00006fb0       ??O?$KeyValuePair@VString@Util@@V12@@Util@@QBE_NABV01@@Z 00407fb0 f i foundation_win32.release:string.obj
 0001:00006fd0       ??M?$KeyValuePair@VString@Util@@V12@@Util@@QBE_NABV01@@Z 00407fd0 f i foundation_win32.release:string.obj
 0001:00006ff0       ?GrowTo@?$Array@V?$KeyValuePair@VString@Util@@V12@@Util@@@Util@@AAEXH@Z 00407ff0 f i foundation_win32.release:string.obj
 0001:00007110       ?Move@?$Array@V?$KeyValuePair@VString@Util@@V12@@Util@@@Util@@AAEXHH@Z 00408110 f i foundation_win32.release:string.obj
 0001:000072a0       ??0?$KeyValuePair@VString@Util@@V12@@Util@@QAE@XZ 004082a0 f i foundation_win32.release:string.obj
 0001:00007310       ??9?$KeyValuePair@VString@Util@@V12@@Util@@QBE_NABV01@@Z 00408310 f i foundation_win32.release:string.obj
 0001:00007330       ?Destroy@?$Array@V?$KeyValuePair@VString@Util@@V12@@Util@@@Util@@AAEXPAV?$KeyValuePair@VString@Util@@V12@@2@@Z 00408330 f i foundation_win32.release:string.obj
 0001:00007360       ??_G?$KeyValuePair@VString@Util@@V12@@Util@@QAEPAXI@Z 00408360 f i foundation_win32.release:string.obj
 0001:00007390       ?strrchr@@YAPADPADH@Z      00408390 f i foundation_win32.release:string.obj
 0001:000073b0       ?strpbrk@@YAPADPADPBD@Z    004083b0 f i foundation_win32.release:string.obj
 0001:000073d0       ?strchr@@YAPADPADH@Z       004083d0 f i foundation_win32.release:string.obj
 0001:000074a0       ?StringCchVPrintfA@@YGJPADIPBD0@Z 004084a0 f i foundation_win32.release:string.obj
 0001:000076c0       ?StringCchCopyA@@YGJPADIPBD@Z 004086c0 f i foundation_win32.release:string.obj
 0001:00007710       ??0_XMMATRIX@@QAE@XZ       00408710 f i foundation_win32.release:string.obj
 0001:00007720       ?AsFloat4@String@Util@@QBE?AVfloat4@Math@@XZ 00408720 f i foundation_win32.release:commandlineargs.obj
 0001:000078a0       ??0CommandLineArgs@Util@@QAE@XZ 004088a0 f   foundation_win32.release:commandlineargs.obj
 0001:000078c0       ??0CommandLineArgs@Util@@QAE@ABVString@1@@Z 004088c0 f   foundation_win32.release:commandlineargs.obj
 0001:00007950       ??0CommandLineArgs@Util@@QAE@HPAPBD@Z 00408950 f   foundation_win32.release:commandlineargs.obj
 0001:000079f0       ?Error@CommandLineArgs@Util@@ABEXABVString@2@@Z 004089f0 f   foundation_win32.release:commandlineargs.obj
 0001:00007a30       ?GetCmdName@CommandLineArgs@Util@@QBEABVString@2@XZ 00408a30 f   foundation_win32.release:commandlineargs.obj
 0001:00007a70       ?HasArg@CommandLineArgs@Util@@QBE_NABVString@2@@Z 00408a70 f   foundation_win32.release:commandlineargs.obj
 0001:00007aa0       ?FindArgIndex@CommandLineArgs@Util@@ABEHABVString@2@@Z 00408aa0 f   foundation_win32.release:commandlineargs.obj
 0001:00007b00       ?GetString@CommandLineArgs@Util@@QBEABVString@2@ABV32@0@Z 00408b00 f   foundation_win32.release:commandlineargs.obj
 0001:00007b40       ?GetInt@CommandLineArgs@Util@@QBEHABVString@2@H@Z 00408b40 f   foundation_win32.release:commandlineargs.obj
 0001:00007b90       ?GetFloat@CommandLineArgs@Util@@QBEMABVString@2@M@Z 00408b90 f   foundation_win32.release:commandlineargs.obj
 0001:00007be0       ?GetBool@CommandLineArgs@Util@@QBE_NABVString@2@_N@Z 00408be0 f   foundation_win32.release:commandlineargs.obj
 0001:00007c30       ?GetBoolFlag@CommandLineArgs@Util@@QBE_NABVString@2@@Z 00408c30 f   foundation_win32.release:commandlineargs.obj
 0001:00007c50       ?GetFloat4@CommandLineArgs@Util@@QBE?AVfloat4@Math@@ABVString@2@ABV34@@Z 00408c50 f   foundation_win32.release:commandlineargs.obj
 0001:00007cc0       ?GetMatrix44@CommandLineArgs@Util@@QBE?AVmatrix44@Math@@ABVString@2@ABV34@@Z 00408cc0 f   foundation_win32.release:commandlineargs.obj
 0001:00007d20       ?GetNumArgs@CommandLineArgs@Util@@QBEHXZ 00408d20 f   foundation_win32.release:commandlineargs.obj
 0001:00007d60       ?GetStringAtIndex@CommandLineArgs@Util@@QBEABVString@2@H@Z 00408d60 f   foundation_win32.release:commandlineargs.obj
 0001:00007d80       ?GetIntAtIndex@CommandLineArgs@Util@@QBEHH@Z 00408d80 f   foundation_win32.release:commandlineargs.obj
 0001:00007db0       ?GetFloatAtIndex@CommandLineArgs@Util@@QBEMH@Z 00408db0 f   foundation_win32.release:commandlineargs.obj
 0001:00007de0       ?GetBoolAtIndex@CommandLineArgs@Util@@QBE_NH@Z 00408de0 f   foundation_win32.release:commandlineargs.obj
 0001:00007e10       ?GetFloat4AtIndex@CommandLineArgs@Util@@QBE?AVfloat4@Math@@H@Z 00408e10 f   foundation_win32.release:commandlineargs.obj
 0001:00007e40       ?GetMatrix44AtIndex@CommandLineArgs@Util@@QBE?AVmatrix44@Math@@H@Z 00408e40 f   foundation_win32.release:commandlineargs.obj
 0001:00007e70       ?AppendCommandString@CommandLineArgs@Util@@QAEXABV12@@Z 00408e70 f   foundation_win32.release:commandlineargs.obj
 0001:00007ec0       ??4?$Array@VString@Util@@@Util@@QAEXABV01@@Z 00408ec0 f i foundation_win32.release:commandlineargs.obj
 0001:00007ff0       ?FindIndex@?$Array@VString@Util@@@Util@@QBEHABVString@2@@Z 00408ff0 f i foundation_win32.release:commandlineargs.obj
 0001:00008050       ??0Application@App@@QAE@XZ 00409050 f   foundation_win32.release:application.obj
 0001:000081b0       ??_EApplication@App@@UAEPAXI@Z 004091b0 f i  CIL library: CIL module
 0001:000081b0       ??_GApplication@App@@UAEPAXI@Z 004091b0 f i foundation_win32.release:application.obj
 0001:000081e0       ??1Application@App@@UAE@XZ 004091e0 f   foundation_win32.release:application.obj
 0001:00008340       ?Open@Application@App@@UAE_NXZ 00409340 f   foundation_win32.release:application.obj
 0001:00008380       ?Close@Application@App@@UAEXXZ 00409380 f   foundation_win32.release:application.obj
 0001:000083c0       ?Run@Application@App@@UAEXXZ 004093c0 f   foundation_win32.release:application.obj
 0001:000083d0       ?Exit@Application@App@@UAEXXZ 004093d0 f   foundation_win32.release:application.obj
 0001:000083f0       ?Instance@Console@IO@@SAPAV12@XZ 004093f0 f i foundation_win32.release:debug.obj
 0001:00008420       ?HasInstance@Console@IO@@SA_NXZ 00409420 f i foundation_win32.release:debug.obj
 0001:00008440       ?n_barf@@YAXPBD0H@Z        00409440 f   foundation_win32.release:debug.obj
 0001:000084e0       ?n_barf2@@YAXPBD00H@Z      004094e0 f   foundation_win32.release:debug.obj
 0001:00008580       ?n_error@@YAXPBDZZ         00409580 f   foundation_win32.release:debug.obj
 0001:00008640       ?n_warning@@YAXPBDZZ       00409640 f   foundation_win32.release:debug.obj
 0001:00008700       ?n_confirm@@YAXPBDZZ       00409700 f   foundation_win32.release:debug.obj
 0001:000087c0       ?n_printf@@YAXPBDZZ        004097c0 f   foundation_win32.release:debug.obj
 0001:00008810       ?n_dbgout@@YAXPBDZZ        00409810 f   foundation_win32.release:debug.obj
 0001:00008860       ?n_sleep@@YAXN@Z           00409860 f   foundation_win32.release:debug.obj
 0001:00008880       ??0Win360Timer@Win360@@QAE@XZ 00409880 f   foundation_win32.release:win360timer.obj
 0001:000088c0       ?Start@Win360Timer@Win360@@QAEXXZ 004098c0 f   foundation_win32.release:win360timer.obj
 0001:00008930       ?Stop@Win360Timer@Win360@@QAEXXZ 00409930 f   foundation_win32.release:win360timer.obj
 0001:00008970       ?Reset@Win360Timer@Win360@@QAEXXZ 00409970 f   foundation_win32.release:win360timer.obj
 0001:000089d0       ?Running@Win360Timer@Win360@@QBE_NXZ 004099d0 f   foundation_win32.release:win360timer.obj
 0001:000089e0       ?InternalTime@Win360Timer@Win360@@ABE_JXZ 004099e0 f   foundation_win32.release:win360timer.obj
 0001:00008a30       ?GetTime@Win360Timer@Win360@@QBENXZ 00409a30 f   foundation_win32.release:win360timer.obj
 0001:00008a60       ?GetTicks@Win360Timer@Win360@@QBEHXZ 00409a60 f   foundation_win32.release:win360timer.obj
 0001:00008ac0       ??0StringAtom@Util@@QAE@ABVString@1@@Z 00409ac0 f i foundation_win32.release:consoleapplication.obj
 0001:00008b00       ??4StringAtom@Util@@QAEXABV01@@Z 00409b00 f i foundation_win32.release:consoleapplication.obj
 0001:00008b20       ?SetCompanyName@CoreServer@Core@@QAEXABVStringAtom@Util@@@Z 00409b20 f i foundation_win32.release:consoleapplication.obj
 0001:00008b40       ?SetAppName@CoreServer@Core@@QAEXABVStringAtom@Util@@@Z 00409b40 f i foundation_win32.release:consoleapplication.obj
 0001:00008b60       ??0ConsoleApplication@App@@QAE@XZ 00409b60 f   foundation_win32.release:consoleapplication.obj
 0001:00008ba0       ??_EConsoleApplication@App@@UAEPAXI@Z 00409ba0 f i  CIL library: CIL module
 0001:00008ba0       ??_GConsoleApplication@App@@UAEPAXI@Z 00409ba0 f i foundation_win32.release:consoleapplication.obj
 0001:00008bd0       ??1ConsoleApplication@App@@UAE@XZ 00409bd0 f   foundation_win32.release:consoleapplication.obj
 0001:00008c40       ?Open@ConsoleApplication@App@@UAE_NXZ 00409c40 f   foundation_win32.release:consoleapplication.obj
 0001:00008dc0       ?Close@ConsoleApplication@App@@UAEXXZ 00409dc0 f   foundation_win32.release:consoleapplication.obj
 0001:00008e20       ??0?$Ptr@VCoreServer@Core@@@@QAE@XZ 00409e20 f i foundation_win32.release:consoleapplication.obj
 0001:00008e40       ??1?$Ptr@VCoreServer@Core@@@@QAE@XZ 00409e40 f i foundation_win32.release:consoleapplication.obj
 0001:00008e70       ??4?$Ptr@VCoreServer@Core@@@@QAEXPAVCoreServer@Core@@@Z 00409e70 f i foundation_win32.release:consoleapplication.obj
 0001:00008ed0       ??C?$Ptr@VCoreServer@Core@@@@QBEPAVCoreServer@Core@@XZ 00409ed0 f i foundation_win32.release:consoleapplication.obj
 0001:00008f10       ??0?$Ptr@VIoServer@IO@@@@QAE@XZ 00409f10 f i foundation_win32.release:consoleapplication.obj
 0001:00008f30       ??1?$Ptr@VIoServer@IO@@@@QAE@XZ 00409f30 f i foundation_win32.release:consoleapplication.obj
 0001:00008f60       ??4?$Ptr@VIoServer@IO@@@@QAEXPAVIoServer@IO@@@Z 00409f60 f i foundation_win32.release:consoleapplication.obj
 0001:00008fc0       ??0?$Ptr@VLogFileConsoleHandler@IO@@@@QAE@PAVLogFileConsoleHandler@IO@@@Z 00409fc0 f i foundation_win32.release:consoleapplication.obj
 0001:00009000       ??1?$Ptr@VLogFileConsoleHandler@IO@@@@QAE@XZ 0040a000 f i foundation_win32.release:consoleapplication.obj
 0001:00009030       ??$upcast@VConsoleHandler@IO@@@?$Ptr@VLogFileConsoleHandler@IO@@@@QBEABV?$Ptr@VConsoleHandler@IO@@@@XZ 0040a030 f i foundation_win32.release:consoleapplication.obj
 0001:00009040       ??0FourCC@Util@@QAE@I@Z    0040a040 f i foundation_win32.release:jobsystem.obj
 0001:00009060       ??2JobSystem@Jobs@@SAPAXI@Z 0040a060 f i foundation_win32.release:jobsystem.obj
 0001:00009070       ??3JobSystem@Jobs@@SAXPAX@Z 0040a070 f i foundation_win32.release:jobsystem.obj
 0001:00009090       ??1Rtti@Core@@QAE@XZ       0040a090 f i foundation_win32.release:jobsystem.obj
 0001:000090e0       ?GetRtti@JobSystem@Jobs@@UBEPAVRtti@Core@@XZ 0040a0e0 f   foundation_win32.release:jobsystem.obj
 0001:000090f0       ?FactoryCreator@JobSystem@Jobs@@SAPAVRefCounted@Core@@XZ 0040a0f0 f   foundation_win32.release:jobsystem.obj
 0001:00009100       ?Create@JobSystem@Jobs@@SAPAV12@XZ 0040a100 f   foundation_win32.release:jobsystem.obj
 0001:00009140       ?RegisterWithFactory@JobSystem@Jobs@@SA_NXZ 0040a140 f   foundation_win32.release:jobsystem.obj
 0001:00009240       ??0JobSystem@Jobs@@QAE@XZ  0040a240 f   foundation_win32.release:jobsystem.obj
 0001:00009290       ??_EJobSystem@Jobs@@UAEPAXI@Z 0040a290 f i  CIL library: CIL module
 0001:00009290       ??_GJobSystem@Jobs@@UAEPAXI@Z 0040a290 f i foundation_win32.release:jobsystem.obj
 0001:000092c0       ??1JobSystem@Jobs@@UAE@XZ  0040a2c0 f   foundation_win32.release:jobsystem.obj
 0001:00009310       ?IsValid@JobSystemBase@Base@@QBE_NXZ 0040a310 f i foundation_win32.release:tpjobsystem.obj
 0001:00009330       ??2TPJobSystem@Jobs@@SAPAXI@Z 0040a330 f i foundation_win32.release:tpjobsystem.obj
 0001:00009340       ??3TPJobSystem@Jobs@@SAXPAX@Z 0040a340 f i foundation_win32.release:tpjobsystem.obj
 0001:00009360       ?GetRtti@TPJobSystem@Jobs@@UBEPAVRtti@Core@@XZ 0040a360 f   foundation_win32.release:tpjobsystem.obj
 0001:00009370       ?FactoryCreator@TPJobSystem@Jobs@@SAPAVRefCounted@Core@@XZ 0040a370 f   foundation_win32.release:tpjobsystem.obj
 0001:00009380       ?Create@TPJobSystem@Jobs@@SAPAV12@XZ 0040a380 f   foundation_win32.release:tpjobsystem.obj
 0001:000093c0       ?RegisterWithFactory@TPJobSystem@Jobs@@SA_NXZ 0040a3c0 f   foundation_win32.release:tpjobsystem.obj
 0001:000094c0       ??0TPJobSystem@Jobs@@QAE@XZ 0040a4c0 f   foundation_win32.release:tpjobsystem.obj
 0001:000094f0       ??_ETPJobSystem@Jobs@@UAEPAXI@Z 0040a4f0 f i  CIL library: CIL module
 0001:000094f0       ??_GTPJobSystem@Jobs@@UAEPAXI@Z 0040a4f0 f i foundation_win32.release:tpjobsystem.obj
 0001:00009520       ??1TPJobSystem@Jobs@@UAE@XZ 0040a520 f   foundation_win32.release:tpjobsystem.obj
 0001:00009570       ?Setup@TPJobSystem@Jobs@@QAEXXZ 0040a570 f   foundation_win32.release:tpjobsystem.obj
 0001:000095c0       ?Discard@TPJobSystem@Jobs@@QAEXXZ 0040a5c0 f   foundation_win32.release:tpjobsystem.obj
 0001:00009610       ??2GameContentServer@IO@@SAPAXI@Z 0040a610 f i foundation_win32.release:gamecontentserver.obj
 0001:00009620       ??3GameContentServer@IO@@SAXPAX@Z 0040a620 f i foundation_win32.release:gamecontentserver.obj
 0001:00009640       ?GetRtti@GameContentServer@IO@@UBEPAVRtti@Core@@XZ 0040a640 f   foundation_win32.release:gamecontentserver.obj
 0001:00009650       ?FactoryCreator@GameContentServer@IO@@SAPAVRefCounted@Core@@XZ 0040a650 f   foundation_win32.release:gamecontentserver.obj
 0001:00009660       ?Create@GameContentServer@IO@@SAPAV12@XZ 0040a660 f   foundation_win32.release:gamecontentserver.obj
 0001:000096a0       ?RegisterWithFactory@GameContentServer@IO@@SA_NXZ 0040a6a0 f   foundation_win32.release:gamecontentserver.obj
 0001:000097a0       ??0GameContentServer@IO@@QAE@XZ 0040a7a0 f   foundation_win32.release:gamecontentserver.obj
 0001:000097f0       ??_EGameContentServer@IO@@UAEPAXI@Z 0040a7f0 f i  CIL library: CIL module
 0001:000097f0       ??_GGameContentServer@IO@@UAEPAXI@Z 0040a7f0 f i foundation_win32.release:gamecontentserver.obj
 0001:00009820       ??1GameContentServer@IO@@UAE@XZ 0040a820 f   foundation_win32.release:gamecontentserver.obj
 0001:00009870       ??3RefCounted@Core@@SAXPAX@Z 0040a870 f i foundation_win32.release:gamecontentserverbase.obj
 0001:00009890       ??0RefCounted@Core@@QAE@XZ 0040a890 f i foundation_win32.release:gamecontentserverbase.obj
 0001:000098c0       ??_ERefCounted@Core@@MAEPAXI@Z 0040a8c0 f i  CIL library: CIL module
 0001:000098c0       ??_GRefCounted@Core@@MAEPAXI@Z 0040a8c0 f i foundation_win32.release:gamecontentserverbase.obj
 0001:000098f0       ??2GameContentServerBase@Base@@SAPAXI@Z 0040a8f0 f i foundation_win32.release:gamecontentserverbase.obj
 0001:00009900       ??3GameContentServerBase@Base@@SAXPAX@Z 0040a900 f i foundation_win32.release:gamecontentserverbase.obj
 0001:00009920       ?IsValid@GameContentServerBase@Base@@QBE_NXZ 0040a920 f i foundation_win32.release:gamecontentserverbase.obj
 0001:00009940       ?GetRtti@GameContentServerBase@Base@@UBEPAVRtti@Core@@XZ 0040a940 f   foundation_win32.release:gamecontentserverbase.obj
 0001:00009950       ?FactoryCreator@GameContentServerBase@Base@@SAPAVRefCounted@Core@@XZ 0040a950 f   foundation_win32.release:gamecontentserverbase.obj
 0001:00009960       ?Create@GameContentServerBase@Base@@SAPAV12@XZ 0040a960 f   foundation_win32.release:gamecontentserverbase.obj
 0001:000099a0       ?RegisterWithFactory@GameContentServerBase@Base@@SA_NXZ 0040a9a0 f   foundation_win32.release:gamecontentserverbase.obj
 0001:00009aa0       ??0GameContentServerBase@Base@@QAE@XZ 0040aaa0 f   foundation_win32.release:gamecontentserverbase.obj
 0001:00009b80       ??_EGameContentServerBase@Base@@UAEPAXI@Z 0040ab80 f i  CIL library: CIL module
 0001:00009b80       ??_GGameContentServerBase@Base@@UAEPAXI@Z 0040ab80 f i foundation_win32.release:gamecontentserverbase.obj
 0001:00009bb0       ??1GameContentServerBase@Base@@UAE@XZ 0040abb0 f   foundation_win32.release:gamecontentserverbase.obj
 0001:00009cf0       ?Setup@GameContentServerBase@Base@@QAEXXZ 0040acf0 f   foundation_win32.release:gamecontentserverbase.obj
 0001:00009da0       ?Discard@GameContentServerBase@Base@@QAEXXZ 0040ada0 f   foundation_win32.release:gamecontentserverbase.obj
 0001:00009de0       ??2Job@Jobs@@SAPAXI@Z      0040ade0 f i foundation_win32.release:job.obj
 0001:00009df0       ??3Job@Jobs@@SAXPAX@Z      0040adf0 f i foundation_win32.release:job.obj
 0001:00009e10       ?GetRtti@Job@Jobs@@UBEPAVRtti@Core@@XZ 0040ae10 f   foundation_win32.release:job.obj
 0001:00009e20       ?FactoryCreator@Job@Jobs@@SAPAVRefCounted@Core@@XZ 0040ae20 f   foundation_win32.release:job.obj
 0001:00009e30       ?Create@Job@Jobs@@SAPAV12@XZ 0040ae30 f   foundation_win32.release:job.obj
 0001:00009e70       ??0Job@Jobs@@QAE@XZ        0040ae70 f i foundation_win32.release:job.obj
 0001:00009e90       ??_EJob@Jobs@@UAEPAXI@Z    0040ae90 f i  CIL library: CIL module
 0001:00009e90       ??_GJob@Jobs@@UAEPAXI@Z    0040ae90 f i foundation_win32.release:job.obj
 0001:00009ec0       ??1Job@Jobs@@UAE@XZ        0040aec0 f i foundation_win32.release:job.obj
 0001:00009ee0       ?RegisterWithFactory@Job@Jobs@@SA_NXZ 0040aee0 f   foundation_win32.release:job.obj
 0001:00009fe0       ?GetNumBuffers@JobDataDesc@Jobs@@QBEHXZ 0040afe0 f i foundation_win32.release:tpjob.obj
 0001:00009ff0       ?GetBufferSize@JobDataDesc@Jobs@@QBEHH@Z 0040aff0 f i foundation_win32.release:tpjob.obj
 0001:0000a030       ?GetSliceSize@JobDataDesc@Jobs@@QBEHH@Z 0040b030 f i foundation_win32.release:tpjob.obj
 0001:0000a090       ?IsValid@JobBase@Base@@QBE_NXZ 0040b090 f i foundation_win32.release:tpjob.obj
 0001:0000a0b0       ??0Win360Event@Win360@@QAE@_N@Z 0040b0b0 f i foundation_win32.release:tpjob.obj
 0001:0000a100       ??1Win360Event@Win360@@QAE@XZ 0040b100 f i foundation_win32.release:tpjob.obj
 0001:0000a120       ??0Event@Threading@@QAE@_N@Z 0040b120 f i foundation_win32.release:tpjob.obj
 0001:0000a170       ??2TPJob@Jobs@@SAPAXI@Z    0040b170 f i foundation_win32.release:tpjob.obj
 0001:0000a180       ??3TPJob@Jobs@@SAXPAX@Z    0040b180 f i foundation_win32.release:tpjob.obj
 0001:0000a1a0       ?GetRtti@TPJob@Jobs@@UBEPAVRtti@Core@@XZ 0040b1a0 f   foundation_win32.release:tpjob.obj
 0001:0000a1b0       ?FactoryCreator@TPJob@Jobs@@SAPAVRefCounted@Core@@XZ 0040b1b0 f   foundation_win32.release:tpjob.obj
 0001:0000a1c0       ?Create@TPJob@Jobs@@SAPAV12@XZ 0040b1c0 f   foundation_win32.release:tpjob.obj
 0001:0000a200       ?RegisterWithFactory@TPJob@Jobs@@SA_NXZ 0040b200 f   foundation_win32.release:tpjob.obj
 0001:0000a300       ??0TPJob@Jobs@@QAE@XZ      0040b300 f   foundation_win32.release:tpjob.obj
 0001:0000a380       ??_GTPJob@Jobs@@UAEPAXI@Z  0040b380 f i foundation_win32.release:tpjob.obj
 0001:0000a380       ??_ETPJob@Jobs@@UAEPAXI@Z  0040b380 f i  CIL library: CIL module
 0001:0000a3b0       ??1Event@Threading@@QAE@XZ 0040b3b0 f i foundation_win32.release:tpjob.obj
 0001:0000a3d0       ??1TPJob@Jobs@@UAE@XZ      0040b3d0 f   foundation_win32.release:tpjob.obj
 0001:0000a440       ?Setup@TPJob@Jobs@@QAEXABVJobUniformDesc@2@ABVJobDataDesc@2@1ABVTPJobFuncDesc@2@@Z 0040b440 f   foundation_win32.release:tpjob.obj
 0001:0000a600       ?Discard@TPJob@Jobs@@QAEXXZ 0040b600 f   foundation_win32.release:tpjob.obj
 0001:0000a650       ??0?$FixedArray@VTPJobSlice@Jobs@@@Util@@QAE@XZ 0040b650 f i foundation_win32.release:tpjob.obj
 0001:0000a680       ??1?$FixedArray@VTPJobSlice@Jobs@@@Util@@QAE@XZ 0040b680 f i foundation_win32.release:tpjob.obj
 0001:0000a6a0       ??A?$FixedArray@VTPJobSlice@Jobs@@@Util@@QBEAAVTPJobSlice@Jobs@@H@Z 0040b6a0 f i foundation_win32.release:tpjob.obj
 0001:0000a6f0       ?SetSize@?$FixedArray@VTPJobSlice@Jobs@@@Util@@QAEXH@Z 0040b6f0 f i foundation_win32.release:tpjob.obj
 0001:0000a720       ?Delete@?$FixedArray@VTPJobSlice@Jobs@@@Util@@AAEXXZ 0040b720 f i foundation_win32.release:tpjob.obj
 0001:0000a780       ?Alloc@?$FixedArray@VTPJobSlice@Jobs@@@Util@@AAEXH@Z 0040b780 f i foundation_win32.release:tpjob.obj
 0001:0000a850       ??_ETPJobSlice@Jobs@@QAEPAXI@Z 0040b850 f i foundation_win32.release:tpjob.obj
 0001:0000a8f0       ??2JobPort@Jobs@@SAPAXI@Z  0040b8f0 f i foundation_win32.release:jobport.obj
 0001:0000a900       ??3JobPort@Jobs@@SAXPAX@Z  0040b900 f i foundation_win32.release:jobport.obj
 0001:0000a920       ?GetRtti@JobPort@Jobs@@UBEPAVRtti@Core@@XZ 0040b920 f   foundation_win32.release:jobport.obj
 0001:0000a930       ?FactoryCreator@JobPort@Jobs@@SAPAVRefCounted@Core@@XZ 0040b930 f   foundation_win32.release:jobport.obj
 0001:0000a940       ?Create@JobPort@Jobs@@SAPAV12@XZ 0040b940 f   foundation_win32.release:jobport.obj
 0001:0000a980       ??0JobPort@Jobs@@QAE@XZ    0040b980 f i foundation_win32.release:jobport.obj
 0001:0000a9a0       ??_EJobPort@Jobs@@UAEPAXI@Z 0040b9a0 f i  CIL library: CIL module
 0001:0000a9a0       ??_GJobPort@Jobs@@UAEPAXI@Z 0040b9a0 f i foundation_win32.release:jobport.obj
 0001:0000a9d0       ??1JobPort@Jobs@@UAE@XZ    0040b9d0 f i foundation_win32.release:jobport.obj
 0001:0000a9f0       ?RegisterWithFactory@JobPort@Jobs@@SA_NXZ 0040b9f0 f   foundation_win32.release:jobport.obj
 0001:0000aaf0       ??2JobPortBase@Base@@SAPAXI@Z 0040baf0 f i foundation_win32.release:jobportbase.obj
 0001:0000ab00       ??3JobPortBase@Base@@SAXPAX@Z 0040bb00 f i foundation_win32.release:jobportbase.obj
 0001:0000ab20       ?IsValid@JobPortBase@Base@@QBE_NXZ 0040bb20 f i foundation_win32.release:jobportbase.obj
 0001:0000ab40       ?GetRtti@JobPortBase@Base@@UBEPAVRtti@Core@@XZ 0040bb40 f   foundation_win32.release:jobportbase.obj
 0001:0000ab50       ?FactoryCreator@JobPortBase@Base@@SAPAVRefCounted@Core@@XZ 0040bb50 f   foundation_win32.release:jobportbase.obj
 0001:0000ab60       ?Create@JobPortBase@Base@@SAPAV12@XZ 0040bb60 f   foundation_win32.release:jobportbase.obj
 0001:0000aba0       ?RegisterWithFactory@JobPortBase@Base@@SA_NXZ 0040bba0 f   foundation_win32.release:jobportbase.obj
 0001:0000aca0       ??0JobPortBase@Base@@QAE@XZ 0040bca0 f   foundation_win32.release:jobportbase.obj
 0001:0000ace0       ??_GJobPortBase@Base@@UAEPAXI@Z 0040bce0 f i foundation_win32.release:jobportbase.obj
 0001:0000ace0       ??_EJobPortBase@Base@@UAEPAXI@Z 0040bce0 f i  CIL library: CIL module
 0001:0000ad10       ??1JobPortBase@Base@@UAE@XZ 0040bd10 f   foundation_win32.release:jobportbase.obj
 0001:0000ad60       ?Setup@JobPortBase@Base@@QAEXXZ 0040bd60 f   foundation_win32.release:jobportbase.obj
 0001:0000ada0       ?Discard@JobPortBase@Base@@QAEXXZ 0040bda0 f   foundation_win32.release:jobportbase.obj
 0001:0000ade0       ?PushJob@JobPortBase@Base@@QAEXABV?$Ptr@VJob@Jobs@@@@@Z 0040bde0 f   foundation_win32.release:jobportbase.obj
 0001:0000adf0       ?PushJobChain@JobPortBase@Base@@QAEXABV?$Array@V?$Ptr@VJob@Jobs@@@@@Util@@@Z 0040bdf0 f   foundation_win32.release:jobportbase.obj
 0001:0000ae00       ?PushFlush@JobPortBase@Base@@QAEXXZ 0040be00 f   foundation_win32.release:jobportbase.obj
 0001:0000ae10       ?PushSync@JobPortBase@Base@@QAEXXZ 0040be10 f   foundation_win32.release:jobportbase.obj
 0001:0000ae20       ?WaitDone@JobPortBase@Base@@QAEXXZ 0040be20 f   foundation_win32.release:jobportbase.obj
 0001:0000ae30       ?CheckDone@JobPortBase@Base@@QAE_NXZ 0040be30 f   foundation_win32.release:jobportbase.obj
 0001:0000ae40       ?Exchange@Win360Interlocked@Win360@@SAHPCHH@Z 0040be40 f i foundation_win32.release:tpjobport.obj
 0001:0000ae50       ?Reset@Win360Event@Win360@@QAEXXZ 0040be50 f i foundation_win32.release:tpjobport.obj
 0001:0000ae70       ?Wait@Win360Event@Win360@@QBEXXZ 0040be70 f i foundation_win32.release:tpjobport.obj
 0001:0000ae90       ?Peek@Win360Event@Win360@@QBE_NXZ 0040be90 f i foundation_win32.release:tpjobport.obj
 0001:0000aec0       ?GetJobSlices@TPJob@Jobs@@ABEABV?$FixedArray@VTPJobSlice@Jobs@@@Util@@XZ 0040bec0 f i foundation_win32.release:tpjobport.obj
 0001:0000aee0       ?GetCompletionEvent@TPJob@Jobs@@ABEPBVEvent@Threading@@XZ 0040bee0 f i foundation_win32.release:tpjobport.obj
 0001:0000af00       ?NotifyStart@TPJob@Jobs@@AAEXXZ 0040bf00 f i foundation_win32.release:tpjobport.obj
 0001:0000af60       ??2TPJobPort@Jobs@@SAPAXI@Z 0040bf60 f i foundation_win32.release:tpjobport.obj
 0001:0000af70       ??3TPJobPort@Jobs@@SAXPAX@Z 0040bf70 f i foundation_win32.release:tpjobport.obj
 0001:0000af90       ?GetNextThreadIndex@TPJobThreadPool@Jobs@@QBEHXZ 0040bf90 f i foundation_win32.release:tpjobport.obj
 0001:0000afb0       ?GetThreadPool@TPJobSystem@Jobs@@AAEPAVTPJobThreadPool@2@XZ 0040bfb0 f i foundation_win32.release:tpjobport.obj
 0001:0000afd0       ?Instance@JobSystem@Jobs@@SAPAV12@XZ 0040bfd0 f i foundation_win32.release:tpjobport.obj
 0001:0000b000       ?GetRtti@TPJobPort@Jobs@@UBEPAVRtti@Core@@XZ 0040c000 f   foundation_win32.release:tpjobport.obj
 0001:0000b010       ?FactoryCreator@TPJobPort@Jobs@@SAPAVRefCounted@Core@@XZ 0040c010 f   foundation_win32.release:tpjobport.obj
 0001:0000b020       ?Create@TPJobPort@Jobs@@SAPAV12@XZ 0040c020 f   foundation_win32.release:tpjobport.obj
 0001:0000b060       ?RegisterWithFactory@TPJobPort@Jobs@@SA_NXZ 0040c060 f   foundation_win32.release:tpjobport.obj
 0001:0000b160       ??0TPJobPort@Jobs@@QAE@XZ  0040c160 f   foundation_win32.release:tpjobport.obj
 0001:0000b190       ??_ETPJobPort@Jobs@@UAEPAXI@Z 0040c190 f i  CIL library: CIL module
 0001:0000b190       ??_GTPJobPort@Jobs@@UAEPAXI@Z 0040c190 f i foundation_win32.release:tpjobport.obj
 0001:0000b1c0       ??1TPJobPort@Jobs@@UAE@XZ  0040c1c0 f   foundation_win32.release:tpjobport.obj
 0001:0000b210       ?Discard@TPJobPort@Jobs@@QAEXXZ 0040c210 f   foundation_win32.release:tpjobport.obj
 0001:0000b260       ?PushJob@TPJobPort@Jobs@@QAEXABV?$Ptr@VJob@Jobs@@@@@Z 0040c260 f   foundation_win32.release:tpjobport.obj
 0001:0000b2f0       ?PushJobChain@TPJobPort@Jobs@@QAEXABV?$Array@V?$Ptr@VJob@Jobs@@@@@Util@@@Z 0040c2f0 f   foundation_win32.release:tpjobport.obj
 0001:0000b480       ?PushFlush@TPJobPort@Jobs@@QAEXXZ 0040c480 f   foundation_win32.release:tpjobport.obj
 0001:0000b490       ?PushSync@TPJobPort@Jobs@@QAEXXZ 0040c490 f   foundation_win32.release:tpjobport.obj
 0001:0000b500       ?WaitDone@TPJobPort@Jobs@@QAEXXZ 0040c500 f   foundation_win32.release:tpjobport.obj
 0001:0000b560       ?CheckDone@TPJobPort@Jobs@@QAE_NXZ 0040c560 f   foundation_win32.release:tpjobport.obj
 0001:0000b5b0       ?Size@?$FixedArray@VTPJobSlice@Jobs@@@Util@@QBEHXZ 0040c5b0 f i foundation_win32.release:tpjobport.obj
 0001:0000b5c0       ??4?$Ptr@VJob@Jobs@@@@QAEXABV0@@Z 0040c5c0 f i foundation_win32.release:tpjobport.obj
 0001:0000b620       ?isvalid@?$Ptr@VJob@Jobs@@@@QBE_NXZ 0040c620 f i foundation_win32.release:tpjobport.obj
 0001:0000b640       ??A?$Array@V?$Ptr@VJob@Jobs@@@@@Util@@QBEAAV?$Ptr@VJob@Jobs@@@@H@Z 0040c640 f i foundation_win32.release:tpjobport.obj
 0001:0000b690       ?Size@?$Array@V?$Ptr@VJob@Jobs@@@@@Util@@QBEHXZ 0040c690 f i foundation_win32.release:tpjobport.obj
 0001:0000b6b0       ?Back@?$Array@V?$Ptr@VJob@Jobs@@@@@Util@@QBEAAV?$Ptr@VJob@Jobs@@@@XZ 0040c6b0 f i foundation_win32.release:tpjobport.obj
 0001:0000b700       ?IsEmpty@?$Array@V?$Ptr@VJob@Jobs@@@@@Util@@QBE_NXZ 0040c700 f i foundation_win32.release:tpjobport.obj
 0001:0000b720       ?Setup@Blob@Util@@SAXXZ    0040c720 f i foundation_win32.release:win32sysfunc.obj
 0001:0000b790       ?Shutdown@Blob@Util@@SAXXZ 0040c790 f i foundation_win32.release:win32sysfunc.obj
 0001:0000b810       ??_GWin360Heap@Win360@@QAEPAXI@Z 0040c810 f i foundation_win32.release:win32sysfunc.obj
 0001:0000b840       ??0SystemInfo@System@@QAE@XZ 0040c840 f i foundation_win32.release:win32sysfunc.obj
 0001:0000b860       ?Setup@SysFunc@Win32@@SAXXZ 0040c860 f   foundation_win32.release:win32sysfunc.obj
 0001:0000b920       ?Exit@SysFunc@Win32@@SAXH@Z 0040c920 f   foundation_win32.release:win32sysfunc.obj
 0001:0000ba00       ??_GGlobalStringAtomTable@Util@@QAEPAXI@Z 0040ca00 f i foundation_win32.release:win32sysfunc.obj
 0001:0000ba30       ??_GLocalStringAtomTable@Util@@QAEPAXI@Z 0040ca30 f i foundation_win32.release:win32sysfunc.obj
 0001:0000ba60       ?Error@SysFunc@Win32@@SAXPBD@Z 0040ca60 f   foundation_win32.release:win32sysfunc.obj
 0001:0000ba90       ?MessageBoxA@SysFunc@Win32@@SAXPBD@Z 0040ca90 f   foundation_win32.release:win32sysfunc.obj
 0001:0000bad0       ?Sleep@SysFunc@Win32@@SAXN@Z 0040cad0 f   foundation_win32.release:win32sysfunc.obj
 0001:0000bb00       ?DebugOut@SysFunc@Win32@@SAXPBD@Z 0040cb00 f   foundation_win32.release:win32sysfunc.obj
 0001:0000bb10       ?RegisterExitHandler@SysFunc@Win32@@CAPBVExitHandler@Core@@PBV34@@Z 0040cb10 f   foundation_win32.release:win32sysfunc.obj
 0001:0000bb30       ?GetSystemInfo@SysFunc@Win32@@SAPBVSystemInfo@System@@XZ 0040cb30 f   foundation_win32.release:win32sysfunc.obj
 0001:0000bb40       ?XMVerifyCPUSupport@@YAHXZ 0040cb40 f i foundation_win32.release:win32sysfunc.obj
 0001:0000bb80       ?SetupHeaps@Memory@@YAXXZ  0040cb80 f   foundation_win32.release:win360memoryconfig.obj
 0001:0000bce0       ?GetHeapTypeName@Memory@@YAPBDW4HeapType@1@@Z 0040cce0 f   foundation_win32.release:win360memoryconfig.obj
 0001:0000bda0       ?WaiterPlus@Win360CriticalSection@Win360@@ABEXXZ 0040cda0 f i foundation_win32.release:console.obj
 0001:0000bdc0       ?WaiterMinus@Win360CriticalSection@Win360@@ABEXXZ 0040cdc0 f i foundation_win32.release:console.obj
 0001:0000bde0       ?PerfLockImmediate@Win360CriticalSection@Win360@@ABE_NK@Z 0040cde0 f i foundation_win32.release:console.obj
 0001:0000be10       ?Enter@Win360CriticalSection@Win360@@QBEXXZ 0040ce10 f i foundation_win32.release:console.obj
 0001:0000be80       ?AllocateKernelSemaphore@Win360CriticalSection@Win360@@ABEXXZ 0040ce80 f i foundation_win32.release:console.obj
 0001:0000bef0       ?PerfLock@Win360CriticalSection@Win360@@ABE_NK@Z 0040cef0 f i foundation_win32.release:console.obj
 0001:0000bf70       ?PerfLockKernel@Win360CriticalSection@Win360@@ABE_NK@Z 0040cf70 f i foundation_win32.release:console.obj
 0001:0000c010       ?Leave@Win360CriticalSection@Win360@@QBEXXZ 0040d010 f i foundation_win32.release:console.obj
 0001:0000c040       ?PerfUnlock@Win360CriticalSection@Win360@@ABEXXZ 0040d040 f i foundation_win32.release:console.obj
 0001:0000c080       ??2Console@IO@@SAPAXI@Z    0040d080 f i foundation_win32.release:console.obj
 0001:0000c090       ??3Console@IO@@SAXPAX@Z    0040d090 f i foundation_win32.release:console.obj
 0001:0000c0b0       ?IsOpen@Console@IO@@QBE_NXZ 0040d0b0 f i foundation_win32.release:console.obj
 0001:0000c0d0       ?GetRtti@Console@IO@@UBEPAVRtti@Core@@XZ 0040d0d0 f   foundation_win32.release:console.obj
 0001:0000c0e0       ?FactoryCreator@Console@IO@@SAPAVRefCounted@Core@@XZ 0040d0e0 f   foundation_win32.release:console.obj
 0001:0000c0f0       ?Create@Console@IO@@SAPAV12@XZ 0040d0f0 f   foundation_win32.release:console.obj
 0001:0000c130       ?RegisterWithFactory@Console@IO@@SA_NXZ 0040d130 f   foundation_win32.release:console.obj
 0001:0000c230       ??0Console@IO@@QAE@XZ      0040d230 f   foundation_win32.release:console.obj
 0001:0000c2b0       ??_GConsole@IO@@UAEPAXI@Z  0040d2b0 f i foundation_win32.release:console.obj
 0001:0000c2b0       ??_EConsole@IO@@UAEPAXI@Z  0040d2b0 f i  CIL library: CIL module
 0001:0000c2e0       ??0CriticalSection@Threading@@QAE@XZ 0040d2e0 f i foundation_win32.release:console.obj
 0001:0000c300       ??1CriticalSection@Threading@@QAE@XZ 0040d300 f i foundation_win32.release:console.obj
 0001:0000c320       ??1Console@IO@@UAE@XZ      0040d320 f   foundation_win32.release:console.obj
 0001:0000c3d0       ?Open@Console@IO@@QAEXXZ   0040d3d0 f   foundation_win32.release:console.obj
 0001:0000c460       ?Close@Console@IO@@QAEXXZ  0040d460 f   foundation_win32.release:console.obj
 0001:0000c500       ?Update@Console@IO@@QAEXXZ 0040d500 f   foundation_win32.release:console.obj
 0001:0000c5b0       ?AttachHandler@Console@IO@@QAEXABV?$Ptr@VConsoleHandler@IO@@@@@Z 0040d5b0 f   foundation_win32.release:console.obj
 0001:0000c640       ?RemoveHandler@Console@IO@@QAEXABV?$Ptr@VConsoleHandler@IO@@@@@Z 0040d640 f   foundation_win32.release:console.obj
 0001:0000c710       ?HasInput@Console@IO@@QBE_NXZ 0040d710 f   foundation_win32.release:console.obj
 0001:0000c7e0       ?GetInput@Console@IO@@QBE?AVString@Util@@XZ 0040d7e0 f   foundation_win32.release:console.obj
 0001:0000c970       ?Print@Console@IO@@QAAXPBDZZ 0040d970 f   foundation_win32.release:console.obj
 0001:0000c9d0       ?Print@Console@IO@@QAAXPBDPAD@Z 0040d9d0 f   foundation_win32.release:console.obj
 0001:0000cac0       ?Print@Console@IO@@QAEXABVString@Util@@@Z 0040dac0 f   foundation_win32.release:console.obj
 0001:0000cb80       ?Error@Console@IO@@QAAXPBDZZ 0040db80 f   foundation_win32.release:console.obj
 0001:0000cbe0       ?Error@Console@IO@@QAAXPBDPAD@Z 0040dbe0 f   foundation_win32.release:console.obj
 0001:0000ccd0       ?DebugOut@Console@IO@@QAAXPBDZZ 0040dcd0 f   foundation_win32.release:console.obj
 0001:0000cd30       ?DebugOut@Console@IO@@QAAXPBDPAD@Z 0040dd30 f   foundation_win32.release:console.obj
 0001:0000ce20       ?Warning@Console@IO@@QAAXPBDZZ 0040de20 f   foundation_win32.release:console.obj
 0001:0000ce80       ?Warning@Console@IO@@QAAXPBDPAD@Z 0040de80 f   foundation_win32.release:console.obj
 0001:0000cf70       ?Confirm@Console@IO@@QAAXPBDZZ 0040df70 f   foundation_win32.release:console.obj
 0001:0000cfe0       ?Confirm@Console@IO@@QAAXPBDPAD@Z 0040dfe0 f   foundation_win32.release:console.obj
 0001:0000d0d0       ??0?$Array@V?$Ptr@VConsoleHandler@IO@@@@@Util@@QAE@XZ 0040e0d0 f i foundation_win32.release:console.obj
 0001:0000d110       ??1?$Array@V?$Ptr@VConsoleHandler@IO@@@@@Util@@QAE@XZ 0040e110 f i foundation_win32.release:console.obj
 0001:0000d130       ??A?$Array@V?$Ptr@VConsoleHandler@IO@@@@@Util@@QBEAAV?$Ptr@VConsoleHandler@IO@@@@H@Z 0040e130 f i foundation_win32.release:console.obj
 0001:0000d180       ?Size@?$Array@V?$Ptr@VConsoleHandler@IO@@@@@Util@@QBEHXZ 0040e180 f i foundation_win32.release:console.obj
 0001:0000d1a0       ?EraseIndex@?$Array@V?$Ptr@VConsoleHandler@IO@@@@@Util@@QAEXH@Z 0040e1a0 f i foundation_win32.release:console.obj
 0001:0000d220       ?Insert@?$Array@V?$Ptr@VConsoleHandler@IO@@@@@Util@@QAEXHABV?$Ptr@VConsoleHandler@IO@@@@@Z 0040e220 f i foundation_win32.release:console.obj
 0001:0000d290       ?FindIndex@?$Array@V?$Ptr@VConsoleHandler@IO@@@@@Util@@QBEHABV?$Ptr@VConsoleHandler@IO@@@@@Z 0040e290 f i foundation_win32.release:console.obj
 0001:0000d2f0       ??0?$Ptr@VConsoleHandler@IO@@@@QAE@PAVConsoleHandler@IO@@@Z 0040e2f0 f i foundation_win32.release:console.obj
 0001:0000d330       ??C?$Ptr@VConsoleHandler@IO@@@@QBEPAVConsoleHandler@IO@@XZ 0040e330 f i foundation_win32.release:console.obj
 0001:0000d370       ?isvalid@?$Ptr@VConsoleHandler@IO@@@@QBE_NXZ 0040e370 f i foundation_win32.release:console.obj
 0001:0000d390       ?Append@?$Array@V?$Ptr@VConsoleHandler@IO@@@@@Util@@QAEXABV?$Ptr@VConsoleHandler@IO@@@@@Z 0040e390 f i foundation_win32.release:console.obj
 0001:0000d410       ?Destroy@?$Array@V?$Ptr@VConsoleHandler@IO@@@@@Util@@AAEXPAV?$Ptr@VConsoleHandler@IO@@@@@Z 0040e410 f i foundation_win32.release:console.obj
 0001:0000d440       ?Delete@?$Array@V?$Ptr@VConsoleHandler@IO@@@@@Util@@AAEXXZ 0040e440 f i foundation_win32.release:console.obj
 0001:0000d4b0       ?Move@?$Array@V?$Ptr@VConsoleHandler@IO@@@@@Util@@AAEXHH@Z 0040e4b0 f i foundation_win32.release:console.obj
 0001:0000d640       ??4?$Ptr@VConsoleHandler@IO@@@@QAEXABV0@@Z 0040e640 f i foundation_win32.release:console.obj
 0001:0000d6a0       ??8?$Ptr@VConsoleHandler@IO@@@@QBE_NABV0@@Z 0040e6a0 f i foundation_win32.release:console.obj
 0001:0000d6c0       ??_G?$Ptr@VConsoleHandler@IO@@@@QAEPAXI@Z 0040e6c0 f i foundation_win32.release:console.obj
 0001:0000d6f0       ?Grow@?$Array@V?$Ptr@VConsoleHandler@IO@@@@@Util@@AAEXXZ 0040e6f0 f i foundation_win32.release:console.obj
 0001:0000d770       ??0?$Ptr@VConsoleHandler@IO@@@@QAE@XZ 0040e770 f i foundation_win32.release:console.obj
 0001:0000d790       ?GrowTo@?$Array@V?$Ptr@VConsoleHandler@IO@@@@@Util@@AAEXH@Z 0040e790 f i foundation_win32.release:console.obj
 0001:0000d8b0       ___InlineInterlockedCompareExchangePointer 0040e8b0 f i foundation_win32.release:console.obj
 0001:0000d8d0       ?Instance@LocalStringAtomTable@Util@@SAPAV12@XZ 0040e8d0 f i foundation_win32.release:stringatom.obj
 0001:0000d910       ?Instance@GlobalStringAtomTable@Util@@SAPAV12@XZ 0040e910 f i foundation_win32.release:stringatom.obj
 0001:0000d940       ?Setup@StringAtom@Util@@AAEXPBD@Z 0040e940 f   foundation_win32.release:stringatom.obj
 0001:0000da10       ??8StringAtom@Util@@QBE_NPBD@Z 0040ea10 f   foundation_win32.release:stringatom.obj
 0001:0000da90       ??9StringAtom@Util@@QBE_NPBD@Z 0040ea90 f   foundation_win32.release:stringatom.obj
 0001:0000db10       ??0StringAtom@Util@@QAE@PBD@Z 0040eb10 f i foundation_win32.release:coreserver.obj
 0001:0000db40       ??2CoreServer@Core@@SAPAXI@Z 0040eb40 f i foundation_win32.release:coreserver.obj
 0001:0000db50       ??3CoreServer@Core@@SAXPAX@Z 0040eb50 f i foundation_win32.release:coreserver.obj
 0001:0000db70       ?IsOpen@CoreServer@Core@@QBE_NXZ 0040eb70 f i foundation_win32.release:coreserver.obj
 0001:0000db90       ?GetRtti@CoreServer@Core@@UBEPAVRtti@2@XZ 0040eb90 f   foundation_win32.release:coreserver.obj
 0001:0000dba0       ?FactoryCreator@CoreServer@Core@@SAPAVRefCounted@2@XZ 0040eba0 f   foundation_win32.release:coreserver.obj
 0001:0000dbb0       ?Create@CoreServer@Core@@SAPAV12@XZ 0040ebb0 f   foundation_win32.release:coreserver.obj
 0001:0000dbf0       ?RegisterWithFactory@CoreServer@Core@@SA_NXZ 0040ebf0 f   foundation_win32.release:coreserver.obj
 0001:0000dcf0       ??0CoreServer@Core@@QAE@XZ 0040ecf0 f   foundation_win32.release:coreserver.obj
 0001:0000dde0       ??_ECoreServer@Core@@UAEPAXI@Z 0040ede0 f i  CIL library: CIL module
 0001:0000dde0       ??_GCoreServer@Core@@UAEPAXI@Z 0040ede0 f i foundation_win32.release:coreserver.obj
 0001:0000de10       ??1CoreServer@Core@@UAE@XZ 0040ee10 f   foundation_win32.release:coreserver.obj
 0001:0000de90       ?Open@CoreServer@Core@@QAEXXZ 0040ee90 f   foundation_win32.release:coreserver.obj
 0001:0000def0       ?Close@CoreServer@Core@@QAEXXZ 0040eef0 f   foundation_win32.release:coreserver.obj
 0001:0000df40       ?Trigger@CoreServer@Core@@QAEXXZ 0040ef40 f   foundation_win32.release:coreserver.obj
 0001:0000df60       ??0?$Ptr@VConsole@IO@@@@QAE@XZ 0040ef60 f i foundation_win32.release:coreserver.obj
 0001:0000df80       ??1?$Ptr@VConsole@IO@@@@QAE@XZ 0040ef80 f i foundation_win32.release:coreserver.obj
 0001:0000dfb0       ??4?$Ptr@VConsole@IO@@@@QAEXPAVConsole@IO@@@Z 0040efb0 f i foundation_win32.release:coreserver.obj
 0001:0000e010       ??C?$Ptr@VConsole@IO@@@@QBEPAVConsole@IO@@XZ 0040f010 f i foundation_win32.release:coreserver.obj
 0001:0000e050       ?IsEmpty@String@Util@@QBE_NXZ 0040f050 f i foundation_win32.release:ioserver.obj
 0001:0000e070       ?GetRefCount@RefCounted@Core@@QBEHXZ 0040f070 f i foundation_win32.release:ioserver.obj
 0001:0000e090       ??0URI@IO@@QAE@XZ          0040f090 f i foundation_win32.release:ioserver.obj
 0001:0000e1f0       ??0URI@IO@@QAE@ABVString@Util@@@Z 0040f1f0 f i foundation_win32.release:ioserver.obj
 0001:0000e3a0       ??4URI@IO@@QAEXABV01@@Z    0040f3a0 f i foundation_win32.release:ioserver.obj
 0001:0000e5a0       ?IsEmpty@URI@IO@@QBE_NXZ   0040f5a0 f i foundation_win32.release:ioserver.obj
 0001:0000e5b0       ?AsString@URI@IO@@QBE?AVString@Util@@XZ 0040f5b0 f i foundation_win32.release:ioserver.obj
 0001:0000e5d0       ?Scheme@URI@IO@@QBEABVString@Util@@XZ 0040f5d0 f i foundation_win32.release:ioserver.obj
 0001:0000e5f0       ?LocalPath@URI@IO@@QBEABVString@Util@@XZ 0040f5f0 f i foundation_win32.release:ioserver.obj
 0001:0000e610       ?Instance@AssignRegistry@IO@@SAPAV12@XZ 0040f610 f i foundation_win32.release:ioserver.obj
 0001:0000e640       ?HasInstance@AssignRegistry@IO@@SA_NXZ 0040f640 f i foundation_win32.release:ioserver.obj
 0001:0000e660       ?Instance@SchemeRegistry@IO@@SAPAV12@XZ 0040f660 f i foundation_win32.release:ioserver.obj
 0001:0000e690       ?HasInstance@SchemeRegistry@IO@@SA_NXZ 0040f690 f i foundation_win32.release:ioserver.obj
 0001:0000e6b0       ??2IoServer@IO@@SAPAXI@Z   0040f6b0 f i foundation_win32.release:ioserver.obj
 0001:0000e6c0       ??3IoServer@IO@@SAXPAX@Z   0040f6c0 f i foundation_win32.release:ioserver.obj
 0001:0000e6e0       ?IsArchiveFileSystemEnabled@IoServer@IO@@QBE_NXZ 0040f6e0 f i foundation_win32.release:ioserver.obj
 0001:0000e700       ?GetPlatform@SystemInfoBase@Base@@QBE?AW4Platform@12@XZ 0040f700 f i foundation_win32.release:ioserver.obj
 0001:0000e710       ?Instance@ArchiveFileSystem@IO@@SAPAV12@XZ 0040f710 f i foundation_win32.release:ioserver.obj
 0001:0000e740       ?HasInstance@ArchiveFileSystem@IO@@SA_NXZ 0040f740 f i foundation_win32.release:ioserver.obj
 0001:0000e760       ?GetRtti@IoServer@IO@@UBEPAVRtti@Core@@XZ 0040f760 f   foundation_win32.release:ioserver.obj
 0001:0000e770       ?FactoryCreator@IoServer@IO@@SAPAVRefCounted@Core@@XZ 0040f770 f   foundation_win32.release:ioserver.obj
 0001:0000e780       ?Create@IoServer@IO@@SAPAV12@XZ 0040f780 f   foundation_win32.release:ioserver.obj
 0001:0000e7c0       ?RegisterWithFactory@IoServer@IO@@SA_NXZ 0040f7c0 f   foundation_win32.release:ioserver.obj
 0001:0000e8c0       ??0IoServer@IO@@QAE@XZ     0040f8c0 f   foundation_win32.release:ioserver.obj
 0001:0000eb10       ??_GIoServer@IO@@UAEPAXI@Z 0040fb10 f i foundation_win32.release:ioserver.obj
 0001:0000eb10       ??_EIoServer@IO@@UAEPAXI@Z 0040fb10 f i  CIL library: CIL module
 0001:0000eb40       ??1IoServer@IO@@UAE@XZ     0040fb40 f   foundation_win32.release:ioserver.obj
 0001:0000ec10       ?CreateStream@IoServer@IO@@QBE?AV?$Ptr@VStream@IO@@@@ABVURI@2@@Z 0040fc10 f   foundation_win32.release:ioserver.obj
 0001:0000edd0       ??1URI@IO@@QAE@XZ          0040fdd0 f i foundation_win32.release:ioserver.obj
 0001:0000efd0       ?MountArchive@IoServer@IO@@QAE_NABVURI@2@@Z 0040ffd0 f   foundation_win32.release:ioserver.obj
 0001:0000f020       ?UnmountArchive@IoServer@IO@@QAEXABVURI@2@@Z 00410020 f   foundation_win32.release:ioserver.obj
 0001:0000f050       ?IsArchiveMounted@IoServer@IO@@QBE_NABVURI@2@@Z 00410050 f   foundation_win32.release:ioserver.obj
 0001:0000f080       ?MountStandardArchives@IoServer@IO@@QAEXXZ 00410080 f   foundation_win32.release:ioserver.obj
 0001:0000f180       ?UnmountStandardArchives@IoServer@IO@@QAEXXZ 00410180 f   foundation_win32.release:ioserver.obj
 0001:0000f2c0       ?CreateDirectoryA@IoServer@IO@@QBE_NABVURI@2@@Z 004102c0 f   foundation_win32.release:ioserver.obj
 0001:0000f540       ??1?$Stack@VString@Util@@@Util@@QAE@XZ 00410540 f i foundation_win32.release:ioserver.obj
 0001:0000f560       ?CopyFile@IoServer@IO@@QBE_NABVURI@2@0@Z 00410560 f   foundation_win32.release:ioserver.obj
 0001:0000f990       ?ComputeFileCrc@IoServer@IO@@QBEIABVURI@2@@Z 00410990 f   foundation_win32.release:ioserver.obj
 0001:0000fb20       ?DeleteFile@IoServer@IO@@QBE_NABVURI@2@@Z 00410b20 f   foundation_win32.release:ioserver.obj
 0001:0000fbb0       ?DeleteDirectory@IoServer@IO@@QBE_NABVURI@2@@Z 00410bb0 f   foundation_win32.release:ioserver.obj
 0001:0000fc40       ?FileExists@IoServer@IO@@QBE_NABVURI@2@@Z 00410c40 f   foundation_win32.release:ioserver.obj
 0001:0000fd10       ?DirectoryExists@IoServer@IO@@QBE_NABVURI@2@@Z 00410d10 f   foundation_win32.release:ioserver.obj
 0001:0000fe00       ?SetReadOnly@IoServer@IO@@QBEXABVURI@2@_N@Z 00410e00 f   foundation_win32.release:ioserver.obj
 0001:0000fe90       ?IsReadOnly@IoServer@IO@@QBE_NABVURI@2@@Z 00410e90 f   foundation_win32.release:ioserver.obj
 0001:00010040       ?SetFileWriteTime@IoServer@IO@@QAEXABVURI@2@VWin360FileTime@Win360@@@Z 00411040 f   foundation_win32.release:ioserver.obj
 0001:000100d0       ?GetFileWriteTime@IoServer@IO@@QBE?AVWin360FileTime@Win360@@ABVURI@2@@Z 004110d0 f   foundation_win32.release:ioserver.obj
 0001:00010160       ?ListFiles@IoServer@IO@@QBE?AV?$Array@VString@Util@@@Util@@ABVURI@2@ABVString@4@_N@Z 00411160 f   foundation_win32.release:ioserver.obj
 0001:00010380       ?ListDirectories@IoServer@IO@@QBE?AV?$Array@VString@Util@@@Util@@ABVURI@2@ABVString@4@_N@Z 00411380 f   foundation_win32.release:ioserver.obj
 0001:000105a0       ?AddPathPrefixToArray@IoServer@IO@@ABE?AV?$Array@VString@Util@@@Util@@ABVString@4@ABV34@@Z 004115a0 f   foundation_win32.release:ioserver.obj
 0001:000106c0       ?Reserve@?$Array@VString@Util@@@Util@@QAEXH@Z 004116c0 f i foundation_win32.release:ioserver.obj
 0001:00010710       ?IsEmpty@?$Array@VString@Util@@@Util@@QBE_NXZ 00411710 f i foundation_win32.release:ioserver.obj
 0001:00010730       ??0?$Ptr@VArchiveFileSystem@IO@@@@QAE@XZ 00411730 f i foundation_win32.release:ioserver.obj
 0001:00010750       ??1?$Ptr@VArchiveFileSystem@IO@@@@QAE@XZ 00411750 f i foundation_win32.release:ioserver.obj
 0001:00010780       ??4?$Ptr@VArchiveFileSystem@IO@@@@QAEXPAVArchiveFileSystem@IO@@@Z 00411780 f i foundation_win32.release:ioserver.obj
 0001:000107e0       ??C?$Ptr@VArchiveFileSystem@IO@@@@QBEPAVArchiveFileSystem@IO@@XZ 004117e0 f i foundation_win32.release:ioserver.obj
 0001:00010820       ??0?$Ptr@VAssignRegistry@IO@@@@QAE@XZ 00411820 f i foundation_win32.release:ioserver.obj
 0001:00010840       ??1?$Ptr@VAssignRegistry@IO@@@@QAE@XZ 00411840 f i foundation_win32.release:ioserver.obj
 0001:00010870       ??4?$Ptr@VAssignRegistry@IO@@@@QAEXPAVAssignRegistry@IO@@@Z 00411870 f i foundation_win32.release:ioserver.obj
 0001:000108d0       ??C?$Ptr@VAssignRegistry@IO@@@@QBEPAVAssignRegistry@IO@@XZ 004118d0 f i foundation_win32.release:ioserver.obj
 0001:00010910       ??0?$Ptr@VSchemeRegistry@IO@@@@QAE@XZ 00411910 f i foundation_win32.release:ioserver.obj
 0001:00010930       ??1?$Ptr@VSchemeRegistry@IO@@@@QAE@XZ 00411930 f i foundation_win32.release:ioserver.obj
 0001:00010960       ??4?$Ptr@VSchemeRegistry@IO@@@@QAEXPAVSchemeRegistry@IO@@@Z 00411960 f i foundation_win32.release:ioserver.obj
 0001:000109c0       ??C?$Ptr@VSchemeRegistry@IO@@@@QBEPAVSchemeRegistry@IO@@XZ 004119c0 f i foundation_win32.release:ioserver.obj
 0001:00010a00       ??0?$Ptr@VStream@IO@@@@QAE@ABV0@@Z 00411a00 f i foundation_win32.release:ioserver.obj
 0001:00010a40       ??0?$Ptr@VStream@IO@@@@QAE@PAVStream@IO@@@Z 00411a40 f i foundation_win32.release:ioserver.obj
 0001:00010a80       ??1?$Ptr@VStream@IO@@@@QAE@XZ 00411a80 f i foundation_win32.release:ioserver.obj
 0001:00010ab0       ??C?$Ptr@VStream@IO@@@@QBEPAVStream@IO@@XZ 00411ab0 f i foundation_win32.release:ioserver.obj
 0001:00010af0       ??1?$Ptr@VArchive@IO@@@@QAE@XZ 00411af0 f i foundation_win32.release:ioserver.obj
 0001:00010b20       ??C?$Ptr@VArchive@IO@@@@QBEPAVArchive@IO@@XZ 00411b20 f i foundation_win32.release:ioserver.obj
 0001:00010b60       ?isvalid@?$Ptr@VArchive@IO@@@@QBE_NXZ 00411b60 f i foundation_win32.release:ioserver.obj
 0001:00010b80       ??0?$Stack@VString@Util@@@Util@@QAE@XZ 00411b80 f i foundation_win32.release:ioserver.obj
 0001:00010ba0       ?IsEmpty@?$Stack@VString@Util@@@Util@@QBE_NXZ 00411ba0 f i foundation_win32.release:ioserver.obj
 0001:00010bc0       ?Push@?$Stack@VString@Util@@@Util@@QAEXABVString@2@@Z 00411bc0 f i foundation_win32.release:ioserver.obj
 0001:00010be0       ?Pop@?$Stack@VString@Util@@@Util@@QAE?AVString@2@XZ 00411be0 f i foundation_win32.release:ioserver.obj
 0001:00010c70       ?Back@?$Array@VString@Util@@@Util@@QBEAAVString@2@XZ 00411c70 f i foundation_win32.release:ioserver.obj
 0001:00010cc0       ?EraseIndex@?$Array@VString@Util@@@Util@@QAEXH@Z 00411cc0 f i foundation_win32.release:ioserver.obj
 0001:00010d40       ?Move@?$Array@VString@Util@@@Util@@AAEXHH@Z 00411d40 f i foundation_win32.release:ioserver.obj
 0001:00010f40       ?IsOpen@ConsoleHandler@IO@@QBE_NXZ 00411f40 f i foundation_win32.release:logfileconsolehandler.obj
 0001:00010f60       ??0URI@IO@@QAE@PBD@Z       00411f60 f i foundation_win32.release:logfileconsolehandler.obj
 0001:00011140       ?IsOpen@StreamWriter@IO@@QBE_NXZ 00412140 f i foundation_win32.release:logfileconsolehandler.obj
 0001:00011160       ??2LogFileConsoleHandler@IO@@SAPAXI@Z 00412160 f i foundation_win32.release:logfileconsolehandler.obj
 0001:00011170       ??3LogFileConsoleHandler@IO@@SAXPAX@Z 00412170 f i foundation_win32.release:logfileconsolehandler.obj
 0001:00011190       ?Value@StringAtom@Util@@QBEPBDXZ 00412190 f i foundation_win32.release:logfileconsolehandler.obj
 0001:000111a0       ?Instance@IoServer@IO@@SAPAV12@XZ 004121a0 f i foundation_win32.release:logfileconsolehandler.obj
 0001:000111e0       ?Instance@CoreServer@Core@@SAPAV12@XZ 004121e0 f i foundation_win32.release:logfileconsolehandler.obj
 0001:00011220       ?GetAppName@CoreServer@Core@@QBEABVStringAtom@Util@@XZ 00412220 f i foundation_win32.release:logfileconsolehandler.obj
 0001:00011240       ?GetRtti@LogFileConsoleHandler@IO@@UBEPAVRtti@Core@@XZ 00412240 f   foundation_win32.release:logfileconsolehandler.obj
 0001:00011250       ?FactoryCreator@LogFileConsoleHandler@IO@@SAPAVRefCounted@Core@@XZ 00412250 f   foundation_win32.release:logfileconsolehandler.obj
 0001:00011260       ?Create@LogFileConsoleHandler@IO@@SAPAV12@XZ 00412260 f   foundation_win32.release:logfileconsolehandler.obj
 0001:000112a0       ?RegisterWithFactory@LogFileConsoleHandler@IO@@SA_NXZ 004122a0 f   foundation_win32.release:logfileconsolehandler.obj
 0001:000113a0       ??0LogFileConsoleHandler@IO@@QAE@XZ 004123a0 f   foundation_win32.release:logfileconsolehandler.obj
 0001:000113e0       ??_ELogFileConsoleHandler@IO@@UAEPAXI@Z 004123e0 f i  CIL library: CIL module
 0001:000113e0       ??_GLogFileConsoleHandler@IO@@UAEPAXI@Z 004123e0 f i foundation_win32.release:logfileconsolehandler.obj
 0001:00011410       ??1LogFileConsoleHandler@IO@@UAE@XZ 00412410 f   foundation_win32.release:logfileconsolehandler.obj
 0001:00011460       ?Open@LogFileConsoleHandler@IO@@UAEXXZ 00412460 f   foundation_win32.release:logfileconsolehandler.obj
 0001:000116c0       ?Close@LogFileConsoleHandler@IO@@UAEXXZ 004126c0 f   foundation_win32.release:logfileconsolehandler.obj
 0001:00011750       ?Print@LogFileConsoleHandler@IO@@UAEXABVString@Util@@@Z 00412750 f   foundation_win32.release:logfileconsolehandler.obj
 0001:000117a0       ?Error@LogFileConsoleHandler@IO@@UAEXABVString@Util@@@Z 004127a0 f   foundation_win32.release:logfileconsolehandler.obj
 0001:00011870       ?Warning@LogFileConsoleHandler@IO@@UAEXABVString@Util@@@Z 00412870 f   foundation_win32.release:logfileconsolehandler.obj
 0001:00011920       ?DebugOut@LogFileConsoleHandler@IO@@UAEXABVString@Util@@@Z 00412920 f   foundation_win32.release:logfileconsolehandler.obj
 0001:000119d0       ??0?$Ptr@VStream@IO@@@@QAE@XZ 004129d0 f i foundation_win32.release:logfileconsolehandler.obj
 0001:000119f0       ??4?$Ptr@VStream@IO@@@@QAEXPAVStream@IO@@@Z 004129f0 f i foundation_win32.release:logfileconsolehandler.obj
 0001:00011a50       ??4?$Ptr@VStream@IO@@@@QAEXABV0@@Z 00412a50 f i foundation_win32.release:logfileconsolehandler.obj
 0001:00011ab0       ??0?$Ptr@VTextWriter@IO@@@@QAE@XZ 00412ab0 f i foundation_win32.release:logfileconsolehandler.obj
 0001:00011ad0       ??1?$Ptr@VTextWriter@IO@@@@QAE@XZ 00412ad0 f i foundation_win32.release:logfileconsolehandler.obj
 0001:00011b00       ??4?$Ptr@VTextWriter@IO@@@@QAEXPAVTextWriter@IO@@@Z 00412b00 f i foundation_win32.release:logfileconsolehandler.obj
 0001:00011b60       ??C?$Ptr@VTextWriter@IO@@@@QBEPAVTextWriter@IO@@XZ 00412b60 f i foundation_win32.release:logfileconsolehandler.obj
 0001:00011ba0       ??0FourCC@Util@@QAE@XZ     00412ba0 f i foundation_win32.release:rtti.obj
 0001:00011bc0       ??8FourCC@Util@@QBE_NABV01@@Z 00412bc0 f i foundation_win32.release:rtti.obj
 0001:00011be0       ?IsValid@FourCC@Util@@QBE_NXZ 00412be0 f i foundation_win32.release:rtti.obj
 0001:00011c00       ?GetParent@Rtti@Core@@QBEPBV12@XZ 00412c00 f i foundation_win32.release:rtti.obj
 0001:00011c20       ?Construct@Rtti@Core@@AAEXPBDVFourCC@Util@@P6APAVRefCounted@2@XZPBV12@H@Z 00412c20 f   foundation_win32.release:rtti.obj
 0001:00011d10       ??0Rtti@Core@@QAE@PBDVFourCC@Util@@P6APAVRefCounted@1@XZPBV01@H@Z 00412d10 f   foundation_win32.release:rtti.obj
 0001:00011d80       ??0Rtti@Core@@QAE@PBDP6APAVRefCounted@1@XZPBV01@H@Z 00412d80 f   foundation_win32.release:rtti.obj
 0001:00011df0       ?Create@Rtti@Core@@QBEPAVRefCounted@2@XZ 00412df0 f   foundation_win32.release:rtti.obj
 0001:00011e50       ?IsDerivedFrom@Rtti@Core@@QBE_NABV12@@Z 00412e50 f   foundation_win32.release:rtti.obj
 0001:00011e90       ?IsDerivedFrom@Rtti@Core@@QBE_NABVString@Util@@@Z 00412e90 f   foundation_win32.release:rtti.obj
 0001:00011ee0       ?IsDerivedFrom@Rtti@Core@@QBE_NABVFourCC@Util@@@Z 00412ee0 f   foundation_win32.release:rtti.obj
 0001:00011f30       ?AllocInstanceMemory@Rtti@Core@@QAEPAXXZ 00412f30 f   foundation_win32.release:rtti.obj
 0001:00011f60       ?FreeInstanceMemory@Rtti@Core@@QAEXPAX@Z 00412f60 f   foundation_win32.release:rtti.obj
 0001:00011f80       ?HashCode@String@Util@@QBEHXZ 00412f80 f i foundation_win32.release:factory.obj
 0001:00012030       ??9FourCC@Util@@QBE_NABV01@@Z 00413030 f i foundation_win32.release:factory.obj
 0001:00012050       ??OFourCC@Util@@QBE_NABV01@@Z 00413050 f i foundation_win32.release:factory.obj
 0001:00012070       ??MFourCC@Util@@QBE_NABV01@@Z 00413070 f i foundation_win32.release:factory.obj
 0001:00012090       ?AsString@FourCC@Util@@QBE?AVString@2@XZ 00413090 f i foundation_win32.release:factory.obj
 0001:000120c0       ?ToString@FourCC@Util@@SA?AVString@2@ABV12@@Z 004130c0 f i foundation_win32.release:factory.obj
 0001:00012250       ?Instance@Factory@Core@@SAPAV12@XZ 00413250 f   foundation_win32.release:factory.obj
 0001:000122c0       ?Destroy@Factory@Core@@SAXXZ 004132c0 f   foundation_win32.release:factory.obj
[...]
 0003:00005b0c       ?RTTI@JobSystemBase@Base@@2VRtti@Core@@A 00483b0c     foundation_win32.release:jobsystembase.obj
 0003:00005b3c       ?RTTI@RefCounted@Core@@2VRtti@2@A 00483b3c     foundation_win32.release:refcounted.obj
 0003:00005b6c       ?RTTI@JobBase@Base@@2VRtti@Core@@A 00483b6c     foundation_win32.release:jobbase.obj
 0003:00005b9c       ?RTTI@Win360Thread@Win360@@2VRtti@Core@@A 00483b9c     foundation_win32.release:win360thread.obj
 0003:00005bcc       ?RTTI@Win360Socket@Win360@@2VRtti@Core@@A 00483bcc     foundation_win32.release:win360socket.obj
 0003:00005bfc       ?RTTI@Win32ConsoleHandler@Win32@@2VRtti@Core@@A 00483bfc     foundation_win32.release:win32consolehandler.obj
 0003:00005c2c       ?RTTI@AssignRegistry@IO@@2VRtti@Core@@A 00483c2c     foundation_win32.release:assignregistry.obj
 0003:00005c5c       ?RTTI@SchemeRegistry@IO@@2VRtti@Core@@A 00483c5c     foundation_win32.release:schemeregistry.obj
 0003:00005c8c       ?RTTI@ArchiveFileSystem@IO@@2VRtti@Core@@A 00483c8c     foundation_win32.release:archivefilesystem.obj
 0003:00005cbc       ?RTTI@ZipFileSystem@IO@@2VRtti@Core@@A 00483cbc     foundation_win32.release:zipfilesystem.obj
 0003:00005cec       ?RTTI@ArchiveFileSystemBase@IO@@2VRtti@Core@@A 00483cec     foundation_win32.release:archivefilesystembase.obj
 0003:00005d1c       ?RTTI@Stream@IO@@2VRtti@Core@@A 00483d1c     foundation_win32.release:stream.obj
 0003:00005d4c       ?RTTI@ZipArchive@IO@@2VRtti@Core@@A 00483d4c     foundation_win32.release:ziparchive.obj
 0003:00005d7c       ?RTTI@ConsoleHandler@IO@@2VRtti@Core@@A 00483d7c     foundation_win32.release:consolehandler.obj
 0003:00005dac       ?RTTI@TextWriter@IO@@2VRtti@Core@@A 00483dac     foundation_win32.release:textwriter.obj
 0003:00005ddc       ?RTTI@StreamWriter@IO@@2VRtti@Core@@A 00483ddc     foundation_win32.release:streamwriter.obj
 0003:00005e0c       ?RTTI@TPWorkerThread@Jobs@@2VRtti@Core@@A 00483e0c     foundation_win32.release:tpworkerthread.obj
 0003:00005e3c       ?RTTI@Socket@Net@@2VRtti@Core@@A 00483e3c     foundation_win32.release:socket.obj
 0003:00005e6c       ?RTTI@FileStream@IO@@2VRtti@Core@@A 00483e6c     foundation_win32.release:filestream.obj
 0003:00005e9c       ?RTTI@HttpStream@Http@@2VRtti@Core@@A 00483e9c     foundation_win32.release:httpstream.obj
 0003:00005ecc       ?RTTI@HttpNzStream@Http@@2VRtti@Core@@A 00483ecc     foundation_win32.release:httpnzstream.obj
 0003:00005efc       ?RTTI@ZipFileStream@IO@@2VRtti@Core@@A 00483efc     foundation_win32.release:zipfilestream.obj
 0003:00005f2c       ?RTTI@Archive@IO@@2VRtti@Core@@A 00483f2c     foundation_win32.release:archive.obj
 0003:00005f5c       ?RTTI@ArchiveBase@IO@@2VRtti@Core@@A 00483f5c     foundation_win32.release:archivebase.obj
 0003:00005f8c       ?RTTI@Thread@Threading@@2VRtti@Core@@A 00483f8c     foundation_win32.release:thread.obj
 0003:00005fbc       ?RTTI@DebugServer@Debug@@2VRtti@Core@@A 00483fbc     foundation_win32.release:debugserver.obj
 0003:00005fec       ?RTTI@DebugTimer@Debug@@2VRtti@Core@@A 00483fec     foundation_win32.release:debugtimer.obj
 0003:0000601c       ?RTTI@MemoryStream@IO@@2VRtti@Core@@A 0048401c     foundation_win32.release:memorystream.obj
 0003:0000604c       ?RTTI@HttpClientRegistry@Http@@2VRtti@Core@@A 0048404c     foundation_win32.release:httpclientregistry.obj
 0003:0000607c       ?RTTI@HttpClient@Http@@2VRtti@Core@@A 0048407c     foundation_win32.release:httpclient.obj
 0003:000060ac       ?RTTI@TcpClient@Net@@2VRtti@Core@@A 004840ac     foundation_win32.release:tcpclient.obj
 0003:000060dc       ?RTTI@StdTcpClient@Net@@2VRtti@Core@@A 004840dc     foundation_win32.release:stdtcpclient.obj
 0003:0000610c       ?RTTI@HttpRequestWriter@Http@@2VRtti@Core@@A 0048410c     foundation_win32.release:httprequestwriter.obj
 0003:0000613c       ?RTTI@HttpResponseReader@Http@@2VRtti@Core@@A 0048413c     foundation_win32.release:httpresponsereader.obj
 0003:0000616c       ?RTTI@StreamReader@IO@@2VRtti@Core@@A 0048416c     foundation_win32.release:streamreader.obj
 0003:0000619c       ?RTTI@TextReader@IO@@2VRtti@Core@@A 0048419c     foundation_win32.release:textreader.obj
 0003:000061cc       __tls_index                004841cc     MSVCRT:tlssup.obj
 0003:000061d0       ___sse2_available          004841d0     <common>
 0003:000061d4       __adjust_fdiv              004841d4     <common>
 0003:000061d8       ___native_startup_state    004841d8     <common>
 0003:000061dc       ___native_startup_lock     004841dc     <common>
 0003:000061e0       ___onexitend               004841e0     <common>
 0003:000061e4       ___onexitbegin             004841e4     <common>
 0003:000061e8       ___dyn_tls_init_callback   004841e8     <common>
 0004:00000000       __tls_start                00485000     MSVCRT:tlssup.obj
 0004:00000004       ?Singleton@CoreServer@Core@@2PAV12@A 00485004     foundation_win32.release:coreserver.obj
 0004:00000008       ?Singleton@HttpClientRegistry@Http@@2PAV12@A 00485008     foundation_win32.release:httpclientregistry.obj
 0004:0000000c       ?Singleton@IoServer@IO@@2PAV12@A 0048500c     foundation_win32.release:ioserver.obj
 0004:00000010       ?Singleton@LocalStringAtomTable@Util@@2PAV12@A 00485010     foundation_win32.release:localstringatomtable.obj
 0004:00000014       ?Singleton@Application@App@@2PAV12@A 00485014     foundation_win32.release:application.obj
 0004:00000018       ?ThreadName@Win360Thread@Win360@@0PBDB 00485018     foundation_win32.release:win360thread.obj
 0004:0000001c       __tls_end                  0048501c     MSVCRT:tlssup.obj

 entry point at        0001:00045eff

 Static symbols

 0001:00002f80       ??HUtil@@YA?AVString@0@ABV10@0@Z 00403f80 f    CIL library: CIL module
 0001:000073f0       ?StringVPrintfWorkerA@@YGJPADIPAIPBD0@Z 004083f0 f    CIL library: CIL module
 0001:000074f0       ?StringLengthWorkerA@@YGJPBDIPAI@Z 004084f0 f    CIL library: CIL module
 0001:00007560       ?StringValidateDestA@@YGJPADIPAII@Z 00408560 f    CIL library: CIL module
 0001:00007620       ?StringCopyWorkerA@@YGJPADIPAIPBDI@Z 00408620 f    CIL library: CIL module
 0001:00024620       ??HUtil@@YA?AVString@0@ABV10@0@Z 00425620 f    CIL library: CIL module
 0001:0003e900       _decrypt_byte              0043f900 f    CIL library: CIL module
 0001:0003e930       _update_keys               0043f930 f    CIL library: CIL module
 0001:0003e9c0       _init_keys                 0043f9c0 f    CIL library: CIL module
 0001:0003ea10       _unzlocal_getByte          0043fa10 f    CIL library: CIL module
 0001:0003ea80       _unzlocal_getShort         0043fa80 f    CIL library: CIL module
 0001:0003eaf0       _unzlocal_getLong          0043faf0 f    CIL library: CIL module
 0001:0003ebb0       _strcmpcasenosensitive_internal 0043fbb0 f    CIL library: CIL module
 0001:0003ecf0       _unzlocal_SearchCentralDir 0043fcf0 f    CIL library: CIL module
 0001:0003f240       _unzlocal_DosDateToTmuDate 00440240 f    CIL library: CIL module
 0001:0003f2c0       _unzlocal_GetCurrentFileInfoInternal 004402c0 f    CIL library: CIL module
 0001:0003fb50       _unzlocal_CheckCurrentFileCoherencyHeader 00440b50 f    CIL library: CIL module
 0001:00040d80       _crc32_little              00441d80 f    CIL library: CIL module
 0001:00041180       _crc32_big                 00442180 f    CIL library: CIL module
 0001:000415e0       _gf2_matrix_times          004425e0 f    CIL library: CIL module
 0001:00041620       _gf2_matrix_square         00442620 f    CIL library: CIL module
 0001:00041a60       _fixedtables               00442a60 f    CIL library: CIL module
 0001:00041a90       _updatewindow              00442a90 f    CIL library: CIL module
 0001:00043d50       _syncsearch                00444d50 f    CIL library: CIL module
 0001:00045b95       _pre_cpp_init              00446b95 f   MSVCRT:crtexew.obj
 0001:00045be0       ___tmainCRTStartup         00446be0 f   MSVCRT:crtexew.obj
 0001:00045dbf       _check_managed_app         00446dbf f   MSVCRT:crtexew.obj
 0001:00045e1e       _pre_c_init                00446e1e f   MSVCRT:crtexew.obj
 0001:0004678b       _has_osfxsr_set            0044778b f   MSVCRT:cpu_disp.obj
 0001:00046850       ??__EparticlesInput@@YAXXZ 00447850 f    CIL library: CIL module
 0001:0006d2c0       ??__E?RTTI@JobSystem@Jobs@@2VRtti@Core@@A@@YAXXZ 0046e2c0 f    CIL library: CIL module
 0001:0006d300       ??__E?RTTI@TPJobSystem@Jobs@@2VRtti@Core@@A@@YAXXZ 0046e300 f    CIL library: CIL module
 0001:0006d340       ??__E?RTTI@GameContentServer@IO@@2VRtti@Core@@A@@YAXXZ 0046e340 f    CIL library: CIL module
 0001:0006d380       ??__E?RTTI@GameContentServerBase@Base@@2VRtti@Core@@A@@YAXXZ 0046e380 f    CIL library: CIL module
 0001:0006d3c0       ??__E?RTTI@Job@Jobs@@2VRtti@Core@@A@@YAXXZ 0046e3c0 f    CIL library: CIL module
 0001:0006d410       ??__E?RTTI@TPJob@Jobs@@2VRtti@Core@@A@@YAXXZ 0046e410 f    CIL library: CIL module
 0001:0006d460       ??__E?RTTI@JobPort@Jobs@@2VRtti@Core@@A@@YAXXZ 0046e460 f    CIL library: CIL module
 0001:0006d4a0       ??__E?RTTI@JobPortBase@Base@@2VRtti@Core@@A@@YAXXZ 0046e4a0 f    CIL library: CIL module
 0001:0006d4e0       ??__E?RTTI@TPJobPort@Jobs@@2VRtti@Core@@A@@YAXXZ 0046e4e0 f    CIL library: CIL module
 0001:0006d520       ??__E?systemInfo@SysFunc@Win32@@0VSystemInfo@System@@A@@YAXXZ 0046e520 f    CIL library: CIL module
 0001:0006d530       ??__E?RTTI@Console@IO@@2VRtti@Core@@A@@YAXXZ 0046e530 f    CIL library: CIL module
 0001:0006d570       ??__E?RTTI@CoreServer@Core@@2VRtti@2@A@@YAXXZ 0046e570 f    CIL library: CIL module
 0001:0006d5b0       ??__E?RTTI@IoServer@IO@@2VRtti@Core@@A@@YAXXZ 0046e5b0 f    CIL library: CIL module
 0001:0006d5f0       ??__E?AssignCriticalSection@IoServer@IO@@0VCriticalSection@Threading@@A@@YAXXZ 0046e5f0 f    CIL library: CIL module
 0001:0006d610       ??__E?SchemeCriticalSection@IoServer@IO@@0VCriticalSection@Threading@@A@@YAXXZ 0046e610 f    CIL library: CIL module
 0001:0006d630       ??__E?ArchiveCriticalSection@IoServer@IO@@0VCriticalSection@Threading@@A@@YAXXZ 0046e630 f    CIL library: CIL module
 0001:0006d650       ??__E?RTTI@LogFileConsoleHandler@IO@@2VRtti@Core@@A@@YAXXZ 0046e650 f    CIL library: CIL module
 0001:0006d690       ??__E?RTTI@JobSystemBase@Base@@2VRtti@Core@@A@@YAXXZ 0046e690 f    CIL library: CIL module
 0001:0006d6d0       ??__E?RTTI@RefCounted@Core@@2VRtti@2@A@@YAXXZ 0046e6d0 f    CIL library: CIL module
 0001:0006d710       ??__E?RTTI@JobBase@Base@@2VRtti@Core@@A@@YAXXZ 0046e710 f    CIL library: CIL module
 0001:0006d760       ??__E?RTTI@Win360Thread@Win360@@2VRtti@Core@@A@@YAXXZ 0046e760 f    CIL library: CIL module
 0001:0006d7a0       ??__E?RTTI@Win360Socket@Win360@@2VRtti@Core@@A@@YAXXZ 0046e7a0 f    CIL library: CIL module
 0001:0006d7e0       ??__E?RTTI@Win32ConsoleHandler@Win32@@2VRtti@Core@@A@@YAXXZ 0046e7e0 f    CIL library: CIL module
 0001:0006d820       ??__E?RTTI@AssignRegistry@IO@@2VRtti@Core@@A@@YAXXZ 0046e820 f    CIL library: CIL module
 0001:0006d860       ??__E?RTTI@SchemeRegistry@IO@@2VRtti@Core@@A@@YAXXZ 0046e860 f    CIL library: CIL module
 0001:0006d8a0       ??__E?RTTI@ArchiveFileSystem@IO@@2VRtti@Core@@A@@YAXXZ 0046e8a0 f    CIL library: CIL module
 0001:0006d8e0       ??__E?RTTI@ZipFileSystem@IO@@2VRtti@Core@@A@@YAXXZ 0046e8e0 f    CIL library: CIL module
 0001:0006d920       ??__E?RTTI@ArchiveFileSystemBase@IO@@2VRtti@Core@@A@@YAXXZ 0046e920 f    CIL library: CIL module
 0001:0006d960       ??__E?RTTI@Stream@IO@@2VRtti@Core@@A@@YAXXZ 0046e960 f    CIL library: CIL module
 0001:0006d9b0       ??__E?RTTI@ZipArchive@IO@@2VRtti@Core@@A@@YAXXZ 0046e9b0 f    CIL library: CIL module
 0001:0006da00       ??__E?RTTI@ConsoleHandler@IO@@2VRtti@Core@@A@@YAXXZ 0046ea00 f    CIL library: CIL module
 0001:0006da40       ??__E?RTTI@TextWriter@IO@@2VRtti@Core@@A@@YAXXZ 0046ea40 f    CIL library: CIL module
 0001:0006da80       ??__E?RTTI@StreamWriter@IO@@2VRtti@Core@@A@@YAXXZ 0046ea80 f    CIL library: CIL module
 0001:0006dac0       ??__E?RTTI@TPWorkerThread@Jobs@@2VRtti@Core@@A@@YAXXZ 0046eac0 f    CIL library: CIL module
 0001:0006db00       ??__E?RTTI@Socket@Net@@2VRtti@Core@@A@@YAXXZ 0046eb00 f    CIL library: CIL module
 0001:0006db40       ??__E?RTTI@FileStream@IO@@2VRtti@Core@@A@@YAXXZ 0046eb40 f    CIL library: CIL module
 0001:0006db90       ??__E?RTTI@HttpStream@Http@@2VRtti@Core@@A@@YAXXZ 0046eb90 f    CIL library: CIL module
 0001:0006dbe0       ??__E?RTTI@HttpNzStream@Http@@2VRtti@Core@@A@@YAXXZ 0046ebe0 f    CIL library: CIL module
 0001:0006dc30       ??__E?RTTI@ZipFileStream@IO@@2VRtti@Core@@A@@YAXXZ 0046ec30 f    CIL library: CIL module
 0001:0006dc80       ??__E?RTTI@Archive@IO@@2VRtti@Core@@A@@YAXXZ 0046ec80 f    CIL library: CIL module
 0001:0006dcd0       ??__E?RTTI@ArchiveBase@IO@@2VRtti@Core@@A@@YAXXZ 0046ecd0 f    CIL library: CIL module
 0001:0006dd20       ??__E?RTTI@Thread@Threading@@2VRtti@Core@@A@@YAXXZ 0046ed20 f    CIL library: CIL module
 0001:0006dd60       ??__E?RTTI@DebugServer@Debug@@2VRtti@Core@@A@@YAXXZ 0046ed60 f    CIL library: CIL module
 0001:0006dda0       ??__E?RTTI@DebugTimer@Debug@@2VRtti@Core@@A@@YAXXZ 0046eda0 f    CIL library: CIL module
 0001:0006dde0       ??__E?RTTI@MemoryStream@IO@@2VRtti@Core@@A@@YAXXZ 0046ede0 f    CIL library: CIL module
 0001:0006de30       ??__E?RTTI@HttpClientRegistry@Http@@2VRtti@Core@@A@@YAXXZ 0046ee30 f    CIL library: CIL module
 0001:0006de70       ??__E?RTTI@HttpClient@Http@@2VRtti@Core@@A@@YAXXZ 0046ee70 f    CIL library: CIL module
 0001:0006deb0       ??__E?RTTI@TcpClient@Net@@2VRtti@Core@@A@@YAXXZ 0046eeb0 f    CIL library: CIL module
 0001:0006def0       ??__E?RTTI@StdTcpClient@Net@@2VRtti@Core@@A@@YAXXZ 0046eef0 f    CIL library: CIL module
 0001:0006df30       ??__E?RTTI@HttpRequestWriter@Http@@2VRtti@Core@@A@@YAXXZ 0046ef30 f    CIL library: CIL module
 0001:0006df80       ??__E?RTTI@HttpResponseReader@Http@@2VRtti@Core@@A@@YAXXZ 0046ef80 f    CIL library: CIL module
 0001:0006dfc0       ??__E?RTTI@StreamReader@IO@@2VRtti@Core@@A@@YAXXZ 0046efc0 f    CIL library: CIL module
 0001:0006e000       ??__E?RTTI@TextReader@IO@@2VRtti@Core@@A@@YAXXZ 0046f000 f    CIL library: CIL module
 0001:0006e040       ??__F?RTTI@JobSystem@Jobs@@2VRtti@Core@@A@@YAXXZ 0046f040 f    CIL library: CIL module
 0001:0006e090       ??__F?RTTI@TPJobSystem@Jobs@@2VRtti@Core@@A@@YAXXZ 0046f090 f    CIL library: CIL module
 0001:0006e0e0       ??__F?RTTI@GameContentServer@IO@@2VRtti@Core@@A@@YAXXZ 0046f0e0 f    CIL library: CIL module
 0001:0006e130       ??__F?RTTI@GameContentServerBase@Base@@2VRtti@Core@@A@@YAXXZ 0046f130 f    CIL library: CIL module
 0001:0006e180       ??__F?RTTI@Job@Jobs@@2VRtti@Core@@A@@YAXXZ 0046f180 f    CIL library: CIL module
 0001:0006e1d0       ??__F?RTTI@TPJob@Jobs@@2VRtti@Core@@A@@YAXXZ 0046f1d0 f    CIL library: CIL module
 0001:0006e220       ??__F?RTTI@JobPort@Jobs@@2VRtti@Core@@A@@YAXXZ 0046f220 f    CIL library: CIL module
 0001:0006e270       ??__F?RTTI@JobPortBase@Base@@2VRtti@Core@@A@@YAXXZ 0046f270 f    CIL library: CIL module
 0001:0006e2c0       ??__F?RTTI@TPJobPort@Jobs@@2VRtti@Core@@A@@YAXXZ 0046f2c0 f    CIL library: CIL module
 0001:0006e310       ??__F?RTTI@Console@IO@@2VRtti@Core@@A@@YAXXZ 0046f310 f    CIL library: CIL module
 0001:0006e360       ??__F?RTTI@CoreServer@Core@@2VRtti@2@A@@YAXXZ 0046f360 f    CIL library: CIL module
 0001:0006e3b0       ??__F?RTTI@IoServer@IO@@2VRtti@Core@@A@@YAXXZ 0046f3b0 f    CIL library: CIL module
 0001:0006e400       ??__F?AssignCriticalSection@IoServer@IO@@0VCriticalSection@Threading@@A@@YAXXZ 0046f400 f    CIL library: CIL module
 0001:0006e410       ??__F?SchemeCriticalSection@IoServer@IO@@0VCriticalSection@Threading@@A@@YAXXZ 0046f410 f    CIL library: CIL module
 0001:0006e420       ??__F?ArchiveCriticalSection@IoServer@IO@@0VCriticalSection@Threading@@A@@YAXXZ 0046f420 f    CIL library: CIL module
 0001:0006e430       ??__F?RTTI@LogFileConsoleHandler@IO@@2VRtti@Core@@A@@YAXXZ 0046f430 f    CIL library: CIL module
 0001:0006e480       ??__F?RTTI@JobSystemBase@Base@@2VRtti@Core@@A@@YAXXZ 0046f480 f    CIL library: CIL module
 0001:0006e4d0       ??__F?RTTI@RefCounted@Core@@2VRtti@2@A@@YAXXZ 0046f4d0 f    CIL library: CIL module
 0001:0006e520       ??__F?RTTI@JobBase@Base@@2VRtti@Core@@A@@YAXXZ 0046f520 f    CIL library: CIL module
 0001:0006e570       ??__F?RTTI@Win360Thread@Win360@@2VRtti@Core@@A@@YAXXZ 0046f570 f    CIL library: CIL module
 0001:0006e5c0       ??__F?RTTI@Win360Socket@Win360@@2VRtti@Core@@A@@YAXXZ 0046f5c0 f    CIL library: CIL module
 0001:0006e610       ??__F?RTTI@Win32ConsoleHandler@Win32@@2VRtti@Core@@A@@YAXXZ 0046f610 f    CIL library: CIL module
 0001:0006e660       ??__F?RTTI@AssignRegistry@IO@@2VRtti@Core@@A@@YAXXZ 0046f660 f    CIL library: CIL module
 0001:0006e6b0       ??__F?RTTI@SchemeRegistry@IO@@2VRtti@Core@@A@@YAXXZ 0046f6b0 f    CIL library: CIL module
 0001:0006e700       ??__F?RTTI@ArchiveFileSystem@IO@@2VRtti@Core@@A@@YAXXZ 0046f700 f    CIL library: CIL module
 0001:0006e750       ??__F?RTTI@ZipFileSystem@IO@@2VRtti@Core@@A@@YAXXZ 0046f750 f    CIL library: CIL module
 0001:0006e7a0       ??__F?RTTI@ArchiveFileSystemBase@IO@@2VRtti@Core@@A@@YAXXZ 0046f7a0 f    CIL library: CIL module
 0001:0006e7f0       ??__F?RTTI@Stream@IO@@2VRtti@Core@@A@@YAXXZ 0046f7f0 f    CIL library: CIL module
 0001:0006e840       ??__F?RTTI@ZipArchive@IO@@2VRtti@Core@@A@@YAXXZ 0046f840 f    CIL library: CIL module
 0001:0006e890       ??__F?RTTI@ConsoleHandler@IO@@2VRtti@Core@@A@@YAXXZ 0046f890 f    CIL library: CIL module
 0001:0006e8e0       ??__F?RTTI@TextWriter@IO@@2VRtti@Core@@A@@YAXXZ 0046f8e0 f    CIL library: CIL module
 0001:0006e930       ??__F?RTTI@StreamWriter@IO@@2VRtti@Core@@A@@YAXXZ 0046f930 f    CIL library: CIL module
 0001:0006e980       ??__F?RTTI@TPWorkerThread@Jobs@@2VRtti@Core@@A@@YAXXZ 0046f980 f    CIL library: CIL module
 0001:0006e9d0       ??__F?RTTI@Socket@Net@@2VRtti@Core@@A@@YAXXZ 0046f9d0 f    CIL library: CIL module
 0001:0006ea20       ??__F?RTTI@FileStream@IO@@2VRtti@Core@@A@@YAXXZ 0046fa20 f    CIL library: CIL module
 0001:0006ea70       ??__F?RTTI@HttpStream@Http@@2VRtti@Core@@A@@YAXXZ 0046fa70 f    CIL library: CIL module
 0001:0006eac0       ??__F?RTTI@HttpNzStream@Http@@2VRtti@Core@@A@@YAXXZ 0046fac0 f    CIL library: CIL module
 0001:0006eb10       ??__F?RTTI@ZipFileStream@IO@@2VRtti@Core@@A@@YAXXZ 0046fb10 f    CIL library: CIL module
 0001:0006eb60       ??__F?RTTI@Archive@IO@@2VRtti@Core@@A@@YAXXZ 0046fb60 f    CIL library: CIL module
 0001:0006ebb0       ??__F?RTTI@ArchiveBase@IO@@2VRtti@Core@@A@@YAXXZ 0046fbb0 f    CIL library: CIL module
 0001:0006ec00       ??__F?RTTI@Thread@Threading@@2VRtti@Core@@A@@YAXXZ 0046fc00 f    CIL library: CIL module
 0001:0006ec50       ??__F?RTTI@DebugServer@Debug@@2VRtti@Core@@A@@YAXXZ 0046fc50 f    CIL library: CIL module
 0001:0006eca0       ??__F?RTTI@DebugTimer@Debug@@2VRtti@Core@@A@@YAXXZ 0046fca0 f    CIL library: CIL module
 0001:0006ecf0       ??__F?RTTI@MemoryStream@IO@@2VRtti@Core@@A@@YAXXZ 0046fcf0 f    CIL library: CIL module
 0001:0006ed40       ??__F?RTTI@HttpClientRegistry@Http@@2VRtti@Core@@A@@YAXXZ 0046fd40 f    CIL library: CIL module
 0001:0006ed90       ??__F?RTTI@HttpClient@Http@@2VRtti@Core@@A@@YAXXZ 0046fd90 f    CIL library: CIL module
 0001:0006ede0       ??__F?RTTI@TcpClient@Net@@2VRtti@Core@@A@@YAXXZ 0046fde0 f    CIL library: CIL module
 0001:0006ee30       ??__F?RTTI@StdTcpClient@Net@@2VRtti@Core@@A@@YAXXZ 0046fe30 f    CIL library: CIL module
 0001:0006ee80       ??__F?RTTI@HttpRequestWriter@Http@@2VRtti@Core@@A@@YAXXZ 0046fe80 f    CIL library: CIL module
 0001:0006eed0       ??__F?RTTI@HttpResponseReader@Http@@2VRtti@Core@@A@@YAXXZ 0046fed0 f    CIL library: CIL module
 0001:0006ef20       ??__F?RTTI@StreamReader@IO@@2VRtti@Core@@A@@YAXXZ 0046ff20 f    CIL library: CIL module
 0001:0006ef70       ??__F?RTTI@TextReader@IO@@2VRtti@Core@@A@@YAXXZ 0046ff70 f    CIL library: CIL module
