 testclient

 Timestamp is 68d874ae (Sun Sep 28 02:35:10 2025)

 Preferred load address is 00400000

 Start         Length     Name                   Class
 0001:00000000 000402baH .text                   CODE
 0001:000402c0 00000a0fH .text$yc                CODE
 0001:00040cd0 00000b73H .text$yd                CODE
 0002:00000000 00000280H .idata$5                DATA
 0002:00000280 00000004H .CRT$XCA                DATA
 0002:00000284 00000004H .CRT$XCAA               DATA
 0002:00000288 000000a0H .CRT$XCU                DATA
 0002:00000328 00000004H .CRT$XCZ                DATA
 0002:0000032c 00000004H .CRT$XIA                DATA
 0002:00000330 00000004H .CRT$XIAA               DATA
 0002:00000334 00000004H .CRT$XIC                DATA
 0002:00000338 00000004H .CRT$XIY                DATA
 0002:0000033c 00000004H .CRT$XIZ                DATA
 0002:00000340 00000004H .CRT$XLA                DATA
 0002:00000344 00000004H .CRT$XLZ                DATA
 0002:00000350 00008230H .rdata                  DATA
 0002:00008580 00000018H .rdata$T                DATA
 0002:00008598 0000003cH .rdata$debug            DATA
 0002:000085e0 00000008H .rdata$sxdata           DATA
 0002:000085e8 00000004H .rtc$IAA                DATA
 0002:000085ec 00000004H .rtc$IZZ                DATA
 0002:000085f0 00000004H .rtc$TAA                DATA
 0002:000085f4 00000004H .rtc$TZZ                DATA
 0002:000085f8 0000008cH .xdata$x                DATA
 0002:00008684 0000008cH .idata$2                DATA
 0002:00008710 00000014H .idata$3                DATA
 0002:00008724 00000280H .idata$4                DATA
 0002:000089a4 000008b6H .idata$6                DATA
 0002:0000925a 00000000H .edata                  DATA
 0003:00000000 00000060H .data                   DATA
 0003:00000060 00000f70H .bss                    DATA
 0004:00000000 00000001H .tls                    DATA
 0004:00000004 00000018H .stls                   DATA
 0004:0000001c 00000001H .tls$ZZZ                DATA

  Address         Publics by Value              Rva+Base       Lib:Object

 0000:00000000       __except_list              00000000     <absolute>
 0000:00000002       ___safe_se_handler_count   00000002     <absolute>
 0000:0000002c       __tls_array                0000002c     <absolute>
 0000:00009876       __fltused                  00009876     <absolute>
 0000:00009876       __ldused                   00009876     <absolute>
 0000:00000000       ___ImageBase               00400000     <linker-defined>
 0001:00000000       _IXACT3SoundBank_Destroy@4 00401000 f i stdneb.obj
 0001:00000020       _IXACT3SoundBank_GetCueIndex@8 00401020 f i stdneb.obj
 0001:00000040       _IXACT3SoundBank_GetNumCues@8 00401040 f i stdneb.obj
 0001:00000060       _IXACT3SoundBank_GetCueProperties@12 00401060 f i stdneb.obj
 0001:00000080       _IXACT3SoundBank_Prepare@20 00401080 f i stdneb.obj
 0001:000000b0       _IXACT3SoundBank_Play@20   004010b0 f i stdneb.obj
 0001:000000e0       _IXACT3SoundBank_Stop@12   004010e0 f i stdneb.obj
 0001:00000100       _IXACT3SoundBank_GetState@8 00401100 f i stdneb.obj
 0001:00000120       _IXACT3WaveBank_Destroy@4  00401120 f i stdneb.obj
 0001:00000140       _IXACT3WaveBank_GetNumWaves@8 00401140 f i stdneb.obj
 0001:00000160       _IXACT3WaveBank_GetWaveIndex@8 00401160 f i stdneb.obj
 0001:00000180       _IXACT3WaveBank_GetWaveProperties@12 00401180 f i stdneb.obj
 0001:000001a0       _IXACT3WaveBank_Prepare@24 004011a0 f i stdneb.obj
 0001:000001d0       _IXACT3WaveBank_Play@24    004011d0 f i stdneb.obj
 0001:00000200       _IXACT3WaveBank_Stop@12    00401200 f i stdneb.obj
 0001:00000220       _IXACT3WaveBank_GetState@8 00401220 f i stdneb.obj
 0001:00000240       _IXACT3Wave_Destroy@4      00401240 f i stdneb.obj
 0001:00000260       _IXACT3Wave_Play@4         00401260 f i stdneb.obj
 0001:00000280       _IXACT3Wave_Stop@8         00401280 f i stdneb.obj
 0001:000002a0       _IXACT3Wave_Pause@8        004012a0 f i stdneb.obj
 0001:000002c0       _IXACT3Wave_GetState@8     004012c0 f i stdneb.obj
 0001:000002e0       _IXACT3Wave_SetPitch@8     004012e0 f i stdneb.obj
 0001:00000300       _IXACT3Wave_SetVolume@8    00401300 f i stdneb.obj
 0001:00000320       _IXACT3Wave_SetMatrixCoefficients@16 00401320 f i stdneb.obj
 0001:00000350       _IXACT3Wave_GetProperties@8 00401350 f i stdneb.obj
 0001:00000370       _IXACT3Cue_Play@4          00401370 f i stdneb.obj
 0001:00000390       _IXACT3Cue_Stop@8          00401390 f i stdneb.obj
 0001:000003b0       _IXACT3Cue_GetState@8      004013b0 f i stdneb.obj
 0001:000003d0       _IXACT3Cue_Destroy@4       004013d0 f i stdneb.obj
 0001:000003f0       _IXACT3Cue_SetMatrixCoefficients@16 004013f0 f i stdneb.obj
 0001:00000420       _IXACT3Cue_GetVariableIndex@8 00401420 f i stdneb.obj
 0001:00000440       _IXACT3Cue_SetVariable@12  00401440 f i stdneb.obj
 0001:00000470       _IXACT3Cue_GetVariable@12  00401470 f i stdneb.obj
 0001:00000490       _IXACT3Cue_Pause@8         00401490 f i stdneb.obj
 0001:000004b0       _IXACT3Cue_GetProperties@8 004014b0 f i stdneb.obj
 0001:000004d0       _IXACT3Cue_SetOutputVoices@8 004014d0 f i stdneb.obj
 0001:000004f0       _IXACT3Cue_SetOutputVoiceMatrix@20 004014f0 f i stdneb.obj
 0001:00000520       _IXACT3Engine_AddRef@4     00401520 f i stdneb.obj
 0001:00000540       _IXACT3Engine_Release@4    00401540 f i stdneb.obj
 0001:00000560       _IXACT3Engine_GetRendererCount@8 00401560 f i stdneb.obj
 0001:00000580       _IXACT3Engine_GetRendererDetails@12 00401580 f i stdneb.obj
 0001:000005a0       _IXACT3Engine_GetFinalMixFormat@8 004015a0 f i stdneb.obj
 0001:000005c0       _IXACT3Engine_Initialize@8 004015c0 f i stdneb.obj
 0001:000005e0       _IXACT3Engine_ShutDown@4   004015e0 f i stdneb.obj
 0001:00000600       _IXACT3Engine_DoWork@4     00401600 f i stdneb.obj
 0001:00000620       _IXACT3Engine_CreateSoundBank@24 00401620 f i stdneb.obj
 0001:00000650       _IXACT3Engine_CreateInMemoryWaveBank@24 00401650 f i stdneb.obj
 0001:00000680       _IXACT3Engine_CreateStreamingWaveBank@12 00401680 f i stdneb.obj
 0001:000006a0       _IXACT3Engine_PrepareWave@32 004016a0 f i stdneb.obj
 0001:000006e0       _IXACT3Engine_PrepareInMemoryWave@52 004016e0 f i stdneb.obj
 0001:00000740       _IXACT3Engine_PrepareStreamingWave@68 00401740 f i stdneb.obj
 0001:000007c0       _IXACT3Engine_RegisterNotification@8 004017c0 f i stdneb.obj
 0001:000007e0       _IXACT3Engine_UnRegisterNotification@8 004017e0 f i stdneb.obj
 0001:00000800       _IXACT3Engine_GetCategory@8 00401800 f i stdneb.obj
 0001:00000820       _IXACT3Engine_Stop@12      00401820 f i stdneb.obj
 0001:00000840       _IXACT3Engine_SetVolume@12 00401840 f i stdneb.obj
 0001:00000870       _IXACT3Engine_Pause@12     00401870 f i stdneb.obj
 0001:00000890       _IXACT3Engine_GetGlobalVariableIndex@8 00401890 f i stdneb.obj
 0001:000008b0       _IXACT3Engine_SetGlobalVariable@12 004018b0 f i stdneb.obj
 0001:000008e0       _IXACT3Engine_GetGlobalVariable@12 004018e0 f i stdneb.obj
 0001:00000900       ?Decrement@Win360Interlocked@Win360@@SAHACH@Z 00401900 f i testclient.obj
 0001:00000920       ??2@YAPAXI@Z               00401920 f i testclient.obj
 0001:00000940       ??_U@YAPAXI@Z              00401940 f i testclient.obj
 0001:00000960       ??3@YAXPAX@Z               00401960 f i testclient.obj
 0001:00000980       ??_V@YAXPAX@Z              00401980 f i testclient.obj
 0001:000009a0       ??3String@Util@@SAXPAX@Z   004019a0 f i testclient.obj
 0001:000009c0       ??0String@Util@@QAE@XZ     004019c0 f i testclient.obj
 0001:00000a00       ?Delete@String@Util@@AAEXXZ 00401a00 f i testclient.obj
 0001:00000a50       ??1String@Util@@QAE@XZ     00401a50 f i testclient.obj
 0001:00000aa0       ??0String@Util@@QAE@PBD@Z  00401aa0 f i testclient.obj
 0001:00000ae0       ?AsCharPtr@String@Util@@QBEPBDXZ 00401ae0 f i testclient.obj
 0001:00000b10       ??4String@Util@@QAEXABV01@@Z 00401b10 f i testclient.obj
 0001:00000b50       ?SetCompanyName@Application@App@@QAEXABVString@Util@@@Z 00401b50 f i testclient.obj
 0001:00000ba0       ?SetAppTitle@Application@App@@QAEXABVString@Util@@@Z 00401ba0 f i testclient.obj
 0001:00000bf0       ?SetCmdLineArgs@Application@App@@QAEXABVCommandLineArgs@Util@@@Z 00401bf0 f i testclient.obj
 0001:00000c20       ??4CommandLineArgs@Util@@QAEAAV01@ABV01@@Z 00401c20 f i testclient.obj
 0001:00000c40       ?Release@RefCounted@Core@@QAEXXZ 00401c40 f i testclient.obj
 0001:00000c90       _main                      00401c90 f   testclient.obj
 0001:00000eb0       ??1CommandLineArgs@Util@@QAE@XZ 00401eb0 f i testclient.obj
 0001:00000ed0       ??1?$Array@VString@Util@@@Util@@QAE@XZ 00401ed0 f i testclient.obj
 0001:00000ef0       ??4?$Array@VString@Util@@@Util@@QAEXABV01@@Z 00401ef0 f i testclient.obj
 0001:00001020       ??_EString@Util@@QAEPAXI@Z 00402020 f i testclient.obj
 0001:00001130       ??_H@YGXPAXIHP6EPAX0@Z@Z   00402130 f i testclient.obj
 0001:00001160       ??_I@YGXPAXIHP6EX0@Z@Z     00402160 f i testclient.obj
 0001:00001190       ?Destroy@?$Array@VString@Util@@@Util@@AAEXPAVString@2@@Z 00402190 f i testclient.obj
 0001:000011b0       ?Copy@?$Array@VString@Util@@@Util@@AAEXABV12@@Z 004021b0 f i testclient.obj
 0001:00001330       ?Delete@?$Array@VString@Util@@@Util@@AAEXXZ 00402330 f i testclient.obj
 0001:000013a0       ??_GString@Util@@QAEPAXI@Z 004023a0 f i testclient.obj
 0001:00001410       ??_E?$Ptr@VConsoleHandler@IO@@@@QAEPAXI@Z 00402410 f i testclient.obj
 0001:000014b0       ??1?$Ptr@VConsoleHandler@IO@@@@QAE@XZ 004024b0 f i testclient.obj
 0001:000014e0       ?Increment@Win360Interlocked@Win360@@SAHACH@Z 004024e0 f i testclientapplication.obj
 0001:00001500       ?IsValid@String@Util@@QBE_NXZ 00402500 f i testclientapplication.obj
 0001:00001520       ?IsOpen@Application@App@@QBE_NXZ 00402520 f i testclientapplication.obj
 0001:00001540       ?AddRef@RefCounted@Core@@QAEXXZ 00402540 f i testclientapplication.obj
 0001:00001560       ?Instance@Console@IO@@SAPAV12@XZ 00402560 f i testclientapplication.obj
 0001:00001590       ??4Win360IpAddress@Win360@@QAEAAV01@ABV01@@Z 00402590 f i testclientapplication.obj
 0001:00001640       ?SetBlocking@StdTcpClient@Net@@QAEX_N@Z 00402640 f i testclientapplication.obj
 0001:00001680       ?SetServerAddress@StdTcpClient@Net@@QAEXABVWin360IpAddress@Win360@@@Z 00402680 f i testclientapplication.obj
 0001:000016a0       ?SetFromByteOrder@ByteOrder@System@@QAEXW4Type@12@@Z 004026a0 f i testclientapplication.obj
 0001:000016c0       ?SetToByteOrder@ByteOrder@System@@QAEXW4Type@12@@Z 004026c0 f i testclientapplication.obj
 0001:000016e0       ?SetStreamByteOrder@BinaryReader@IO@@QAEXW4Type@ByteOrder@System@@@Z 004026e0 f i testclientapplication.obj
 0001:00001700       ?SetStreamByteOrder@BinaryWriter@IO@@QAEXW4Type@ByteOrder@System@@@Z 00402700 f i testclientapplication.obj
 0001:00001720       ??0TestClientApplication@Tools@@QAE@XZ 00402720 f   testclientapplication.obj
 0001:00001770       ??_GTestClientApplication@Tools@@UAEPAXI@Z 00402770 f i testclientapplication.obj
 0001:00001770       ??_ETestClientApplication@Tools@@UAEPAXI@Z 00402770 f i  CIL library: CIL module
 0001:000017a0       ??1TestClientApplication@Tools@@UAE@XZ 004027a0 f   testclientapplication.obj
 0001:00001810       ?Open@TestClientApplication@Tools@@UAE_NXZ 00402810 f   testclientapplication.obj
 0001:00001bb0       ??1Win360IpAddress@Win360@@QAE@XZ 00402bb0 f i testclientapplication.obj
 0001:00001c40       ?Close@TestClientApplication@Tools@@UAEXXZ 00402c40 f   testclientapplication.obj
 0001:00001ce0       ?Run@TestClientApplication@Tools@@UAEXXZ 00402ce0 f   testclientapplication.obj
 0001:00001ec0       ??C?$Ptr@VSocket@Net@@@@QBEPAVSocket@Net@@XZ 00402ec0 f i testclientapplication.obj
 0001:00001f00       ?isvalid@?$Ptr@VSocket@Net@@@@QBE_NXZ 00402f00 f i testclientapplication.obj
 0001:00001f20       ??0?$Ptr@VTcpClient@Net@@@@QAE@XZ 00402f20 f i testclientapplication.obj
 0001:00001f40       ??1?$Ptr@VTcpClient@Net@@@@QAE@XZ 00402f40 f i testclientapplication.obj
 0001:00001f70       ??4?$Ptr@VTcpClient@Net@@@@QAEXPAVTcpClient@Net@@@Z 00402f70 f i testclientapplication.obj
 0001:00001fd0       ??C?$Ptr@VTcpClient@Net@@@@QBEPAVTcpClient@Net@@XZ 00402fd0 f i testclientapplication.obj
 0001:00002010       ?isvalid@?$Ptr@VTcpClient@Net@@@@QBE_NXZ 00403010 f i testclientapplication.obj
 0001:00002030       ??0?$Ptr@VBinaryReader@IO@@@@QAE@XZ 00403030 f i testclientapplication.obj
 0001:00002050       ??1?$Ptr@VBinaryReader@IO@@@@QAE@XZ 00403050 f i testclientapplication.obj
 0001:00002080       ??4?$Ptr@VBinaryReader@IO@@@@QAEXPAVBinaryReader@IO@@@Z 00403080 f i testclientapplication.obj
 0001:000020e0       ??C?$Ptr@VBinaryReader@IO@@@@QBEPAVBinaryReader@IO@@XZ 004030e0 f i testclientapplication.obj
 0001:00002120       ??0?$Ptr@VBinaryWriter@IO@@@@QAE@XZ 00403120 f i testclientapplication.obj
 0001:00002140       ??1?$Ptr@VBinaryWriter@IO@@@@QAE@XZ 00403140 f i testclientapplication.obj
 0001:00002170       ??4?$Ptr@VBinaryWriter@IO@@@@QAEXPAVBinaryWriter@IO@@@Z 00403170 f i testclientapplication.obj
 0001:000021d0       ??C?$Ptr@VBinaryWriter@IO@@@@QBEPAVBinaryWriter@IO@@XZ 004031d0 f i testclientapplication.obj
 0001:00002210       ?HasInstance@Console@IO@@SA_NXZ 00403210 f i foundation_win32.release:debug.obj
 0001:00002230       ?n_barf@@YAXPBD0H@Z        00403230 f   foundation_win32.release:debug.obj
 0001:000022d0       ?n_barf2@@YAXPBD00H@Z      004032d0 f   foundation_win32.release:debug.obj
 0001:00002370       ?n_error@@YAXPBDZZ         00403370 f   foundation_win32.release:debug.obj
 0001:00002430       ?n_warning@@YAXPBDZZ       00403430 f   foundation_win32.release:debug.obj
 0001:000024f0       ?n_confirm@@YAXPBDZZ       004034f0 f   foundation_win32.release:debug.obj
 0001:000025b0       ?n_printf@@YAXPBDZZ        004035b0 f   foundation_win32.release:debug.obj
 0001:00002600       ?n_dbgout@@YAXPBDZZ        00403600 f   foundation_win32.release:debug.obj
 0001:00002650       ?n_sleep@@YAXN@Z           00403650 f   foundation_win32.release:debug.obj
 0001:00002670       ?__HeapAlignPointerAndWritePadding16@Memory@@YAPAEPAE@Z 00403670 f i foundation_win32.release:win360memory.obj
 0001:000026a0       ?__HeapUnalignPointer16@Memory@@YAPAEPAE@Z 004036a0 f i foundation_win32.release:win360memory.obj
 0001:000026c0       ?__HeapAlloc16@Memory@@YAPAXPAXKK@Z 004036c0 f i foundation_win32.release:win360memory.obj
 0001:00002710       ?__HeapReAlloc16@Memory@@YAPAXPAXK0K@Z 00403710 f i foundation_win32.release:win360memory.obj
 0001:00002830       ?__HeapFree16@Memory@@YAHPAXK0@Z 00403830 f i foundation_win32.release:win360memory.obj
 0001:00002870       ?Copy@Memory@@YAXPBXPAXI@Z 00403870 f i foundation_win32.release:win360memory.obj
 0001:000028e0       ?Alloc@Memory@@YAPAXW4HeapType@1@I@Z 004038e0 f   foundation_win32.release:win360memory.obj
 0001:000029d0       ?Realloc@Memory@@YAPAXW4HeapType@1@PAXI@Z 004039d0 f   foundation_win32.release:win360memory.obj
 0001:00002b80       ?Free@Memory@@YAXW4HeapType@1@PAX@Z 00403b80 f   foundation_win32.release:win360memory.obj
 0001:00002c10       ?DuplicateCString@Memory@@YAPADPBD@Z 00403c10 f   foundation_win32.release:win360memory.obj
 0001:00002cf0       ?IsOverlapping@Memory@@YA_NPBEI0I@Z 00403cf0 f   foundation_win32.release:win360memory.obj
 0001:00002d30       ?GetTotalMemoryStatus@Memory@@YA?AUTotalMemoryStatus@1@XZ 00403d30 f   foundation_win32.release:win360memory.obj
 0001:00002da0       ?DumpTotalMemoryStatus@Memory@@YAXXZ 00403da0 f   foundation_win32.release:win360memory.obj
 0001:00002dc0       ??0float4@Math@@QAE@MMMM@Z 00403dc0 f i foundation_win32.release:string.obj
 0001:00002e10       ??0matrix44@Math@@QAE@ABVfloat4@1@000@Z 00403e10 f i foundation_win32.release:string.obj
 0001:00002e60       ?Alloc@String@Util@@AAEXH@Z 00403e60 f i foundation_win32.release:string.obj
 0001:00002f00       ?Realloc@String@Util@@AAEXH@Z 00403f00 f i foundation_win32.release:string.obj
 0001:00003050       ?Reserve@String@Util@@QAEXH@Z 00404050 f i foundation_win32.release:string.obj
 0001:00003080       ??0String@Util@@QAE@ABV01@@Z 00404080 f i foundation_win32.release:string.obj
 0001:000030e0       ??4String@Util@@QAEXPBD@Z  004040e0 f i foundation_win32.release:string.obj
 0001:00003100       ?Append@String@Util@@QAEXABV12@@Z 00404100 f i foundation_win32.release:string.obj
 0001:00003140       ??AString@Util@@QBEDH@Z    00404140 f i foundation_win32.release:string.obj
 0001:000031a0       ??AString@Util@@QAEAADH@Z  004041a0 f i foundation_win32.release:string.obj
 0001:00003200       ?Length@String@Util@@QBEHXZ 00404200 f i foundation_win32.release:string.obj
 0001:000032c0       ?CopyToBuffer@String@Util@@QBE_NPADH@Z 004042c0 f   foundation_win32.release:string.obj
 0001:00003370       ?Format@String@Util@@QAAXPBDZZ 00404370 f   foundation_win32.release:string.obj
 0001:00003400       ?FormatArgList@String@Util@@QAAXPBDPAD@Z 00404400 f   foundation_win32.release:string.obj
 0001:00003470       ?Set@String@Util@@QAEXPBDH@Z 00404470 f   foundation_win32.release:string.obj
 0001:000036e0       ?AppendRange@String@Util@@QAEXPBDH@Z 004046e0 f   foundation_win32.release:string.obj
 0001:00003900       ?Tokenize@String@Util@@QBEHABV12@AAV?$Array@VString@Util@@@2@@Z 00404900 f   foundation_win32.release:string.obj
 0001:00003a30       ?Tokenize@String@Util@@QBE?AV?$Array@VString@Util@@@2@ABV12@@Z 00404a30 f   foundation_win32.release:string.obj
 0001:00003a70       ?Tokenize@String@Util@@QBEHABV12@DAAV?$Array@VString@Util@@@2@@Z 00404a70 f   foundation_win32.release:string.obj
 0001:00003dc0       ?Tokenize@String@Util@@QBE?AV?$Array@VString@Util@@@2@ABV12@D@Z 00404dc0 f   foundation_win32.release:string.obj
 0001:00003e10       ?ExtractRange@String@Util@@QBE?AV12@HH@Z 00404e10 f   foundation_win32.release:string.obj
 0001:00003ed0       ?ExtractToEnd@String@Util@@QBE?AV12@H@Z 00404ed0 f   foundation_win32.release:string.obj
 0001:00003f00       ?Strip@String@Util@@QAEXABV12@@Z 00404f00 f   foundation_win32.release:string.obj
 0001:00003fc0       ?FindStringIndex@String@Util@@QBEHABV12@H@Z 00404fc0 f   foundation_win32.release:string.obj
 0001:000040b0       ?FindCharIndex@String@Util@@QBEHDH@Z 004050b0 f   foundation_win32.release:string.obj
 0001:00004160       ?TrimLeft@String@Util@@QAEXABV12@@Z 00405160 f   foundation_win32.release:string.obj
 0001:00004340       ?TrimRight@String@Util@@QAEXABV12@@Z 00405340 f   foundation_win32.release:string.obj
 0001:00004520       ?Trim@String@Util@@QAEXABV12@@Z 00405520 f   foundation_win32.release:string.obj
 0001:00004550       ?SubstituteString@String@Util@@QAEXABV12@0@Z 00405550 f   foundation_win32.release:string.obj
 0001:000046a0       ?ExtractLastDirName@String@Util@@QBE?AV12@XZ 004056a0 f   foundation_win32.release:string.obj
 0001:000047d0       ?ExtractDirName@String@Util@@QBE?AV12@XZ 004057d0 f   foundation_win32.release:string.obj
 0001:000048c0       ?MatchPattern@String@Util@@SA_NABV12@0@Z 004058c0 f   foundation_win32.release:string.obj
 0001:00004bd0       ?ReplaceChars@String@Util@@QAEXABV12@D@Z 00405bd0 f   foundation_win32.release:string.obj
 0001:00004c80       ?AsMatrix44@String@Util@@QBE?AVmatrix44@Math@@XZ 00405c80 f   foundation_win32.release:string.obj
 0001:000050d0       ?Concatenate@String@Util@@SA?AV12@ABV?$Array@VString@Util@@@2@ABV12@@Z 004060d0 f   foundation_win32.release:string.obj
 0001:000051d0       ?SetCharPtr@String@Util@@QAEXPBD@Z 004061d0 f   foundation_win32.release:string.obj
 0001:00005230       ?Append@String@Util@@QAEXPBD@Z 00406230 f   foundation_win32.release:string.obj
 0001:000052a0       ?TerminateAtIndex@String@Util@@QAEXH@Z 004062a0 f   foundation_win32.release:string.obj
 0001:00005330       ?StripFileExtension@String@Util@@QAEXXZ 00406330 f   foundation_win32.release:string.obj
 0001:000053d0       ??8Util@@YA_NABVString@0@0@Z 004063d0 f   foundation_win32.release:string.obj
 0001:00005480       ??8Util@@YA_NABVString@0@PBD@Z 00406480 f   foundation_win32.release:string.obj
 0001:00005530       ??8Util@@YA_NPBDABVString@0@@Z 00406530 f   foundation_win32.release:string.obj
 0001:000055e0       ??9Util@@YA_NABVString@0@0@Z 004065e0 f   foundation_win32.release:string.obj
 0001:00005690       ??MUtil@@YA_NABVString@0@0@Z 00406690 f   foundation_win32.release:string.obj
 0001:00005740       ??OUtil@@YA_NABVString@0@0@Z 00406740 f   foundation_win32.release:string.obj
 0001:000057f0       ??NUtil@@YA_NABVString@0@0@Z 004067f0 f   foundation_win32.release:string.obj
 0001:000058a0       ??PUtil@@YA_NABVString@0@0@Z 004068a0 f   foundation_win32.release:string.obj
 0001:00005950       ?ToLower@String@Util@@QAEXXZ 00406950 f   foundation_win32.release:string.obj
 0001:000059b0       ?ToUpper@String@Util@@QAEXXZ 004069b0 f   foundation_win32.release:string.obj
 0001:00005a10       ?FirstCharToUpper@String@Util@@QAEXXZ 00406a10 f   foundation_win32.release:string.obj
 0001:00005a50       ?ContainsCharFromSet@String@Util@@QBE_NABV12@@Z 00406a50 f   foundation_win32.release:string.obj
 0001:00005ac0       ?GetFileExtension@String@Util@@QBE?AV12@XZ 00406ac0 f   foundation_win32.release:string.obj
 0001:00005b80       ?GetLastSlash@String@Util@@ABEPADXZ 00406b80 f   foundation_win32.release:string.obj
 0001:00005bf0       ?IsValidBool@String@Util@@QBE_NXZ 00406bf0 f   foundation_win32.release:string.obj
 0001:00005c60       ?AsInt@String@Util@@QBEHXZ 00406c60 f   foundation_win32.release:string.obj
 0001:00005ca0       ?AsFloat@String@Util@@QBEMXZ 00406ca0 f   foundation_win32.release:string.obj
 0001:00005ce0       ?AsBool@String@Util@@QBE_NXZ 00406ce0 f   foundation_win32.release:string.obj
 0001:00005d70       ?IsDigit@String@Util@@SA_ND@Z 00406d70 f   foundation_win32.release:string.obj
 0001:00005d90       ?IsAlpha@String@Util@@SA_ND@Z 00406d90 f   foundation_win32.release:string.obj
 0001:00005db0       ?IsAlNum@String@Util@@SA_ND@Z 00406db0 f   foundation_win32.release:string.obj
 0001:00005dd0       ?IsLower@String@Util@@SA_ND@Z 00406dd0 f   foundation_win32.release:string.obj
 0001:00005df0       ?IsUpper@String@Util@@SA_ND@Z 00406df0 f   foundation_win32.release:string.obj
 0001:00005e10       ?StrCmp@String@Util@@SAHPBD0@Z 00406e10 f   foundation_win32.release:string.obj
 0001:00005ea0       ?StrLen@String@Util@@SAHPBD@Z 00406ea0 f   foundation_win32.release:string.obj
 0001:00005f00       ?StrChr@String@Util@@SAPBDPBDH@Z 00406f00 f   foundation_win32.release:string.obj
 0001:00005f40       ?ParseKeyValuePairs@String@Util@@SA?AV?$Dictionary@VString@Util@@V12@@2@ABV12@@Z 00406f40 f   foundation_win32.release:string.obj
 0001:00006040       ??1?$Dictionary@VString@Util@@V12@@Util@@QAE@XZ 00407040 f i foundation_win32.release:string.obj
 0001:00006060       ?ChangeFileExtension@String@Util@@QAEXABV12@@Z 00407060 f   foundation_win32.release:string.obj
 0001:00006140       ??0?$Array@VString@Util@@@Util@@QAE@ABV01@@Z 00407140 f i foundation_win32.release:string.obj
 0001:00006190       ??0?$Array@VString@Util@@@Util@@QAE@HH@Z 00407190 f i foundation_win32.release:string.obj
 0001:000062a0       ??0?$Array@VString@Util@@@Util@@QAE@XZ 004072a0 f i foundation_win32.release:string.obj
 0001:000062e0       ??A?$Array@VString@Util@@@Util@@QBEAAVString@1@H@Z 004072e0 f i foundation_win32.release:string.obj
 0001:00006330       ?Append@?$Array@VString@Util@@@Util@@QAEXABVString@2@@Z 00407330 f i foundation_win32.release:string.obj
 0001:000063d0       ?Size@?$Array@VString@Util@@@Util@@QBEHXZ 004073d0 f i foundation_win32.release:string.obj
 0001:000063f0       ?Clear@?$Array@VString@Util@@@Util@@QAEXXZ 004073f0 f i foundation_win32.release:string.obj
 0001:00006440       ??1?$Array@V?$KeyValuePair@VString@Util@@V12@@Util@@@Util@@QAE@XZ 00407440 f i foundation_win32.release:string.obj
 0001:00006460       ??0?$Dictionary@VString@Util@@V12@@Util@@QAE@ABV01@@Z 00407460 f i foundation_win32.release:string.obj
 0001:000064b0       ??0?$Dictionary@VString@Util@@V12@@Util@@QAE@XZ 004074b0 f i foundation_win32.release:string.obj
 0001:000064d0       ?Add@?$Dictionary@VString@Util@@V12@@Util@@QAEXABVString@2@0@Z 004074d0 f i foundation_win32.release:string.obj
 0001:00006520       ??1?$KeyValuePair@VString@Util@@V12@@Util@@QAE@XZ 00407520 f i foundation_win32.release:string.obj
 0001:000065b0       ?Grow@?$Array@VString@Util@@@Util@@AAEXXZ 004075b0 f i foundation_win32.release:string.obj
 0001:00006630       ??0?$Array@V?$KeyValuePair@VString@Util@@V12@@Util@@@Util@@QAE@ABV01@@Z 00407630 f i foundation_win32.release:string.obj
 0001:00006680       ??0?$Array@V?$KeyValuePair@VString@Util@@V12@@Util@@@Util@@QAE@XZ 00407680 f i foundation_win32.release:string.obj
 0001:000066c0       ?Append@?$Array@V?$KeyValuePair@VString@Util@@V12@@Util@@@Util@@QAEXABV?$KeyValuePair@VString@Util@@V12@@2@@Z 004076c0 f i foundation_win32.release:string.obj
 0001:00006740       ?InsertSorted@?$Array@V?$KeyValuePair@VString@Util@@V12@@Util@@@Util@@QAEHABV?$KeyValuePair@VString@Util@@V12@@2@@Z 00407740 f i foundation_win32.release:string.obj
 0001:000069b0       ?Delete@?$Array@V?$KeyValuePair@VString@Util@@V12@@Util@@@Util@@AAEXXZ 004079b0 f i foundation_win32.release:string.obj
 0001:00006a20       ??0?$KeyValuePair@VString@Util@@V12@@Util@@QAE@ABVString@1@0@Z 00407a20 f i foundation_win32.release:string.obj
 0001:00006ae0       ??_E?$KeyValuePair@VString@Util@@V12@@Util@@QAEPAXI@Z 00407ae0 f i foundation_win32.release:string.obj
 0001:00006b80       ?GrowTo@?$Array@VString@Util@@@Util@@AAEXH@Z 00407b80 f i foundation_win32.release:string.obj
 0001:00006cf0       ?Size@?$Array@V?$KeyValuePair@VString@Util@@V12@@Util@@@Util@@QBEHXZ 00407cf0 f i foundation_win32.release:string.obj
 0001:00006d10       ?Insert@?$Array@V?$KeyValuePair@VString@Util@@V12@@Util@@@Util@@QAEXHABV?$KeyValuePair@VString@Util@@V12@@2@@Z 00407d10 f i foundation_win32.release:string.obj
 0001:00006d80       ?InsertAtEndOfIdenticalRange@?$Array@V?$KeyValuePair@VString@Util@@V12@@Util@@@Util@@QAEHHABV?$KeyValuePair@VString@Util@@V12@@2@@Z 00407d80 f i foundation_win32.release:string.obj
 0001:00006e00       ?Copy@?$Array@V?$KeyValuePair@VString@Util@@V12@@Util@@@Util@@AAEXABV12@@Z 00407e00 f i foundation_win32.release:string.obj
 0001:00006f30       ?Grow@?$Array@V?$KeyValuePair@VString@Util@@V12@@Util@@@Util@@AAEXXZ 00407f30 f i foundation_win32.release:string.obj
 0001:00006fb0       ??4?$KeyValuePair@VString@Util@@V12@@Util@@QAEXABV01@@Z 00407fb0 f i foundation_win32.release:string.obj
 0001:00007040       ??O?$KeyValuePair@VString@Util@@V12@@Util@@QBE_NABV01@@Z 00408040 f i foundation_win32.release:string.obj
 0001:00007060       ??M?$KeyValuePair@VString@Util@@V12@@Util@@QBE_NABV01@@Z 00408060 f i foundation_win32.release:string.obj
 0001:00007080       ?GrowTo@?$Array@V?$KeyValuePair@VString@Util@@V12@@Util@@@Util@@AAEXH@Z 00408080 f i foundation_win32.release:string.obj
 0001:000071a0       ?Move@?$Array@V?$KeyValuePair@VString@Util@@V12@@Util@@@Util@@AAEXHH@Z 004081a0 f i foundation_win32.release:string.obj
 0001:00007330       ??0?$KeyValuePair@VString@Util@@V12@@Util@@QAE@XZ 00408330 f i foundation_win32.release:string.obj
 0001:000073a0       ??9?$KeyValuePair@VString@Util@@V12@@Util@@QBE_NABV01@@Z 004083a0 f i foundation_win32.release:string.obj
 0001:000073c0       ?Destroy@?$Array@V?$KeyValuePair@VString@Util@@V12@@Util@@@Util@@AAEXPAV?$KeyValuePair@VString@Util@@V12@@2@@Z 004083c0 f i foundation_win32.release:string.obj
 0001:000073f0       ??_G?$KeyValuePair@VString@Util@@V12@@Util@@QAEPAXI@Z 004083f0 f i foundation_win32.release:string.obj
 0001:00007420       ?strrchr@@YAPADPADH@Z      00408420 f i foundation_win32.release:string.obj
 0001:00007440       ?strpbrk@@YAPADPADPBD@Z    00408440 f i foundation_win32.release:string.obj
 0001:00007460       ?strchr@@YAPADPADH@Z       00408460 f i foundation_win32.release:string.obj
 0001:00007530       ?StringCchVPrintfA@@YGJPADIPBD0@Z 00408530 f i foundation_win32.release:string.obj
 0001:00007750       ?StringCchCopyA@@YGJPADIPBD@Z 00408750 f i foundation_win32.release:string.obj
 0001:000077a0       ??0_XMMATRIX@@QAE@XZ       004087a0 f i foundation_win32.release:string.obj
 0001:000077b0       ?XMVectorSet@@YA?AT__m128@@MMMM@Z 004087b0 f i foundation_win32.release:string.obj
 0001:000077f0       ?AsFloat4@String@Util@@QBE?AVfloat4@Math@@XZ 004087f0 f i foundation_win32.release:commandlineargs.obj
 0001:00007970       ??0CommandLineArgs@Util@@QAE@XZ 00408970 f   foundation_win32.release:commandlineargs.obj
 0001:00007990       ??0CommandLineArgs@Util@@QAE@ABVString@1@@Z 00408990 f   foundation_win32.release:commandlineargs.obj
 0001:00007a20       ??0CommandLineArgs@Util@@QAE@HPAPBD@Z 00408a20 f   foundation_win32.release:commandlineargs.obj
 0001:00007ac0       ?Error@CommandLineArgs@Util@@ABEXABVString@2@@Z 00408ac0 f   foundation_win32.release:commandlineargs.obj
 0001:00007b00       ?GetCmdName@CommandLineArgs@Util@@QBEABVString@2@XZ 00408b00 f   foundation_win32.release:commandlineargs.obj
 0001:00007b40       ?HasArg@CommandLineArgs@Util@@QBE_NABVString@2@@Z 00408b40 f   foundation_win32.release:commandlineargs.obj
 0001:00007b70       ?FindArgIndex@CommandLineArgs@Util@@ABEHABVString@2@@Z 00408b70 f   foundation_win32.release:commandlineargs.obj
 0001:00007bd0       ?GetString@CommandLineArgs@Util@@QBEABVString@2@ABV32@0@Z 00408bd0 f   foundation_win32.release:commandlineargs.obj
 0001:00007c10       ?GetInt@CommandLineArgs@Util@@QBEHABVString@2@H@Z 00408c10 f   foundation_win32.release:commandlineargs.obj
 0001:00007c60       ?GetFloat@CommandLineArgs@Util@@QBEMABVString@2@M@Z 00408c60 f   foundation_win32.release:commandlineargs.obj
 0001:00007cb0       ?GetBool@CommandLineArgs@Util@@QBE_NABVString@2@_N@Z 00408cb0 f   foundation_win32.release:commandlineargs.obj
 0001:00007d00       ?GetBoolFlag@CommandLineArgs@Util@@QBE_NABVString@2@@Z 00408d00 f   foundation_win32.release:commandlineargs.obj
 0001:00007d20       ?GetFloat4@CommandLineArgs@Util@@QBE?AVfloat4@Math@@ABVString@2@ABV34@@Z 00408d20 f   foundation_win32.release:commandlineargs.obj
 0001:00007d90       ?GetMatrix44@CommandLineArgs@Util@@QBE?AVmatrix44@Math@@ABVString@2@ABV34@@Z 00408d90 f   foundation_win32.release:commandlineargs.obj
 0001:00007df0       ?GetNumArgs@CommandLineArgs@Util@@QBEHXZ 00408df0 f   foundation_win32.release:commandlineargs.obj
 0001:00007e30       ?GetStringAtIndex@CommandLineArgs@Util@@QBEABVString@2@H@Z 00408e30 f   foundation_win32.release:commandlineargs.obj
 0001:00007e50       ?GetIntAtIndex@CommandLineArgs@Util@@QBEHH@Z 00408e50 f   foundation_win32.release:commandlineargs.obj
 0001:00007e80       ?GetFloatAtIndex@CommandLineArgs@Util@@QBEMH@Z 00408e80 f   foundation_win32.release:commandlineargs.obj
 0001:00007eb0       ?GetBoolAtIndex@CommandLineArgs@Util@@QBE_NH@Z 00408eb0 f   foundation_win32.release:commandlineargs.obj
 0001:00007ee0       ?GetFloat4AtIndex@CommandLineArgs@Util@@QBE?AVfloat4@Math@@H@Z 00408ee0 f   foundation_win32.release:commandlineargs.obj
 0001:00007f10       ?GetMatrix44AtIndex@CommandLineArgs@Util@@QBE?AVmatrix44@Math@@H@Z 00408f10 f   foundation_win32.release:commandlineargs.obj
 0001:00007f40       ?AppendCommandString@CommandLineArgs@Util@@QAEXABV12@@Z 00408f40 f   foundation_win32.release:commandlineargs.obj
 0001:00007f90       ?FindIndex@?$Array@VString@Util@@@Util@@QBEHABVString@2@@Z 00408f90 f i foundation_win32.release:commandlineargs.obj
 0001:00008000       ??0Application@App@@QAE@XZ 00409000 f   foundation_win32.release:application.obj
 0001:00008160       ??_EApplication@App@@UAEPAXI@Z 00409160 f i  CIL library: CIL module
 0001:00008160       ??_GApplication@App@@UAEPAXI@Z 00409160 f i foundation_win32.release:application.obj
 0001:00008190       ??1Application@App@@UAE@XZ 00409190 f   foundation_win32.release:application.obj
 0001:000082f0       ?Open@Application@App@@UAE_NXZ 004092f0 f   foundation_win32.release:application.obj
 0001:00008330       ?Close@Application@App@@UAEXXZ 00409330 f   foundation_win32.release:application.obj
 0001:00008370       ?Run@Application@App@@UAEXXZ 00409370 f   foundation_win32.release:application.obj
 0001:00008380       ?Exit@Application@App@@UAEXXZ 00409380 f   foundation_win32.release:application.obj
 0001:000083a0       ?WaiterPlus@Win360CriticalSection@Win360@@ABEXXZ 004093a0 f i foundation_win32.release:console.obj
 0001:000083c0       ?WaiterMinus@Win360CriticalSection@Win360@@ABEXXZ 004093c0 f i foundation_win32.release:console.obj
 0001:000083e0       ?PerfLockImmediate@Win360CriticalSection@Win360@@ABE_NK@Z 004093e0 f i foundation_win32.release:console.obj
 0001:00008410       ?Enter@Win360CriticalSection@Win360@@QBEXXZ 00409410 f i foundation_win32.release:console.obj
 0001:00008480       ?AllocateKernelSemaphore@Win360CriticalSection@Win360@@ABEXXZ 00409480 f i foundation_win32.release:console.obj
 0001:000084f0       ?PerfLock@Win360CriticalSection@Win360@@ABE_NK@Z 004094f0 f i foundation_win32.release:console.obj
 0001:00008570       ?PerfLockKernel@Win360CriticalSection@Win360@@ABE_NK@Z 00409570 f i foundation_win32.release:console.obj
 0001:00008610       ?Leave@Win360CriticalSection@Win360@@QBEXXZ 00409610 f i foundation_win32.release:console.obj
 0001:00008640       ?PerfUnlock@Win360CriticalSection@Win360@@ABEXXZ 00409640 f i foundation_win32.release:console.obj
 0001:00008680       ??0FourCC@Util@@QAE@I@Z    00409680 f i foundation_win32.release:console.obj
 0001:000086a0       ??3RefCounted@Core@@SAXPAX@Z 004096a0 f i foundation_win32.release:console.obj
 0001:000086c0       ??0RefCounted@Core@@QAE@XZ 004096c0 f i foundation_win32.release:console.obj
 0001:000086f0       ??_ERefCounted@Core@@MAEPAXI@Z 004096f0 f i  CIL library: CIL module
 0001:000086f0       ??_GRefCounted@Core@@MAEPAXI@Z 004096f0 f i foundation_win32.release:console.obj
 0001:00008720       ??2Console@IO@@SAPAXI@Z    00409720 f i foundation_win32.release:console.obj
 0001:00008730       ??3Console@IO@@SAXPAX@Z    00409730 f i foundation_win32.release:console.obj
 0001:00008750       ?IsOpen@Console@IO@@QBE_NXZ 00409750 f i foundation_win32.release:console.obj
 0001:00008770       ??1Rtti@Core@@QAE@XZ       00409770 f i foundation_win32.release:console.obj
 0001:000087c0       ?GetRtti@Console@IO@@UBEPAVRtti@Core@@XZ 004097c0 f   foundation_win32.release:console.obj
 0001:000087d0       ?FactoryCreator@Console@IO@@SAPAVRefCounted@Core@@XZ 004097d0 f   foundation_win32.release:console.obj
 0001:000087e0       ?Create@Console@IO@@SAPAV12@XZ 004097e0 f   foundation_win32.release:console.obj
 0001:00008820       ?RegisterWithFactory@Console@IO@@SA_NXZ 00409820 f   foundation_win32.release:console.obj
 0001:00008920       ??0Console@IO@@QAE@XZ      00409920 f   foundation_win32.release:console.obj
 0001:000089a0       ??_EConsole@IO@@UAEPAXI@Z  004099a0 f i  CIL library: CIL module
 0001:000089a0       ??_GConsole@IO@@UAEPAXI@Z  004099a0 f i foundation_win32.release:console.obj
 0001:000089d0       ??0CriticalSection@Threading@@QAE@XZ 004099d0 f i foundation_win32.release:console.obj
 0001:000089f0       ??1CriticalSection@Threading@@QAE@XZ 004099f0 f i foundation_win32.release:console.obj
 0001:00008a10       ??1Console@IO@@UAE@XZ      00409a10 f   foundation_win32.release:console.obj
 0001:00008ac0       ?Open@Console@IO@@QAEXXZ   00409ac0 f   foundation_win32.release:console.obj
 0001:00008b50       ?Close@Console@IO@@QAEXXZ  00409b50 f   foundation_win32.release:console.obj
 0001:00008bf0       ?Update@Console@IO@@QAEXXZ 00409bf0 f   foundation_win32.release:console.obj
 0001:00008ca0       ?AttachHandler@Console@IO@@QAEXABV?$Ptr@VConsoleHandler@IO@@@@@Z 00409ca0 f   foundation_win32.release:console.obj
 0001:00008d30       ?RemoveHandler@Console@IO@@QAEXABV?$Ptr@VConsoleHandler@IO@@@@@Z 00409d30 f   foundation_win32.release:console.obj
 0001:00008e00       ?HasInput@Console@IO@@QBE_NXZ 00409e00 f   foundation_win32.release:console.obj
 0001:00008ed0       ?GetInput@Console@IO@@QBE?AVString@Util@@XZ 00409ed0 f   foundation_win32.release:console.obj
 0001:00009060       ?Print@Console@IO@@QAAXPBDZZ 0040a060 f   foundation_win32.release:console.obj
 0001:000090c0       ?Print@Console@IO@@QAAXPBDPAD@Z 0040a0c0 f   foundation_win32.release:console.obj
 0001:000091b0       ?Print@Console@IO@@QAEXABVString@Util@@@Z 0040a1b0 f   foundation_win32.release:console.obj
 0001:00009270       ?Error@Console@IO@@QAAXPBDZZ 0040a270 f   foundation_win32.release:console.obj
 0001:000092d0       ?Error@Console@IO@@QAAXPBDPAD@Z 0040a2d0 f   foundation_win32.release:console.obj
 0001:000093c0       ?DebugOut@Console@IO@@QAAXPBDZZ 0040a3c0 f   foundation_win32.release:console.obj
 0001:00009420       ?DebugOut@Console@IO@@QAAXPBDPAD@Z 0040a420 f   foundation_win32.release:console.obj
 0001:00009510       ?Warning@Console@IO@@QAAXPBDZZ 0040a510 f   foundation_win32.release:console.obj
 0001:00009570       ?Warning@Console@IO@@QAAXPBDPAD@Z 0040a570 f   foundation_win32.release:console.obj
 0001:00009660       ?Confirm@Console@IO@@QAAXPBDZZ 0040a660 f   foundation_win32.release:console.obj
 0001:000096c0       ?Confirm@Console@IO@@QAAXPBDPAD@Z 0040a6c0 f   foundation_win32.release:console.obj
 0001:000097b0       ??0?$Array@V?$Ptr@VConsoleHandler@IO@@@@@Util@@QAE@XZ 0040a7b0 f i foundation_win32.release:console.obj
 0001:000097f0       ??1?$Array@V?$Ptr@VConsoleHandler@IO@@@@@Util@@QAE@XZ 0040a7f0 f i foundation_win32.release:console.obj
 0001:00009810       ??A?$Array@V?$Ptr@VConsoleHandler@IO@@@@@Util@@QBEAAV?$Ptr@VConsoleHandler@IO@@@@H@Z 0040a810 f i foundation_win32.release:console.obj
 0001:00009860       ?Size@?$Array@V?$Ptr@VConsoleHandler@IO@@@@@Util@@QBEHXZ 0040a860 f i foundation_win32.release:console.obj
 0001:00009880       ?EraseIndex@?$Array@V?$Ptr@VConsoleHandler@IO@@@@@Util@@QAEXH@Z 0040a880 f i foundation_win32.release:console.obj
 0001:00009900       ?Insert@?$Array@V?$Ptr@VConsoleHandler@IO@@@@@Util@@QAEXHABV?$Ptr@VConsoleHandler@IO@@@@@Z 0040a900 f i foundation_win32.release:console.obj
 0001:00009970       ?FindIndex@?$Array@V?$Ptr@VConsoleHandler@IO@@@@@Util@@QBEHABV?$Ptr@VConsoleHandler@IO@@@@@Z 0040a970 f i foundation_win32.release:console.obj
 0001:000099d0       ??0?$Ptr@VConsoleHandler@IO@@@@QAE@PAVConsoleHandler@IO@@@Z 0040a9d0 f i foundation_win32.release:console.obj
 0001:00009a10       ??C?$Ptr@VConsoleHandler@IO@@@@QBEPAVConsoleHandler@IO@@XZ 0040aa10 f i foundation_win32.release:console.obj
 0001:00009a50       ?isvalid@?$Ptr@VConsoleHandler@IO@@@@QBE_NXZ 0040aa50 f i foundation_win32.release:console.obj
 0001:00009a70       ?Append@?$Array@V?$Ptr@VConsoleHandler@IO@@@@@Util@@QAEXABV?$Ptr@VConsoleHandler@IO@@@@@Z 0040aa70 f i foundation_win32.release:console.obj
 0001:00009af0       ?Destroy@?$Array@V?$Ptr@VConsoleHandler@IO@@@@@Util@@AAEXPAV?$Ptr@VConsoleHandler@IO@@@@@Z 0040aaf0 f i foundation_win32.release:console.obj
 0001:00009b20       ?Delete@?$Array@V?$Ptr@VConsoleHandler@IO@@@@@Util@@AAEXXZ 0040ab20 f i foundation_win32.release:console.obj
 0001:00009b90       ?Move@?$Array@V?$Ptr@VConsoleHandler@IO@@@@@Util@@AAEXHH@Z 0040ab90 f i foundation_win32.release:console.obj
 0001:00009d20       ??4?$Ptr@VConsoleHandler@IO@@@@QAEXABV0@@Z 0040ad20 f i foundation_win32.release:console.obj
 0001:00009d80       ??8?$Ptr@VConsoleHandler@IO@@@@QBE_NABV0@@Z 0040ad80 f i foundation_win32.release:console.obj
 0001:00009da0       ??_G?$Ptr@VConsoleHandler@IO@@@@QAEPAXI@Z 0040ada0 f i foundation_win32.release:console.obj
 0001:00009dd0       ?Grow@?$Array@V?$Ptr@VConsoleHandler@IO@@@@@Util@@AAEXXZ 0040add0 f i foundation_win32.release:console.obj
 0001:00009e50       ??0?$Ptr@VConsoleHandler@IO@@@@QAE@XZ 0040ae50 f i foundation_win32.release:console.obj
 0001:00009e70       ?GrowTo@?$Array@V?$Ptr@VConsoleHandler@IO@@@@@Util@@AAEXH@Z 0040ae70 f i foundation_win32.release:console.obj
 0001:00009f90       ___InlineInterlockedCompareExchangePointer 0040af90 f i foundation_win32.release:console.obj
 0001:00009fb0       ??2Win360Socket@Win360@@SAPAXI@Z 0040afb0 f i foundation_win32.release:win360socket.obj
 0001:00009fc0       ??3Win360Socket@Win360@@SAXPAX@Z 0040afc0 f i foundation_win32.release:win360socket.obj
 0001:00009fe0       ?IsOpen@Win360Socket@Win360@@QBE_NXZ 0040afe0 f i foundation_win32.release:win360socket.obj
 0001:0000a000       ?IsBound@Win360Socket@Win360@@QBE_NXZ 0040b000 f i foundation_win32.release:win360socket.obj
 0001:0000a020       ?SetAddress@Win360Socket@Win360@@QAEXABVWin360IpAddress@2@@Z 0040b020 f i foundation_win32.release:win360socket.obj
 0001:0000a040       ?GetBlocking@Win360Socket@Win360@@QBE_NXZ 0040b040 f i foundation_win32.release:win360socket.obj
 0001:0000a060       ?GetRtti@Win360Socket@Win360@@UBEPAVRtti@Core@@XZ 0040b060 f   foundation_win32.release:win360socket.obj
 0001:0000a070       ?FactoryCreator@Win360Socket@Win360@@SAPAVRefCounted@Core@@XZ 0040b070 f   foundation_win32.release:win360socket.obj
 0001:0000a080       ?Create@Win360Socket@Win360@@SAPAV12@XZ 0040b080 f   foundation_win32.release:win360socket.obj
 0001:0000a0c0       ?RegisterWithFactory@Win360Socket@Win360@@SA_NXZ 0040b0c0 f   foundation_win32.release:win360socket.obj
 0001:0000a1c0       ??0Win360Socket@Win360@@QAE@XZ 0040b1c0 f   foundation_win32.release:win360socket.obj
 0001:0000a240       ??_EWin360Socket@Win360@@UAEPAXI@Z 0040b240 f i  CIL library: CIL module
 0001:0000a240       ??_GWin360Socket@Win360@@UAEPAXI@Z 0040b240 f i foundation_win32.release:win360socket.obj
 0001:0000a270       ??1Win360Socket@Win360@@UAE@XZ 0040b270 f   foundation_win32.release:win360socket.obj
 0001:0000a2c0       ?InitNetwork@Win360Socket@Win360@@SAXXZ 0040b2c0 f   foundation_win32.release:win360socket.obj
 0001:0000a3c0       ?Open@Win360Socket@Win360@@QAE_NW4Protocol@12@@Z 0040b3c0 f   foundation_win32.release:win360socket.obj
 0001:0000a490       ?OpenWithExistingSocket@Win360Socket@Win360@@AAEXI@Z 0040b490 f   foundation_win32.release:win360socket.obj
 0001:0000a4f0       ?Close@Win360Socket@Win360@@QAEXXZ 0040b4f0 f   foundation_win32.release:win360socket.obj
 0001:0000a670       ?SetBoolOption@Win360Socket@Win360@@AAEXH_N@Z 0040b670 f   foundation_win32.release:win360socket.obj
 0001:0000a770       ?GetBoolOption@Win360Socket@Win360@@AAE_NH@Z 0040b770 f   foundation_win32.release:win360socket.obj
 0001:0000a8a0       ?SetIntOption@Win360Socket@Win360@@AAEXHH@Z 0040b8a0 f   foundation_win32.release:win360socket.obj
 0001:0000a980       ?GetIntOption@Win360Socket@Win360@@AAEHH@Z 0040b980 f   foundation_win32.release:win360socket.obj
 0001:0000aa90       ?SetBlocking@Win360Socket@Win360@@QAEX_N@Z 0040ba90 f   foundation_win32.release:win360socket.obj
 0001:0000ab80       ?Bind@Win360Socket@Win360@@QAE_NXZ 0040bb80 f   foundation_win32.release:win360socket.obj
 0001:0000ac90       ?Listen@Win360Socket@Win360@@QAE_NXZ 0040bc90 f   foundation_win32.release:win360socket.obj
 0001:0000ad90       ?Accept@Win360Socket@Win360@@QAE_NAAV?$Ptr@VSocket@Net@@@@@Z 0040bd90 f   foundation_win32.release:win360socket.obj
 0001:0000af60       ?Connect@Win360Socket@Win360@@QAE?AW4Result@12@XZ 0040bf60 f   foundation_win32.release:win360socket.obj
 0001:0000b0d0       ?IsConnected@Win360Socket@Win360@@QAE_NXZ 0040c0d0 f   foundation_win32.release:win360socket.obj
 0001:0000b230       ?Send@Win360Socket@Win360@@QAE?AW4Result@12@PBXHAAH@Z 0040c230 f   foundation_win32.release:win360socket.obj
 0001:0000b360       ?HasRecvData@Win360Socket@Win360@@QAE_NXZ 0040c360 f   foundation_win32.release:win360socket.obj
 0001:0000b4c0       ?Recv@Win360Socket@Win360@@QAE?AW4Result@12@PAXHAAH@Z 0040c4c0 f   foundation_win32.release:win360socket.obj
 0001:0000b630       ?SendTo@Win360Socket@Win360@@QAE?AW4Result@12@PBXHIGAAH@Z 0040c630 f   foundation_win32.release:win360socket.obj
 0001:0000b650       ?RecvFrom@Win360Socket@Win360@@QAE?AW4Result@12@PAXHIGAAH@Z 0040c650 f   foundation_win32.release:win360socket.obj
 0001:0000b670       ?ClearError@Win360Socket@Win360@@AAEXXZ 0040c670 f   foundation_win32.release:win360socket.obj
 0001:0000b690       ?SetToLastWSAError@Win360Socket@Win360@@AAEXXZ 0040c690 f   foundation_win32.release:win360socket.obj
 0001:0000b6b0       ?SetWSAError@Win360Socket@Win360@@AAEXH@Z 0040c6b0 f   foundation_win32.release:win360socket.obj
 0001:0000b6d0       ?WSAErrorToErrorCode@Win360Socket@Win360@@CA?AW4ErrorCode@12@H@Z 0040c6d0 f   foundation_win32.release:win360socket.obj
 0001:0000ba90       ?ErrorAsString@Win360Socket@Win360@@CA?AVString@Util@@W4ErrorCode@12@@Z 0040ca90 f   foundation_win32.release:win360socket.obj
 0001:0000c4f0       ?WSAErrorToString@Win360Socket@Win360@@CA?AVString@Util@@H@Z 0040d4f0 f   foundation_win32.release:win360socket.obj
 0001:0000c520       ?GetErrorString@Win360Socket@Win360@@QBE?AVString@Util@@XZ 0040d520 f   foundation_win32.release:win360socket.obj
 0001:0000c550       ?IsNetworkInitialized@Win360Socket@Win360@@SA_NXZ 0040d550 f   foundation_win32.release:win360socket.obj
 0001:0000c560       ??4?$Ptr@VSocket@Net@@@@QAEXPAVSocket@Net@@@Z 0040d560 f i foundation_win32.release:win360socket.obj
 0001:0000c5c0       ??0StringAtom@Util@@QAE@ABVString@1@@Z 0040d5c0 f i foundation_win32.release:consoleapplication.obj
 0001:0000c600       ??4StringAtom@Util@@QAEXABV01@@Z 0040d600 f i foundation_win32.release:consoleapplication.obj
 0001:0000c620       ?SetCompanyName@CoreServer@Core@@QAEXABVStringAtom@Util@@@Z 0040d620 f i foundation_win32.release:consoleapplication.obj
 0001:0000c640       ?SetAppName@CoreServer@Core@@QAEXABVStringAtom@Util@@@Z 0040d640 f i foundation_win32.release:consoleapplication.obj
 0001:0000c660       ??0ConsoleApplication@App@@QAE@XZ 0040d660 f   foundation_win32.release:consoleapplication.obj
 0001:0000c6a0       ??_EConsoleApplication@App@@UAEPAXI@Z 0040d6a0 f i  CIL library: CIL module
 0001:0000c6a0       ??_GConsoleApplication@App@@UAEPAXI@Z 0040d6a0 f i foundation_win32.release:consoleapplication.obj
 0001:0000c6d0       ??1ConsoleApplication@App@@UAE@XZ 0040d6d0 f   foundation_win32.release:consoleapplication.obj
 0001:0000c740       ?Open@ConsoleApplication@App@@UAE_NXZ 0040d740 f   foundation_win32.release:consoleapplication.obj
 0001:0000c8c0       ?Close@ConsoleApplication@App@@UAEXXZ 0040d8c0 f   foundation_win32.release:consoleapplication.obj
 0001:0000c920       ??0?$Ptr@VCoreServer@Core@@@@QAE@XZ 0040d920 f i foundation_win32.release:consoleapplication.obj
 0001:0000c940       ??1?$Ptr@VCoreServer@Core@@@@QAE@XZ 0040d940 f i foundation_win32.release:consoleapplication.obj
 0001:0000c970       ??4?$Ptr@VCoreServer@Core@@@@QAEXPAVCoreServer@Core@@@Z 0040d970 f i foundation_win32.release:consoleapplication.obj
 0001:0000c9d0       ??C?$Ptr@VCoreServer@Core@@@@QBEPAVCoreServer@Core@@XZ 0040d9d0 f i foundation_win32.release:consoleapplication.obj
 0001:0000ca10       ??0?$Ptr@VIoServer@IO@@@@QAE@XZ 0040da10 f i foundation_win32.release:consoleapplication.obj
 0001:0000ca30       ??1?$Ptr@VIoServer@IO@@@@QAE@XZ 0040da30 f i foundation_win32.release:consoleapplication.obj
 0001:0000ca60       ??4?$Ptr@VIoServer@IO@@@@QAEXPAVIoServer@IO@@@Z 0040da60 f i foundation_win32.release:consoleapplication.obj
 0001:0000cac0       ??0?$Ptr@VLogFileConsoleHandler@IO@@@@QAE@PAVLogFileConsoleHandler@IO@@@Z 0040dac0 f i foundation_win32.release:consoleapplication.obj
 0001:0000cb00       ??1?$Ptr@VLogFileConsoleHandler@IO@@@@QAE@XZ 0040db00 f i foundation_win32.release:consoleapplication.obj
 0001:0000cb30       ??$upcast@VConsoleHandler@IO@@@?$Ptr@VLogFileConsoleHandler@IO@@@@QBEABV?$Ptr@VConsoleHandler@IO@@@@XZ 0040db30 f i foundation_win32.release:consoleapplication.obj
 0001:0000cb40       ?Clear@Memory@@YAXPAXI@Z   0040db40 f i foundation_win32.release:win360ipaddress.obj
 0001:0000cb60       ?CheckValidCharSet@String@Util@@QBE_NABV12@@Z 0040db60 f i foundation_win32.release:win360ipaddress.obj
 0001:0000cc00       ?Host@URI@IO@@QBEABVString@Util@@XZ 0040dc00 f i foundation_win32.release:win360ipaddress.obj
 0001:0000cc20       ?Port@URI@IO@@QBEABVString@Util@@XZ 0040dc20 f i foundation_win32.release:win360ipaddress.obj
 0001:0000cc40       ??0Win360IpAddress@Win360@@QAE@XZ 0040dc40 f   foundation_win32.release:win360ipaddress.obj
 0001:0000ccd0       ??0Win360IpAddress@Win360@@QAE@ABV01@@Z 0040dcd0 f   foundation_win32.release:win360ipaddress.obj
 0001:0000cdb0       ??0Win360IpAddress@Win360@@QAE@ABVString@Util@@G@Z 0040ddb0 f   foundation_win32.release:win360ipaddress.obj
 0001:0000ce50       ??0Win360IpAddress@Win360@@QAE@ABVURI@IO@@@Z 0040de50 f   foundation_win32.release:win360ipaddress.obj
 0001:0000cee0       ??0Win360IpAddress@Win360@@AAE@ABUsockaddr_in@@@Z 0040dee0 f   foundation_win32.release:win360ipaddress.obj
 0001:0000cf70       ?SetSockAddr@Win360IpAddress@Win360@@AAEXABUsockaddr_in@@@Z 0040df70 f   foundation_win32.release:win360ipaddress.obj
 0001:0000d010       ?GetSockAddr@Win360IpAddress@Win360@@ABEABUsockaddr_in@@XZ 0040e010 f   foundation_win32.release:win360ipaddress.obj
 0001:0000d030       ?ExtractFromUri@Win360IpAddress@Win360@@QAEXABVURI@IO@@@Z 0040e030 f   foundation_win32.release:win360ipaddress.obj
 0001:0000d0f0       ?SetPort@Win360IpAddress@Win360@@QAEXG@Z 0040e0f0 f   foundation_win32.release:win360ipaddress.obj
 0001:0000d110       ?GetPort@Win360IpAddress@Win360@@QBEGXZ 0040e110 f   foundation_win32.release:win360ipaddress.obj
 0001:0000d130       ?SetHostName@Win360IpAddress@Win360@@QAEXABVString@Util@@@Z 0040e130 f   foundation_win32.release:win360ipaddress.obj
 0001:0000d1f0       ?GetHostName@Win360IpAddress@Win360@@QBEABVString@Util@@XZ 0040e1f0 f   foundation_win32.release:win360ipaddress.obj
 0001:0000d200       ?GetHostAddr@Win360IpAddress@Win360@@QBEABVString@Util@@XZ 0040e200 f   foundation_win32.release:win360ipaddress.obj
 0001:0000d220       ?GetHostByName@Win360IpAddress@Win360@@CA_NABVString@Util@@AAUin_addr@@@Z 0040e220 f   foundation_win32.release:win360ipaddress.obj
 0001:0000d510       ?IsInetAddr@Win360IpAddress@Win360@@CA_NPBUin_addr@@@Z 0040e510 f   foundation_win32.release:win360ipaddress.obj
 0001:0000d710       ??2TcpClient@Net@@SAPAXI@Z 0040e710 f i foundation_win32.release:tcpclient.obj
 0001:0000d720       ??3TcpClient@Net@@SAXPAX@Z 0040e720 f i foundation_win32.release:tcpclient.obj
 0001:0000d740       ?GetRtti@TcpClient@Net@@UBEPAVRtti@Core@@XZ 0040e740 f   foundation_win32.release:tcpclient.obj
 0001:0000d750       ?FactoryCreator@TcpClient@Net@@SAPAVRefCounted@Core@@XZ 0040e750 f   foundation_win32.release:tcpclient.obj
 0001:0000d760       ?Create@TcpClient@Net@@SAPAV12@XZ 0040e760 f   foundation_win32.release:tcpclient.obj
 0001:0000d7a0       ??0TcpClient@Net@@QAE@XZ   0040e7a0 f i foundation_win32.release:tcpclient.obj
 0001:0000d7c0       ??_GTcpClient@Net@@UAEPAXI@Z 0040e7c0 f i foundation_win32.release:tcpclient.obj
 0001:0000d7c0       ??_ETcpClient@Net@@UAEPAXI@Z 0040e7c0 f i  CIL library: CIL module
 0001:0000d7f0       ??1TcpClient@Net@@UAE@XZ   0040e7f0 f i foundation_win32.release:tcpclient.obj
 0001:0000d810       ?RegisterWithFactory@TcpClient@Net@@SA_NXZ 0040e810 f   foundation_win32.release:tcpclient.obj
 0001:0000d910       ?SetReUseAddr@Win360Socket@Win360@@QAEX_N@Z 0040e910 f i foundation_win32.release:stdtcpclient.obj
 0001:0000d930       ?SetNoDelay@Win360Socket@Win360@@QAEX_N@Z 0040e930 f i foundation_win32.release:stdtcpclient.obj
 0001:0000d950       ?GetMaxMsgSize@Win360Socket@Win360@@QAEHXZ 0040e950 f i foundation_win32.release:stdtcpclient.obj
 0001:0000d960       ??2StdTcpClient@Net@@SAPAXI@Z 0040e960 f i foundation_win32.release:stdtcpclient.obj
 0001:0000d970       ??3StdTcpClient@Net@@SAXPAX@Z 0040e970 f i foundation_win32.release:stdtcpclient.obj
 0001:0000d990       ?GetRtti@StdTcpClient@Net@@UBEPAVRtti@Core@@XZ 0040e990 f   foundation_win32.release:stdtcpclient.obj
 0001:0000d9a0       ?FactoryCreator@StdTcpClient@Net@@SAPAVRefCounted@Core@@XZ 0040e9a0 f   foundation_win32.release:stdtcpclient.obj
 0001:0000d9b0       ?Create@StdTcpClient@Net@@SAPAV12@XZ 0040e9b0 f   foundation_win32.release:stdtcpclient.obj
 0001:0000d9f0       ?RegisterWithFactory@StdTcpClient@Net@@SA_NXZ 0040e9f0 f   foundation_win32.release:stdtcpclient.obj
 0001:0000daf0       ??0StdTcpClient@Net@@QAE@XZ 0040eaf0 f   foundation_win32.release:stdtcpclient.obj
 0001:0000db80       ??_GStdTcpClient@Net@@UAEPAXI@Z 0040eb80 f i foundation_win32.release:stdtcpclient.obj
 0001:0000db80       ??_EStdTcpClient@Net@@UAEPAXI@Z 0040eb80 f i  CIL library: CIL module
 0001:0000dbb0       ??1StdTcpClient@Net@@UAE@XZ 0040ebb0 f   foundation_win32.release:stdtcpclient.obj
 0001:0000dc30       ?Connect@StdTcpClient@Net@@QAE?AW4Result@12@XZ 0040ec30 f   foundation_win32.release:stdtcpclient.obj
 0001:0000de40       ?IsConnected@StdTcpClient@Net@@QAE_NXZ 0040ee40 f   foundation_win32.release:stdtcpclient.obj
 0001:0000de90       ?Disconnect@StdTcpClient@Net@@QAEXXZ 0040ee90 f   foundation_win32.release:stdtcpclient.obj
 0001:0000df00       ?Send@StdTcpClient@Net@@QAE_NXZ 0040ef00 f   foundation_win32.release:stdtcpclient.obj
 0001:0000e1b0       ?Recv@StdTcpClient@Net@@QAE_NXZ 0040f1b0 f   foundation_win32.release:stdtcpclient.obj
 0001:0000e380       ?GetSendStream@StdTcpClient@Net@@QAEABV?$Ptr@VStream@IO@@@@XZ 0040f380 f   foundation_win32.release:stdtcpclient.obj
 0001:0000e3a0       ?GetRecvStream@StdTcpClient@Net@@QAEABV?$Ptr@VStream@IO@@@@XZ 0040f3a0 f   foundation_win32.release:stdtcpclient.obj
 0001:0000e3c0       ??0?$Ptr@VSocket@Net@@@@QAE@XZ 0040f3c0 f i foundation_win32.release:stdtcpclient.obj
 0001:0000e3e0       ??1?$Ptr@VSocket@Net@@@@QAE@XZ 0040f3e0 f i foundation_win32.release:stdtcpclient.obj
 0001:0000e410       ??0?$Ptr@VStream@IO@@@@QAE@XZ 0040f410 f i foundation_win32.release:stdtcpclient.obj
 0001:0000e430       ??1?$Ptr@VStream@IO@@@@QAE@XZ 0040f430 f i foundation_win32.release:stdtcpclient.obj
 0001:0000e460       ??4?$Ptr@VStream@IO@@@@QAEXPAVStream@IO@@@Z 0040f460 f i foundation_win32.release:stdtcpclient.obj
 0001:0000e4c0       ??C?$Ptr@VStream@IO@@@@QBEPAVStream@IO@@XZ 0040f4c0 f i foundation_win32.release:stdtcpclient.obj
 0001:0000e500       ?isvalid@?$Ptr@VStream@IO@@@@QBE_NXZ 0040f500 f i foundation_win32.release:stdtcpclient.obj
 0001:0000e520       ?Alloc@Win360Heap@Win360@@QAEPAXI@Z 0040f520 f i foundation_win32.release:binaryreader.obj
 0001:0000e580       ?Free@Win360Heap@Win360@@QAEXPAX@Z 0040f580 f i foundation_win32.release:binaryreader.obj
 0001:0000e600       ??0float4@Math@@QAE@XZ     0040f600 f i foundation_win32.release:binaryreader.obj
 0001:0000e610       ?x@float4@Math@@QAEAAMXZ   0040f610 f i foundation_win32.release:binaryreader.obj
 0001:0000e620       ?y@float4@Math@@QAEAAMXZ   0040f620 f i foundation_win32.release:binaryreader.obj
 0001:0000e640       ?z@float4@Math@@QAEAAMXZ   0040f640 f i foundation_win32.release:binaryreader.obj
 0001:0000e660       ?w@float4@Math@@QAEAAMXZ   0040f660 f i foundation_win32.release:binaryreader.obj
 0001:0000e680       ??0float2@Math@@QAE@XZ     0040f680 f i foundation_win32.release:binaryreader.obj
 0001:0000e690       ??0float2@Math@@QAE@ABV01@@Z 0040f690 f i foundation_win32.release:binaryreader.obj
 0001:0000e6c0       ?set@float2@Math@@QAEXMM@Z 0040f6c0 f i foundation_win32.release:binaryreader.obj
 0001:0000e6e0       ?x@float2@Math@@QAEAAMXZ   0040f6e0 f i foundation_win32.release:binaryreader.obj
 0001:0000e6f0       ?y@float2@Math@@QAEAAMXZ   0040f6f0 f i foundation_win32.release:binaryreader.obj
 0001:0000e710       ??0vector@Math@@QAE@MMM@Z  0040f710 f i foundation_win32.release:binaryreader.obj
 0001:0000e770       ??0point@Math@@QAE@MMM@Z   0040f770 f i foundation_win32.release:binaryreader.obj
 0001:0000e7d0       ??0matrix44@Math@@QAE@XZ   0040f7d0 f i foundation_win32.release:binaryreader.obj
 0001:0000e870       ?setrow0@matrix44@Math@@QAEXABVfloat4@2@@Z 0040f870 f i foundation_win32.release:binaryreader.obj
 0001:0000e890       ?getrow0@matrix44@Math@@QBEABVfloat4@2@XZ 0040f890 f i foundation_win32.release:binaryreader.obj
 0001:0000e8a0       ?setrow1@matrix44@Math@@QAEXABVfloat4@2@@Z 0040f8a0 f i foundation_win32.release:binaryreader.obj
 0001:0000e8d0       ?getrow1@matrix44@Math@@QBEABVfloat4@2@XZ 0040f8d0 f i foundation_win32.release:binaryreader.obj
 0001:0000e8f0       ?setrow2@matrix44@Math@@QAEXABVfloat4@2@@Z 0040f8f0 f i foundation_win32.release:binaryreader.obj
 0001:0000e920       ?getrow2@matrix44@Math@@QBEABVfloat4@2@XZ 0040f920 f i foundation_win32.release:binaryreader.obj
 0001:0000e940       ?setrow3@matrix44@Math@@QAEXABVfloat4@2@@Z 0040f940 f i foundation_win32.release:binaryreader.obj
 0001:0000e970       ?getrow3@matrix44@Math@@QBEABVfloat4@2@XZ 0040f970 f i foundation_win32.release:binaryreader.obj
 0001:0000e990       ?IsOpen@StreamReader@IO@@QBE_NXZ 0040f990 f i foundation_win32.release:binaryreader.obj
 0001:0000e9b0       ??0Win32Guid@Win32@@QAE@PBEH@Z 0040f9b0 f i foundation_win32.release:binaryreader.obj
 0001:0000ea60       ?IsValid@Blob@Util@@QBE_NXZ 0040fa60 f i foundation_win32.release:binaryreader.obj
 0001:0000ea80       ?Delete@Blob@Util@@AAEXXZ  0040fa80 f i foundation_win32.release:binaryreader.obj
 0001:0000eb60       ??1Blob@Util@@QAE@XZ       0040fb60 f i foundation_win32.release:binaryreader.obj
 0001:0000eb80       ?Allocate@Blob@Util@@AAEXH@Z 0040fb80 f i foundation_win32.release:binaryreader.obj
 0001:0000ec50       ?Copy@Blob@Util@@AAEXPBXH@Z 0040fc50 f i foundation_win32.release:binaryreader.obj
 0001:0000ed30       ??0Blob@Util@@QAE@ABV01@@Z 0040fd30 f i foundation_win32.release:binaryreader.obj
 0001:0000ed90       ??0Blob@Util@@QAE@H@Z      0040fd90 f i foundation_win32.release:binaryreader.obj
 0001:0000edd0       ?GetPtr@Blob@Util@@QBEPAXXZ 0040fdd0 f i foundation_win32.release:binaryreader.obj
 0001:0000ee10       ?Size@Blob@Util@@QBEHXZ    0040fe10 f i foundation_win32.release:binaryreader.obj
 0001:0000ee50       ??0ByteOrder@System@@QAE@XZ 0040fe50 f i foundation_win32.release:binaryreader.obj
 0001:0000ee80       ??$Convert@F@ByteOrder@System@@QBEFF@Z 0040fe80 f i foundation_win32.release:binaryreader.obj
 0001:0000eeb0       ??$Convert@G@ByteOrder@System@@QBEGG@Z 0040feb0 f i foundation_win32.release:binaryreader.obj
 0001:0000eee0       ??$Convert@H@ByteOrder@System@@QBEHH@Z 0040fee0 f i foundation_win32.release:binaryreader.obj
 0001:0000ef10       ??$Convert@I@ByteOrder@System@@QBEII@Z 0040ff10 f i foundation_win32.release:binaryreader.obj
 0001:0000ef40       ??$ConvertInPlace@M@ByteOrder@System@@QBEXAAM@Z 0040ff40 f i foundation_win32.release:binaryreader.obj
 0001:0000ef80       ??$Convert@M@ByteOrder@System@@QBEMM@Z 0040ff80 f i foundation_win32.release:binaryreader.obj
 0001:0000efc0       ??$Convert@N@ByteOrder@System@@QBENN@Z 0040ffc0 f i foundation_win32.release:binaryreader.obj
 0001:0000f000       ??$ConvertInPlace@Vfloat4@Math@@@ByteOrder@System@@QBEXAAVfloat4@Math@@@Z 00410000 f i foundation_win32.release:binaryreader.obj
 0001:0000f0d0       ??$ConvertInPlace@Vmatrix44@Math@@@ByteOrder@System@@QBEXAAVmatrix44@Math@@@Z 004100d0 f i foundation_win32.release:binaryreader.obj
 0001:0000f5f0       ??2BinaryReader@IO@@SAPAXI@Z 004105f0 f i foundation_win32.release:binaryreader.obj
 0001:0000f600       ??3BinaryReader@IO@@SAXPAX@Z 00410600 f i foundation_win32.release:binaryreader.obj
 0001:0000f620       ?GetRtti@BinaryReader@IO@@UBEPAVRtti@Core@@XZ 00410620 f   foundation_win32.release:binaryreader.obj
 0001:0000f630       ?FactoryCreator@BinaryReader@IO@@SAPAVRefCounted@Core@@XZ 00410630 f   foundation_win32.release:binaryreader.obj
 0001:0000f640       ?Create@BinaryReader@IO@@SAPAV12@XZ 00410640 f   foundation_win32.release:binaryreader.obj
 0001:0000f680       ?RegisterWithFactory@BinaryReader@IO@@SA_NXZ 00410680 f   foundation_win32.release:binaryreader.obj
 0001:0000f780       ??0BinaryReader@IO@@QAE@XZ 00410780 f   foundation_win32.release:binaryreader.obj
 0001:0000f7e0       ??_EBinaryReader@IO@@UAEPAXI@Z 004107e0 f i  CIL library: CIL module
 0001:0000f7e0       ??_GBinaryReader@IO@@UAEPAXI@Z 004107e0 f i foundation_win32.release:binaryreader.obj
 0001:0000f810       ??1BinaryReader@IO@@UAE@XZ 00410810 f   foundation_win32.release:binaryreader.obj
 0001:0000f850       ?Open@BinaryReader@IO@@UAE_NXZ 00410850 f   foundation_win32.release:binaryreader.obj
 0001:0000f910       ?Close@BinaryReader@IO@@UAEXXZ 00410910 f   foundation_win32.release:binaryreader.obj
 0001:0000f940       ?ReadChar@BinaryReader@IO@@QAEDXZ 00410940 f   foundation_win32.release:binaryreader.obj
 0001:0000f9c0       ?ReadUChar@BinaryReader@IO@@QAEEXZ 004109c0 f   foundation_win32.release:binaryreader.obj
 0001:0000fa40       ?ReadShort@BinaryReader@IO@@QAEFXZ 00410a40 f   foundation_win32.release:binaryreader.obj
 0001:0000fb60       ?ReadUShort@BinaryReader@IO@@QAEGXZ 00410b60 f   foundation_win32.release:binaryreader.obj
 0001:0000fc80       ?ReadInt@BinaryReader@IO@@QAEHXZ 00410c80 f   foundation_win32.release:binaryreader.obj
 0001:0000fda0       ?ReadUInt@BinaryReader@IO@@QAEIXZ 00410da0 f   foundation_win32.release:binaryreader.obj
 0001:0000fec0       ?ReadFloat@BinaryReader@IO@@QAEMXZ 00410ec0 f   foundation_win32.release:binaryreader.obj
 0001:0000ffe0       ?ReadFloatFromNormalizedUByte2@BinaryReader@IO@@QAEMXZ 00410fe0 f   foundation_win32.release:binaryreader.obj
 0001:00010020       ?ReadFloatFromUnsignedNormalizedUByte2@BinaryReader@IO@@QAEMXZ 00411020 f   foundation_win32.release:binaryreader.obj
 0001:00010050       ?ReadDouble@BinaryReader@IO@@QAENXZ 00411050 f   foundation_win32.release:binaryreader.obj
 0001:00010180       ?ReadBool@BinaryReader@IO@@QAE_NXZ 00411180 f   foundation_win32.release:binaryreader.obj
 0001:00010270       ?ReadString@BinaryReader@IO@@QAE?AVString@Util@@XZ 00411270 f   foundation_win32.release:binaryreader.obj
 0001:00010480       ?ReadBlob@BinaryReader@IO@@QAE?AVBlob@Util@@XZ 00411480 f   foundation_win32.release:binaryreader.obj
 0001:00010610       ?ReadGuid@BinaryReader@IO@@QAE?AVWin32Guid@Win32@@XZ 00411610 f   foundation_win32.release:binaryreader.obj
 0001:000106a0       ?ReadFloat2@BinaryReader@IO@@QAE?AVfloat2@Math@@XZ 004116a0 f   foundation_win32.release:binaryreader.obj
 0001:00010820       ?ReadFloat4@BinaryReader@IO@@QAE?AVfloat4@Math@@XZ 00411820 f   foundation_win32.release:binaryreader.obj
 0001:00010a40       ?ReadPoint@BinaryReader@IO@@QAE?AVpoint@Math@@XZ 00411a40 f   foundation_win32.release:binaryreader.obj
 0001:00010c80       ?ReadVector@BinaryReader@IO@@QAE?AVvector@Math@@XZ 00411c80 f   foundation_win32.release:binaryreader.obj
 0001:00010ec0       ?ReadMatrix44@BinaryReader@IO@@QAE?AVmatrix44@Math@@XZ 00411ec0 f   foundation_win32.release:binaryreader.obj
 0001:00011600       ?ReadRawData@BinaryReader@IO@@QAEXPAXH@Z 00412600 f   foundation_win32.release:binaryreader.obj
 0001:00011710       ?XMMatrixIdentity@@YA?AU_XMMATRIX@@XZ 00412710 f i foundation_win32.release:binaryreader.obj
 0001:000117a0       ??BXMVECTORF32@@QBE?AT__m128@@XZ 004127a0 f i foundation_win32.release:binaryreader.obj
 0001:000117d0       ??2StreamReader@IO@@SAPAXI@Z 004127d0 f i foundation_win32.release:streamreader.obj
 0001:000117e0       ??3StreamReader@IO@@SAXPAX@Z 004127e0 f i foundation_win32.release:streamreader.obj
 0001:00011800       ?GetRtti@StreamReader@IO@@UBEPAVRtti@Core@@XZ 00412800 f   foundation_win32.release:streamreader.obj
 0001:00011810       ?FactoryCreator@StreamReader@IO@@SAPAVRefCounted@Core@@XZ 00412810 f   foundation_win32.release:streamreader.obj
 0001:00011820       ?Create@StreamReader@IO@@SAPAV12@XZ 00412820 f   foundation_win32.release:streamreader.obj
 0001:00011860       ?RegisterWithFactory@StreamReader@IO@@SA_NXZ 00412860 f   foundation_win32.release:streamreader.obj
 0001:00011960       ??0StreamReader@IO@@QAE@XZ 00412960 f   foundation_win32.release:streamreader.obj
 0001:000119b0       ??_EStreamReader@IO@@UAEPAXI@Z 004129b0 f i  CIL library: CIL module
 0001:000119b0       ??_GStreamReader@IO@@UAEPAXI@Z 004129b0 f i foundation_win32.release:streamreader.obj
 0001:000119e0       ??1StreamReader@IO@@UAE@XZ 004129e0 f   foundation_win32.release:streamreader.obj
 0001:00011a30       ?SetStream@StreamReader@IO@@QAEXABV?$Ptr@VStream@IO@@@@@Z 00412a30 f   foundation_win32.release:streamreader.obj
 0001:00011a50       ?GetStream@StreamReader@IO@@QBEABV?$Ptr@VStream@IO@@@@XZ 00412a50 f   foundation_win32.release:streamreader.obj
 0001:00011a70       ?HasStream@StreamReader@IO@@QBE_NXZ 00412a70 f   foundation_win32.release:streamreader.obj
 0001:00011a90       ?Eof@StreamReader@IO@@QBE_NXZ 00412a90 f   foundation_win32.release:streamreader.obj
 0001:00011ae0       ?Open@StreamReader@IO@@UAE_NXZ 00412ae0 f   foundation_win32.release:streamreader.obj
 0001:00011c20       ?Close@StreamReader@IO@@UAEXXZ 00412c20 f   foundation_win32.release:streamreader.obj
 0001:00011ca0       ??4?$Ptr@VStream@IO@@@@QAEXABV0@@Z 00412ca0 f i foundation_win32.release:streamreader.obj
 0001:00011d00       ?x@float4@Math@@QBEMXZ     00412d00 f i foundation_win32.release:binarywriter.obj
 0001:00011d30       ?y@float4@Math@@QBEMXZ     00412d30 f i foundation_win32.release:binarywriter.obj
 0001:00011d80       ?z@float4@Math@@QBEMXZ     00412d80 f i foundation_win32.release:binarywriter.obj
 0001:00011dd0       ?unpack_x@float4@Math@@SAMT__m128@@@Z 00412dd0 f i foundation_win32.release:binarywriter.obj
 0001:00011e00       ?unpack_y@float4@Math@@SAMT__m128@@@Z 00412e00 f i foundation_win32.release:binarywriter.obj
 0001:00011e40       ?unpack_z@float4@Math@@SAMT__m128@@@Z 00412e40 f i foundation_win32.release:binarywriter.obj
 0001:00011e80       ??0float2@Math@@QAE@MM@Z   00412e80 f i foundation_win32.release:binarywriter.obj
 0001:00011eb0       ?IsOpen@StreamWriter@IO@@QBE_NXZ 00412eb0 f i foundation_win32.release:binarywriter.obj
 0001:00011ed0       ??0Blob@Util@@QAE@PBXH@Z   00412ed0 f i foundation_win32.release:binarywriter.obj
 0001:00011f10       ??2BinaryWriter@IO@@SAPAXI@Z 00412f10 f i foundation_win32.release:binarywriter.obj
 0001:00011f20       ??3BinaryWriter@IO@@SAXPAX@Z 00412f20 f i foundation_win32.release:binarywriter.obj
 0001:00011f40       ?GetRtti@BinaryWriter@IO@@UBEPAVRtti@Core@@XZ 00412f40 f   foundation_win32.release:binarywriter.obj
 0001:00011f50       ?FactoryCreator@BinaryWriter@IO@@SAPAVRefCounted@Core@@XZ 00412f50 f   foundation_win32.release:binarywriter.obj
 0001:00011f60       ?Create@BinaryWriter@IO@@SAPAV12@XZ 00412f60 f   foundation_win32.release:binarywriter.obj
 0001:00011fa0       ?RegisterWithFactory@BinaryWriter@IO@@SA_NXZ 00412fa0 f   foundation_win32.release:binarywriter.obj
 0001:000120a0       ??0BinaryWriter@IO@@QAE@XZ 004130a0 f   foundation_win32.release:binarywriter.obj
 0001:00012100       ??_EBinaryWriter@IO@@UAEPAXI@Z 00413100 f i  CIL library: CIL module
 0001:00012100       ??_GBinaryWriter@IO@@UAEPAXI@Z 00413100 f i foundation_win32.release:binarywriter.obj
 0001:00012130       ??1BinaryWriter@IO@@UAE@XZ 00413130 f   foundation_win32.release:binarywriter.obj
 0001:00012170       ?Open@BinaryWriter@IO@@UAE_NXZ 00413170 f   foundation_win32.release:binarywriter.obj
 0001:00012230       ?Close@BinaryWriter@IO@@UAEXXZ 00413230 f   foundation_win32.release:binarywriter.obj
 0001:00012260       ?WriteChar@BinaryWriter@IO@@QAEXD@Z 00413260 f   foundation_win32.release:binarywriter.obj
 0001:000122e0       ?WriteUChar@BinaryWriter@IO@@QAEXE@Z 004132e0 f   foundation_win32.release:binarywriter.obj
 0001:00012360       ?WriteShort@BinaryWriter@IO@@QAEXF@Z 00413360 f   foundation_win32.release:binarywriter.obj
 0001:00012480       ?WriteUShort@BinaryWriter@IO@@QAEXG@Z 00413480 f   foundation_win32.release:binarywriter.obj
 0001:000125b0       ?WriteInt@BinaryWriter@IO@@QAEXH@Z 004135b0 f   foundation_win32.release:binarywriter.obj
 0001:000126d0       ?WriteUInt@BinaryWriter@IO@@QAEXI@Z 004136d0 f   foundation_win32.release:binarywriter.obj
 0001:000127f0       ?WriteFloat@BinaryWriter@IO@@QAEXM@Z 004137f0 f   foundation_win32.release:binarywriter.obj
 0001:00012920       ?WriteFloatAsNormalizedUByte2@BinaryWriter@IO@@QAEXM@Z 00413920 f   foundation_win32.release:binarywriter.obj
 0001:000129a0       ?WriteFloatAsUnsignedNormalizedUByte2@BinaryWriter@IO@@QAEXM@Z 004139a0 f   foundation_win32.release:binarywriter.obj
 0001:00012a20       ?WriteDouble@BinaryWriter@IO@@QAEXN@Z 00413a20 f   foundation_win32.release:binarywriter.obj
 0001:00012b50       ?WriteBool@BinaryWriter@IO@@QAEX_N@Z 00413b50 f   foundation_win32.release:binarywriter.obj
 0001:00012c40       ?WriteString@BinaryWriter@IO@@QAEXABVString@Util@@@Z 00413c40 f   foundation_win32.release:binarywriter.obj
 0001:00012de0       ?WriteBlob@BinaryWriter@IO@@QAEXABVBlob@Util@@@Z 00413de0 f   foundation_win32.release:binarywriter.obj
 0001:00013040       ?WriteGuid@BinaryWriter@IO@@QAEXABVWin32Guid@Win32@@@Z 00414040 f   foundation_win32.release:binarywriter.obj
 0001:000130a0       ?WriteFloat2@BinaryWriter@IO@@QAEXVfloat2@Math@@@Z 004140a0 f   foundation_win32.release:binarywriter.obj
 0001:00013210       ?WriteFloat4@BinaryWriter@IO@@QAEXABVfloat4@Math@@@Z 00414210 f   foundation_win32.release:binarywriter.obj
 0001:00013430       ?WritePoint@BinaryWriter@IO@@QAEXABVpoint@Math@@@Z 00414430 f   foundation_win32.release:binarywriter.obj
 0001:00013730       ?WriteVector@BinaryWriter@IO@@QAEXABVvector@Math@@@Z 00414730 f   foundation_win32.release:binarywriter.obj
 0001:00013a30       ?WriteMatrix44@BinaryWriter@IO@@QAEXABVmatrix44@Math@@@Z 00414a30 f   foundation_win32.release:binarywriter.obj
 0001:000140c0       ?WriteRawData@BinaryWriter@IO@@QAEXPBXH@Z 004150c0 f   foundation_win32.release:binarywriter.obj
 0001:000141d0       ?XMVectorGetZPtr@@YAXPAMT__m128@@@Z 004151d0 f i foundation_win32.release:binarywriter.obj
 0001:00014210       ?XMVectorGetYPtr@@YAXPAMT__m128@@@Z 00415210 f i foundation_win32.release:binarywriter.obj
 0001:00014250       ?XMVectorGetXPtr@@YAXPAMT__m128@@@Z 00415250 f i foundation_win32.release:binarywriter.obj
 0001:00014270       ??2StreamWriter@IO@@SAPAXI@Z 00415270 f i foundation_win32.release:streamwriter.obj
 0001:00014280       ??3StreamWriter@IO@@SAXPAX@Z 00415280 f i foundation_win32.release:streamwriter.obj
 0001:000142a0       ?GetRtti@StreamWriter@IO@@UBEPAVRtti@Core@@XZ 004152a0 f   foundation_win32.release:streamwriter.obj
 0001:000142b0       ?FactoryCreator@StreamWriter@IO@@SAPAVRefCounted@Core@@XZ 004152b0 f   foundation_win32.release:streamwriter.obj
 0001:000142c0       ?Create@StreamWriter@IO@@SAPAV12@XZ 004152c0 f   foundation_win32.release:streamwriter.obj
 0001:00014300       ?RegisterWithFactory@StreamWriter@IO@@SA_NXZ 00415300 f   foundation_win32.release:streamwriter.obj
 0001:00014400       ??0StreamWriter@IO@@QAE@XZ 00415400 f   foundation_win32.release:streamwriter.obj
 0001:00014450       ??_EStreamWriter@IO@@UAEPAXI@Z 00415450 f i  CIL library: CIL module
 0001:00014450       ??_GStreamWriter@IO@@UAEPAXI@Z 00415450 f i foundation_win32.release:streamwriter.obj
 0001:00014480       ??1StreamWriter@IO@@UAE@XZ 00415480 f   foundation_win32.release:streamwriter.obj
 0001:000144d0       ?SetStream@StreamWriter@IO@@QAEXABV?$Ptr@VStream@IO@@@@@Z 004154d0 f   foundation_win32.release:streamwriter.obj
 0001:000144f0       ?GetStream@StreamWriter@IO@@QBEABV?$Ptr@VStream@IO@@@@XZ 004154f0 f   foundation_win32.release:streamwriter.obj
 0001:00014510       ?HasStream@StreamWriter@IO@@QBE_NXZ 00415510 f   foundation_win32.release:streamwriter.obj
 0001:00014530       ?Open@StreamWriter@IO@@UAE_NXZ 00415530 f   foundation_win32.release:streamwriter.obj
 0001:00014680       ?Close@StreamWriter@IO@@UAEXXZ 00415680 f   foundation_win32.release:streamwriter.obj
 0001:00014700       ?Setup@Blob@Util@@SAXXZ    00415700 f i foundation_win32.release:win32sysfunc.obj
 0001:00014770       ?Shutdown@Blob@Util@@SAXXZ 00415770 f i foundation_win32.release:win32sysfunc.obj
 0001:000147f0       ??_GWin360Heap@Win360@@QAEPAXI@Z 004157f0 f i foundation_win32.release:win32sysfunc.obj
 0001:00014820       ??0SystemInfo@System@@QAE@XZ 00415820 f i foundation_win32.release:win32sysfunc.obj
 0001:00014840       ?Setup@SysFunc@Win32@@SAXXZ 00415840 f   foundation_win32.release:win32sysfunc.obj
 0001:00014900       ?Exit@SysFunc@Win32@@SAXH@Z 00415900 f   foundation_win32.release:win32sysfunc.obj
 0001:000149e0       ??_GGlobalStringAtomTable@Util@@QAEPAXI@Z 004159e0 f i foundation_win32.release:win32sysfunc.obj
 0001:00014a10       ??_GLocalStringAtomTable@Util@@QAEPAXI@Z 00415a10 f i foundation_win32.release:win32sysfunc.obj
 0001:00014a40       ?Error@SysFunc@Win32@@SAXPBD@Z 00415a40 f   foundation_win32.release:win32sysfunc.obj
 0001:00014a70       ?MessageBoxA@SysFunc@Win32@@SAXPBD@Z 00415a70 f   foundation_win32.release:win32sysfunc.obj
 0001:00014ab0       ?Sleep@SysFunc@Win32@@SAXN@Z 00415ab0 f   foundation_win32.release:win32sysfunc.obj
 0001:00014ae0       ?DebugOut@SysFunc@Win32@@SAXPBD@Z 00415ae0 f   foundation_win32.release:win32sysfunc.obj
 0001:00014af0       ?RegisterExitHandler@SysFunc@Win32@@CAPBVExitHandler@Core@@PBV34@@Z 00415af0 f   foundation_win32.release:win32sysfunc.obj
 0001:00014b10       ?GetSystemInfo@SysFunc@Win32@@SAPBVSystemInfo@System@@XZ 00415b10 f   foundation_win32.release:win32sysfunc.obj
 0001:00014b20       ?XMVerifyCPUSupport@@YAHXZ 00415b20 f i foundation_win32.release:win32sysfunc.obj
 0001:00014b60       ?SetupHeaps@Memory@@YAXXZ  00415b60 f   foundation_win32.release:win360memoryconfig.obj
 0001:00014cc0       ?GetHeapTypeName@Memory@@YAPBDW4HeapType@1@@Z 00415cc0 f   foundation_win32.release:win360memoryconfig.obj
 0001:00014d80       ??0FourCC@Util@@QAE@XZ     00415d80 f i foundation_win32.release:rtti.obj
 0001:00014da0       ??8FourCC@Util@@QBE_NABV01@@Z 00415da0 f i foundation_win32.release:rtti.obj
 0001:00014dc0       ?IsValid@FourCC@Util@@QBE_NXZ 00415dc0 f i foundation_win32.release:rtti.obj
 0001:00014de0       ?GetParent@Rtti@Core@@QBEPBV12@XZ 00415de0 f i foundation_win32.release:rtti.obj
 0001:00014e00       ?Construct@Rtti@Core@@AAEXPBDVFourCC@Util@@P6APAVRefCounted@2@XZPBV12@H@Z 00415e00 f   foundation_win32.release:rtti.obj
 0001:00014ef0       ??0Rtti@Core@@QAE@PBDVFourCC@Util@@P6APAVRefCounted@1@XZPBV01@H@Z 00415ef0 f   foundation_win32.release:rtti.obj
 0001:00014f60       ??0Rtti@Core@@QAE@PBDP6APAVRefCounted@1@XZPBV01@H@Z 00415f60 f   foundation_win32.release:rtti.obj
 0001:00014fd0       ?Create@Rtti@Core@@QBEPAVRefCounted@2@XZ 00415fd0 f   foundation_win32.release:rtti.obj
 0001:00015030       ?IsDerivedFrom@Rtti@Core@@QBE_NABV12@@Z 00416030 f   foundation_win32.release:rtti.obj
 0001:00015070       ?IsDerivedFrom@Rtti@Core@@QBE_NABVString@Util@@@Z 00416070 f   foundation_win32.release:rtti.obj
 0001:000150c0       ?IsDerivedFrom@Rtti@Core@@QBE_NABVFourCC@Util@@@Z 004160c0 f   foundation_win32.release:rtti.obj
 0001:00015110       ?AllocInstanceMemory@Rtti@Core@@QAEPAXXZ 00416110 f   foundation_win32.release:rtti.obj
 0001:00015140       ?FreeInstanceMemory@Rtti@Core@@QAEXPAX@Z 00416140 f   foundation_win32.release:rtti.obj
 0001:00015160       ??2RefCounted@Core@@SAPAXI@Z 00416160 f i foundation_win32.release:refcounted.obj
 0001:00015170       ?GetRtti@RefCounted@Core@@UBEPAVRtti@2@XZ 00416170 f   foundation_win32.release:refcounted.obj
 0001:00015180       ?FactoryCreator@RefCounted@Core@@SAPAV12@XZ 00416180 f   foundation_win32.release:refcounted.obj
 0001:00015190       ?Create@RefCounted@Core@@SAPAV12@XZ 00416190 f   foundation_win32.release:refcounted.obj
 0001:000151e0       ?RegisterWithFactory@RefCounted@Core@@SA_NXZ 004161e0 f   foundation_win32.release:refcounted.obj
 0001:000152e0       ??1RefCounted@Core@@MAE@XZ 004162e0 f   foundation_win32.release:refcounted.obj
 0001:00015320       ?DumpRefCountingLeaks@RefCounted@Core@@SAXXZ 00416320 f   foundation_win32.release:refcounted.obj
 0001:00015330       ?HashCode@String@Util@@QBEHXZ 00416330 f i foundation_win32.release:factory.obj
 0001:000153e0       ??9FourCC@Util@@QBE_NABV01@@Z 004163e0 f i foundation_win32.release:factory.obj
 0001:00015400       ??OFourCC@Util@@QBE_NABV01@@Z 00416400 f i foundation_win32.release:factory.obj
 0001:00015420       ??MFourCC@Util@@QBE_NABV01@@Z 00416420 f i foundation_win32.release:factory.obj
 0001:00015440       ?AsString@FourCC@Util@@QBE?AVString@2@XZ 00416440 f i foundation_win32.release:factory.obj
 0001:00015470       ?ToString@FourCC@Util@@SA?AVString@2@ABV12@@Z 00416470 f i foundation_win32.release:factory.obj
 0001:00015600       ?Instance@Factory@Core@@SAPAV12@XZ 00416600 f   foundation_win32.release:factory.obj
 0001:00015670       ?Destroy@Factory@Core@@SAXXZ 00416670 f   foundation_win32.release:factory.obj
 0001:000156d0       ??_GFactory@Core@@AAEPAXI@Z 004166d0 f i foundation_win32.release:factory.obj
 0001:00015700       ??0Factory@Core@@AAE@XZ    00416700 f   foundation_win32.release:factory.obj
 0001:00015730       ??1?$HashTable@VString@Util@@PBVRtti@Core@@@Util@@QAE@XZ 00416730 f i foundation_win32.release:factory.obj
 0001:00015750       ??1?$Dictionary@VFourCC@Util@@PBVRtti@Core@@@Util@@QAE@XZ 00416750 f i foundation_win32.release:factory.obj
 0001:00015770       ??1Factory@Core@@AAE@XZ    00416770 f   foundation_win32.release:factory.obj
 0001:000157b0       ?Register@Factory@Core@@QAEXPBVRtti@2@ABVString@Util@@ABVFourCC@5@@Z 004167b0 f   foundation_win32.release:factory.obj
 0001:000159a0       ?Register@Factory@Core@@QAEXPBVRtti@2@ABVString@Util@@@Z 004169a0 f   foundation_win32.release:factory.obj
 0001:00015a70       ?ClassExists@Factory@Core@@QBE_NABVString@Util@@@Z 00416a70 f   foundation_win32.release:factory.obj
 0001:00015ac0       ?ClassExists@Factory@Core@@QBE_NVFourCC@Util@@@Z 00416ac0 f   foundation_win32.release:factory.obj
 0001:00015b10       ?GetClassRtti@Factory@Core@@QBEPBVRtti@2@ABVString@Util@@@Z 00416b10 f   foundation_win32.release:factory.obj
 0001:00015b80       ?GetClassRtti@Factory@Core@@QBEPBVRtti@2@ABVFourCC@Util@@@Z 00416b80 f   foundation_win32.release:factory.obj
 0001:00015c00       ?Create@Factory@Core@@QBEPAVRefCounted@2@ABVString@Util@@@Z 00416c00 f   foundation_win32.release:factory.obj
 0001:00015d10       ?Create@Factory@Core@@QBEPAVRefCounted@2@VFourCC@Util@@@Z 00416d10 f   foundation_win32.release:factory.obj
 0001:00015e60       ??1?$FixedArray@V?$Array@V?$KeyValuePair@VString@Util@@PBVRtti@Core@@@Util@@@Util@@@Util@@QAE@XZ 00416e60 f i foundation_win32.release:factory.obj
 0001:00015e80       ??0?$HashTable@VString@Util@@PBVRtti@Core@@@Util@@QAE@H@Z 00416e80 f i foundation_win32.release:factory.obj
 0001:00015eb0       ??A?$HashTable@VString@Util@@PBVRtti@Core@@@Util@@QBEAAPBVRtti@Core@@ABVString@1@@Z 00416eb0 f i foundation_win32.release:factory.obj
 0001:00015fb0       ?Clear@?$HashTable@VString@Util@@PBVRtti@Core@@@Util@@QAEXXZ 00416fb0 f i foundation_win32.release:factory.obj
 0001:00016010       ?Add@?$HashTable@VString@Util@@PBVRtti@Core@@@Util@@QAEXABVString@2@ABQBVRtti@Core@@@Z 00417010 f i foundation_win32.release:factory.obj
 0001:00016050       ?Contains@?$HashTable@VString@Util@@PBVRtti@Core@@@Util@@QBE_NABVString@2@@Z 00417050 f i foundation_win32.release:factory.obj
 0001:000160f0       ??1?$Array@V?$KeyValuePair@VFourCC@Util@@PBVRtti@Core@@@Util@@@Util@@QAE@XZ 004170f0 f i foundation_win32.release:factory.obj
 0001:00016110       ??0?$Dictionary@VFourCC@Util@@PBVRtti@Core@@@Util@@QAE@XZ 00417110 f i foundation_win32.release:factory.obj
 0001:00016130       ??A?$Dictionary@VFourCC@Util@@PBVRtti@Core@@@Util@@QBEABQBVRtti@Core@@ABVFourCC@1@@Z 00417130 f i foundation_win32.release:factory.obj
 0001:00016180       ?Clear@?$Dictionary@VFourCC@Util@@PBVRtti@Core@@@Util@@QAEXXZ 00417180 f i foundation_win32.release:factory.obj
 0001:000161c0       ?Add@?$Dictionary@VFourCC@Util@@PBVRtti@Core@@@Util@@QAEXABVFourCC@2@ABQBVRtti@Core@@@Z 004171c0 f i foundation_win32.release:factory.obj
[...]
 0003:00000434       ?MemoryLoggingEnabled@Memory@@3_NC 0044d434     foundation_win32.release:win360memory.obj
 0003:00000435       ?NetworkInitialized@Win360Socket@Win360@@0_NA 0044d435     foundation_win32.release:win360socket.obj
 0003:00000436       ?SetupCalled@SysFunc@Win32@@0_NC 0044d436     foundation_win32.release:win32sysfunc.obj
 0003:00000437       ?StandardArchivesMounted@IoServer@IO@@0_NA 0044d437     foundation_win32.release:ioserver.obj
 0003:00000438       ?MemoryLoggingThreshold@Memory@@3IC 0044d438     foundation_win32.release:win360memory.obj
 0003:0000043c       ?Singleton@Console@IO@@2PAV12@A 0044d43c     foundation_win32.release:console.obj
 0003:00000440       ?ExitHandlers@SysFunc@Win32@@0PBVExitHandler@Core@@B 0044d440     foundation_win32.release:win32sysfunc.obj
 0003:00000444       ?globalStringAtomTable@Win32@@3PAVGlobalStringAtomTable@Util@@A 0044d444     foundation_win32.release:win32sysfunc.obj
 0003:00000448       ?localStringAtomTable@Win32@@3PAVLocalStringAtomTable@Util@@A 0044d448     foundation_win32.release:win32sysfunc.obj
 0003:0000044c       ?Heaps@Memory@@3RCRAXC     0044d44c     foundation_win32.release:win360memoryconfig.obj
 0003:00000480       ?Singleton@Factory@Core@@0PAV12@A 0044d480     foundation_win32.release:factory.obj
 0003:00000484       ?DataHeap@Blob@Util@@0PAVWin360Heap@Win360@@A 0044d484     foundation_win32.release:blob.obj
 0003:00000488       ?Singleton@GlobalStringAtomTable@Util@@2PAV12@A 0044d488     foundation_win32.release:globalstringatomtable.obj
 0003:0000048c       ?Singleton@AssignRegistry@IO@@2PAV12@A 0044d48c     foundation_win32.release:assignregistry.obj
 0003:00000490       ?Singleton@SchemeRegistry@IO@@2PAV12@A 0044d490     foundation_win32.release:schemeregistry.obj
 0003:00000494       ?Singleton@ArchiveFileSystem@IO@@2PAV12@A 0044d494     foundation_win32.release:archivefilesystem.obj
 0003:00000498       ?Singleton@ZipFileSystem@IO@@2PAV12@A 0044d498     foundation_win32.release:zipfilesystem.obj
 0003:0000049c       ?Singleton@ArchiveFileSystemBase@IO@@2PAV12@A 0044d49c     foundation_win32.release:archivefilesystembase.obj
 0003:000004a0       ?Table@Crc@Util@@0PAIA     0044d4a0     foundation_win32.release:crc.obj
 0003:000008a0       ?TableInitialized@Crc@Util@@0_NA 0044d8a0     foundation_win32.release:crc.obj
 0003:000008a4       ?RTTI@Console@IO@@2VRtti@Core@@A 0044d8a4     foundation_win32.release:console.obj
 0003:000008d4       ?RTTI@Win360Socket@Win360@@2VRtti@Core@@A 0044d8d4     foundation_win32.release:win360socket.obj
 0003:00000904       ?RTTI@TcpClient@Net@@2VRtti@Core@@A 0044d904     foundation_win32.release:tcpclient.obj
 0003:00000934       ?RTTI@StdTcpClient@Net@@2VRtti@Core@@A 0044d934     foundation_win32.release:stdtcpclient.obj
 0003:00000964       ?RTTI@BinaryReader@IO@@2VRtti@Core@@A 0044d964     foundation_win32.release:binaryreader.obj
 0003:00000994       ?RTTI@StreamReader@IO@@2VRtti@Core@@A 0044d994     foundation_win32.release:streamreader.obj
 0003:000009c4       ?RTTI@BinaryWriter@IO@@2VRtti@Core@@A 0044d9c4     foundation_win32.release:binarywriter.obj
 0003:000009f4       ?RTTI@StreamWriter@IO@@2VRtti@Core@@A 0044d9f4     foundation_win32.release:streamwriter.obj
 0003:00000a24       ?systemInfo@SysFunc@Win32@@0VSystemInfo@System@@A 0044da24     foundation_win32.release:win32sysfunc.obj
 0003:00000a34       ?RTTI@RefCounted@Core@@2VRtti@2@A 0044da34     foundation_win32.release:refcounted.obj
 0003:00000a64       ?RTTI@Win360Thread@Win360@@2VRtti@Core@@A 0044da64     foundation_win32.release:win360thread.obj
 0003:00000a94       ?RTTI@Win32ConsoleHandler@Win32@@2VRtti@Core@@A 0044da94     foundation_win32.release:win32consolehandler.obj
 0003:00000ac4       ?RTTI@Socket@Net@@2VRtti@Core@@A 0044dac4     foundation_win32.release:socket.obj
 0003:00000af4       ?RTTI@CoreServer@Core@@2VRtti@2@A 0044daf4     foundation_win32.release:coreserver.obj
 0003:00000b24       ?RTTI@IoServer@IO@@2VRtti@Core@@A 0044db24     foundation_win32.release:ioserver.obj
 0003:00000b54       ?AssignCriticalSection@IoServer@IO@@0VCriticalSection@Threading@@A 0044db54     foundation_win32.release:ioserver.obj
 0003:00000b68       ?SchemeCriticalSection@IoServer@IO@@0VCriticalSection@Threading@@A 0044db68     foundation_win32.release:ioserver.obj
 0003:00000b7c       ?ArchiveCriticalSection@IoServer@IO@@0VCriticalSection@Threading@@A 0044db7c     foundation_win32.release:ioserver.obj
 0003:00000b90       ?RTTI@LogFileConsoleHandler@IO@@2VRtti@Core@@A 0044db90     foundation_win32.release:logfileconsolehandler.obj
 0003:00000bc0       ?RTTI@MemoryStream@IO@@2VRtti@Core@@A 0044dbc0     foundation_win32.release:memorystream.obj
 0003:00000bf0       ?RTTI@Stream@IO@@2VRtti@Core@@A 0044dbf0     foundation_win32.release:stream.obj
 0003:00000c20       ?RTTI@ConsoleHandler@IO@@2VRtti@Core@@A 0044dc20     foundation_win32.release:consolehandler.obj
 0003:00000c50       ?RTTI@AssignRegistry@IO@@2VRtti@Core@@A 0044dc50     foundation_win32.release:assignregistry.obj
 0003:00000c80       ?RTTI@SchemeRegistry@IO@@2VRtti@Core@@A 0044dc80     foundation_win32.release:schemeregistry.obj
 0003:00000cb0       ?RTTI@ArchiveFileSystem@IO@@2VRtti@Core@@A 0044dcb0     foundation_win32.release:archivefilesystem.obj
 0003:00000ce0       ?RTTI@ZipFileSystem@IO@@2VRtti@Core@@A 0044dce0     foundation_win32.release:zipfilesystem.obj
 0003:00000d10       ?RTTI@ArchiveFileSystemBase@IO@@2VRtti@Core@@A 0044dd10     foundation_win32.release:archivefilesystembase.obj
 0003:00000d40       ?RTTI@ZipArchive@IO@@2VRtti@Core@@A 0044dd40     foundation_win32.release:ziparchive.obj
 0003:00000d70       ?RTTI@TextWriter@IO@@2VRtti@Core@@A 0044dd70     foundation_win32.release:textwriter.obj
 0003:00000da0       ?RTTI@FileStream@IO@@2VRtti@Core@@A 0044dda0     foundation_win32.release:filestream.obj
 0003:00000dd0       ?RTTI@HttpStream@Http@@2VRtti@Core@@A 0044ddd0     foundation_win32.release:httpstream.obj
 0003:00000e00       ?RTTI@HttpNzStream@Http@@2VRtti@Core@@A 0044de00     foundation_win32.release:httpnzstream.obj
 0003:00000e30       ?RTTI@ZipFileStream@IO@@2VRtti@Core@@A 0044de30     foundation_win32.release:zipfilestream.obj
 0003:00000e60       ?RTTI@Archive@IO@@2VRtti@Core@@A 0044de60     foundation_win32.release:archive.obj
 0003:00000e90       ?RTTI@ArchiveBase@IO@@2VRtti@Core@@A 0044de90     foundation_win32.release:archivebase.obj
 0003:00000ec0       ?RTTI@HttpClientRegistry@Http@@2VRtti@Core@@A 0044dec0     foundation_win32.release:httpclientregistry.obj
 0003:00000ef0       ?RTTI@HttpClient@Http@@2VRtti@Core@@A 0044def0     foundation_win32.release:httpclient.obj
 0003:00000f20       ?RTTI@HttpRequestWriter@Http@@2VRtti@Core@@A 0044df20     foundation_win32.release:httprequestwriter.obj
 0003:00000f50       ?RTTI@HttpResponseReader@Http@@2VRtti@Core@@A 0044df50     foundation_win32.release:httpresponsereader.obj
 0003:00000f80       ?RTTI@TextReader@IO@@2VRtti@Core@@A 0044df80     foundation_win32.release:textreader.obj
 0003:00000fb0       __tls_index                0044dfb0     MSVCRT:tlssup.obj
 0003:00000fb4       ___sse2_available          0044dfb4     <common>
 0003:00000fb8       __adjust_fdiv              0044dfb8     <common>
 0003:00000fbc       ___native_startup_state    0044dfbc     <common>
 0003:00000fc0       ___native_startup_lock     0044dfc0     <common>
 0003:00000fc4       ___onexitend               0044dfc4     <common>
 0003:00000fc8       ___onexitbegin             0044dfc8     <common>
 0003:00000fcc       ___dyn_tls_init_callback   0044dfcc     <common>
 0004:00000000       __tls_start                0044e000     MSVCRT:tlssup.obj
 0004:00000004       ?Singleton@CoreServer@Core@@2PAV12@A 0044e004     foundation_win32.release:coreserver.obj
 0004:00000008       ?Singleton@HttpClientRegistry@Http@@2PAV12@A 0044e008     foundation_win32.release:httpclientregistry.obj
 0004:0000000c       ?Singleton@IoServer@IO@@2PAV12@A 0044e00c     foundation_win32.release:ioserver.obj
 0004:00000010       ?Singleton@LocalStringAtomTable@Util@@2PAV12@A 0044e010     foundation_win32.release:localstringatomtable.obj
 0004:00000014       ?Singleton@Application@App@@2PAV12@A 0044e014     foundation_win32.release:application.obj
 0004:00000018       ?ThreadName@Win360Thread@Win360@@0PBDB 0044e018     foundation_win32.release:win360thread.obj
 0004:0000001c       __tls_end                  0044e01c     MSVCRT:tlssup.obj

 entry point at        0001:0003f9e4

 Static symbols

 0001:00003220       ??HUtil@@YA?AVString@0@ABV10@0@Z 00404220 f    CIL library: CIL module
 0001:00007480       ?StringVPrintfWorkerA@@YGJPADIPAIPBD0@Z 00408480 f    CIL library: CIL module
 0001:00007580       ?StringLengthWorkerA@@YGJPBDIPAI@Z 00408580 f    CIL library: CIL module
 0001:000075f0       ?StringValidateDestA@@YGJPADIPAII@Z 004085f0 f    CIL library: CIL module
 0001:000076b0       ?StringCopyWorkerA@@YGJPADIPAIPBDI@Z 004086b0 f    CIL library: CIL module
 0001:00029960       ??HUtil@@YA?AVString@0@ABV10@0@Z 0042a960 f    CIL library: CIL module
 0001:00038460       _decrypt_byte              00439460 f    CIL library: CIL module
 0001:00038490       _update_keys               00439490 f    CIL library: CIL module
 0001:00038520       _init_keys                 00439520 f    CIL library: CIL module
 0001:00038570       _unzlocal_getByte          00439570 f    CIL library: CIL module
 0001:000385e0       _unzlocal_getShort         004395e0 f    CIL library: CIL module
 0001:00038650       _unzlocal_getLong          00439650 f    CIL library: CIL module
 0001:00038710       _strcmpcasenosensitive_internal 00439710 f    CIL library: CIL module
 0001:00038850       _unzlocal_SearchCentralDir 00439850 f    CIL library: CIL module
 0001:00038da0       _unzlocal_DosDateToTmuDate 00439da0 f    CIL library: CIL module
 0001:00038e20       _unzlocal_GetCurrentFileInfoInternal 00439e20 f    CIL library: CIL module
 0001:000396b0       _unzlocal_CheckCurrentFileCoherencyHeader 0043a6b0 f    CIL library: CIL module
 0001:0003a8e0       _crc32_little              0043b8e0 f    CIL library: CIL module
 0001:0003ace0       _crc32_big                 0043bce0 f    CIL library: CIL module
 0001:0003b140       _gf2_matrix_times          0043c140 f    CIL library: CIL module
 0001:0003b180       _gf2_matrix_square         0043c180 f    CIL library: CIL module
 0001:0003b5c0       _fixedtables               0043c5c0 f    CIL library: CIL module
 0001:0003b5f0       _updatewindow              0043c5f0 f    CIL library: CIL module
 0001:0003d8b0       _syncsearch                0043e8b0 f    CIL library: CIL module
 0001:0003f6e3       _pre_cpp_init              004406e3 f   MSVCRT:crtexe.obj
 0001:0003f72e       ___tmainCRTStartup         0044072e f   MSVCRT:crtexe.obj
 0001:0003f8a4       _check_managed_app         004408a4 f   MSVCRT:crtexe.obj
 0001:0003f903       _pre_c_init                00440903 f   MSVCRT:crtexe.obj
 0001:000401fb       _has_osfxsr_set            004411fb f   MSVCRT:cpu_disp.obj
 0001:000402c0       ??__E?RTTI@Console@IO@@2VRtti@Core@@A@@YAXXZ 004412c0 f    CIL library: CIL module
 0001:00040300       ??__E?RTTI@Win360Socket@Win360@@2VRtti@Core@@A@@YAXXZ 00441300 f    CIL library: CIL module
 0001:00040340       ??__E?RTTI@TcpClient@Net@@2VRtti@Core@@A@@YAXXZ 00441340 f    CIL library: CIL module
 0001:00040380       ??__E?RTTI@StdTcpClient@Net@@2VRtti@Core@@A@@YAXXZ 00441380 f    CIL library: CIL module
 0001:000403c0       ??__E?RTTI@BinaryReader@IO@@2VRtti@Core@@A@@YAXXZ 004413c0 f    CIL library: CIL module
 0001:00040400       ??__E?RTTI@StreamReader@IO@@2VRtti@Core@@A@@YAXXZ 00441400 f    CIL library: CIL module
 0001:00040440       ??__E?RTTI@BinaryWriter@IO@@2VRtti@Core@@A@@YAXXZ 00441440 f    CIL library: CIL module
 0001:00040480       ??__E?RTTI@StreamWriter@IO@@2VRtti@Core@@A@@YAXXZ 00441480 f    CIL library: CIL module
 0001:000404c0       ??__E?systemInfo@SysFunc@Win32@@0VSystemInfo@System@@A@@YAXXZ 004414c0 f    CIL library: CIL module
 0001:000404d0       ??__E?RTTI@RefCounted@Core@@2VRtti@2@A@@YAXXZ 004414d0 f    CIL library: CIL module
 0001:00040510       ??__E?RTTI@Win360Thread@Win360@@2VRtti@Core@@A@@YAXXZ 00441510 f    CIL library: CIL module
 0001:00040550       ??__E?RTTI@Win32ConsoleHandler@Win32@@2VRtti@Core@@A@@YAXXZ 00441550 f    CIL library: CIL module
 0001:00040590       ??__E?RTTI@Socket@Net@@2VRtti@Core@@A@@YAXXZ 00441590 f    CIL library: CIL module
 0001:000405d0       ??__E?RTTI@CoreServer@Core@@2VRtti@2@A@@YAXXZ 004415d0 f    CIL library: CIL module
 0001:00040610       ??__E?RTTI@IoServer@IO@@2VRtti@Core@@A@@YAXXZ 00441610 f    CIL library: CIL module
 0001:00040650       ??__E?AssignCriticalSection@IoServer@IO@@0VCriticalSection@Threading@@A@@YAXXZ 00441650 f    CIL library: CIL module
 0001:00040670       ??__E?SchemeCriticalSection@IoServer@IO@@0VCriticalSection@Threading@@A@@YAXXZ 00441670 f    CIL library: CIL module
 0001:00040690       ??__E?ArchiveCriticalSection@IoServer@IO@@0VCriticalSection@Threading@@A@@YAXXZ 00441690 f    CIL library: CIL module
 0001:000406b0       ??__E?RTTI@LogFileConsoleHandler@IO@@2VRtti@Core@@A@@YAXXZ 004416b0 f    CIL library: CIL module
 0001:000406f0       ??__E?RTTI@MemoryStream@IO@@2VRtti@Core@@A@@YAXXZ 004416f0 f    CIL library: CIL module
 0001:00040740       ??__E?RTTI@Stream@IO@@2VRtti@Core@@A@@YAXXZ 00441740 f    CIL library: CIL module
 0001:00040790       ??__E?RTTI@ConsoleHandler@IO@@2VRtti@Core@@A@@YAXXZ 00441790 f    CIL library: CIL module
 0001:000407d0       ??__E?RTTI@AssignRegistry@IO@@2VRtti@Core@@A@@YAXXZ 004417d0 f    CIL library: CIL module
 0001:00040810       ??__E?RTTI@SchemeRegistry@IO@@2VRtti@Core@@A@@YAXXZ 00441810 f    CIL library: CIL module
 0001:00040850       ??__E?RTTI@ArchiveFileSystem@IO@@2VRtti@Core@@A@@YAXXZ 00441850 f    CIL library: CIL module
 0001:00040890       ??__E?RTTI@ZipFileSystem@IO@@2VRtti@Core@@A@@YAXXZ 00441890 f    CIL library: CIL module
 0001:000408d0       ??__E?RTTI@ArchiveFileSystemBase@IO@@2VRtti@Core@@A@@YAXXZ 004418d0 f    CIL library: CIL module
 0001:00040910       ??__E?RTTI@ZipArchive@IO@@2VRtti@Core@@A@@YAXXZ 00441910 f    CIL library: CIL module
 0001:00040960       ??__E?RTTI@TextWriter@IO@@2VRtti@Core@@A@@YAXXZ 00441960 f    CIL library: CIL module
 0001:000409a0       ??__E?RTTI@FileStream@IO@@2VRtti@Core@@A@@YAXXZ 004419a0 f    CIL library: CIL module
 0001:000409f0       ??__E?RTTI@HttpStream@Http@@2VRtti@Core@@A@@YAXXZ 004419f0 f    CIL library: CIL module
 0001:00040a40       ??__E?RTTI@HttpNzStream@Http@@2VRtti@Core@@A@@YAXXZ 00441a40 f    CIL library: CIL module
 0001:00040a90       ??__E?RTTI@ZipFileStream@IO@@2VRtti@Core@@A@@YAXXZ 00441a90 f    CIL library: CIL module
 0001:00040ae0       ??__E?RTTI@Archive@IO@@2VRtti@Core@@A@@YAXXZ 00441ae0 f    CIL library: CIL module
 0001:00040b30       ??__E?RTTI@ArchiveBase@IO@@2VRtti@Core@@A@@YAXXZ 00441b30 f    CIL library: CIL module
 0001:00040b80       ??__E?RTTI@HttpClientRegistry@Http@@2VRtti@Core@@A@@YAXXZ 00441b80 f    CIL library: CIL module
 0001:00040bc0       ??__E?RTTI@HttpClient@Http@@2VRtti@Core@@A@@YAXXZ 00441bc0 f    CIL library: CIL module
 0001:00040c00       ??__E?RTTI@HttpRequestWriter@Http@@2VRtti@Core@@A@@YAXXZ 00441c00 f    CIL library: CIL module
 0001:00040c50       ??__E?RTTI@HttpResponseReader@Http@@2VRtti@Core@@A@@YAXXZ 00441c50 f    CIL library: CIL module
 0001:00040c90       ??__E?RTTI@TextReader@IO@@2VRtti@Core@@A@@YAXXZ 00441c90 f    CIL library: CIL module
 0001:00040cd0       ??__F?RTTI@Console@IO@@2VRtti@Core@@A@@YAXXZ 00441cd0 f    CIL library: CIL module
 0001:00040d20       ??__F?RTTI@Win360Socket@Win360@@2VRtti@Core@@A@@YAXXZ 00441d20 f    CIL library: CIL module
 0001:00040d70       ??__F?RTTI@TcpClient@Net@@2VRtti@Core@@A@@YAXXZ 00441d70 f    CIL library: CIL module
 0001:00040dc0       ??__F?RTTI@StdTcpClient@Net@@2VRtti@Core@@A@@YAXXZ 00441dc0 f    CIL library: CIL module
 0001:00040e10       ??__F?RTTI@BinaryReader@IO@@2VRtti@Core@@A@@YAXXZ 00441e10 f    CIL library: CIL module
 0001:00040e60       ??__F?RTTI@StreamReader@IO@@2VRtti@Core@@A@@YAXXZ 00441e60 f    CIL library: CIL module
 0001:00040eb0       ??__F?RTTI@BinaryWriter@IO@@2VRtti@Core@@A@@YAXXZ 00441eb0 f    CIL library: CIL module
 0001:00040f00       ??__F?RTTI@StreamWriter@IO@@2VRtti@Core@@A@@YAXXZ 00441f00 f    CIL library: CIL module
 0001:00040f50       ??__F?RTTI@RefCounted@Core@@2VRtti@2@A@@YAXXZ 00441f50 f    CIL library: CIL module
 0001:00040fa0       ??__F?RTTI@Win360Thread@Win360@@2VRtti@Core@@A@@YAXXZ 00441fa0 f    CIL library: CIL module
 0001:00041000       ??__F?RTTI@Win32ConsoleHandler@Win32@@2VRtti@Core@@A@@YAXXZ 00442000 f    CIL library: CIL module
 0001:00041050       ??__F?RTTI@Socket@Net@@2VRtti@Core@@A@@YAXXZ 00442050 f    CIL library: CIL module
 0001:000410a0       ??__F?RTTI@CoreServer@Core@@2VRtti@2@A@@YAXXZ 004420a0 f    CIL library: CIL module
 0001:000410f0       ??__F?RTTI@IoServer@IO@@2VRtti@Core@@A@@YAXXZ 004420f0 f    CIL library: CIL module
 0001:00041140       ??__F?AssignCriticalSection@IoServer@IO@@0VCriticalSection@Threading@@A@@YAXXZ 00442140 f    CIL library: CIL module
 0001:00041150       ??__F?SchemeCriticalSection@IoServer@IO@@0VCriticalSection@Threading@@A@@YAXXZ 00442150 f    CIL library: CIL module
 0001:00041160       ??__F?ArchiveCriticalSection@IoServer@IO@@0VCriticalSection@Threading@@A@@YAXXZ 00442160 f    CIL library: CIL module
 0001:00041170       ??__F?RTTI@LogFileConsoleHandler@IO@@2VRtti@Core@@A@@YAXXZ 00442170 f    CIL library: CIL module
 0001:000411c0       ??__F?RTTI@MemoryStream@IO@@2VRtti@Core@@A@@YAXXZ 004421c0 f    CIL library: CIL module
 0001:00041210       ??__F?RTTI@Stream@IO@@2VRtti@Core@@A@@YAXXZ 00442210 f    CIL library: CIL module
 0001:00041260       ??__F?RTTI@ConsoleHandler@IO@@2VRtti@Core@@A@@YAXXZ 00442260 f    CIL library: CIL module
 0001:000412b0       ??__F?RTTI@AssignRegistry@IO@@2VRtti@Core@@A@@YAXXZ 004422b0 f    CIL library: CIL module
 0001:00041300       ??__F?RTTI@SchemeRegistry@IO@@2VRtti@Core@@A@@YAXXZ 00442300 f    CIL library: CIL module
 0001:00041350       ??__F?RTTI@ArchiveFileSystem@IO@@2VRtti@Core@@A@@YAXXZ 00442350 f    CIL library: CIL module
 0001:000413a0       ??__F?RTTI@ZipFileSystem@IO@@2VRtti@Core@@A@@YAXXZ 004423a0 f    CIL library: CIL module
 0001:000413f0       ??__F?RTTI@ArchiveFileSystemBase@IO@@2VRtti@Core@@A@@YAXXZ 004423f0 f    CIL library: CIL module
 0001:00041440       ??__F?RTTI@ZipArchive@IO@@2VRtti@Core@@A@@YAXXZ 00442440 f    CIL library: CIL module
 0001:00041490       ??__F?RTTI@TextWriter@IO@@2VRtti@Core@@A@@YAXXZ 00442490 f    CIL library: CIL module
 0001:000414e0       ??__F?RTTI@FileStream@IO@@2VRtti@Core@@A@@YAXXZ 004424e0 f    CIL library: CIL module
 0001:00041530       ??__F?RTTI@HttpStream@Http@@2VRtti@Core@@A@@YAXXZ 00442530 f    CIL library: CIL module
 0001:00041580       ??__F?RTTI@HttpNzStream@Http@@2VRtti@Core@@A@@YAXXZ 00442580 f    CIL library: CIL module
 0001:000415d0       ??__F?RTTI@ZipFileStream@IO@@2VRtti@Core@@A@@YAXXZ 004425d0 f    CIL library: CIL module
 0001:00041620       ??__F?RTTI@Archive@IO@@2VRtti@Core@@A@@YAXXZ 00442620 f    CIL library: CIL module
 0001:00041670       ??__F?RTTI@ArchiveBase@IO@@2VRtti@Core@@A@@YAXXZ 00442670 f    CIL library: CIL module
 0001:000416c0       ??__F?RTTI@HttpClientRegistry@Http@@2VRtti@Core@@A@@YAXXZ 004426c0 f    CIL library: CIL module
 0001:00041710       ??__F?RTTI@HttpClient@Http@@2VRtti@Core@@A@@YAXXZ 00442710 f    CIL library: CIL module
 0001:00041760       ??__F?RTTI@HttpRequestWriter@Http@@2VRtti@Core@@A@@YAXXZ 00442760 f    CIL library: CIL module
 0001:000417b0       ??__F?RTTI@HttpResponseReader@Http@@2VRtti@Core@@A@@YAXXZ 004427b0 f    CIL library: CIL module
 0001:00041800       ??__F?RTTI@TextReader@IO@@2VRtti@Core@@A@@YAXXZ 00442800 f    CIL library: CIL module
