 zipstresstest_win32

 Timestamp is 68d87554 (Sun Sep 28 02:37:56 2025)

 Preferred load address is 00400000

 Start         Length     Name                   Class
 0001:00000000 0003b37aH .text                   CODE
 0001:0003b380 00000a1fH .text$yc                CODE
 0001:0003bda0 00000b63H .text$yd                CODE
 0002:00000000 00000260H .idata$5                DATA
 0002:00000260 00000004H .CRT$XCA                DATA
 0002:00000264 00000004H .CRT$XCAA               DATA
 0002:00000268 000000a0H .CRT$XCU                DATA
 0002:00000308 00000004H .CRT$XCZ                DATA
 0002:0000030c 00000004H .CRT$XIA                DATA
 0002:00000310 00000004H .CRT$XIAA               DATA
 0002:00000314 00000004H .CRT$XIC                DATA
 0002:00000318 00000004H .CRT$XIY                DATA
 0002:0000031c 00000004H .CRT$XIZ                DATA
 0002:00000320 00000004H .CRT$XLA                DATA
 0002:00000324 00000004H .CRT$XLZ                DATA
 0002:00000330 00007ba0H .rdata                  DATA
 0002:00007ed0 00000018H .rdata$T                DATA
 0002:00007ee8 00000045H .rdata$debug            DATA
 0002:00007f30 00000008H .rdata$sxdata           DATA
 0002:00007f38 00000004H .rtc$IAA                DATA
 0002:00007f3c 00000004H .rtc$IZZ                DATA
 0002:00007f40 00000004H .rtc$TAA                DATA
 0002:00007f44 00000004H .rtc$TZZ                DATA
 0002:00007f48 0000008cH .xdata$x                DATA
 0002:00007fd4 00000078H .idata$2                DATA
 0002:0000804c 00000014H .idata$3                DATA
 0002:00008060 00000260H .idata$4                DATA
 0002:000082c0 00000842H .idata$6                DATA
 0002:00008b02 00000000H .edata                  DATA
 0003:00000000 00000060H .data                   DATA
 0003:00000060 00000f70H .bss                    DATA
 0004:00000000 00000001H .tls                    DATA
 0004:00000004 00000018H .stls                   DATA
 0004:0000001c 00000001H .tls$ZZZ                DATA

  Address         Publics by Value              Rva+Base       Lib:Object

 0000:00000000       __except_list              00000000     <absolute>
 0000:00000002       ___safe_se_handler_count   00000002     <absolute>
 0000:0000002c       __tls_array                0000002c     <absolute>
 0000:00009876       __fltused                  00009876     <absolute>
 0000:00009876       __ldused                   00009876     <absolute>
 0000:00000000       ___ImageBase               00400000     <linker-defined>
 0001:00000000       _IXACT3SoundBank_Destroy@4 00401000 f i stdneb.obj
 0001:00000020       _IXACT3SoundBank_GetCueIndex@8 00401020 f i stdneb.obj
 0001:00000040       _IXACT3SoundBank_GetNumCues@8 00401040 f i stdneb.obj
 0001:00000060       _IXACT3SoundBank_GetCueProperties@12 00401060 f i stdneb.obj
 0001:00000080       _IXACT3SoundBank_Prepare@20 00401080 f i stdneb.obj
 0001:000000b0       _IXACT3SoundBank_Play@20   004010b0 f i stdneb.obj
 0001:000000e0       _IXACT3SoundBank_Stop@12   004010e0 f i stdneb.obj
 0001:00000100       _IXACT3SoundBank_GetState@8 00401100 f i stdneb.obj
 0001:00000120       _IXACT3WaveBank_Destroy@4  00401120 f i stdneb.obj
 0001:00000140       _IXACT3WaveBank_GetNumWaves@8 00401140 f i stdneb.obj
 0001:00000160       _IXACT3WaveBank_GetWaveIndex@8 00401160 f i stdneb.obj
 0001:00000180       _IXACT3WaveBank_GetWaveProperties@12 00401180 f i stdneb.obj
 0001:000001a0       _IXACT3WaveBank_Prepare@24 004011a0 f i stdneb.obj
 0001:000001d0       _IXACT3WaveBank_Play@24    004011d0 f i stdneb.obj
 0001:00000200       _IXACT3WaveBank_Stop@12    00401200 f i stdneb.obj
 0001:00000220       _IXACT3WaveBank_GetState@8 00401220 f i stdneb.obj
 0001:00000240       _IXACT3Wave_Destroy@4      00401240 f i stdneb.obj
 0001:00000260       _IXACT3Wave_Play@4         00401260 f i stdneb.obj
 0001:00000280       _IXACT3Wave_Stop@8         00401280 f i stdneb.obj
 0001:000002a0       _IXACT3Wave_Pause@8        004012a0 f i stdneb.obj
 0001:000002c0       _IXACT3Wave_GetState@8     004012c0 f i stdneb.obj
 0001:000002e0       _IXACT3Wave_SetPitch@8     004012e0 f i stdneb.obj
 0001:00000300       _IXACT3Wave_SetVolume@8    00401300 f i stdneb.obj
 0001:00000320       _IXACT3Wave_SetMatrixCoefficients@16 00401320 f i stdneb.obj
 0001:00000350       _IXACT3Wave_GetProperties@8 00401350 f i stdneb.obj
 0001:00000370       _IXACT3Cue_Play@4          00401370 f i stdneb.obj
 0001:00000390       _IXACT3Cue_Stop@8          00401390 f i stdneb.obj
 0001:000003b0       _IXACT3Cue_GetState@8      004013b0 f i stdneb.obj
 0001:000003d0       _IXACT3Cue_Destroy@4       004013d0 f i stdneb.obj
 0001:000003f0       _IXACT3Cue_SetMatrixCoefficients@16 004013f0 f i stdneb.obj
 0001:00000420       _IXACT3Cue_GetVariableIndex@8 00401420 f i stdneb.obj
 0001:00000440       _IXACT3Cue_SetVariable@12  00401440 f i stdneb.obj
 0001:00000470       _IXACT3Cue_GetVariable@12  00401470 f i stdneb.obj
 0001:00000490       _IXACT3Cue_Pause@8         00401490 f i stdneb.obj
 0001:000004b0       _IXACT3Cue_GetProperties@8 004014b0 f i stdneb.obj
 0001:000004d0       _IXACT3Cue_SetOutputVoices@8 004014d0 f i stdneb.obj
 0001:000004f0       _IXACT3Cue_SetOutputVoiceMatrix@20 004014f0 f i stdneb.obj
 0001:00000520       _IXACT3Engine_AddRef@4     00401520 f i stdneb.obj
 0001:00000540       _IXACT3Engine_Release@4    00401540 f i stdneb.obj
 0001:00000560       _IXACT3Engine_GetRendererCount@8 00401560 f i stdneb.obj
 0001:00000580       _IXACT3Engine_GetRendererDetails@12 00401580 f i stdneb.obj
 0001:000005a0       _IXACT3Engine_GetFinalMixFormat@8 004015a0 f i stdneb.obj
 0001:000005c0       _IXACT3Engine_Initialize@8 004015c0 f i stdneb.obj
 0001:000005e0       _IXACT3Engine_ShutDown@4   004015e0 f i stdneb.obj
 0001:00000600       _IXACT3Engine_DoWork@4     00401600 f i stdneb.obj
 0001:00000620       _IXACT3Engine_CreateSoundBank@24 00401620 f i stdneb.obj
 0001:00000650       _IXACT3Engine_CreateInMemoryWaveBank@24 00401650 f i stdneb.obj
 0001:00000680       _IXACT3Engine_CreateStreamingWaveBank@12 00401680 f i stdneb.obj
 0001:000006a0       _IXACT3Engine_PrepareWave@32 004016a0 f i stdneb.obj
 0001:000006e0       _IXACT3Engine_PrepareInMemoryWave@52 004016e0 f i stdneb.obj
 0001:00000740       _IXACT3Engine_PrepareStreamingWave@68 00401740 f i stdneb.obj
 0001:000007c0       _IXACT3Engine_RegisterNotification@8 004017c0 f i stdneb.obj
 0001:000007e0       _IXACT3Engine_UnRegisterNotification@8 004017e0 f i stdneb.obj
 0001:00000800       _IXACT3Engine_GetCategory@8 00401800 f i stdneb.obj
 0001:00000820       _IXACT3Engine_Stop@12      00401820 f i stdneb.obj
 0001:00000840       _IXACT3Engine_SetVolume@12 00401840 f i stdneb.obj
 0001:00000870       _IXACT3Engine_Pause@12     00401870 f i stdneb.obj
 0001:00000890       _IXACT3Engine_GetGlobalVariableIndex@8 00401890 f i stdneb.obj
 0001:000008b0       _IXACT3Engine_SetGlobalVariable@12 004018b0 f i stdneb.obj
 0001:000008e0       _IXACT3Engine_GetGlobalVariable@12 004018e0 f i stdneb.obj
 0001:00000900       ?Decrement@Win360Interlocked@Win360@@SAHACH@Z 00401900 f i zipstresstest.obj
 0001:00000920       ??2@YAPAXI@Z               00401920 f i zipstresstest.obj
 0001:00000940       ??3@YAXPAX@Z               00401940 f i zipstresstest.obj
 0001:00000960       ??_V@YAXPAX@Z              00401960 f i zipstresstest.obj
 0001:00000980       ??3String@Util@@SAXPAX@Z   00401980 f i zipstresstest.obj
 0001:000009a0       ?Delete@String@Util@@AAEXXZ 004019a0 f i zipstresstest.obj
 0001:000009f0       ??1String@Util@@QAE@XZ     004019f0 f i zipstresstest.obj
 0001:00000a40       ??0String@Util@@QAE@PBD@Z  00401a40 f i zipstresstest.obj
 0001:00000a80       ?AsCharPtr@String@Util@@QBEPBDXZ 00401a80 f i zipstresstest.obj
 0001:00000ab0       ??4String@Util@@QAEXABV01@@Z 00401ab0 f i zipstresstest.obj
 0001:00000af0       ?SetCompanyName@Application@App@@QAEXABVString@Util@@@Z 00401af0 f i zipstresstest.obj
 0001:00000b40       ?SetAppID@Application@App@@QAEXABVString@Util@@@Z 00401b40 f i zipstresstest.obj
 0001:00000b90       ?Release@RefCounted@Core@@QAEXXZ 00401b90 f i zipstresstest.obj
 0001:00000be0       _main                      00401be0 f   zipstresstest.obj
 0001:00000dd0       ??0ZipStressTestApplication@App@@QAE@XZ 00401dd0 f i zipstresstest.obj
 0001:00000df0       ??1ZipStressTestApplication@App@@UAE@XZ 00401df0 f i zipstresstest.obj
 0001:00000e10       ??_EZipStressTestApplication@App@@UAEPAXI@Z 00401e10 f i  CIL library: CIL module
 0001:00000e10       ??_GZipStressTestApplication@App@@UAEPAXI@Z 00401e10 f i zipstresstest.obj
 0001:00000e40       ??_EString@Util@@QAEPAXI@Z 00401e40 f i zipstresstest.obj
 0001:00000f50       ??_H@YGXPAXIHP6EPAX0@Z@Z   00401f50 f i zipstresstest.obj
 0001:00000f80       ??_I@YGXPAXIHP6EX0@Z@Z     00401f80 f i zipstresstest.obj
 0001:00000fb0       ??_E?$Ptr@VConsoleHandler@IO@@@@QAEPAXI@Z 00401fb0 f i zipstresstest.obj
 0001:00001050       ??1?$Ptr@VConsoleHandler@IO@@@@QAE@XZ 00402050 f i zipstresstest.obj
 0001:00001080       ?Increment@Win360Interlocked@Win360@@SAHACH@Z 00402080 f i zipstresstestapplication.obj
 0001:000010a0       ??_U@YAPAXI@Z              004020a0 f i zipstresstestapplication.obj
 0001:000010c0       ??0String@Util@@QAE@XZ     004020c0 f i zipstresstestapplication.obj
 0001:00001100       ??0String@Util@@QAE@ABV01@@Z 00402100 f i zipstresstestapplication.obj
 0001:00001160       ?Append@String@Util@@QAEXABV12@@Z 00402160 f i zipstresstestapplication.obj
 0001:000011a0       ?IsValid@String@Util@@QBE_NXZ 004021a0 f i zipstresstestapplication.obj
 0001:00001260       ??0FourCC@Util@@QAE@I@Z    00402260 f i zipstresstestapplication.obj
 0001:00001280       ?AddRef@RefCounted@Core@@QAEXXZ 00402280 f i zipstresstestapplication.obj
 0001:000012a0       ??0URI@IO@@QAE@ABVString@Util@@@Z 004022a0 f i zipstresstestapplication.obj
 0001:00001450       ?AsString@URI@IO@@QBE?AVString@Util@@XZ 00402450 f i zipstresstestapplication.obj
 0001:00001470       ?Instance@IoServer@IO@@SAPAV12@XZ 00402470 f i zipstresstestapplication.obj
 0001:000014b0       ?SetName@Win360Thread@Win360@@QAEXABVString@Util@@@Z 004024b0 f i zipstresstestapplication.obj
 0001:00001530       ??3Thread@Threading@@SAXPAX@Z 00402530 f i zipstresstestapplication.obj
 0001:00001550       ??2ReaderThread@App@@SAPAXI@Z 00402550 f i zipstresstestapplication.obj
 0001:00001560       ??3ReaderThread@App@@SAXPAX@Z 00402560 f i zipstresstestapplication.obj
 0001:00001580       ??0ReaderThread@App@@QAE@XZ 00402580 f i zipstresstestapplication.obj
 0001:00001610       ?Setup@ReaderThread@App@@QAEXHABVString@Util@@0@Z 00402610 f i zipstresstestapplication.obj
 0001:000016a0       ??_EReaderThread@App@@UAEPAXI@Z 004026a0 f i  CIL library: CIL module
 0001:000016a0       ??_GReaderThread@App@@UAEPAXI@Z 004026a0 f i zipstresstestapplication.obj
 0001:000016d0       ??0Thread@Threading@@QAE@XZ 004026d0 f i zipstresstestapplication.obj
 0001:000016f0       ??1Thread@Threading@@UAE@XZ 004026f0 f i zipstresstestapplication.obj
 0001:00001710       ??1ReaderThread@App@@UAE@XZ 00402710 f i zipstresstestapplication.obj
 0001:000017b0       ??_GThread@Threading@@UAEPAXI@Z 004027b0 f i zipstresstestapplication.obj
 0001:000017b0       ??_EThread@Threading@@UAEPAXI@Z 004027b0 f i  CIL library: CIL module
 0001:000017e0       ??1Rtti@Core@@QAE@XZ       004027e0 f i zipstresstestapplication.obj
 0001:00001830       ?GetRtti@ReaderThread@App@@UBEPAVRtti@Core@@XZ 00402830 f   zipstresstestapplication.obj
 0001:00001840       ?FactoryCreator@ReaderThread@App@@SAPAVRefCounted@Core@@XZ 00402840 f   zipstresstestapplication.obj
 0001:00001850       ?Create@ReaderThread@App@@SAPAV12@XZ 00402850 f   zipstresstestapplication.obj
 0001:00001890       ?RegisterWithFactory@ReaderThread@App@@SA_NXZ 00402890 f   zipstresstestapplication.obj
 0001:00001990       ?DoWork@ReaderThread@App@@MAEXXZ 00402990 f   zipstresstestapplication.obj
 0001:00001d10       ??1URI@IO@@QAE@XZ          00402d10 f i zipstresstestapplication.obj
 0001:00001f10       ?Run@ZipStressTestApplication@App@@UAEXXZ 00402f10 f   zipstresstestapplication.obj
 0001:000026a0       ??1?$Array@VString@Util@@@Util@@QAE@XZ 004036a0 f i zipstresstestapplication.obj
 0001:000026c0       ??A?$Array@VString@Util@@@Util@@QBEAAVString@1@H@Z 004036c0 f i zipstresstestapplication.obj
 0001:00002710       ?Size@?$Array@VString@Util@@@Util@@QBEHXZ 00403710 f i zipstresstestapplication.obj
 0001:00002730       ??0?$Ptr@VIoServer@IO@@@@QAE@PAVIoServer@IO@@@Z 00403730 f i zipstresstestapplication.obj
 0001:00002770       ??1?$Ptr@VIoServer@IO@@@@QAE@XZ 00403770 f i zipstresstestapplication.obj
 0001:000027a0       ??C?$Ptr@VIoServer@IO@@@@QBEPAVIoServer@IO@@XZ 004037a0 f i zipstresstestapplication.obj
 0001:000027e0       ??1?$Ptr@VStream@IO@@@@QAE@XZ 004037e0 f i zipstresstestapplication.obj
 0001:00002810       ??C?$Ptr@VStream@IO@@@@QBEPAVStream@IO@@XZ 00403810 f i zipstresstestapplication.obj
 0001:00002850       ??0?$Array@V?$Ptr@VReaderThread@App@@@@@Util@@QAE@XZ 00403850 f i zipstresstestapplication.obj
 0001:00002890       ??1?$Array@V?$Ptr@VReaderThread@App@@@@@Util@@QAE@XZ 00403890 f i zipstresstestapplication.obj
 0001:000028b0       ??A?$Array@V?$Ptr@VReaderThread@App@@@@@Util@@QBEAAV?$Ptr@VReaderThread@App@@@@H@Z 004038b0 f i zipstresstestapplication.obj
 0001:00002900       ?Append@?$Array@V?$Ptr@VReaderThread@App@@@@@Util@@QAEXABV?$Ptr@VReaderThread@App@@@@@Z 00403900 f i zipstresstestapplication.obj
 0001:00002980       ??0?$Ptr@VReaderThread@App@@@@QAE@PAVReaderThread@App@@@Z 00403980 f i zipstresstestapplication.obj
 0001:000029c0       ??1?$Ptr@VReaderThread@App@@@@QAE@XZ 004039c0 f i zipstresstestapplication.obj
 0001:000029f0       ??C?$Ptr@VReaderThread@App@@@@QBEPAVReaderThread@App@@XZ 004039f0 f i zipstresstestapplication.obj
 0001:00002a30       ?Delete@?$Array@VString@Util@@@Util@@AAEXXZ 00403a30 f i zipstresstestapplication.obj
 0001:00002aa0       ?Delete@?$Array@V?$Ptr@VReaderThread@App@@@@@Util@@AAEXXZ 00403aa0 f i zipstresstestapplication.obj
 0001:00002b10       ?Grow@?$Array@V?$Ptr@VReaderThread@App@@@@@Util@@AAEXXZ 00403b10 f i zipstresstestapplication.obj
 0001:00002b90       ??4?$Ptr@VReaderThread@App@@@@QAEXABV0@@Z 00403b90 f i zipstresstestapplication.obj
 0001:00002bf0       ??_E?$Ptr@VReaderThread@App@@@@QAEPAXI@Z 00403bf0 f i zipstresstestapplication.obj
 0001:00002c90       ?GrowTo@?$Array@V?$Ptr@VReaderThread@App@@@@@Util@@AAEXH@Z 00403c90 f i zipstresstestapplication.obj
 0001:00002db0       ??0?$Ptr@VReaderThread@App@@@@QAE@XZ 00403db0 f i zipstresstestapplication.obj
 0001:00002dd0       ?__HeapAlignPointerAndWritePadding16@Memory@@YAPAEPAE@Z 00403dd0 f i foundation_win32.release:win360memory.obj
 0001:00002e00       ?__HeapUnalignPointer16@Memory@@YAPAEPAE@Z 00403e00 f i foundation_win32.release:win360memory.obj
 0001:00002e20       ?__HeapAlloc16@Memory@@YAPAXPAXKK@Z 00403e20 f i foundation_win32.release:win360memory.obj
 0001:00002e70       ?__HeapReAlloc16@Memory@@YAPAXPAXK0K@Z 00403e70 f i foundation_win32.release:win360memory.obj
 0001:00002f90       ?__HeapFree16@Memory@@YAHPAXK0@Z 00403f90 f i foundation_win32.release:win360memory.obj
 0001:00002fd0       ?Copy@Memory@@YAXPBXPAXI@Z 00403fd0 f i foundation_win32.release:win360memory.obj
 0001:00003040       ?Alloc@Memory@@YAPAXW4HeapType@1@I@Z 00404040 f   foundation_win32.release:win360memory.obj
 0001:00003130       ?Realloc@Memory@@YAPAXW4HeapType@1@PAXI@Z 00404130 f   foundation_win32.release:win360memory.obj
 0001:000032e0       ?Free@Memory@@YAXW4HeapType@1@PAX@Z 004042e0 f   foundation_win32.release:win360memory.obj
 0001:00003370       ?DuplicateCString@Memory@@YAPADPBD@Z 00404370 f   foundation_win32.release:win360memory.obj
 0001:00003450       ?IsOverlapping@Memory@@YA_NPBEI0I@Z 00404450 f   foundation_win32.release:win360memory.obj
 0001:00003490       ?GetTotalMemoryStatus@Memory@@YA?AUTotalMemoryStatus@1@XZ 00404490 f   foundation_win32.release:win360memory.obj
 0001:00003500       ?DumpTotalMemoryStatus@Memory@@YAXXZ 00404500 f   foundation_win32.release:win360memory.obj
 0001:00003520       ??0float4@Math@@QAE@MMMM@Z 00404520 f i foundation_win32.release:string.obj
 0001:00003570       ??0matrix44@Math@@QAE@ABVfloat4@1@000@Z 00404570 f i foundation_win32.release:string.obj
 0001:000035c0       ?Alloc@String@Util@@AAEXH@Z 004045c0 f i foundation_win32.release:string.obj
 0001:00003660       ?Realloc@String@Util@@AAEXH@Z 00404660 f i foundation_win32.release:string.obj
 0001:000037b0       ?Reserve@String@Util@@QAEXH@Z 004047b0 f i foundation_win32.release:string.obj
 0001:000037e0       ??4String@Util@@QAEXPBD@Z  004047e0 f i foundation_win32.release:string.obj
 0001:00003800       ??AString@Util@@QBEDH@Z    00404800 f i foundation_win32.release:string.obj
 0001:00003860       ??AString@Util@@QAEAADH@Z  00404860 f i foundation_win32.release:string.obj
 0001:000038c0       ?Length@String@Util@@QBEHXZ 004048c0 f i foundation_win32.release:string.obj
 0001:00003980       ?CopyToBuffer@String@Util@@QBE_NPADH@Z 00404980 f   foundation_win32.release:string.obj
 0001:00003a30       ?Format@String@Util@@QAAXPBDZZ 00404a30 f   foundation_win32.release:string.obj
 0001:00003ac0       ?FormatArgList@String@Util@@QAAXPBDPAD@Z 00404ac0 f   foundation_win32.release:string.obj
 0001:00003b30       ?Set@String@Util@@QAEXPBDH@Z 00404b30 f   foundation_win32.release:string.obj
 0001:00003da0       ?AppendRange@String@Util@@QAEXPBDH@Z 00404da0 f   foundation_win32.release:string.obj
 0001:00003fc0       ?Tokenize@String@Util@@QBEHABV12@AAV?$Array@VString@Util@@@2@@Z 00404fc0 f   foundation_win32.release:string.obj
 0001:000040f0       ?Tokenize@String@Util@@QBE?AV?$Array@VString@Util@@@2@ABV12@@Z 004050f0 f   foundation_win32.release:string.obj
 0001:00004130       ?Tokenize@String@Util@@QBEHABV12@DAAV?$Array@VString@Util@@@2@@Z 00405130 f   foundation_win32.release:string.obj
 0001:00004480       ?Tokenize@String@Util@@QBE?AV?$Array@VString@Util@@@2@ABV12@D@Z 00405480 f   foundation_win32.release:string.obj
 0001:000044d0       ?ExtractRange@String@Util@@QBE?AV12@HH@Z 004054d0 f   foundation_win32.release:string.obj
 0001:00004590       ?ExtractToEnd@String@Util@@QBE?AV12@H@Z 00405590 f   foundation_win32.release:string.obj
 0001:000045c0       ?Strip@String@Util@@QAEXABV12@@Z 004055c0 f   foundation_win32.release:string.obj
 0001:00004680       ?FindStringIndex@String@Util@@QBEHABV12@H@Z 00405680 f   foundation_win32.release:string.obj
 0001:00004770       ?FindCharIndex@String@Util@@QBEHDH@Z 00405770 f   foundation_win32.release:string.obj
 0001:00004820       ?TrimLeft@String@Util@@QAEXABV12@@Z 00405820 f   foundation_win32.release:string.obj
 0001:00004a00       ?TrimRight@String@Util@@QAEXABV12@@Z 00405a00 f   foundation_win32.release:string.obj
 0001:00004be0       ?Trim@String@Util@@QAEXABV12@@Z 00405be0 f   foundation_win32.release:string.obj
 0001:00004c10       ?SubstituteString@String@Util@@QAEXABV12@0@Z 00405c10 f   foundation_win32.release:string.obj
 0001:00004d60       ?ExtractLastDirName@String@Util@@QBE?AV12@XZ 00405d60 f   foundation_win32.release:string.obj
 0001:00004e90       ?ExtractDirName@String@Util@@QBE?AV12@XZ 00405e90 f   foundation_win32.release:string.obj
 0001:00004f80       ?MatchPattern@String@Util@@SA_NABV12@0@Z 00405f80 f   foundation_win32.release:string.obj
 0001:00005290       ?ReplaceChars@String@Util@@QAEXABV12@D@Z 00406290 f   foundation_win32.release:string.obj
 0001:00005340       ?AsMatrix44@String@Util@@QBE?AVmatrix44@Math@@XZ 00406340 f   foundation_win32.release:string.obj
 0001:00005790       ?Concatenate@String@Util@@SA?AV12@ABV?$Array@VString@Util@@@2@ABV12@@Z 00406790 f   foundation_win32.release:string.obj
 0001:00005890       ?SetCharPtr@String@Util@@QAEXPBD@Z 00406890 f   foundation_win32.release:string.obj
 0001:000058f0       ?Append@String@Util@@QAEXPBD@Z 004068f0 f   foundation_win32.release:string.obj
 0001:00005960       ?TerminateAtIndex@String@Util@@QAEXH@Z 00406960 f   foundation_win32.release:string.obj
 0001:000059f0       ?StripFileExtension@String@Util@@QAEXXZ 004069f0 f   foundation_win32.release:string.obj
 0001:00005a90       ??8Util@@YA_NABVString@0@0@Z 00406a90 f   foundation_win32.release:string.obj
 0001:00005b40       ??8Util@@YA_NABVString@0@PBD@Z 00406b40 f   foundation_win32.release:string.obj
 0001:00005bf0       ??8Util@@YA_NPBDABVString@0@@Z 00406bf0 f   foundation_win32.release:string.obj
 0001:00005ca0       ??9Util@@YA_NABVString@0@0@Z 00406ca0 f   foundation_win32.release:string.obj
 0001:00005d50       ??MUtil@@YA_NABVString@0@0@Z 00406d50 f   foundation_win32.release:string.obj
 0001:00005e00       ??OUtil@@YA_NABVString@0@0@Z 00406e00 f   foundation_win32.release:string.obj
 0001:00005eb0       ??NUtil@@YA_NABVString@0@0@Z 00406eb0 f   foundation_win32.release:string.obj
 0001:00005f60       ??PUtil@@YA_NABVString@0@0@Z 00406f60 f   foundation_win32.release:string.obj
 0001:00006010       ?ToLower@String@Util@@QAEXXZ 00407010 f   foundation_win32.release:string.obj
 0001:00006070       ?ToUpper@String@Util@@QAEXXZ 00407070 f   foundation_win32.release:string.obj
 0001:000060d0       ?FirstCharToUpper@String@Util@@QAEXXZ 004070d0 f   foundation_win32.release:string.obj
 0001:00006110       ?ContainsCharFromSet@String@Util@@QBE_NABV12@@Z 00407110 f   foundation_win32.release:string.obj
 0001:00006180       ?GetFileExtension@String@Util@@QBE?AV12@XZ 00407180 f   foundation_win32.release:string.obj
 0001:00006240       ?GetLastSlash@String@Util@@ABEPADXZ 00407240 f   foundation_win32.release:string.obj
 0001:000062b0       ?IsValidBool@String@Util@@QBE_NXZ 004072b0 f   foundation_win32.release:string.obj
 0001:00006320       ?AsInt@String@Util@@QBEHXZ 00407320 f   foundation_win32.release:string.obj
 0001:00006360       ?AsFloat@String@Util@@QBEMXZ 00407360 f   foundation_win32.release:string.obj
 0001:000063a0       ?AsBool@String@Util@@QBE_NXZ 004073a0 f   foundation_win32.release:string.obj
 0001:00006430       ?IsDigit@String@Util@@SA_ND@Z 00407430 f   foundation_win32.release:string.obj
 0001:00006450       ?IsAlpha@String@Util@@SA_ND@Z 00407450 f   foundation_win32.release:string.obj
 0001:00006470       ?IsAlNum@String@Util@@SA_ND@Z 00407470 f   foundation_win32.release:string.obj
 0001:00006490       ?IsLower@String@Util@@SA_ND@Z 00407490 f   foundation_win32.release:string.obj
 0001:000064b0       ?IsUpper@String@Util@@SA_ND@Z 004074b0 f   foundation_win32.release:string.obj
 0001:000064d0       ?StrCmp@String@Util@@SAHPBD0@Z 004074d0 f   foundation_win32.release:string.obj
 0001:00006560       ?StrLen@String@Util@@SAHPBD@Z 00407560 f   foundation_win32.release:string.obj
 0001:000065c0       ?StrChr@String@Util@@SAPBDPBDH@Z 004075c0 f   foundation_win32.release:string.obj
 0001:00006600       ?ParseKeyValuePairs@String@Util@@SA?AV?$Dictionary@VString@Util@@V12@@2@ABV12@@Z 00407600 f   foundation_win32.release:string.obj
 0001:00006700       ??1?$Dictionary@VString@Util@@V12@@Util@@QAE@XZ 00407700 f i foundation_win32.release:string.obj
 0001:00006720       ?ChangeFileExtension@String@Util@@QAEXABV12@@Z 00407720 f   foundation_win32.release:string.obj
 0001:00006800       ??0?$Array@VString@Util@@@Util@@QAE@ABV01@@Z 00407800 f i foundation_win32.release:string.obj
 0001:00006850       ??0?$Array@VString@Util@@@Util@@QAE@HH@Z 00407850 f i foundation_win32.release:string.obj
 0001:00006960       ??0?$Array@VString@Util@@@Util@@QAE@XZ 00407960 f i foundation_win32.release:string.obj
 0001:000069a0       ?Append@?$Array@VString@Util@@@Util@@QAEXABVString@2@@Z 004079a0 f i foundation_win32.release:string.obj
 0001:00006a40       ?Clear@?$Array@VString@Util@@@Util@@QAEXXZ 00407a40 f i foundation_win32.release:string.obj
 0001:00006a90       ??1?$Array@V?$KeyValuePair@VString@Util@@V12@@Util@@@Util@@QAE@XZ 00407a90 f i foundation_win32.release:string.obj
 0001:00006ab0       ??0?$Dictionary@VString@Util@@V12@@Util@@QAE@ABV01@@Z 00407ab0 f i foundation_win32.release:string.obj
 0001:00006b00       ??0?$Dictionary@VString@Util@@V12@@Util@@QAE@XZ 00407b00 f i foundation_win32.release:string.obj
 0001:00006b20       ?Add@?$Dictionary@VString@Util@@V12@@Util@@QAEXABVString@2@0@Z 00407b20 f i foundation_win32.release:string.obj
 0001:00006b70       ??1?$KeyValuePair@VString@Util@@V12@@Util@@QAE@XZ 00407b70 f i foundation_win32.release:string.obj
 0001:00006c00       ?Destroy@?$Array@VString@Util@@@Util@@AAEXPAVString@2@@Z 00407c00 f i foundation_win32.release:string.obj
 0001:00006c20       ?Copy@?$Array@VString@Util@@@Util@@AAEXABV12@@Z 00407c20 f i foundation_win32.release:string.obj
 0001:00006da0       ?Grow@?$Array@VString@Util@@@Util@@AAEXXZ 00407da0 f i foundation_win32.release:string.obj
 0001:00006e20       ??0?$Array@V?$KeyValuePair@VString@Util@@V12@@Util@@@Util@@QAE@ABV01@@Z 00407e20 f i foundation_win32.release:string.obj
 0001:00006e70       ??0?$Array@V?$KeyValuePair@VString@Util@@V12@@Util@@@Util@@QAE@XZ 00407e70 f i foundation_win32.release:string.obj
 0001:00006eb0       ?Append@?$Array@V?$KeyValuePair@VString@Util@@V12@@Util@@@Util@@QAEXABV?$KeyValuePair@VString@Util@@V12@@2@@Z 00407eb0 f i foundation_win32.release:string.obj
 0001:00006f30       ?InsertSorted@?$Array@V?$KeyValuePair@VString@Util@@V12@@Util@@@Util@@QAEHABV?$KeyValuePair@VString@Util@@V12@@2@@Z 00407f30 f i foundation_win32.release:string.obj
 0001:000071a0       ?Delete@?$Array@V?$KeyValuePair@VString@Util@@V12@@Util@@@Util@@AAEXXZ 004081a0 f i foundation_win32.release:string.obj
 0001:00007210       ??0?$KeyValuePair@VString@Util@@V12@@Util@@QAE@ABVString@1@0@Z 00408210 f i foundation_win32.release:string.obj
 0001:000072d0       ??_GString@Util@@QAEPAXI@Z 004082d0 f i foundation_win32.release:string.obj
 0001:00007340       ??_E?$KeyValuePair@VString@Util@@V12@@Util@@QAEPAXI@Z 00408340 f i foundation_win32.release:string.obj
 0001:000073e0       ?GrowTo@?$Array@VString@Util@@@Util@@AAEXH@Z 004083e0 f i foundation_win32.release:string.obj
 0001:00007550       ?Size@?$Array@V?$KeyValuePair@VString@Util@@V12@@Util@@@Util@@QBEHXZ 00408550 f i foundation_win32.release:string.obj
 0001:00007570       ?Insert@?$Array@V?$KeyValuePair@VString@Util@@V12@@Util@@@Util@@QAEXHABV?$KeyValuePair@VString@Util@@V12@@2@@Z 00408570 f i foundation_win32.release:string.obj
 0001:000075e0       ?InsertAtEndOfIdenticalRange@?$Array@V?$KeyValuePair@VString@Util@@V12@@Util@@@Util@@QAEHHABV?$KeyValuePair@VString@Util@@V12@@2@@Z 004085e0 f i foundation_win32.release:string.obj
 0001:00007660       ?Copy@?$Array@V?$KeyValuePair@VString@Util@@V12@@Util@@@Util@@AAEXABV12@@Z 00408660 f i foundation_win32.release:string.obj
 0001:00007790       ?Grow@?$Array@V?$KeyValuePair@VString@Util@@V12@@Util@@@Util@@AAEXXZ 00408790 f i foundation_win32.release:string.obj
 0001:00007810       ??4?$KeyValuePair@VString@Util@@V12@@Util@@QAEXABV01@@Z 00408810 f i foundation_win32.release:string.obj
 0001:000078a0       ??O?$KeyValuePair@VString@Util@@V12@@Util@@QBE_NABV01@@Z 004088a0 f i foundation_win32.release:string.obj
 0001:000078c0       ??M?$KeyValuePair@VString@Util@@V12@@Util@@QBE_NABV01@@Z 004088c0 f i foundation_win32.release:string.obj
 0001:000078e0       ?GrowTo@?$Array@V?$KeyValuePair@VString@Util@@V12@@Util@@@Util@@AAEXH@Z 004088e0 f i foundation_win32.release:string.obj
 0001:00007a00       ?Move@?$Array@V?$KeyValuePair@VString@Util@@V12@@Util@@@Util@@AAEXHH@Z 00408a00 f i foundation_win32.release:string.obj
 0001:00007b90       ??0?$KeyValuePair@VString@Util@@V12@@Util@@QAE@XZ 00408b90 f i foundation_win32.release:string.obj
 0001:00007c00       ??9?$KeyValuePair@VString@Util@@V12@@Util@@QBE_NABV01@@Z 00408c00 f i foundation_win32.release:string.obj
 0001:00007c20       ?Destroy@?$Array@V?$KeyValuePair@VString@Util@@V12@@Util@@@Util@@AAEXPAV?$KeyValuePair@VString@Util@@V12@@2@@Z 00408c20 f i foundation_win32.release:string.obj
 0001:00007c50       ??_G?$KeyValuePair@VString@Util@@V12@@Util@@QAEPAXI@Z 00408c50 f i foundation_win32.release:string.obj
 0001:00007c80       ?strrchr@@YAPADPADH@Z      00408c80 f i foundation_win32.release:string.obj
 0001:00007ca0       ?strpbrk@@YAPADPADPBD@Z    00408ca0 f i foundation_win32.release:string.obj
 0001:00007cc0       ?strchr@@YAPADPADH@Z       00408cc0 f i foundation_win32.release:string.obj
 0001:00007d90       ?StringCchVPrintfA@@YGJPADIPBD0@Z 00408d90 f i foundation_win32.release:string.obj
 0001:00007fb0       ?StringCchCopyA@@YGJPADIPBD@Z 00408fb0 f i foundation_win32.release:string.obj
 0001:00008000       ??0_XMMATRIX@@QAE@XZ       00409000 f i foundation_win32.release:string.obj
 0001:00008010       ?XMVectorSet@@YA?AT__m128@@MMMM@Z 00409010 f i foundation_win32.release:string.obj
 0001:00008050       ?IsOpen@Application@App@@QBE_NXZ 00409050 f i foundation_win32.release:consoleapplication.obj
 0001:00008070       ?Instance@Console@IO@@SAPAV12@XZ 00409070 f i foundation_win32.release:consoleapplication.obj
 0001:000080a0       ??0StringAtom@Util@@QAE@ABVString@1@@Z 004090a0 f i foundation_win32.release:consoleapplication.obj
 0001:000080e0       ??4StringAtom@Util@@QAEXABV01@@Z 004090e0 f i foundation_win32.release:consoleapplication.obj
 0001:00008100       ?SetCompanyName@CoreServer@Core@@QAEXABVStringAtom@Util@@@Z 00409100 f i foundation_win32.release:consoleapplication.obj
 0001:00008120       ?SetAppName@CoreServer@Core@@QAEXABVStringAtom@Util@@@Z 00409120 f i foundation_win32.release:consoleapplication.obj
 0001:00008140       ??0ConsoleApplication@App@@QAE@XZ 00409140 f   foundation_win32.release:consoleapplication.obj
 0001:00008180       ??_EConsoleApplication@App@@UAEPAXI@Z 00409180 f i  CIL library: CIL module
 0001:00008180       ??_GConsoleApplication@App@@UAEPAXI@Z 00409180 f i foundation_win32.release:consoleapplication.obj
 0001:000081b0       ??1ConsoleApplication@App@@UAE@XZ 004091b0 f   foundation_win32.release:consoleapplication.obj
 0001:00008220       ?Open@ConsoleApplication@App@@UAE_NXZ 00409220 f   foundation_win32.release:consoleapplication.obj
 0001:000083a0       ?Close@ConsoleApplication@App@@UAEXXZ 004093a0 f   foundation_win32.release:consoleapplication.obj
 0001:00008400       ??0?$Ptr@VCoreServer@Core@@@@QAE@XZ 00409400 f i foundation_win32.release:consoleapplication.obj
 0001:00008420       ??1?$Ptr@VCoreServer@Core@@@@QAE@XZ 00409420 f i foundation_win32.release:consoleapplication.obj
 0001:00008450       ??4?$Ptr@VCoreServer@Core@@@@QAEXPAVCoreServer@Core@@@Z 00409450 f i foundation_win32.release:consoleapplication.obj
 0001:000084b0       ??C?$Ptr@VCoreServer@Core@@@@QBEPAVCoreServer@Core@@XZ 004094b0 f i foundation_win32.release:consoleapplication.obj
 0001:000084f0       ??0?$Ptr@VIoServer@IO@@@@QAE@XZ 004094f0 f i foundation_win32.release:consoleapplication.obj
 0001:00008510       ??4?$Ptr@VIoServer@IO@@@@QAEXPAVIoServer@IO@@@Z 00409510 f i foundation_win32.release:consoleapplication.obj
 0001:00008570       ??0?$Ptr@VLogFileConsoleHandler@IO@@@@QAE@PAVLogFileConsoleHandler@IO@@@Z 00409570 f i foundation_win32.release:consoleapplication.obj
 0001:000085b0       ??1?$Ptr@VLogFileConsoleHandler@IO@@@@QAE@XZ 004095b0 f i foundation_win32.release:consoleapplication.obj
 0001:000085e0       ??$upcast@VConsoleHandler@IO@@@?$Ptr@VLogFileConsoleHandler@IO@@@@QBEABV?$Ptr@VConsoleHandler@IO@@@@XZ 004095e0 f i foundation_win32.release:consoleapplication.obj
 0001:000085f0       ??0Application@App@@QAE@XZ 004095f0 f   foundation_win32.release:application.obj
 0001:00008750       ??_EApplication@App@@UAEPAXI@Z 00409750 f i  CIL library: CIL module
 0001:00008750       ??_GApplication@App@@UAEPAXI@Z 00409750 f i foundation_win32.release:application.obj
 0001:00008780       ??1CommandLineArgs@Util@@QAE@XZ 00409780 f i foundation_win32.release:application.obj
 0001:000087a0       ??1Application@App@@UAE@XZ 004097a0 f   foundation_win32.release:application.obj
 0001:00008900       ?Open@Application@App@@UAE_NXZ 00409900 f   foundation_win32.release:application.obj
 0001:00008940       ?Close@Application@App@@UAEXXZ 00409940 f   foundation_win32.release:application.obj
 0001:00008980       ?Run@Application@App@@UAEXXZ 00409980 f   foundation_win32.release:application.obj
 0001:00008990       ?Exit@Application@App@@UAEXXZ 00409990 f   foundation_win32.release:application.obj
 0001:000089b0       ?HasInstance@Console@IO@@SA_NXZ 004099b0 f i foundation_win32.release:debug.obj
 0001:000089d0       ?n_barf@@YAXPBD0H@Z        004099d0 f   foundation_win32.release:debug.obj
 0001:00008a70       ?n_barf2@@YAXPBD00H@Z      00409a70 f   foundation_win32.release:debug.obj
 0001:00008b10       ?n_error@@YAXPBDZZ         00409b10 f   foundation_win32.release:debug.obj
 0001:00008bd0       ?n_warning@@YAXPBDZZ       00409bd0 f   foundation_win32.release:debug.obj
 0001:00008c90       ?n_confirm@@YAXPBDZZ       00409c90 f   foundation_win32.release:debug.obj
 0001:00008d50       ?n_printf@@YAXPBDZZ        00409d50 f   foundation_win32.release:debug.obj
 0001:00008da0       ?n_dbgout@@YAXPBDZZ        00409da0 f   foundation_win32.release:debug.obj
 0001:00008df0       ?n_sleep@@YAXN@Z           00409df0 f   foundation_win32.release:debug.obj
 0001:00008e10       ??0FourCC@Util@@QAE@XZ     00409e10 f i foundation_win32.release:rtti.obj
 0001:00008e30       ??8FourCC@Util@@QBE_NABV01@@Z 00409e30 f i foundation_win32.release:rtti.obj
 0001:00008e50       ?IsValid@FourCC@Util@@QBE_NXZ 00409e50 f i foundation_win32.release:rtti.obj
 0001:00008e70       ?GetParent@Rtti@Core@@QBEPBV12@XZ 00409e70 f i foundation_win32.release:rtti.obj
 0001:00008e90       ?Construct@Rtti@Core@@AAEXPBDVFourCC@Util@@P6APAVRefCounted@2@XZPBV12@H@Z 00409e90 f   foundation_win32.release:rtti.obj
 0001:00008f80       ??0Rtti@Core@@QAE@PBDVFourCC@Util@@P6APAVRefCounted@1@XZPBV01@H@Z 00409f80 f   foundation_win32.release:rtti.obj
 0001:00008ff0       ??0Rtti@Core@@QAE@PBDP6APAVRefCounted@1@XZPBV01@H@Z 00409ff0 f   foundation_win32.release:rtti.obj
 0001:00009060       ?Create@Rtti@Core@@QBEPAVRefCounted@2@XZ 0040a060 f   foundation_win32.release:rtti.obj
 0001:000090c0       ?IsDerivedFrom@Rtti@Core@@QBE_NABV12@@Z 0040a0c0 f   foundation_win32.release:rtti.obj
 0001:00009100       ?IsDerivedFrom@Rtti@Core@@QBE_NABVString@Util@@@Z 0040a100 f   foundation_win32.release:rtti.obj
 0001:00009150       ?IsDerivedFrom@Rtti@Core@@QBE_NABVFourCC@Util@@@Z 0040a150 f   foundation_win32.release:rtti.obj
 0001:000091a0       ?AllocInstanceMemory@Rtti@Core@@QAEPAXXZ 0040a1a0 f   foundation_win32.release:rtti.obj
 0001:000091d0       ?FreeInstanceMemory@Rtti@Core@@QAEXPAX@Z 0040a1d0 f   foundation_win32.release:rtti.obj
 0001:000091f0       ?Clear@String@Util@@QAEXXZ 0040a1f0 f i foundation_win32.release:uri.obj
 0001:00009240       ?IsEmpty@URI@IO@@QBE_NXZ   0040a240 f i foundation_win32.release:uri.obj
 0001:00009250       ?Clear@URI@IO@@QAEXXZ      0040a250 f i foundation_win32.release:uri.obj
 0001:00009450       ?SetScheme@URI@IO@@QAEXABVString@Util@@@Z 0040a450 f i foundation_win32.release:uri.obj
 0001:000094a0       ?SetUserInfo@URI@IO@@QAEXABVString@Util@@@Z 0040a4a0 f i foundation_win32.release:uri.obj
 0001:000094f0       ?SetHost@URI@IO@@QAEXABVString@Util@@@Z 0040a4f0 f i foundation_win32.release:uri.obj
 0001:00009540       ?SetPort@URI@IO@@QAEXABVString@Util@@@Z 0040a540 f i foundation_win32.release:uri.obj
 0001:00009590       ?SetLocalPath@URI@IO@@QAEXABVString@Util@@@Z 0040a590 f i foundation_win32.release:uri.obj
 0001:000095f0       ?SetFragment@URI@IO@@QAEXABVString@Util@@@Z 0040a5f0 f i foundation_win32.release:uri.obj
 0001:00009650       ?SetQuery@URI@IO@@QAEXABVString@Util@@@Z 0040a650 f i foundation_win32.release:uri.obj
 0001:000096b0       ?Instance@AssignRegistry@IO@@SAPAV12@XZ 0040a6b0 f i foundation_win32.release:uri.obj
 0001:000096e0       ?HasInstance@AssignRegistry@IO@@SA_NXZ 0040a6e0 f i foundation_win32.release:uri.obj
 0001:00009700       ?Split@URI@IO@@AAE_NABVString@Util@@@Z 0040a700 f   foundation_win32.release:uri.obj
 0001:0000a1f0       ?Build@URI@IO@@ABE?AVString@Util@@XZ 0040b1f0 f   foundation_win32.release:uri.obj
 0001:0000a4e0       ?GetTail@URI@IO@@QBE?AVString@Util@@XZ 0040b4e0 f   foundation_win32.release:uri.obj
 0001:0000a650       ?GetHostAndLocalPath@URI@IO@@QBE?AVString@Util@@XZ 0040b650 f   foundation_win32.release:uri.obj
 0001:0000a770       ?AppendLocalPath@URI@IO@@QAEXABVString@Util@@@Z 0040b770 f   foundation_win32.release:uri.obj
 0001:0000a800       ?ParseQuery@URI@IO@@QBE?AV?$Dictionary@VString@Util@@V12@@Util@@XZ 0040b800 f   foundation_win32.release:uri.obj
 0001:0000a970       ?WaiterPlus@Win360CriticalSection@Win360@@ABEXXZ 0040b970 f i foundation_win32.release:ioserver.obj
 0001:0000a990       ?WaiterMinus@Win360CriticalSection@Win360@@ABEXXZ 0040b990 f i foundation_win32.release:ioserver.obj
 0001:0000a9b0       ?PerfLockImmediate@Win360CriticalSection@Win360@@ABE_NK@Z 0040b9b0 f i foundation_win32.release:ioserver.obj
 0001:0000a9e0       ?Enter@Win360CriticalSection@Win360@@QBEXXZ 0040b9e0 f i foundation_win32.release:ioserver.obj
 0001:0000aa50       ?AllocateKernelSemaphore@Win360CriticalSection@Win360@@ABEXXZ 0040ba50 f i foundation_win32.release:ioserver.obj
 0001:0000aac0       ?PerfLock@Win360CriticalSection@Win360@@ABE_NK@Z 0040bac0 f i foundation_win32.release:ioserver.obj
 0001:0000ab40       ?PerfLockKernel@Win360CriticalSection@Win360@@ABE_NK@Z 0040bb40 f i foundation_win32.release:ioserver.obj
 0001:0000abe0       ?Leave@Win360CriticalSection@Win360@@QBEXXZ 0040bbe0 f i foundation_win32.release:ioserver.obj
 0001:0000ac10       ?PerfUnlock@Win360CriticalSection@Win360@@ABEXXZ 0040bc10 f i foundation_win32.release:ioserver.obj
 0001:0000ac50       ?IsEmpty@String@Util@@QBE_NXZ 0040bc50 f i foundation_win32.release:ioserver.obj
 0001:0000ac70       ??3RefCounted@Core@@SAXPAX@Z 0040bc70 f i foundation_win32.release:ioserver.obj
 0001:0000ac90       ??0RefCounted@Core@@QAE@XZ 0040bc90 f i foundation_win32.release:ioserver.obj
 0001:0000acc0       ??_ERefCounted@Core@@MAEPAXI@Z 0040bcc0 f i  CIL library: CIL module
 0001:0000acc0       ??_GRefCounted@Core@@MAEPAXI@Z 0040bcc0 f i foundation_win32.release:ioserver.obj
 0001:0000acf0       ?GetRefCount@RefCounted@Core@@QBEHXZ 0040bcf0 f i foundation_win32.release:ioserver.obj
 0001:0000ad10       ??0URI@IO@@QAE@XZ          0040bd10 f i foundation_win32.release:ioserver.obj
 0001:0000ae70       ??4URI@IO@@QAEXABV01@@Z    0040be70 f i foundation_win32.release:ioserver.obj
 0001:0000b070       ?Scheme@URI@IO@@QBEABVString@Util@@XZ 0040c070 f i foundation_win32.release:ioserver.obj
 0001:0000b090       ?LocalPath@URI@IO@@QBEABVString@Util@@XZ 0040c090 f i foundation_win32.release:ioserver.obj
 0001:0000b0b0       ?Instance@SchemeRegistry@IO@@SAPAV12@XZ 0040c0b0 f i foundation_win32.release:ioserver.obj
 0001:0000b0e0       ?HasInstance@SchemeRegistry@IO@@SA_NXZ 0040c0e0 f i foundation_win32.release:ioserver.obj
 0001:0000b100       ??2IoServer@IO@@SAPAXI@Z   0040c100 f i foundation_win32.release:ioserver.obj
 0001:0000b110       ??3IoServer@IO@@SAXPAX@Z   0040c110 f i foundation_win32.release:ioserver.obj
 0001:0000b130       ?IsArchiveFileSystemEnabled@IoServer@IO@@QBE_NXZ 0040c130 f i foundation_win32.release:ioserver.obj
 0001:0000b150       ?GetPlatform@SystemInfoBase@Base@@QBE?AW4Platform@12@XZ 0040c150 f i foundation_win32.release:ioserver.obj
 0001:0000b160       ?Instance@ArchiveFileSystem@IO@@SAPAV12@XZ 0040c160 f i foundation_win32.release:ioserver.obj
 0001:0000b190       ?HasInstance@ArchiveFileSystem@IO@@SA_NXZ 0040c190 f i foundation_win32.release:ioserver.obj
 0001:0000b1b0       ?GetRtti@IoServer@IO@@UBEPAVRtti@Core@@XZ 0040c1b0 f   foundation_win32.release:ioserver.obj
 0001:0000b1c0       ?FactoryCreator@IoServer@IO@@SAPAVRefCounted@Core@@XZ 0040c1c0 f   foundation_win32.release:ioserver.obj
 0001:0000b1d0       ?Create@IoServer@IO@@SAPAV12@XZ 0040c1d0 f   foundation_win32.release:ioserver.obj
 0001:0000b210       ?RegisterWithFactory@IoServer@IO@@SA_NXZ 0040c210 f   foundation_win32.release:ioserver.obj
 0001:0000b310       ??0CriticalSection@Threading@@QAE@XZ 0040c310 f i foundation_win32.release:ioserver.obj
 0001:0000b330       ??1CriticalSection@Threading@@QAE@XZ 0040c330 f i foundation_win32.release:ioserver.obj
 0001:0000b350       ??0IoServer@IO@@QAE@XZ     0040c350 f   foundation_win32.release:ioserver.obj
 0001:0000b5a0       ??_EIoServer@IO@@UAEPAXI@Z 0040c5a0 f i  CIL library: CIL module
 0001:0000b5a0       ??_GIoServer@IO@@UAEPAXI@Z 0040c5a0 f i foundation_win32.release:ioserver.obj
 0001:0000b5d0       ??1IoServer@IO@@UAE@XZ     0040c5d0 f   foundation_win32.release:ioserver.obj
 0001:0000b6a0       ?CreateStream@IoServer@IO@@QBE?AV?$Ptr@VStream@IO@@@@ABVURI@2@@Z 0040c6a0 f   foundation_win32.release:ioserver.obj
 0001:0000b860       ?MountArchive@IoServer@IO@@QAE_NABVURI@2@@Z 0040c860 f   foundation_win32.release:ioserver.obj
 0001:0000b8b0       ?UnmountArchive@IoServer@IO@@QAEXABVURI@2@@Z 0040c8b0 f   foundation_win32.release:ioserver.obj
 0001:0000b8e0       ?IsArchiveMounted@IoServer@IO@@QBE_NABVURI@2@@Z 0040c8e0 f   foundation_win32.release:ioserver.obj
 0001:0000b910       ?MountStandardArchives@IoServer@IO@@QAEXXZ 0040c910 f   foundation_win32.release:ioserver.obj
 0001:0000ba10       ??0SystemInfo@System@@QAE@XZ 0040ca10 f i foundation_win32.release:ioserver.obj
 0001:0000ba30       ?UnmountStandardArchives@IoServer@IO@@QAEXXZ 0040ca30 f   foundation_win32.release:ioserver.obj
 0001:0000bb70       ?CreateDirectoryA@IoServer@IO@@QBE_NABVURI@2@@Z 0040cb70 f   foundation_win32.release:ioserver.obj
 0001:0000bdf0       ??1?$Stack@VString@Util@@@Util@@QAE@XZ 0040cdf0 f i foundation_win32.release:ioserver.obj
 0001:0000be10       ?CopyFile@IoServer@IO@@QBE_NABVURI@2@0@Z 0040ce10 f   foundation_win32.release:ioserver.obj
 0001:0000c240       ?ComputeFileCrc@IoServer@IO@@QBEIABVURI@2@@Z 0040d240 f   foundation_win32.release:ioserver.obj
 0001:0000c3d0       ?DeleteFile@IoServer@IO@@QBE_NABVURI@2@@Z 0040d3d0 f   foundation_win32.release:ioserver.obj
 0001:0000c460       ?DeleteDirectory@IoServer@IO@@QBE_NABVURI@2@@Z 0040d460 f   foundation_win32.release:ioserver.obj
 0001:0000c4f0       ?FileExists@IoServer@IO@@QBE_NABVURI@2@@Z 0040d4f0 f   foundation_win32.release:ioserver.obj
 0001:0000c5c0       ?DirectoryExists@IoServer@IO@@QBE_NABVURI@2@@Z 0040d5c0 f   foundation_win32.release:ioserver.obj
 0001:0000c6b0       ?SetReadOnly@IoServer@IO@@QBEXABVURI@2@_N@Z 0040d6b0 f   foundation_win32.release:ioserver.obj
 0001:0000c740       ?IsReadOnly@IoServer@IO@@QBE_NABVURI@2@@Z 0040d740 f   foundation_win32.release:ioserver.obj
 0001:0000c8f0       ?SetFileWriteTime@IoServer@IO@@QAEXABVURI@2@VWin360FileTime@Win360@@@Z 0040d8f0 f   foundation_win32.release:ioserver.obj
 0001:0000c980       ?GetFileWriteTime@IoServer@IO@@QBE?AVWin360FileTime@Win360@@ABVURI@2@@Z 0040d980 f   foundation_win32.release:ioserver.obj
 0001:0000ca10       ?ListFiles@IoServer@IO@@QBE?AV?$Array@VString@Util@@@Util@@ABVURI@2@ABVString@4@_N@Z 0040da10 f   foundation_win32.release:ioserver.obj
 0001:0000cc30       ?ListDirectories@IoServer@IO@@QBE?AV?$Array@VString@Util@@@Util@@ABVURI@2@ABVString@4@_N@Z 0040dc30 f   foundation_win32.release:ioserver.obj
 0001:0000ce50       ?AddPathPrefixToArray@IoServer@IO@@ABE?AV?$Array@VString@Util@@@Util@@ABVString@4@ABV34@@Z 0040de50 f   foundation_win32.release:ioserver.obj
 0001:0000cf70       ??4?$Array@VString@Util@@@Util@@QAEXABV01@@Z 0040df70 f i foundation_win32.release:ioserver.obj
 0001:0000d0a0       ?Reserve@?$Array@VString@Util@@@Util@@QAEXH@Z 0040e0a0 f i foundation_win32.release:ioserver.obj
 0001:0000d0f0       ?IsEmpty@?$Array@VString@Util@@@Util@@QBE_NXZ 0040e0f0 f i foundation_win32.release:ioserver.obj
 0001:0000d110       ??0?$Ptr@VArchiveFileSystem@IO@@@@QAE@XZ 0040e110 f i foundation_win32.release:ioserver.obj
 0001:0000d130       ??1?$Ptr@VArchiveFileSystem@IO@@@@QAE@XZ 0040e130 f i foundation_win32.release:ioserver.obj
 0001:0000d160       ??4?$Ptr@VArchiveFileSystem@IO@@@@QAEXPAVArchiveFileSystem@IO@@@Z 0040e160 f i foundation_win32.release:ioserver.obj
 0001:0000d1c0       ??C?$Ptr@VArchiveFileSystem@IO@@@@QBEPAVArchiveFileSystem@IO@@XZ 0040e1c0 f i foundation_win32.release:ioserver.obj
 0001:0000d200       ??0?$Ptr@VAssignRegistry@IO@@@@QAE@XZ 0040e200 f i foundation_win32.release:ioserver.obj
 0001:0000d220       ??1?$Ptr@VAssignRegistry@IO@@@@QAE@XZ 0040e220 f i foundation_win32.release:ioserver.obj
 0001:0000d250       ??4?$Ptr@VAssignRegistry@IO@@@@QAEXPAVAssignRegistry@IO@@@Z 0040e250 f i foundation_win32.release:ioserver.obj
 0001:0000d2b0       ??C?$Ptr@VAssignRegistry@IO@@@@QBEPAVAssignRegistry@IO@@XZ 0040e2b0 f i foundation_win32.release:ioserver.obj
 0001:0000d2f0       ??0?$Ptr@VSchemeRegistry@IO@@@@QAE@XZ 0040e2f0 f i foundation_win32.release:ioserver.obj
 0001:0000d310       ??1?$Ptr@VSchemeRegistry@IO@@@@QAE@XZ 0040e310 f i foundation_win32.release:ioserver.obj
 0001:0000d340       ??4?$Ptr@VSchemeRegistry@IO@@@@QAEXPAVSchemeRegistry@IO@@@Z 0040e340 f i foundation_win32.release:ioserver.obj
 0001:0000d3a0       ??C?$Ptr@VSchemeRegistry@IO@@@@QBEPAVSchemeRegistry@IO@@XZ 0040e3a0 f i foundation_win32.release:ioserver.obj
 0001:0000d3e0       ??0?$Ptr@VStream@IO@@@@QAE@ABV0@@Z 0040e3e0 f i foundation_win32.release:ioserver.obj
 0001:0000d420       ??0?$Ptr@VStream@IO@@@@QAE@PAVStream@IO@@@Z 0040e420 f i foundation_win32.release:ioserver.obj
 0001:0000d460       ??1?$Ptr@VArchive@IO@@@@QAE@XZ 0040e460 f i foundation_win32.release:ioserver.obj
 0001:0000d490       ??C?$Ptr@VArchive@IO@@@@QBEPAVArchive@IO@@XZ 0040e490 f i foundation_win32.release:ioserver.obj
 0001:0000d4d0       ?isvalid@?$Ptr@VArchive@IO@@@@QBE_NXZ 0040e4d0 f i foundation_win32.release:ioserver.obj
 0001:0000d4f0       ??0?$Stack@VString@Util@@@Util@@QAE@XZ 0040e4f0 f i foundation_win32.release:ioserver.obj
 0001:0000d510       ?IsEmpty@?$Stack@VString@Util@@@Util@@QBE_NXZ 0040e510 f i foundation_win32.release:ioserver.obj
 0001:0000d530       ?Push@?$Stack@VString@Util@@@Util@@QAEXABVString@2@@Z 0040e530 f i foundation_win32.release:ioserver.obj
 0001:0000d550       ?Pop@?$Stack@VString@Util@@@Util@@QAE?AVString@2@XZ 0040e550 f i foundation_win32.release:ioserver.obj
 0001:0000d5e0       ?Back@?$Array@VString@Util@@@Util@@QBEAAVString@2@XZ 0040e5e0 f i foundation_win32.release:ioserver.obj
 0001:0000d630       ?EraseIndex@?$Array@VString@Util@@@Util@@QAEXH@Z 0040e630 f i foundation_win32.release:ioserver.obj
 0001:0000d6b0       ?Move@?$Array@VString@Util@@@Util@@AAEXHH@Z 0040e6b0 f i foundation_win32.release:ioserver.obj
 0001:0000d8b0       ___InlineInterlockedCompareExchangePointer 0040e8b0 f i foundation_win32.release:ioserver.obj
 0001:0000d8d0       ??2Thread@Threading@@SAPAXI@Z 0040e8d0 f i foundation_win32.release:thread.obj
 0001:0000d8e0       ?GetRtti@Thread@Threading@@UBEPAVRtti@Core@@XZ 0040e8e0 f   foundation_win32.release:thread.obj
 0001:0000d8f0       ?FactoryCreator@Thread@Threading@@SAPAVRefCounted@Core@@XZ 0040e8f0 f   foundation_win32.release:thread.obj
 0001:0000d900       ?Create@Thread@Threading@@SAPAV12@XZ 0040e900 f   foundation_win32.release:thread.obj
 0001:0000d940       ?RegisterWithFactory@Thread@Threading@@SA_NXZ 0040e940 f   foundation_win32.release:thread.obj
 0001:0000da40       ??0Win360Event@Win360@@QAE@_N@Z 0040ea40 f i foundation_win32.release:win360thread.obj
 0001:0000da90       ??1Win360Event@Win360@@QAE@XZ 0040ea90 f i foundation_win32.release:win360thread.obj
 0001:0000dab0       ?Signal@Win360Event@Win360@@QAEXXZ 0040eab0 f i foundation_win32.release:win360thread.obj
 0001:0000dad0       ?Wait@Win360Event@Win360@@QBEXXZ 0040ead0 f i foundation_win32.release:win360thread.obj
 0001:0000daf0       ??2Win360Thread@Win360@@SAPAXI@Z 0040eaf0 f i foundation_win32.release:win360thread.obj
 0001:0000db00       ??3Win360Thread@Win360@@SAXPAX@Z 0040eb00 f i foundation_win32.release:win360thread.obj
 0001:0000db20       ?GetName@Win360Thread@Win360@@QBEABVString@Util@@XZ 0040eb20 f i foundation_win32.release:win360thread.obj
 0001:0000db40       ?GetRtti@Win360Thread@Win360@@UBEPAVRtti@Core@@XZ 0040eb40 f   foundation_win32.release:win360thread.obj
 0001:0000db50       ?FactoryCreator@Win360Thread@Win360@@SAPAVRefCounted@Core@@XZ 0040eb50 f   foundation_win32.release:win360thread.obj
 0001:0000db60       ?Create@Win360Thread@Win360@@SAPAV12@XZ 0040eb60 f   foundation_win32.release:win360thread.obj
 0001:0000dba0       ?RegisterWithFactory@Win360Thread@Win360@@SA_NXZ 0040eba0 f   foundation_win32.release:win360thread.obj
 0001:0000dca0       ??0Win360Thread@Win360@@QAE@XZ 0040eca0 f   foundation_win32.release:win360thread.obj
 0001:0000dda0       ??_GWin360Thread@Win360@@UAEPAXI@Z 0040eda0 f i foundation_win32.release:win360thread.obj
 0001:0000dda0       ??_EWin360Thread@Win360@@UAEPAXI@Z 0040eda0 f i  CIL library: CIL module
 0001:0000ddd0       ??1Win360Thread@Win360@@UAE@XZ 0040edd0 f   foundation_win32.release:win360thread.obj
 0001:0000de90       ?Start@Win360Thread@Win360@@QAEXXZ 0040ee90 f   foundation_win32.release:win360thread.obj
 0001:0000df90       ?EmitWakeupSignal@Win360Thread@Win360@@MAEXXZ 0040ef90 f   foundation_win32.release:win360thread.obj
 0001:0000dfa0       ?Stop@Win360Thread@Win360@@QAEXXZ 0040efa0 f   foundation_win32.release:win360thread.obj
 0001:0000e040       ?IsRunning@Win360Thread@Win360@@QBE_NXZ 0040f040 f   foundation_win32.release:win360thread.obj
 0001:0000e090       ?DoWork@Win360Thread@Win360@@MAEXXZ 0040f090 f   foundation_win32.release:win360thread.obj
 0001:0000e0a0       ?ThreadProc@Win360Thread@Win360@@CGKPAX@Z 0040f0a0 f   foundation_win32.release:win360thread.obj
 0001:0000e140       ?SetMyThreadName@Win360Thread@Win360@@SAXPBD@Z 0040f140 f   foundation_win32.release:win360thread.obj
 0001:0000e1e0       ?GetMyThreadName@Win360Thread@Win360@@SAPBDXZ 0040f1e0 f   foundation_win32.release:win360thread.obj
 0001:0000e1f0       ?GetMyThreadId@Win360Thread@Win360@@SAKXZ 0040f1f0 f   foundation_win32.release:win360thread.obj
 0001:0000e200       ?YieldThread@Win360Thread@Win360@@SAXXZ 0040f200 f   foundation_win32.release:win360thread.obj
 0001:0000e210       ?Setup@Blob@Util@@SAXXZ    0040f210 f i foundation_win32.release:win32sysfunc.obj
 0001:0000e280       ?Shutdown@Blob@Util@@SAXXZ 0040f280 f i foundation_win32.release:win32sysfunc.obj
 0001:0000e300       ??_GWin360Heap@Win360@@QAEPAXI@Z 0040f300 f i foundation_win32.release:win32sysfunc.obj
 0001:0000e330       ?Setup@SysFunc@Win32@@SAXXZ 0040f330 f   foundation_win32.release:win32sysfunc.obj
 0001:0000e3f0       ?Exit@SysFunc@Win32@@SAXH@Z 0040f3f0 f   foundation_win32.release:win32sysfunc.obj
 0001:0000e4d0       ??_GGlobalStringAtomTable@Util@@QAEPAXI@Z 0040f4d0 f i foundation_win32.release:win32sysfunc.obj
 0001:0000e500       ??_GLocalStringAtomTable@Util@@QAEPAXI@Z 0040f500 f i foundation_win32.release:win32sysfunc.obj
 0001:0000e530       ?Error@SysFunc@Win32@@SAXPBD@Z 0040f530 f   foundation_win32.release:win32sysfunc.obj
 0001:0000e560       ?MessageBoxA@SysFunc@Win32@@SAXPBD@Z 0040f560 f   foundation_win32.release:win32sysfunc.obj
 0001:0000e5a0       ?Sleep@SysFunc@Win32@@SAXN@Z 0040f5a0 f   foundation_win32.release:win32sysfunc.obj
 0001:0000e5d0       ?DebugOut@SysFunc@Win32@@SAXPBD@Z 0040f5d0 f   foundation_win32.release:win32sysfunc.obj
 0001:0000e5e0       ?RegisterExitHandler@SysFunc@Win32@@CAPBVExitHandler@Core@@PBV34@@Z 0040f5e0 f   foundation_win32.release:win32sysfunc.obj
 0001:0000e600       ?GetSystemInfo@SysFunc@Win32@@SAPBVSystemInfo@System@@XZ 0040f600 f   foundation_win32.release:win32sysfunc.obj
 0001:0000e610       ?XMVerifyCPUSupport@@YAHXZ 0040f610 f i foundation_win32.release:win32sysfunc.obj
 0001:0000e650       ?HashCode@String@Util@@QBEHXZ 0040f650 f i foundation_win32.release:factory.obj
 0001:0000e700       ??9FourCC@Util@@QBE_NABV01@@Z 0040f700 f i foundation_win32.release:factory.obj
 0001:0000e720       ??OFourCC@Util@@QBE_NABV01@@Z 0040f720 f i foundation_win32.release:factory.obj
 0001:0000e740       ??MFourCC@Util@@QBE_NABV01@@Z 0040f740 f i foundation_win32.release:factory.obj
 0001:0000e760       ?AsString@FourCC@Util@@QBE?AVString@2@XZ 0040f760 f i foundation_win32.release:factory.obj
 0001:0000e790       ?ToString@FourCC@Util@@SA?AVString@2@ABV12@@Z 0040f790 f i foundation_win32.release:factory.obj
 0001:0000e920       ?Instance@Factory@Core@@SAPAV12@XZ 0040f920 f   foundation_win32.release:factory.obj
 0001:0000e990       ?Destroy@Factory@Core@@SAXXZ 0040f990 f   foundation_win32.release:factory.obj
 0001:0000e9f0       ??_GFactory@Core@@AAEPAXI@Z 0040f9f0 f i foundation_win32.release:factory.obj
 0001:0000ea20       ??0Factory@Core@@AAE@XZ    0040fa20 f   foundation_win32.release:factory.obj
 0001:0000ea50       ??1?$HashTable@VString@Util@@PBVRtti@Core@@@Util@@QAE@XZ 0040fa50 f i foundation_win32.release:factory.obj
 0001:0000ea70       ??1?$Dictionary@VFourCC@Util@@PBVRtti@Core@@@Util@@QAE@XZ 0040fa70 f i foundation_win32.release:factory.obj
 0001:0000ea90       ??1Factory@Core@@AAE@XZ    0040fa90 f   foundation_win32.release:factory.obj
 0001:0000ead0       ?Register@Factory@Core@@QAEXPBVRtti@2@ABVString@Util@@ABVFourCC@5@@Z 0040fad0 f   foundation_win32.release:factory.obj
 0001:0000ecc0       ?Register@Factory@Core@@QAEXPBVRtti@2@ABVString@Util@@@Z 0040fcc0 f   foundation_win32.release:factory.obj
 0001:0000ed90       ?ClassExists@Factory@Core@@QBE_NABVString@Util@@@Z 0040fd90 f   foundation_win32.release:factory.obj
 0001:0000ede0       ?ClassExists@Factory@Core@@QBE_NVFourCC@Util@@@Z 0040fde0 f   foundation_win32.release:factory.obj
 0001:0000ee30       ?GetClassRtti@Factory@Core@@QBEPBVRtti@2@ABVString@Util@@@Z 0040fe30 f   foundation_win32.release:factory.obj
 0001:0000eea0       ?GetClassRtti@Factory@Core@@QBEPBVRtti@2@ABVFourCC@Util@@@Z 0040fea0 f   foundation_win32.release:factory.obj
 0001:0000ef20       ?Create@Factory@Core@@QBEPAVRefCounted@2@ABVString@Util@@@Z 0040ff20 f   foundation_win32.release:factory.obj
 0001:0000f030       ?Create@Factory@Core@@QBEPAVRefCounted@2@VFourCC@Util@@@Z 00410030 f   foundation_win32.release:factory.obj
 0001:0000f180       ??1?$FixedArray@V?$Array@V?$KeyValuePair@VString@Util@@PBVRtti@Core@@@Util@@@Util@@@Util@@QAE@XZ 00410180 f i foundation_win32.release:factory.obj
 0001:0000f1a0       ??0?$HashTable@VString@Util@@PBVRtti@Core@@@Util@@QAE@H@Z 004101a0 f i foundation_win32.release:factory.obj
 0001:0000f1d0       ??A?$HashTable@VString@Util@@PBVRtti@Core@@@Util@@QBEAAPBVRtti@Core@@ABVString@1@@Z 004101d0 f i foundation_win32.release:factory.obj
 0001:0000f2d0       ?Clear@?$HashTable@VString@Util@@PBVRtti@Core@@@Util@@QAEXXZ 004102d0 f i foundation_win32.release:factory.obj
 0001:0000f330       ?Add@?$HashTable@VString@Util@@PBVRtti@Core@@@Util@@QAEXABVString@2@ABQBVRtti@Core@@@Z 00410330 f i foundation_win32.release:factory.obj
 0001:0000f370       ?Contains@?$HashTable@VString@Util@@PBVRtti@Core@@@Util@@QBE_NABVString@2@@Z 00410370 f i foundation_win32.release:factory.obj
 0001:0000f410       ??1?$Array@V?$KeyValuePair@VFourCC@Util@@PBVRtti@Core@@@Util@@@Util@@QAE@XZ 00410410 f i foundation_win32.release:factory.obj
 0001:0000f430       ??0?$Dictionary@VFourCC@Util@@PBVRtti@Core@@@Util@@QAE@XZ 00410430 f i foundation_win32.release:factory.obj
 0001:0000f450       ??A?$Dictionary@VFourCC@Util@@PBVRtti@Core@@@Util@@QBEABQBVRtti@Core@@ABVFourCC@1@@Z 00410450 f i foundation_win32.release:factory.obj
 0001:0000f4a0       ?Clear@?$Dictionary@VFourCC@Util@@PBVRtti@Core@@@Util@@QAEXXZ 004104a0 f i foundation_win32.release:factory.obj
 0001:0000f4e0       ?Add@?$Dictionary@VFourCC@Util@@PBVRtti@Core@@@Util@@QAEXABVFourCC@2@ABQBVRtti@Core@@@Z 004104e0 f i foundation_win32.release:factory.obj
 0001:0000f530       ?Contains@?$Dictionary@VFourCC@Util@@PBVRtti@Core@@@Util@@QBE_NABVFourCC@2@@Z 00410530 f i foundation_win32.release:factory.obj
 0001:0000f590       ??1?$KeyValuePair@VString@Util@@PBVRtti@Core@@@Util@@QAE@XZ 00410590 f i foundation_win32.release:factory.obj
 0001:0000f5e0       ??0?$FixedArray@V?$Array@V?$KeyValuePair@VString@Util@@PBVRtti@Core@@@Util@@@Util@@@Util@@QAE@H@Z 004105e0 f i foundation_win32.release:factory.obj
 0001:0000f610       ??A?$FixedArray@V?$Array@V?$KeyValuePair@VString@Util@@PBVRtti@Core@@@Util@@@Util@@@Util@@QBEAAV?$Array@V?$KeyValuePair@VString@Util@@PBVRtti@Core@@@Util@@@1@H@Z 00410610 f i foundation_win32.release:factory.obj
 0001:0000f660       ?Size@?$FixedArray@V?$Array@V?$KeyValuePair@VString@Util@@PBVRtti@Core@@@Util@@@Util@@@Util@@QBEHXZ 00410660 f i foundation_win32.release:factory.obj
 0001:0000f670       ?Delete@?$FixedArray@V?$Array@V?$KeyValuePair@VString@Util@@PBVRtti@Core@@@Util@@@Util@@@Util@@AAEXXZ 00410670 f i foundation_win32.release:factory.obj
 0001:0000f6d0       ?Add@?$HashTable@VString@Util@@PBVRtti@Core@@@Util@@QAEXABV?$KeyValuePair@VString@Util@@PBVRtti@Core@@@2@@Z 004106d0 f i foundation_win32.release:factory.obj
 0001:0000f760       ??A?$Array@V?$KeyValuePair@VString@Util@@PBVRtti@Core@@@Util@@@Util@@QBEAAV?$KeyValuePair@VString@Util@@PBVRtti@Core@@@1@H@Z 00410760 f i foundation_win32.release:factory.obj
 0001:0000f7b0       ?Size@?$Array@V?$KeyValuePair@VString@Util@@PBVRtti@Core@@@Util@@@Util@@QBEHXZ 004107b0 f i foundation_win32.release:factory.obj
 0001:0000f7d0       ?Clear@?$Array@V?$KeyValuePair@VString@Util@@PBVRtti@Core@@@Util@@@Util@@QAEXXZ 004107d0 f i foundation_win32.release:factory.obj
 0001:0000f820       ?BinarySearchIndex@?$Array@V?$KeyValuePair@VString@Util@@PBVRtti@Core@@@Util@@@Util@@QBEHABV?$KeyValuePair@VString@Util@@PBVRtti@Core@@@2@@Z 00410820 f i foundation_win32.release:factory.obj
 0001:0000f950       ??0?$KeyValuePair@VString@Util@@PBVRtti@Core@@@Util@@QAE@ABVString@1@@Z 00410950 f i foundation_win32.release:factory.obj
 0001:0000f9b0       ??0?$KeyValuePair@VString@Util@@PBVRtti@Core@@@Util@@QAE@ABVString@1@ABQBVRtti@Core@@@Z 004109b0 f i foundation_win32.release:factory.obj
 0001:0000fa20       ?Value@?$KeyValuePair@VString@Util@@PBVRtti@Core@@@Util@@QAEAAPBVRtti@Core@@XZ 00410a20 f i foundation_win32.release:factory.obj
 0001:0000fa40       ??0?$Array@V?$KeyValuePair@VFourCC@Util@@PBVRtti@Core@@@Util@@@Util@@QAE@XZ 00410a40 f i foundation_win32.release:factory.obj
 0001:0000fa80       ??A?$Array@V?$KeyValuePair@VFourCC@Util@@PBVRtti@Core@@@Util@@@Util@@QBEAAV?$KeyValuePair@VFourCC@Util@@PBVRtti@Core@@@1@H@Z 00410a80 f i foundation_win32.release:factory.obj
 0001:0000fad0       ?Append@?$Array@V?$KeyValuePair@VFourCC@Util@@PBVRtti@Core@@@Util@@@Util@@QAEXABV?$KeyValuePair@VFourCC@Util@@PBVRtti@Core@@@2@@Z 00410ad0 f i foundation_win32.release:factory.obj
 0001:0000fb50       ?InsertSorted@?$Array@V?$KeyValuePair@VFourCC@Util@@PBVRtti@Core@@@Util@@@Util@@QAEHABV?$KeyValuePair@VFourCC@Util@@PBVRtti@Core@@@2@@Z 00410b50 f i foundation_win32.release:factory.obj
 0001:0000fdc0       ?Clear@?$Array@V?$KeyValuePair@VFourCC@Util@@PBVRtti@Core@@@Util@@@Util@@QAEXXZ 00410dc0 f i foundation_win32.release:factory.obj
 0001:0000fe10       ?BinarySearchIndex@?$Array@V?$KeyValuePair@VFourCC@Util@@PBVRtti@Core@@@Util@@@Util@@QBEHABV?$KeyValuePair@VFourCC@Util@@PBVRtti@Core@@@2@@Z 00410e10 f i foundation_win32.release:factory.obj
 0001:0000ff40       ?Delete@?$Array@V?$KeyValuePair@VFourCC@Util@@PBVRtti@Core@@@Util@@@Util@@AAEXXZ 00410f40 f i foundation_win32.release:factory.obj
 0001:0000ffa0       ?FindIndex@?$Dictionary@VFourCC@Util@@PBVRtti@Core@@@Util@@QBEHABVFourCC@2@@Z 00410fa0 f i foundation_win32.release:factory.obj
 0001:0000fff0       ??0?$KeyValuePair@VFourCC@Util@@PBVRtti@Core@@@Util@@QAE@ABVFourCC@1@@Z 00410ff0 f i foundation_win32.release:factory.obj
 0001:00010010       ??0?$KeyValuePair@VFourCC@Util@@PBVRtti@Core@@@Util@@QAE@ABVFourCC@1@ABQBVRtti@Core@@@Z 00411010 f i foundation_win32.release:factory.obj
 0001:00010040       ?Value@?$KeyValuePair@VFourCC@Util@@PBVRtti@Core@@@Util@@QAEAAPBVRtti@Core@@XZ 00411040 f i foundation_win32.release:factory.obj
 0001:00010060       ??_E?$Array@V?$KeyValuePair@VString@Util@@PBVRtti@Core@@@Util@@@Util@@QAEPAXI@Z 00411060 f i foundation_win32.release:factory.obj
 0001:00010100       ?Alloc@?$FixedArray@V?$Array@V?$KeyValuePair@VString@Util@@PBVRtti@Core@@@Util@@@Util@@@Util@@AAEXH@Z 00411100 f i foundation_win32.release:factory.obj
 0001:000101d0       ??1?$Array@V?$KeyValuePair@VString@Util@@PBVRtti@Core@@@Util@@@Util@@QAE@XZ 004111d0 f i foundation_win32.release:factory.obj
 0001:000101f0       ?InsertSorted@?$Array@V?$KeyValuePair@VString@Util@@PBVRtti@Core@@@Util@@@Util@@QAEHABV?$KeyValuePair@VString@Util@@PBVRtti@Core@@@2@@Z 004111f0 f i foundation_win32.release:factory.obj
 0001:00010460       ?Destroy@?$Array@V?$KeyValuePair@VString@Util@@PBVRtti@Core@@@Util@@@Util@@AAEXPAV?$KeyValuePair@VString@Util@@PBVRtti@Core@@@2@@Z 00411460 f i foundation_win32.release:factory.obj
 0001:00010480       ??9?$KeyValuePair@VString@Util@@PBVRtti@Core@@@Util@@QBE_NABV01@@Z 00411480 f i foundation_win32.release:factory.obj
 0001:000104a0       ??O?$KeyValuePair@VString@Util@@PBVRtti@Core@@@Util@@QBE_NABV01@@Z 004114a0 f i foundation_win32.release:factory.obj
 0001:000104c0       ??M?$KeyValuePair@VString@Util@@PBVRtti@Core@@@Util@@QBE_NABV01@@Z 004114c0 f i foundation_win32.release:factory.obj
 0001:000104e0       ?Key@?$KeyValuePair@VString@Util@@PBVRtti@Core@@@Util@@QBEABVString@2@XZ 004114e0 f i foundation_win32.release:factory.obj
 0001:000104f0       ?Size@?$Array@V?$KeyValuePair@VFourCC@Util@@PBVRtti@Core@@@Util@@@Util@@QBEHXZ 004114f0 f i foundation_win32.release:factory.obj
 0001:00010510       ?Insert@?$Array@V?$KeyValuePair@VFourCC@Util@@PBVRtti@Core@@@Util@@@Util@@QAEXHABV?$KeyValuePair@VFourCC@Util@@PBVRtti@Core@@@2@@Z 00411510 f i foundation_win32.release:factory.obj
 0001:00010580       ?InsertAtEndOfIdenticalRange@?$Array@V?$KeyValuePair@VFourCC@Util@@PBVRtti@Core@@@Util@@@Util@@QAEHHABV?$KeyValuePair@VFourCC@Util@@PBVRtti@Core@@@2@@Z 00411580 f i foundation_win32.release:factory.obj
 0001:00010600       ?Destroy@?$Array@V?$KeyValuePair@VFourCC@Util@@PBVRtti@Core@@@Util@@@Util@@AAEXPAV?$KeyValuePair@VFourCC@Util@@PBVRtti@Core@@@2@@Z 00411600 f i foundation_win32.release:factory.obj
 0001:00010610       ?Grow@?$Array@V?$KeyValuePair@VFourCC@Util@@PBVRtti@Core@@@Util@@@Util@@AAEXXZ 00411610 f i foundation_win32.release:factory.obj
 0001:00010690       ??4?$KeyValuePair@VFourCC@Util@@PBVRtti@Core@@@Util@@QAEXABV01@@Z 00411690 f i foundation_win32.release:factory.obj
 0001:000106c0       ??9?$KeyValuePair@VFourCC@Util@@PBVRtti@Core@@@Util@@QBE_NABV01@@Z 004116c0 f i foundation_win32.release:factory.obj
 0001:000106e0       ??O?$KeyValuePair@VFourCC@Util@@PBVRtti@Core@@@Util@@QBE_NABV01@@Z 004116e0 f i foundation_win32.release:factory.obj
 0001:00010700       ??M?$KeyValuePair@VFourCC@Util@@PBVRtti@Core@@@Util@@QBE_NABV01@@Z 00411700 f i foundation_win32.release:factory.obj
 0001:00010720       ??_G?$KeyValuePair@VString@Util@@PBVRtti@Core@@@Util@@QAEPAXI@Z 00411720 f i foundation_win32.release:factory.obj
 0001:00010790       ??0?$Array@V?$KeyValuePair@VString@Util@@PBVRtti@Core@@@Util@@@Util@@QAE@XZ 00411790 f i foundation_win32.release:factory.obj
 0001:000107d0       ?Append@?$Array@V?$KeyValuePair@VString@Util@@PBVRtti@Core@@@Util@@@Util@@QAEXABV?$KeyValuePair@VString@Util@@PBVRtti@Core@@@2@@Z 004117d0 f i foundation_win32.release:factory.obj
 0001:00010850       ?Insert@?$Array@V?$KeyValuePair@VString@Util@@PBVRtti@Core@@@Util@@@Util@@QAEXHABV?$KeyValuePair@VString@Util@@PBVRtti@Core@@@2@@Z 00411850 f i foundation_win32.release:factory.obj
 0001:000108c0       ?InsertAtEndOfIdenticalRange@?$Array@V?$KeyValuePair@VString@Util@@PBVRtti@Core@@@Util@@@Util@@QAEHHABV?$KeyValuePair@VString@Util@@PBVRtti@Core@@@2@@Z 004118c0 f i foundation_win32.release:factory.obj
 0001:00010940       ?Delete@?$Array@V?$KeyValuePair@VString@Util@@PBVRtti@Core@@@Util@@@Util@@AAEXXZ 00411940 f i foundation_win32.release:factory.obj
 0001:000109b0       ?GrowTo@?$Array@V?$KeyValuePair@VFourCC@Util@@PBVRtti@Core@@@Util@@@Util@@AAEXH@Z 004119b0 f i foundation_win32.release:factory.obj
 0001:00010aa0       ?Move@?$Array@V?$KeyValuePair@VFourCC@Util@@PBVRtti@Core@@@Util@@@Util@@AAEXHH@Z 00411aa0 f i foundation_win32.release:factory.obj
 0001:00010c30       ??_E?$KeyValuePair@VString@Util@@PBVRtti@Core@@@Util@@QAEPAXI@Z 00411c30 f i foundation_win32.release:factory.obj
 0001:00010d40       ?Grow@?$Array@V?$KeyValuePair@VString@Util@@PBVRtti@Core@@@Util@@@Util@@AAEXXZ 00411d40 f i foundation_win32.release:factory.obj
 0001:00010dc0       ?Move@?$Array@V?$KeyValuePair@VString@Util@@PBVRtti@Core@@@Util@@@Util@@AAEXHH@Z 00411dc0 f i foundation_win32.release:factory.obj
 0001:00010f50       ??4?$KeyValuePair@VString@Util@@PBVRtti@Core@@@Util@@QAEXABV01@@Z 00411f50 f i foundation_win32.release:factory.obj
 0001:00010fa0       ??0?$KeyValuePair@VFourCC@Util@@PBVRtti@Core@@@Util@@QAE@XZ 00411fa0 f i foundation_win32.release:factory.obj
 0001:00010fc0       ?GrowTo@?$Array@V?$KeyValuePair@VString@Util@@PBVRtti@Core@@@Util@@@Util@@AAEXH@Z 00411fc0 f i foundation_win32.release:factory.obj
 0001:000110e0       ??0?$KeyValuePair@VString@Util@@PBVRtti@Core@@@Util@@QAE@XZ 004120e0 f i foundation_win32.release:factory.obj
 0001:00011120       ?SetupHeaps@Memory@@YAXXZ  00412120 f   foundation_win32.release:win360memoryconfig.obj
 0001:00011280       ?GetHeapTypeName@Memory@@YAPBDW4HeapType@1@@Z 00412280 f   foundation_win32.release:win360memoryconfig.obj
 0001:00011340       ??2Console@IO@@SAPAXI@Z    00412340 f i foundation_win32.release:console.obj
 0001:00011350       ??3Console@IO@@SAXPAX@Z    00412350 f i foundation_win32.release:console.obj
 0001:00011370       ?IsOpen@Console@IO@@QBE_NXZ 00412370 f i foundation_win32.release:console.obj
 0001:00011390       ?GetRtti@Console@IO@@UBEPAVRtti@Core@@XZ 00412390 f   foundation_win32.release:console.obj
 0001:000113a0       ?FactoryCreator@Console@IO@@SAPAVRefCounted@Core@@XZ 004123a0 f   foundation_win32.release:console.obj
 0001:000113b0       ?Create@Console@IO@@SAPAV12@XZ 004123b0 f   foundation_win32.release:console.obj
 0001:000113f0       ?RegisterWithFactory@Console@IO@@SA_NXZ 004123f0 f   foundation_win32.release:console.obj
 0001:000114f0       ??0Console@IO@@QAE@XZ      004124f0 f   foundation_win32.release:console.obj
 0001:00011570       ??_GConsole@IO@@UAEPAXI@Z  00412570 f i foundation_win32.release:console.obj
 0001:00011570       ??_EConsole@IO@@UAEPAXI@Z  00412570 f i  CIL library: CIL module
 0001:000115a0       ??1Console@IO@@UAE@XZ      004125a0 f   foundation_win32.release:console.obj
 0001:00011650       ?Open@Console@IO@@QAEXXZ   00412650 f   foundation_win32.release:console.obj
 0001:000116e0       ?Close@Console@IO@@QAEXXZ  004126e0 f   foundation_win32.release:console.obj
 0001:00011780       ?Update@Console@IO@@QAEXXZ 00412780 f   foundation_win32.release:console.obj
 0001:00011830       ?AttachHandler@Console@IO@@QAEXABV?$Ptr@VConsoleHandler@IO@@@@@Z 00412830 f   foundation_win32.release:console.obj
 0001:000118c0       ?RemoveHandler@Console@IO@@QAEXABV?$Ptr@VConsoleHandler@IO@@@@@Z 004128c0 f   foundation_win32.release:console.obj
 0001:00011990       ?HasInput@Console@IO@@QBE_NXZ 00412990 f   foundation_win32.release:console.obj
 0001:00011a60       ?GetInput@Console@IO@@QBE?AVString@Util@@XZ 00412a60 f   foundation_win32.release:console.obj
 0001:00011bf0       ?Print@Console@IO@@QAAXPBDZZ 00412bf0 f   foundation_win32.release:console.obj
 0001:00011c50       ?Print@Console@IO@@QAAXPBDPAD@Z 00412c50 f   foundation_win32.release:console.obj
 0001:00011d40       ?Print@Console@IO@@QAEXABVString@Util@@@Z 00412d40 f   foundation_win32.release:console.obj
 0001:00011e00       ?Error@Console@IO@@QAAXPBDZZ 00412e00 f   foundation_win32.release:console.obj
 0001:00011e60       ?Error@Console@IO@@QAAXPBDPAD@Z 00412e60 f   foundation_win32.release:console.obj
 0001:00011f50       ?DebugOut@Console@IO@@QAAXPBDZZ 00412f50 f   foundation_win32.release:console.obj
 0001:00011fb0       ?DebugOut@Console@IO@@QAAXPBDPAD@Z 00412fb0 f   foundation_win32.release:console.obj
 0001:000120a0       ?Warning@Console@IO@@QAAXPBDZZ 004130a0 f   foundation_win32.release:console.obj
 0001:00012100       ?Warning@Console@IO@@QAAXPBDPAD@Z 00413100 f   foundation_win32.release:console.obj
 0001:000121f0       ?Confirm@Console@IO@@QAAXPBDZZ 004131f0 f   foundation_win32.release:console.obj
 0001:00012250       ?Confirm@Console@IO@@QAAXPBDPAD@Z 00413250 f   foundation_win32.release:console.obj
 0001:00012340       ??0?$Array@V?$Ptr@VConsoleHandler@IO@@@@@Util@@QAE@XZ 00413340 f i foundation_win32.release:console.obj
 0001:00012380       ??1?$Array@V?$Ptr@VConsoleHandler@IO@@@@@Util@@QAE@XZ 00413380 f i foundation_win32.release:console.obj
 0001:000123a0       ??A?$Array@V?$Ptr@VConsoleHandler@IO@@@@@Util@@QBEAAV?$Ptr@VConsoleHandler@IO@@@@H@Z 004133a0 f i foundation_win32.release:console.obj
 0001:000123f0       ?Size@?$Array@V?$Ptr@VConsoleHandler@IO@@@@@Util@@QBEHXZ 004133f0 f i foundation_win32.release:console.obj
 0001:00012410       ?EraseIndex@?$Array@V?$Ptr@VConsoleHandler@IO@@@@@Util@@QAEXH@Z 00413410 f i foundation_win32.release:console.obj
 0001:00012490       ?Insert@?$Array@V?$Ptr@VConsoleHandler@IO@@@@@Util@@QAEXHABV?$Ptr@VConsoleHandler@IO@@@@@Z 00413490 f i foundation_win32.release:console.obj
 0001:00012500       ?FindIndex@?$Array@V?$Ptr@VConsoleHandler@IO@@@@@Util@@QBEHABV?$Ptr@VConsoleHandler@IO@@@@@Z 00413500 f i foundation_win32.release:console.obj
 0001:00012560       ??0?$Ptr@VConsoleHandler@IO@@@@QAE@PAVConsoleHandler@IO@@@Z 00413560 f i foundation_win32.release:console.obj
 0001:000125a0       ??C?$Ptr@VConsoleHandler@IO@@@@QBEPAVConsoleHandler@IO@@XZ 004135a0 f i foundation_win32.release:console.obj
 0001:000125e0       ?isvalid@?$Ptr@VConsoleHandler@IO@@@@QBE_NXZ 004135e0 f i foundation_win32.release:console.obj
 0001:00012600       ?Append@?$Array@V?$Ptr@VConsoleHandler@IO@@@@@Util@@QAEXABV?$Ptr@VConsoleHandler@IO@@@@@Z 00413600 f i foundation_win32.release:console.obj
 0001:00012680       ?Destroy@?$Array@V?$Ptr@VConsoleHandler@IO@@@@@Util@@AAEXPAV?$Ptr@VConsoleHandler@IO@@@@@Z 00413680 f i foundation_win32.release:console.obj
 0001:000126b0       ?Delete@?$Array@V?$Ptr@VConsoleHandler@IO@@@@@Util@@AAEXXZ 004136b0 f i foundation_win32.release:console.obj
 0001:00012720       ?Move@?$Array@V?$Ptr@VConsoleHandler@IO@@@@@Util@@AAEXHH@Z 00413720 f i foundation_win32.release:console.obj
 0001:000128b0       ??4?$Ptr@VConsoleHandler@IO@@@@QAEXABV0@@Z 004138b0 f i foundation_win32.release:console.obj
 0001:00012910       ??8?$Ptr@VConsoleHandler@IO@@@@QBE_NABV0@@Z 00413910 f i foundation_win32.release:console.obj
 0001:00012930       ??_G?$Ptr@VConsoleHandler@IO@@@@QAEPAXI@Z 00413930 f i foundation_win32.release:console.obj
 0001:00012960       ?Grow@?$Array@V?$Ptr@VConsoleHandler@IO@@@@@Util@@AAEXXZ 00413960 f i foundation_win32.release:console.obj
 0001:000129e0       ??0?$Ptr@VConsoleHandler@IO@@@@QAE@XZ 004139e0 f i foundation_win32.release:console.obj
 0001:00012a00       ?GrowTo@?$Array@V?$Ptr@VConsoleHandler@IO@@@@@Util@@AAEXH@Z 00413a00 f i foundation_win32.release:console.obj
 0001:00012b20       ?Instance@LocalStringAtomTable@Util@@SAPAV12@XZ 00413b20 f i foundation_win32.release:stringatom.obj
 0001:00012b60       ?Instance@GlobalStringAtomTable@Util@@SAPAV12@XZ 00413b60 f i foundation_win32.release:stringatom.obj
 0001:00012b90       ?Setup@StringAtom@Util@@AAEXPBD@Z 00413b90 f   foundation_win32.release:stringatom.obj
 0001:00012c60       ??8StringAtom@Util@@QBE_NPBD@Z 00413c60 f   foundation_win32.release:stringatom.obj
 0001:00012ce0       ??9StringAtom@Util@@QBE_NPBD@Z 00413ce0 f   foundation_win32.release:stringatom.obj
 0001:00012d60       ??0StringAtom@Util@@QAE@PBD@Z 00413d60 f i foundation_win32.release:coreserver.obj
 0001:00012d90       ??2CoreServer@Core@@SAPAXI@Z 00413d90 f i foundation_win32.release:coreserver.obj
 0001:00012da0       ??3CoreServer@Core@@SAXPAX@Z 00413da0 f i foundation_win32.release:coreserver.obj
 0001:00012dc0       ?IsOpen@CoreServer@Core@@QBE_NXZ 00413dc0 f i foundation_win32.release:coreserver.obj
 0001:00012de0       ?GetRtti@CoreServer@Core@@UBEPAVRtti@2@XZ 00413de0 f   foundation_win32.release:coreserver.obj
 0001:00012df0       ?FactoryCreator@CoreServer@Core@@SAPAVRefCounted@2@XZ 00413df0 f   foundation_win32.release:coreserver.obj
 0001:00012e00       ?Create@CoreServer@Core@@SAPAV12@XZ 00413e00 f   foundation_win32.release:coreserver.obj
 0001:00012e40       ?RegisterWithFactory@CoreServer@Core@@SA_NXZ 00413e40 f   foundation_win32.release:coreserver.obj
 0001:00012f40       ??0CoreServer@Core@@QAE@XZ 00413f40 f   foundation_win32.release:coreserver.obj
 0001:00013030       ??_GCoreServer@Core@@UAEPAXI@Z 00414030 f i foundation_win32.release:coreserver.obj
 0001:00013030       ??_ECoreServer@Core@@UAEPAXI@Z 00414030 f i  CIL library: CIL module
 0001:00013060       ??1CoreServer@Core@@UAE@XZ 00414060 f   foundation_win32.release:coreserver.obj
 0001:000130e0       ?Open@CoreServer@Core@@QAEXXZ 004140e0 f   foundation_win32.release:coreserver.obj
 0001:00013140       ?Close@CoreServer@Core@@QAEXXZ 00414140 f   foundation_win32.release:coreserver.obj
 0001:00013190       ?Trigger@CoreServer@Core@@QAEXXZ 00414190 f   foundation_win32.release:coreserver.obj
 0001:000131b0       ??0?$Ptr@VConsole@IO@@@@QAE@XZ 004141b0 f i foundation_win32.release:coreserver.obj
 0001:000131d0       ??1?$Ptr@VConsole@IO@@@@QAE@XZ 004141d0 f i foundation_win32.release:coreserver.obj
 0001:00013200       ??4?$Ptr@VConsole@IO@@@@QAEXPAVConsole@IO@@@Z 00414200 f i foundation_win32.release:coreserver.obj
 0001:00013260       ??C?$Ptr@VConsole@IO@@@@QBEPAVConsole@IO@@XZ 00414260 f i foundation_win32.release:coreserver.obj
 0001:000132a0       ?IsOpen@ConsoleHandler@IO@@QBE_NXZ 004142a0 f i foundation_win32.release:logfileconsolehandler.obj
 0001:000132c0       ??0URI@IO@@QAE@PBD@Z       004142c0 f i foundation_win32.release:logfileconsolehandler.obj
 0001:000134a0       ?IsOpen@StreamWriter@IO@@QBE_NXZ 004144a0 f i foundation_win32.release:logfileconsolehandler.obj
 0001:000134c0       ??2LogFileConsoleHandler@IO@@SAPAXI@Z 004144c0 f i foundation_win32.release:logfileconsolehandler.obj
 0001:000134d0       ??3LogFileConsoleHandler@IO@@SAXPAX@Z 004144d0 f i foundation_win32.release:logfileconsolehandler.obj
 0001:000134f0       ?Value@StringAtom@Util@@QBEPBDXZ 004144f0 f i foundation_win32.release:logfileconsolehandler.obj
 0001:00013500       ?Instance@CoreServer@Core@@SAPAV12@XZ 00414500 f i foundation_win32.release:logfileconsolehandler.obj
 0001:00013540       ?GetAppName@CoreServer@Core@@QBEABVStringAtom@Util@@XZ 00414540 f i foundation_win32.release:logfileconsolehandler.obj
 0001:00013560       ?GetRtti@LogFileConsoleHandler@IO@@UBEPAVRtti@Core@@XZ 00414560 f   foundation_win32.release:logfileconsolehandler.obj
 0001:00013570       ?FactoryCreator@LogFileConsoleHandler@IO@@SAPAVRefCounted@Core@@XZ 00414570 f   foundation_win32.release:logfileconsolehandler.obj
 0001:00013580       ?Create@LogFileConsoleHandler@IO@@SAPAV12@XZ 00414580 f   foundation_win32.release:logfileconsolehandler.obj
 0001:000135c0       ?RegisterWithFactory@LogFileConsoleHandler@IO@@SA_NXZ 004145c0 f   foundation_win32.release:logfileconsolehandler.obj
 0001:000136c0       ??0LogFileConsoleHandler@IO@@QAE@XZ 004146c0 f   foundation_win32.release:logfileconsolehandler.obj
 0001:00013700       ??_GLogFileConsoleHandler@IO@@UAEPAXI@Z 00414700 f i foundation_win32.release:logfileconsolehandler.obj
 0001:00013700       ??_ELogFileConsoleHandler@IO@@UAEPAXI@Z 00414700 f i  CIL library: CIL module
 0001:00013730       ??1LogFileConsoleHandler@IO@@UAE@XZ 00414730 f   foundation_win32.release:logfileconsolehandler.obj
 0001:00013780       ?Open@LogFileConsoleHandler@IO@@UAEXXZ 00414780 f   foundation_win32.release:logfileconsolehandler.obj
 0001:000139e0       ?Close@LogFileConsoleHandler@IO@@UAEXXZ 004149e0 f   foundation_win32.release:logfileconsolehandler.obj
 0001:00013a70       ?Print@LogFileConsoleHandler@IO@@UAEXABVString@Util@@@Z 00414a70 f   foundation_win32.release:logfileconsolehandler.obj
 0001:00013ac0       ?Error@LogFileConsoleHandler@IO@@UAEXABVString@Util@@@Z 00414ac0 f   foundation_win32.release:logfileconsolehandler.obj
 0001:00013b90       ?Warning@LogFileConsoleHandler@IO@@UAEXABVString@Util@@@Z 00414b90 f   foundation_win32.release:logfileconsolehandler.obj
 0001:00013c40       ?DebugOut@LogFileConsoleHandler@IO@@UAEXABVString@Util@@@Z 00414c40 f   foundation_win32.release:logfileconsolehandler.obj
 0001:00013cf0       ??0?$Ptr@VStream@IO@@@@QAE@XZ 00414cf0 f i foundation_win32.release:logfileconsolehandler.obj
 0001:00013d10       ??4?$Ptr@VStream@IO@@@@QAEXPAVStream@IO@@@Z 00414d10 f i foundation_win32.release:logfileconsolehandler.obj
 0001:00013d70       ??4?$Ptr@VStream@IO@@@@QAEXABV0@@Z 00414d70 f i foundation_win32.release:logfileconsolehandler.obj
 0001:00013dd0       ??0?$Ptr@VTextWriter@IO@@@@QAE@XZ 00414dd0 f i foundation_win32.release:logfileconsolehandler.obj
 0001:00013df0       ??1?$Ptr@VTextWriter@IO@@@@QAE@XZ 00414df0 f i foundation_win32.release:logfileconsolehandler.obj
 0001:00013e20       ??4?$Ptr@VTextWriter@IO@@@@QAEXPAVTextWriter@IO@@@Z 00414e20 f i foundation_win32.release:logfileconsolehandler.obj
 0001:00013e80       ??C?$Ptr@VTextWriter@IO@@@@QBEPAVTextWriter@IO@@XZ 00414e80 f i foundation_win32.release:logfileconsolehandler.obj
 0001:00013ec0       ?AsFloat4@String@Util@@QBE?AVfloat4@Math@@XZ 00414ec0 f i foundation_win32.release:commandlineargs.obj
 0001:00014040       ??0CommandLineArgs@Util@@QAE@XZ 00415040 f   foundation_win32.release:commandlineargs.obj
 0001:00014060       ??0CommandLineArgs@Util@@QAE@ABVString@1@@Z 00415060 f   foundation_win32.release:commandlineargs.obj
 0001:000140f0       ??0CommandLineArgs@Util@@QAE@HPAPBD@Z 004150f0 f   foundation_win32.release:commandlineargs.obj
 0001:00014190       ?Error@CommandLineArgs@Util@@ABEXABVString@2@@Z 00415190 f   foundation_win32.release:commandlineargs.obj
 0001:000141d0       ?GetCmdName@CommandLineArgs@Util@@QBEABVString@2@XZ 004151d0 f   foundation_win32.release:commandlineargs.obj
 0001:00014210       ?HasArg@CommandLineArgs@Util@@QBE_NABVString@2@@Z 00415210 f   foundation_win32.release:commandlineargs.obj
 0001:00014240       ?FindArgIndex@CommandLineArgs@Util@@ABEHABVString@2@@Z 00415240 f   foundation_win32.release:commandlineargs.obj
 0001:000142a0       ?GetString@CommandLineArgs@Util@@QBEABVString@2@ABV32@0@Z 004152a0 f   foundation_win32.release:commandlineargs.obj
 0001:000142e0       ?GetInt@CommandLineArgs@Util@@QBEHABVString@2@H@Z 004152e0 f   foundation_win32.release:commandlineargs.obj
 0001:00014330       ?GetFloat@CommandLineArgs@Util@@QBEMABVString@2@M@Z 00415330 f   foundation_win32.release:commandlineargs.obj
 0001:00014380       ?GetBool@CommandLineArgs@Util@@QBE_NABVString@2@_N@Z 00415380 f   foundation_win32.release:commandlineargs.obj
 0001:000143d0       ?GetBoolFlag@CommandLineArgs@Util@@QBE_NABVString@2@@Z 004153d0 f   foundation_win32.release:commandlineargs.obj
 0001:000143f0       ?GetFloat4@CommandLineArgs@Util@@QBE?AVfloat4@Math@@ABVString@2@ABV34@@Z 004153f0 f   foundation_win32.release:commandlineargs.obj
 0001:00014460       ?GetMatrix44@CommandLineArgs@Util@@QBE?AVmatrix44@Math@@ABVString@2@ABV34@@Z 00415460 f   foundation_win32.release:commandlineargs.obj
 0001:000144c0       ?GetNumArgs@CommandLineArgs@Util@@QBEHXZ 004154c0 f   foundation_win32.release:commandlineargs.obj
 0001:00014500       ?GetStringAtIndex@CommandLineArgs@Util@@QBEABVString@2@H@Z 00415500 f   foundation_win32.release:commandlineargs.obj
 0001:00014520       ?GetIntAtIndex@CommandLineArgs@Util@@QBEHH@Z 00415520 f   foundation_win32.release:commandlineargs.obj
[...]
 0003:00000434       ?MemoryLoggingEnabled@Memory@@3_NC 00447434     foundation_win32.release:win360memory.obj
 0003:00000435       ?StandardArchivesMounted@IoServer@IO@@0_NA 00447435     foundation_win32.release:ioserver.obj
 0003:00000436       ?SetupCalled@SysFunc@Win32@@0_NC 00447436     foundation_win32.release:win32sysfunc.obj
 0003:00000437       ?TableInitialized@Crc@Util@@0_NA 00447437     foundation_win32.release:crc.obj
 0003:00000438       ?MemoryLoggingThreshold@Memory@@3IC 00447438     foundation_win32.release:win360memory.obj
 0003:0000043c       ?ExitHandlers@SysFunc@Win32@@0PBVExitHandler@Core@@B 0044743c     foundation_win32.release:win32sysfunc.obj
 0003:00000440       ?globalStringAtomTable@Win32@@3PAVGlobalStringAtomTable@Util@@A 00447440     foundation_win32.release:win32sysfunc.obj
 0003:00000444       ?localStringAtomTable@Win32@@3PAVLocalStringAtomTable@Util@@A 00447444     foundation_win32.release:win32sysfunc.obj
 0003:00000448       ?Singleton@Factory@Core@@0PAV12@A 00447448     foundation_win32.release:factory.obj
 0003:0000044c       ?Heaps@Memory@@3RCRAXC     0044744c     foundation_win32.release:win360memoryconfig.obj
 0003:00000480       ?Singleton@Console@IO@@2PAV12@A 00447480     foundation_win32.release:console.obj
 0003:00000484       ?Singleton@AssignRegistry@IO@@2PAV12@A 00447484     foundation_win32.release:assignregistry.obj
 0003:00000488       ?Singleton@SchemeRegistry@IO@@2PAV12@A 00447488     foundation_win32.release:schemeregistry.obj
 0003:0000048c       ?Singleton@ArchiveFileSystem@IO@@2PAV12@A 0044748c     foundation_win32.release:archivefilesystem.obj
 0003:00000490       ?Singleton@ZipFileSystem@IO@@2PAV12@A 00447490     foundation_win32.release:zipfilesystem.obj
 0003:00000494       ?Singleton@ArchiveFileSystemBase@IO@@2PAV12@A 00447494     foundation_win32.release:archivefilesystembase.obj
 0003:00000498       ?Table@Crc@Util@@0PAIA     00447498     foundation_win32.release:crc.obj
 0003:00000898       ?DataHeap@Blob@Util@@0PAVWin360Heap@Win360@@A 00447898     foundation_win32.release:blob.obj
 0003:0000089c       ?NetworkInitialized@Win360Socket@Win360@@0_NA 0044789c     foundation_win32.release:win360socket.obj
 0003:000008a0       ?Singleton@GlobalStringAtomTable@Util@@2PAV12@A 004478a0     foundation_win32.release:globalstringatomtable.obj
 0003:000008a4       ?RTTI@ReaderThread@App@@2VRtti@Core@@A 004478a4     zipstresstestapplication.obj
 0003:000008d4       ?RTTI@IoServer@IO@@2VRtti@Core@@A 004478d4     foundation_win32.release:ioserver.obj
 0003:00000904       ?AssignCriticalSection@IoServer@IO@@0VCriticalSection@Threading@@A 00447904     foundation_win32.release:ioserver.obj
 0003:00000918       ?SchemeCriticalSection@IoServer@IO@@0VCriticalSection@Threading@@A 00447918     foundation_win32.release:ioserver.obj
 0003:0000092c       ?ArchiveCriticalSection@IoServer@IO@@0VCriticalSection@Threading@@A 0044792c     foundation_win32.release:ioserver.obj
 0003:00000940       ?RTTI@Thread@Threading@@2VRtti@Core@@A 00447940     foundation_win32.release:thread.obj
 0003:00000970       ?RTTI@Win360Thread@Win360@@2VRtti@Core@@A 00447970     foundation_win32.release:win360thread.obj
 0003:000009a0       ?systemInfo@SysFunc@Win32@@0VSystemInfo@System@@A 004479a0     foundation_win32.release:win32sysfunc.obj
 0003:000009b0       ?RTTI@Console@IO@@2VRtti@Core@@A 004479b0     foundation_win32.release:console.obj
 0003:000009e0       ?RTTI@CoreServer@Core@@2VRtti@2@A 004479e0     foundation_win32.release:coreserver.obj
 0003:00000a10       ?RTTI@LogFileConsoleHandler@IO@@2VRtti@Core@@A 00447a10     foundation_win32.release:logfileconsolehandler.obj
 0003:00000a40       ?RTTI@AssignRegistry@IO@@2VRtti@Core@@A 00447a40     foundation_win32.release:assignregistry.obj
 0003:00000a70       ?RTTI@RefCounted@Core@@2VRtti@2@A 00447a70     foundation_win32.release:refcounted.obj
 0003:00000aa0       ?RTTI@SchemeRegistry@IO@@2VRtti@Core@@A 00447aa0     foundation_win32.release:schemeregistry.obj
 0003:00000ad0       ?RTTI@ArchiveFileSystem@IO@@2VRtti@Core@@A 00447ad0     foundation_win32.release:archivefilesystem.obj
 0003:00000b00       ?RTTI@ZipFileSystem@IO@@2VRtti@Core@@A 00447b00     foundation_win32.release:zipfilesystem.obj
 0003:00000b30       ?RTTI@ArchiveFileSystemBase@IO@@2VRtti@Core@@A 00447b30     foundation_win32.release:archivefilesystembase.obj
 0003:00000b60       ?RTTI@Stream@IO@@2VRtti@Core@@A 00447b60     foundation_win32.release:stream.obj
 0003:00000b90       ?RTTI@ZipArchive@IO@@2VRtti@Core@@A 00447b90     foundation_win32.release:ziparchive.obj
 0003:00000bc0       ?RTTI@Win360Socket@Win360@@2VRtti@Core@@A 00447bc0     foundation_win32.release:win360socket.obj
 0003:00000bf0       ?RTTI@Win32ConsoleHandler@Win32@@2VRtti@Core@@A 00447bf0     foundation_win32.release:win32consolehandler.obj
 0003:00000c20       ?RTTI@ConsoleHandler@IO@@2VRtti@Core@@A 00447c20     foundation_win32.release:consolehandler.obj
 0003:00000c50       ?RTTI@TextWriter@IO@@2VRtti@Core@@A 00447c50     foundation_win32.release:textwriter.obj
 0003:00000c80       ?RTTI@StreamWriter@IO@@2VRtti@Core@@A 00447c80     foundation_win32.release:streamwriter.obj
 0003:00000cb0       ?RTTI@FileStream@IO@@2VRtti@Core@@A 00447cb0     foundation_win32.release:filestream.obj
 0003:00000ce0       ?RTTI@HttpStream@Http@@2VRtti@Core@@A 00447ce0     foundation_win32.release:httpstream.obj
 0003:00000d10       ?RTTI@HttpNzStream@Http@@2VRtti@Core@@A 00447d10     foundation_win32.release:httpnzstream.obj
 0003:00000d40       ?RTTI@ZipFileStream@IO@@2VRtti@Core@@A 00447d40     foundation_win32.release:zipfilestream.obj
 0003:00000d70       ?RTTI@Archive@IO@@2VRtti@Core@@A 00447d70     foundation_win32.release:archive.obj
 0003:00000da0       ?RTTI@ArchiveBase@IO@@2VRtti@Core@@A 00447da0     foundation_win32.release:archivebase.obj
 0003:00000dd0       ?RTTI@Socket@Net@@2VRtti@Core@@A 00447dd0     foundation_win32.release:socket.obj
 0003:00000e00       ?RTTI@MemoryStream@IO@@2VRtti@Core@@A 00447e00     foundation_win32.release:memorystream.obj
 0003:00000e30       ?RTTI@HttpClientRegistry@Http@@2VRtti@Core@@A 00447e30     foundation_win32.release:httpclientregistry.obj
 0003:00000e60       ?RTTI@HttpClient@Http@@2VRtti@Core@@A 00447e60     foundation_win32.release:httpclient.obj
 0003:00000e90       ?RTTI@TcpClient@Net@@2VRtti@Core@@A 00447e90     foundation_win32.release:tcpclient.obj
 0003:00000ec0       ?RTTI@StdTcpClient@Net@@2VRtti@Core@@A 00447ec0     foundation_win32.release:stdtcpclient.obj
 0003:00000ef0       ?RTTI@HttpRequestWriter@Http@@2VRtti@Core@@A 00447ef0     foundation_win32.release:httprequestwriter.obj
 0003:00000f20       ?RTTI@HttpResponseReader@Http@@2VRtti@Core@@A 00447f20     foundation_win32.release:httpresponsereader.obj
 0003:00000f50       ?RTTI@StreamReader@IO@@2VRtti@Core@@A 00447f50     foundation_win32.release:streamreader.obj
 0003:00000f80       ?RTTI@TextReader@IO@@2VRtti@Core@@A 00447f80     foundation_win32.release:textreader.obj
 0003:00000fb0       __tls_index                00447fb0     MSVCRT:tlssup.obj
 0003:00000fb4       ___sse2_available          00447fb4     <common>
 0003:00000fb8       __adjust_fdiv              00447fb8     <common>
 0003:00000fbc       ___native_startup_state    00447fbc     <common>
 0003:00000fc0       ___native_startup_lock     00447fc0     <common>
 0003:00000fc4       ___dyn_tls_init_callback   00447fc4     <common>
 0003:00000fc8       ___onexitend               00447fc8     <common>
 0003:00000fcc       ___onexitbegin             00447fcc     <common>
 0004:00000000       __tls_start                00448000     MSVCRT:tlssup.obj
 0004:00000004       ?Singleton@CoreServer@Core@@2PAV12@A 00448004     foundation_win32.release:coreserver.obj
 0004:00000008       ?Singleton@IoServer@IO@@2PAV12@A 00448008     foundation_win32.release:ioserver.obj
 0004:0000000c       ?Singleton@HttpClientRegistry@Http@@2PAV12@A 0044800c     foundation_win32.release:httpclientregistry.obj
 0004:00000010       ?Singleton@LocalStringAtomTable@Util@@2PAV12@A 00448010     foundation_win32.release:localstringatomtable.obj
 0004:00000014       ?Singleton@Application@App@@2PAV12@A 00448014     foundation_win32.release:application.obj
 0004:00000018       ?ThreadName@Win360Thread@Win360@@0PBDB 00448018     foundation_win32.release:win360thread.obj
 0004:0000001c       __tls_end                  0044801c     MSVCRT:tlssup.obj

 entry point at        0001:0003ab80

 Static symbols

 0001:000011c0       ??HUtil@@YA?AVString@0@ABV10@0@Z 004021c0 f    CIL library: CIL module
 0001:000038e0       ??HUtil@@YA?AVString@0@ABV10@0@Z 004048e0 f    CIL library: CIL module
 0001:00007ce0       ?StringVPrintfWorkerA@@YGJPADIPAIPBD0@Z 00408ce0 f    CIL library: CIL module
 0001:00007de0       ?StringLengthWorkerA@@YGJPBDIPAI@Z 00408de0 f    CIL library: CIL module
 0001:00007e50       ?StringValidateDestA@@YGJPADIPAII@Z 00408e50 f    CIL library: CIL module
 0001:00007f10       ?StringCopyWorkerA@@YGJPADIPAIPBDI@Z 00408f10 f    CIL library: CIL module
 0001:00017b10       ??HUtil@@YA?AVString@0@ABV10@0@Z 00418b10 f    CIL library: CIL module
 0001:00033540       _decrypt_byte              00434540 f    CIL library: CIL module
 0001:00033570       _update_keys               00434570 f    CIL library: CIL module
 0001:00033600       _init_keys                 00434600 f    CIL library: CIL module
 0001:00033650       _unzlocal_getByte          00434650 f    CIL library: CIL module
 0001:000336c0       _unzlocal_getShort         004346c0 f    CIL library: CIL module
 0001:00033730       _unzlocal_getLong          00434730 f    CIL library: CIL module
 0001:000337f0       _strcmpcasenosensitive_internal 004347f0 f    CIL library: CIL module
 0001:00033930       _unzlocal_SearchCentralDir 00434930 f    CIL library: CIL module
 0001:00033e80       _unzlocal_DosDateToTmuDate 00434e80 f    CIL library: CIL module
 0001:00033f00       _unzlocal_GetCurrentFileInfoInternal 00434f00 f    CIL library: CIL module
 0001:00034790       _unzlocal_CheckCurrentFileCoherencyHeader 00435790 f    CIL library: CIL module
 0001:000359c0       _crc32_little              004369c0 f    CIL library: CIL module
 0001:00035dc0       _crc32_big                 00436dc0 f    CIL library: CIL module
 0001:00036220       _gf2_matrix_times          00437220 f    CIL library: CIL module
 0001:00036260       _gf2_matrix_square         00437260 f    CIL library: CIL module
 0001:000366a0       _fixedtables               004376a0 f    CIL library: CIL module
 0001:000366d0       _updatewindow              004376d0 f    CIL library: CIL module
 0001:00038990       _syncsearch                00439990 f    CIL library: CIL module
 0001:0003a87f       _pre_cpp_init              0043b87f f   MSVCRT:crtexe.obj
 0001:0003a8ca       ___tmainCRTStartup         0043b8ca f   MSVCRT:crtexe.obj
 0001:0003aa40       _check_managed_app         0043ba40 f   MSVCRT:crtexe.obj
 0001:0003aa9f       _pre_c_init                0043ba9f f   MSVCRT:crtexe.obj
 0001:0003b2bb       _has_osfxsr_set            0043c2bb f   MSVCRT:cpu_disp.obj
 0001:0003b380       ??__E?RTTI@ReaderThread@App@@2VRtti@Core@@A@@YAXXZ 0043c380 f    CIL library: CIL module
 0001:0003b3d0       ??__E?RTTI@IoServer@IO@@2VRtti@Core@@A@@YAXXZ 0043c3d0 f    CIL library: CIL module
 0001:0003b410       ??__E?AssignCriticalSection@IoServer@IO@@0VCriticalSection@Threading@@A@@YAXXZ 0043c410 f    CIL library: CIL module
 0001:0003b430       ??__E?SchemeCriticalSection@IoServer@IO@@0VCriticalSection@Threading@@A@@YAXXZ 0043c430 f    CIL library: CIL module
 0001:0003b450       ??__E?ArchiveCriticalSection@IoServer@IO@@0VCriticalSection@Threading@@A@@YAXXZ 0043c450 f    CIL library: CIL module
 0001:0003b470       ??__E?RTTI@Thread@Threading@@2VRtti@Core@@A@@YAXXZ 0043c470 f    CIL library: CIL module
 0001:0003b4b0       ??__E?RTTI@Win360Thread@Win360@@2VRtti@Core@@A@@YAXXZ 0043c4b0 f    CIL library: CIL module
 0001:0003b4f0       ??__E?systemInfo@SysFunc@Win32@@0VSystemInfo@System@@A@@YAXXZ 0043c4f0 f    CIL library: CIL module
 0001:0003b500       ??__E?RTTI@Console@IO@@2VRtti@Core@@A@@YAXXZ 0043c500 f    CIL library: CIL module
 0001:0003b540       ??__E?RTTI@CoreServer@Core@@2VRtti@2@A@@YAXXZ 0043c540 f    CIL library: CIL module
 0001:0003b580       ??__E?RTTI@LogFileConsoleHandler@IO@@2VRtti@Core@@A@@YAXXZ 0043c580 f    CIL library: CIL module
 0001:0003b5c0       ??__E?RTTI@AssignRegistry@IO@@2VRtti@Core@@A@@YAXXZ 0043c5c0 f    CIL library: CIL module
 0001:0003b600       ??__E?RTTI@RefCounted@Core@@2VRtti@2@A@@YAXXZ 0043c600 f    CIL library: CIL module
 0001:0003b640       ??__E?RTTI@SchemeRegistry@IO@@2VRtti@Core@@A@@YAXXZ 0043c640 f    CIL library: CIL module
 0001:0003b680       ??__E?RTTI@ArchiveFileSystem@IO@@2VRtti@Core@@A@@YAXXZ 0043c680 f    CIL library: CIL module
 0001:0003b6c0       ??__E?RTTI@ZipFileSystem@IO@@2VRtti@Core@@A@@YAXXZ 0043c6c0 f    CIL library: CIL module
 0001:0003b700       ??__E?RTTI@ArchiveFileSystemBase@IO@@2VRtti@Core@@A@@YAXXZ 0043c700 f    CIL library: CIL module
 0001:0003b740       ??__E?RTTI@Stream@IO@@2VRtti@Core@@A@@YAXXZ 0043c740 f    CIL library: CIL module
 0001:0003b790       ??__E?RTTI@ZipArchive@IO@@2VRtti@Core@@A@@YAXXZ 0043c790 f    CIL library: CIL module
 0001:0003b7e0       ??__E?RTTI@Win360Socket@Win360@@2VRtti@Core@@A@@YAXXZ 0043c7e0 f    CIL library: CIL module
 0001:0003b820       ??__E?RTTI@Win32ConsoleHandler@Win32@@2VRtti@Core@@A@@YAXXZ 0043c820 f    CIL library: CIL module
 0001:0003b860       ??__E?RTTI@ConsoleHandler@IO@@2VRtti@Core@@A@@YAXXZ 0043c860 f    CIL library: CIL module
 0001:0003b8a0       ??__E?RTTI@TextWriter@IO@@2VRtti@Core@@A@@YAXXZ 0043c8a0 f    CIL library: CIL module
 0001:0003b8e0       ??__E?RTTI@StreamWriter@IO@@2VRtti@Core@@A@@YAXXZ 0043c8e0 f    CIL library: CIL module
 0001:0003b920       ??__E?RTTI@FileStream@IO@@2VRtti@Core@@A@@YAXXZ 0043c920 f    CIL library: CIL module
 0001:0003b970       ??__E?RTTI@HttpStream@Http@@2VRtti@Core@@A@@YAXXZ 0043c970 f    CIL library: CIL module
 0001:0003b9c0       ??__E?RTTI@HttpNzStream@Http@@2VRtti@Core@@A@@YAXXZ 0043c9c0 f    CIL library: CIL module
 0001:0003ba10       ??__E?RTTI@ZipFileStream@IO@@2VRtti@Core@@A@@YAXXZ 0043ca10 f    CIL library: CIL module
 0001:0003ba60       ??__E?RTTI@Archive@IO@@2VRtti@Core@@A@@YAXXZ 0043ca60 f    CIL library: CIL module
 0001:0003bab0       ??__E?RTTI@ArchiveBase@IO@@2VRtti@Core@@A@@YAXXZ 0043cab0 f    CIL library: CIL module
 0001:0003bb00       ??__E?RTTI@Socket@Net@@2VRtti@Core@@A@@YAXXZ 0043cb00 f    CIL library: CIL module
 0001:0003bb40       ??__E?RTTI@MemoryStream@IO@@2VRtti@Core@@A@@YAXXZ 0043cb40 f    CIL library: CIL module
 0001:0003bb90       ??__E?RTTI@HttpClientRegistry@Http@@2VRtti@Core@@A@@YAXXZ 0043cb90 f    CIL library: CIL module
 0001:0003bbd0       ??__E?RTTI@HttpClient@Http@@2VRtti@Core@@A@@YAXXZ 0043cbd0 f    CIL library: CIL module
 0001:0003bc10       ??__E?RTTI@TcpClient@Net@@2VRtti@Core@@A@@YAXXZ 0043cc10 f    CIL library: CIL module
 0001:0003bc50       ??__E?RTTI@StdTcpClient@Net@@2VRtti@Core@@A@@YAXXZ 0043cc50 f    CIL library: CIL module
 0001:0003bc90       ??__E?RTTI@HttpRequestWriter@Http@@2VRtti@Core@@A@@YAXXZ 0043cc90 f    CIL library: CIL module
 0001:0003bce0       ??__E?RTTI@HttpResponseReader@Http@@2VRtti@Core@@A@@YAXXZ 0043cce0 f    CIL library: CIL module
 0001:0003bd20       ??__E?RTTI@StreamReader@IO@@2VRtti@Core@@A@@YAXXZ 0043cd20 f    CIL library: CIL module
 0001:0003bd60       ??__E?RTTI@TextReader@IO@@2VRtti@Core@@A@@YAXXZ 0043cd60 f    CIL library: CIL module
 0001:0003bda0       ??__F?RTTI@ReaderThread@App@@2VRtti@Core@@A@@YAXXZ 0043cda0 f    CIL library: CIL module
 0001:0003bdf0       ??__F?RTTI@IoServer@IO@@2VRtti@Core@@A@@YAXXZ 0043cdf0 f    CIL library: CIL module
 0001:0003be40       ??__F?AssignCriticalSection@IoServer@IO@@0VCriticalSection@Threading@@A@@YAXXZ 0043ce40 f    CIL library: CIL module
 0001:0003be50       ??__F?SchemeCriticalSection@IoServer@IO@@0VCriticalSection@Threading@@A@@YAXXZ 0043ce50 f    CIL library: CIL module
 0001:0003be60       ??__F?ArchiveCriticalSection@IoServer@IO@@0VCriticalSection@Threading@@A@@YAXXZ 0043ce60 f    CIL library: CIL module
 0001:0003be70       ??__F?RTTI@Thread@Threading@@2VRtti@Core@@A@@YAXXZ 0043ce70 f    CIL library: CIL module
 0001:0003bec0       ??__F?RTTI@Win360Thread@Win360@@2VRtti@Core@@A@@YAXXZ 0043cec0 f    CIL library: CIL module
 0001:0003bf10       ??__F?RTTI@Console@IO@@2VRtti@Core@@A@@YAXXZ 0043cf10 f    CIL library: CIL module
 0001:0003bf60       ??__F?RTTI@CoreServer@Core@@2VRtti@2@A@@YAXXZ 0043cf60 f    CIL library: CIL module
 0001:0003bfb0       ??__F?RTTI@LogFileConsoleHandler@IO@@2VRtti@Core@@A@@YAXXZ 0043cfb0 f    CIL library: CIL module
 0001:0003c000       ??__F?RTTI@AssignRegistry@IO@@2VRtti@Core@@A@@YAXXZ 0043d000 f    CIL library: CIL module
 0001:0003c050       ??__F?RTTI@RefCounted@Core@@2VRtti@2@A@@YAXXZ 0043d050 f    CIL library: CIL module
 0001:0003c0a0       ??__F?RTTI@SchemeRegistry@IO@@2VRtti@Core@@A@@YAXXZ 0043d0a0 f    CIL library: CIL module
 0001:0003c0f0       ??__F?RTTI@ArchiveFileSystem@IO@@2VRtti@Core@@A@@YAXXZ 0043d0f0 f    CIL library: CIL module
 0001:0003c140       ??__F?RTTI@ZipFileSystem@IO@@2VRtti@Core@@A@@YAXXZ 0043d140 f    CIL library: CIL module
 0001:0003c190       ??__F?RTTI@ArchiveFileSystemBase@IO@@2VRtti@Core@@A@@YAXXZ 0043d190 f    CIL library: CIL module
 0001:0003c1e0       ??__F?RTTI@Stream@IO@@2VRtti@Core@@A@@YAXXZ 0043d1e0 f    CIL library: CIL module
 0001:0003c230       ??__F?RTTI@ZipArchive@IO@@2VRtti@Core@@A@@YAXXZ 0043d230 f    CIL library: CIL module
 0001:0003c280       ??__F?RTTI@Win360Socket@Win360@@2VRtti@Core@@A@@YAXXZ 0043d280 f    CIL library: CIL module
 0001:0003c2d0       ??__F?RTTI@Win32ConsoleHandler@Win32@@2VRtti@Core@@A@@YAXXZ 0043d2d0 f    CIL library: CIL module
 0001:0003c320       ??__F?RTTI@ConsoleHandler@IO@@2VRtti@Core@@A@@YAXXZ 0043d320 f    CIL library: CIL module
 0001:0003c370       ??__F?RTTI@TextWriter@IO@@2VRtti@Core@@A@@YAXXZ 0043d370 f    CIL library: CIL module
 0001:0003c3c0       ??__F?RTTI@StreamWriter@IO@@2VRtti@Core@@A@@YAXXZ 0043d3c0 f    CIL library: CIL module
 0001:0003c410       ??__F?RTTI@FileStream@IO@@2VRtti@Core@@A@@YAXXZ 0043d410 f    CIL library: CIL module
 0001:0003c460       ??__F?RTTI@HttpStream@Http@@2VRtti@Core@@A@@YAXXZ 0043d460 f    CIL library: CIL module
 0001:0003c4b0       ??__F?RTTI@HttpNzStream@Http@@2VRtti@Core@@A@@YAXXZ 0043d4b0 f    CIL library: CIL module
 0001:0003c500       ??__F?RTTI@ZipFileStream@IO@@2VRtti@Core@@A@@YAXXZ 0043d500 f    CIL library: CIL module
 0001:0003c550       ??__F?RTTI@Archive@IO@@2VRtti@Core@@A@@YAXXZ 0043d550 f    CIL library: CIL module
 0001:0003c5a0       ??__F?RTTI@ArchiveBase@IO@@2VRtti@Core@@A@@YAXXZ 0043d5a0 f    CIL library: CIL module
 0001:0003c5f0       ??__F?RTTI@Socket@Net@@2VRtti@Core@@A@@YAXXZ 0043d5f0 f    CIL library: CIL module
 0001:0003c640       ??__F?RTTI@MemoryStream@IO@@2VRtti@Core@@A@@YAXXZ 0043d640 f    CIL library: CIL module
 0001:0003c690       ??__F?RTTI@HttpClientRegistry@Http@@2VRtti@Core@@A@@YAXXZ 0043d690 f    CIL library: CIL module
 0001:0003c6e0       ??__F?RTTI@HttpClient@Http@@2VRtti@Core@@A@@YAXXZ 0043d6e0 f    CIL library: CIL module
 0001:0003c730       ??__F?RTTI@TcpClient@Net@@2VRtti@Core@@A@@YAXXZ 0043d730 f    CIL library: CIL module
 0001:0003c780       ??__F?RTTI@StdTcpClient@Net@@2VRtti@Core@@A@@YAXXZ 0043d780 f    CIL library: CIL module
 0001:0003c7d0       ??__F?RTTI@HttpRequestWriter@Http@@2VRtti@Core@@A@@YAXXZ 0043d7d0 f    CIL library: CIL module
 0001:0003c820       ??__F?RTTI@HttpResponseReader@Http@@2VRtti@Core@@A@@YAXXZ 0043d820 f    CIL library: CIL module
 0001:0003c870       ??__F?RTTI@StreamReader@IO@@2VRtti@Core@@A@@YAXXZ 0043d870 f    CIL library: CIL module
 0001:0003c8c0       ??__F?RTTI@TextReader@IO@@2VRtti@Core@@A@@YAXXZ 0043d8c0 f    CIL library: CIL module
